fatal: not a git repository (or any parent up to mount point /home)
Stopping at filesystem boundary (GIT_DISCOVERY_ACROSS_FILESYSTEM not set).
fatal: not a git repository (or any parent up to mount point /home)
Stopping at filesystem boundary (GIT_DISCOVERY_ACROSS_FILESYSTEM not set).
/bin/sh: 1: /gitcron.sh: not found
/bin/sh: 1: ./gitcron.sh: not found
/bin/sh: 1: ./gitcron.sh: not found
adding-faq
analyze-stats
checking-testing
compiler-check
compiler-test
Desktop
Documents
Downloads
dramctrl-check
lupio
lupio-crystal
LupIO-RISCV-fs
Music
Pictures
Public
qemu+os
riscv-board
riscv-confirmation
runner-test
snap
stdlib-documentation
Templates
testing-directory
testing-drain
test-weeklies
vagrant-test
vendor-testing
Videos
VirtualBox VMs
vm-testing
/bin/sh: 1: ./gitcron.sh: not found
adding-faq
analyze-stats
checking-testing
compiler-check
compiler-test
Desktop
Documents
Downloads
dramctrl-check
lupio
lupio-crystal
LupIO-RISCV-fs
Music
Pictures
Public
qemu+os
riscv-board
riscv-confirmation
runner-test
snap
stdlib-documentation
Templates
testing-directory
testing-drain
test-weeklies
vagrant-test
vendor-testing
Videos
VirtualBox VMs
vm-testing
/bin/sh: 1: ./gitcron.sh: Permission denied
adding-faq
analyze-stats
checking-testing
compiler-check
compiler-test
Desktop
Documents
Downloads
dramctrl-check
gitcron.sh
lupio
lupio-crystal
LupIO-RISCV-fs
Music
Pictures
Public
qemu+os
riscv-board
riscv-confirmation
runner-test
snap
stdlib-documentation
Templates
testing-directory
testing-drain
test-weeklies
vagrant-test
vendor-testing
Videos
VirtualBox VMs
vm-testing
/bin/sh: 1: ./gitcron.sh: Permission denied
sudo: a terminal is required to read the password; either use the -S option to read from standard input or configure an askpass helper
sudo: a terminal is required to read the password; either use the -S option to read from standard input or configure an askpass helper
From https://gem5.googlesource.com/public/gem5
 * branch                  develop    -> FETCH_HEAD
Already up to date.
fatal: could not read Username for 'https://github.com': No such device or address
From https://gem5.googlesource.com/public/gem5
 * branch                  develop    -> FETCH_HEAD
Already up to date.
fatal: could not read Username for 'https://github.com': No such device or address
From https://gem5.googlesource.com/public/gem5
 * branch                  develop    -> FETCH_HEAD
Already up to date.
fatal: could not read Username for 'https://github.com': No such device or address
From https://gem5.googlesource.com/public/gem5
 * branch                  develop    -> FETCH_HEAD
Already up to date.
fatal: could not read Username for 'https://github.com': No such device or address
From https://gem5.googlesource.com/public/gem5
 * branch                  develop    -> FETCH_HEAD
Already up to date.
fatal: could not read Username for 'https://github.com': No such device or address
From https://gem5.googlesource.com/public/gem5
 * branch                  develop    -> FETCH_HEAD
Already up to date.
fatal: could not read Username for 'https://github.com': No such device or address
From https://gem5.googlesource.com/public/gem5
 * branch                  develop    -> FETCH_HEAD
Already up to date.
fatal: could not read Username for 'https://github.com': No such device or address
From https://gem5.googlesource.com/public/gem5
 * branch                  develop    -> FETCH_HEAD
Already up to date.
fatal: could not read Username for 'https://github.com': No such device or address
From https://gem5.googlesource.com/public/gem5
 * branch                  develop    -> FETCH_HEAD
Already up to date.
fatal: could not read Username for 'https://github.com': No such device or address
From https://gem5.googlesource.com/public/gem5
 * branch                  develop    -> FETCH_HEAD
Already up to date.
fatal: could not read Username for 'https://github.com': No such device or address
From https://gem5.googlesource.com/public/gem5
 * branch                  develop    -> FETCH_HEAD
Already up to date.
fatal: could not read Username for 'https://github.com': No such device or address
From https://gem5.googlesource.com/public/gem5
 * branch                  develop    -> FETCH_HEAD
Already up to date.
fatal: could not read Username for 'https://github.com': No such device or address
From https://gem5.googlesource.com/public/gem5
 * branch                  develop    -> FETCH_HEAD
Already up to date.
fatal: 'git@github.user/project.git' does not appear to be a git repository
fatal: Could not read from remote repository.

Please make sure you have the correct access rights
and the repository exists.
From https://gem5.googlesource.com/public/gem5
 * branch                  develop    -> FETCH_HEAD
Already up to date.
fatal: 'git@github.user/project.git' does not appear to be a git repository
fatal: Could not read from remote repository.

Please make sure you have the correct access rights
and the repository exists.
From https://gem5.googlesource.com/public/gem5
 * branch                  develop    -> FETCH_HEAD
Already up to date.
fatal: could not read Username for 'https://github.com': No such device or address
From https://gem5.googlesource.com/public/gem5
 * branch                  develop    -> FETCH_HEAD
Already up to date.
fatal: could not read Username for 'https://github.com': No such device or address
From https://gem5.googlesource.com/public/gem5
 * branch                  develop    -> FETCH_HEAD
Already up to date.
fatal: could not read Username for 'https://github.com': No such device or address
From https://gem5.googlesource.com/public/gem5
 * branch                  develop    -> FETCH_HEAD
Already up to date.
fatal: 'git@github.mkjost0/gem5-actions.git' does not appear to be a git repository
fatal: Could not read from remote repository.

Please make sure you have the correct access rights
and the repository exists.
From https://gem5.googlesource.com/public/gem5
 * branch                  develop    -> FETCH_HEAD
Already up to date.
fatal: 'git@github.mkjost0/gem5-actions.git' does not appear to be a git repository
fatal: Could not read from remote repository.

Please make sure you have the correct access rights
and the repository exists.
From https://gem5.googlesource.com/public/gem5
 * branch                  develop    -> FETCH_HEAD
Already up to date.
fatal: 'git@github.mkjost0/gem5-actions.git' does not appear to be a git repository
fatal: Could not read from remote repository.

Please make sure you have the correct access rights
and the repository exists.
From https://gem5.googlesource.com/public/gem5
 * branch                  develop    -> FETCH_HEAD
Already up to date.
Host key verification failed.
fatal: Could not read from remote repository.

Please make sure you have the correct access rights
and the repository exists.
From https://gem5.googlesource.com/public/gem5
 * branch                  develop    -> FETCH_HEAD
Already up to date.
Warning: Permanently added the RSA host key for IP address '192.30.255.112' to the list of known hosts.
To github.com:mkjost0/gem5-actions.git
 - [deleted]               origin/HEAD
 - [deleted]               origin/develop
From https://gem5.googlesource.com/public/gem5
 * branch                  develop    -> FETCH_HEAD
Already up to date.
To github.com:mkjost0/gem5-actions.git
 * [new branch]            origin/develop -> origin/develop
From https://gem5.googlesource.com/public/gem5
 * branch                  develop    -> FETCH_HEAD
Already up to date.
Everything up-to-date
From https://gem5.googlesource.com/public/gem5
 * branch                  develop    -> FETCH_HEAD
Already up to date.
Everything up-to-date
From https://gem5.googlesource.com/public/gem5
 * branch                  develop    -> FETCH_HEAD
   aff1ddb196..c4d61ca143  develop    -> upstream/develop
Auto-merging tests/nightly.sh
Merge made by the 'recursive' strategy.
 SConstruct                     | 8 +++++++-
 ext/sst/INSTALL.md             | 5 ++++-
 src/arch/riscv/isa/decoder.isa | 3 ++-
 tests/nightly.sh               | 2 +-
 4 files changed, 14 insertions(+), 4 deletions(-)
remote: Resolving deltas:   0% (0/19)        remote: Resolving deltas:   5% (1/19)        remote: Resolving deltas:  10% (2/19)        remote: Resolving deltas:  15% (3/19)        remote: Resolving deltas:  21% (4/19)        remote: Resolving deltas:  26% (5/19)        remote: Resolving deltas:  31% (6/19)        remote: Resolving deltas:  36% (7/19)        remote: Resolving deltas:  42% (8/19)        remote: Resolving deltas:  47% (9/19)        remote: Resolving deltas:  52% (10/19)        remote: Resolving deltas:  57% (11/19)        remote: Resolving deltas:  63% (12/19)        remote: Resolving deltas:  68% (13/19)        remote: Resolving deltas:  73% (14/19)        remote: Resolving deltas:  78% (15/19)        remote: Resolving deltas:  84% (16/19)        remote: Resolving deltas:  89% (17/19)        remote: Resolving deltas:  94% (18/19)        remote: Resolving deltas: 100% (19/19)        remote: Resolving deltas: 100% (19/19), completed with 12 local objects.        
To github.com:mkjost0/gem5-actions.git
   182211197d..53bdb2b14c  develop -> develop
   aff1ddb196..c4d61ca143  upstream/develop -> upstream/develop
 * [new branch]            testing/develop -> testing/develop
From https://gem5.googlesource.com/public/gem5
 * branch                  develop    -> FETCH_HEAD
Already up to date.
To github.com:mkjost0/gem5-actions.git
   114e8292cb..53bdb2b14c  origin/develop -> origin/develop
From https://gem5.googlesource.com/public/gem5
 * branch                  develop    -> FETCH_HEAD
Already up to date.
Warning: Permanently added the RSA host key for IP address '192.30.255.113' to the list of known hosts.
Everything up-to-date
From https://gem5.googlesource.com/public/gem5
 * branch                  develop    -> FETCH_HEAD
Already up to date.
To github.com:mkjost0/gem5-actions.git
   182211197d..50d2dac84c  testing/develop -> testing/develop
From https://gem5.googlesource.com/public/gem5
 * branch                  develop    -> FETCH_HEAD
Already up to date.
To github.com:mkjost0/gem5-actions.git
   53bdb2b14c..50d2dac84c  origin/develop -> origin/develop
From https://gem5.googlesource.com/public/gem5
 * branch                  develop    -> FETCH_HEAD
Already up to date.
To github.com:mkjost0/gem5-actions.git
   50d2dac84c..0e774f9eaa  testing/develop -> testing/develop
From https://gem5.googlesource.com/public/gem5
 * branch                  develop    -> FETCH_HEAD
Already up to date.
To github.com:mkjost0/gem5-actions.git
   50d2dac84c..0e774f9eaa  origin/develop -> origin/develop
From https://gem5.googlesource.com/public/gem5
 * branch                  develop    -> FETCH_HEAD
Already up to date.
Everything up-to-date
From https://gem5.googlesource.com/public/gem5
 * branch                  develop    -> FETCH_HEAD
Already up to date.
Everything up-to-date
From https://gem5.googlesource.com/public/gem5
 * branch                  develop    -> FETCH_HEAD
Already up to date.
Everything up-to-date
From https://gem5.googlesource.com/public/gem5
 * branch                  develop    -> FETCH_HEAD
Already up to date.
To github.com:mkjost0/gem5-actions.git
   0e774f9eaa..150f36167f  testing/develop -> testing/develop
From https://gem5.googlesource.com/public/gem5
 * branch                  develop    -> FETCH_HEAD
Already up to date.
To github.com:mkjost0/gem5-actions.git
   0e774f9eaa..150f36167f  origin/develop -> origin/develop
From https://gem5.googlesource.com/public/gem5
 * branch                  develop    -> FETCH_HEAD
Already up to date.
Everything up-to-date
From https://gem5.googlesource.com/public/gem5
 * branch                  develop    -> FETCH_HEAD
Already up to date.
Everything up-to-date
From https://gem5.googlesource.com/public/gem5
 * branch                  develop    -> FETCH_HEAD
Already up to date.
Everything up-to-date
From https://gem5.googlesource.com/public/gem5
 * branch                  develop    -> FETCH_HEAD
Already up to date.
Everything up-to-date
From https://gem5.googlesource.com/public/gem5
 * branch                  develop    -> FETCH_HEAD
Already up to date.
Everything up-to-date
From https://gem5.googlesource.com/public/gem5
 * branch                  develop    -> FETCH_HEAD
Already up to date.
Everything up-to-date
From https://gem5.googlesource.com/public/gem5
 * branch                  develop    -> FETCH_HEAD
Already up to date.
To github.com:mkjost0/gem5-actions.git
   150f36167f..6ba4045e04  testing/develop -> testing/develop
From https://gem5.googlesource.com/public/gem5
 * branch                  develop    -> FETCH_HEAD
Already up to date.
To github.com:mkjost0/gem5-actions.git
   150f36167f..6ba4045e04  origin/develop -> origin/develop
From https://gem5.googlesource.com/public/gem5
 * branch                  develop    -> FETCH_HEAD
Already up to date.
Everything up-to-date
From https://gem5.googlesource.com/public/gem5
 * branch                  develop    -> FETCH_HEAD
Already up to date.
Everything up-to-date
From https://gem5.googlesource.com/public/gem5
 * branch                  develop    -> FETCH_HEAD
Already up to date.
Everything up-to-date
From https://gem5.googlesource.com/public/gem5
 * branch                  develop    -> FETCH_HEAD
Already up to date.
Everything up-to-date
From https://gem5.googlesource.com/public/gem5
 * branch                  develop    -> FETCH_HEAD
Already up to date.
Everything up-to-date
From https://gem5.googlesource.com/public/gem5
 * branch                  develop    -> FETCH_HEAD
Already up to date.
Everything up-to-date
From https://gem5.googlesource.com/public/gem5
 * branch                  develop    -> FETCH_HEAD
Already up to date.
Everything up-to-date
From https://gem5.googlesource.com/public/gem5
 * branch                  develop    -> FETCH_HEAD
Already up to date.
Everything up-to-date
From https://gem5.googlesource.com/public/gem5
 * branch                  develop    -> FETCH_HEAD
Already up to date.
Everything up-to-date
From https://gem5.googlesource.com/public/gem5
 * branch                  develop    -> FETCH_HEAD
Already up to date.
Everything up-to-date
From https://gem5.googlesource.com/public/gem5
 * branch                  develop    -> FETCH_HEAD
Already up to date.
Everything up-to-date
From https://gem5.googlesource.com/public/gem5
 * branch                  develop    -> FETCH_HEAD
Already up to date.
Everything up-to-date
From https://gem5.googlesource.com/public/gem5
 * branch                  develop    -> FETCH_HEAD
Already up to date.
Everything up-to-date
From https://gem5.googlesource.com/public/gem5
 * branch                  develop    -> FETCH_HEAD
Already up to date.
Everything up-to-date
From https://gem5.googlesource.com/public/gem5
 * branch                  develop    -> FETCH_HEAD
Already up to date.
Everything up-to-date
From https://gem5.googlesource.com/public/gem5
 * branch                  develop    -> FETCH_HEAD
Already up to date.
Everything up-to-date
From https://gem5.googlesource.com/public/gem5
 * branch                  develop    -> FETCH_HEAD
Already up to date.
Everything up-to-date
From https://gem5.googlesource.com/public/gem5
 * branch                  develop    -> FETCH_HEAD
Already up to date.
Everything up-to-date
From https://gem5.googlesource.com/public/gem5
 * branch                  develop    -> FETCH_HEAD
Already up to date.
Everything up-to-date
From https://gem5.googlesource.com/public/gem5
 * branch                  develop    -> FETCH_HEAD
Already up to date.
To github.com:mkjost0/gem5-actions.git
   6ba4045e04..e3ce4f9109  testing/develop -> testing/develop
From https://gem5.googlesource.com/public/gem5
 * branch                  develop    -> FETCH_HEAD
Already up to date.
To github.com:mkjost0/gem5-actions.git
   6ba4045e04..e3ce4f9109  origin/develop -> origin/develop
   e3ce4f9109..dfbd3e27c1  testing/develop -> testing/develop
From https://gem5.googlesource.com/public/gem5
 * branch                  develop    -> FETCH_HEAD
Already up to date.
To github.com:mkjost0/gem5-actions.git
   e3ce4f9109..dfbd3e27c1  origin/develop -> origin/develop
From https://gem5.googlesource.com/public/gem5
 * branch                  develop    -> FETCH_HEAD
Already up to date.
Everything up-to-date
From https://gem5.googlesource.com/public/gem5
 * branch                  develop    -> FETCH_HEAD
Already up to date.
Everything up-to-date
From https://gem5.googlesource.com/public/gem5
 * branch                  develop    -> FETCH_HEAD
Already up to date.
Everything up-to-date
From https://gem5.googlesource.com/public/gem5
 * branch                  develop    -> FETCH_HEAD
Already up to date.
Everything up-to-date
From https://gem5.googlesource.com/public/gem5
 * branch                  develop    -> FETCH_HEAD
Already up to date.
Everything up-to-date
From https://gem5.googlesource.com/public/gem5
 * branch                  develop    -> FETCH_HEAD
Already up to date.
Everything up-to-date
From https://gem5.googlesource.com/public/gem5
 * branch                  develop    -> FETCH_HEAD
Already up to date.
Everything up-to-date
From https://gem5.googlesource.com/public/gem5
 * branch                  develop    -> FETCH_HEAD
Already up to date.
Everything up-to-date
From https://gem5.googlesource.com/public/gem5
 * branch                  develop    -> FETCH_HEAD
Already up to date.
Everything up-to-date
From https://gem5.googlesource.com/public/gem5
 * branch                  develop    -> FETCH_HEAD
Already up to date.
Everything up-to-date
From https://gem5.googlesource.com/public/gem5
 * branch                  develop    -> FETCH_HEAD
Already up to date.
Everything up-to-date
From https://gem5.googlesource.com/public/gem5
 * branch                  develop    -> FETCH_HEAD
Already up to date.
Everything up-to-date
From https://gem5.googlesource.com/public/gem5
 * branch                  develop    -> FETCH_HEAD
Already up to date.
To github.com:mkjost0/gem5-actions.git
   dfbd3e27c1..cff1616b4c  testing/develop -> testing/develop
From https://gem5.googlesource.com/public/gem5
 * branch                  develop    -> FETCH_HEAD
Already up to date.
To github.com:mkjost0/gem5-actions.git
   dfbd3e27c1..cff1616b4c  origin/develop -> origin/develop
From https://gem5.googlesource.com/public/gem5
 * branch                  develop    -> FETCH_HEAD
Already up to date.
Everything up-to-date
From https://gem5.googlesource.com/public/gem5
 * branch                  develop    -> FETCH_HEAD
Already up to date.
Everything up-to-date
From https://gem5.googlesource.com/public/gem5
 * branch                  develop    -> FETCH_HEAD
Already up to date.
Everything up-to-date
From https://gem5.googlesource.com/public/gem5
 * branch                  develop    -> FETCH_HEAD
Already up to date.
Everything up-to-date
From https://gem5.googlesource.com/public/gem5
 * branch                  develop    -> FETCH_HEAD
Already up to date.
Everything up-to-date
From https://gem5.googlesource.com/public/gem5
 * branch                  develop    -> FETCH_HEAD
Already up to date.
Everything up-to-date
From https://gem5.googlesource.com/public/gem5
 * branch                  develop    -> FETCH_HEAD
Already up to date.
Everything up-to-date
From https://gem5.googlesource.com/public/gem5
 * branch                  develop    -> FETCH_HEAD
Already up to date.
Everything up-to-date
From https://gem5.googlesource.com/public/gem5
 * branch                  develop    -> FETCH_HEAD
Already up to date.
Everything up-to-date
From https://gem5.googlesource.com/public/gem5
 * branch                  develop    -> FETCH_HEAD
Already up to date.
Everything up-to-date
From https://gem5.googlesource.com/public/gem5
 * branch                  develop    -> FETCH_HEAD
Already up to date.
Everything up-to-date
From https://gem5.googlesource.com/public/gem5
 * branch                  develop    -> FETCH_HEAD
Already up to date.
Everything up-to-date
From https://gem5.googlesource.com/public/gem5
 * branch                  develop    -> FETCH_HEAD
Already up to date.
Everything up-to-date
From https://gem5.googlesource.com/public/gem5
 * branch                  develop    -> FETCH_HEAD
Already up to date.
Everything up-to-date
From https://gem5.googlesource.com/public/gem5
 * branch                  develop    -> FETCH_HEAD
Already up to date.
Everything up-to-date
From https://gem5.googlesource.com/public/gem5
 * branch                  develop    -> FETCH_HEAD
Already up to date.
Everything up-to-date
From https://gem5.googlesource.com/public/gem5
 * branch                  develop    -> FETCH_HEAD
Already up to date.
Everything up-to-date
From https://gem5.googlesource.com/public/gem5
 * branch                  develop    -> FETCH_HEAD
Already up to date.
Everything up-to-date
From https://gem5.googlesource.com/public/gem5
 * branch                  develop    -> FETCH_HEAD
Already up to date.
Everything up-to-date
From https://gem5.googlesource.com/public/gem5
 * branch                  develop    -> FETCH_HEAD
Already up to date.
Everything up-to-date
From https://gem5.googlesource.com/public/gem5
 * branch                  develop    -> FETCH_HEAD
Already up to date.
Everything up-to-date
From https://gem5.googlesource.com/public/gem5
 * branch                  develop    -> FETCH_HEAD
Already up to date.
Everything up-to-date
From https://gem5.googlesource.com/public/gem5
 * branch                  develop    -> FETCH_HEAD
Already up to date.
Everything up-to-date
From https://gem5.googlesource.com/public/gem5
 * branch                  develop    -> FETCH_HEAD
Already up to date.
Everything up-to-date
From https://gem5.googlesource.com/public/gem5
 * branch                  develop    -> FETCH_HEAD
Already up to date.
Everything up-to-date
From https://gem5.googlesource.com/public/gem5
 * branch                  develop    -> FETCH_HEAD
Already up to date.
Everything up-to-date
From https://gem5.googlesource.com/public/gem5
 * branch                  develop    -> FETCH_HEAD
Already up to date.
Everything up-to-date
From https://gem5.googlesource.com/public/gem5
 * branch                  develop    -> FETCH_HEAD
Already up to date.
Everything up-to-date
From https://gem5.googlesource.com/public/gem5
 * branch                  develop    -> FETCH_HEAD
Already up to date.
Everything up-to-date
From https://gem5.googlesource.com/public/gem5
 * branch                  develop    -> FETCH_HEAD
Already up to date.
Everything up-to-date
From https://gem5.googlesource.com/public/gem5
 * branch                  develop    -> FETCH_HEAD
Already up to date.
Everything up-to-date
From https://gem5.googlesource.com/public/gem5
 * branch                  develop    -> FETCH_HEAD
Already up to date.
Everything up-to-date
From https://gem5.googlesource.com/public/gem5
 * branch                  develop    -> FETCH_HEAD
Already up to date.
Everything up-to-date
From https://gem5.googlesource.com/public/gem5
 * branch                  develop    -> FETCH_HEAD
Already up to date.
Everything up-to-date
From https://gem5.googlesource.com/public/gem5
 * branch                  develop    -> FETCH_HEAD
Already up to date.
Everything up-to-date
From https://gem5.googlesource.com/public/gem5
 * branch                  develop    -> FETCH_HEAD
Already up to date.
Everything up-to-date
From https://gem5.googlesource.com/public/gem5
 * branch                  develop    -> FETCH_HEAD
Already up to date.
Everything up-to-date
From https://gem5.googlesource.com/public/gem5
 * branch                  develop    -> FETCH_HEAD
Already up to date.
Everything up-to-date
From https://gem5.googlesource.com/public/gem5
 * branch                  develop    -> FETCH_HEAD
Already up to date.
Everything up-to-date
From https://gem5.googlesource.com/public/gem5
 * branch                  develop    -> FETCH_HEAD
Already up to date.
Everything up-to-date
From https://gem5.googlesource.com/public/gem5
 * branch                  develop    -> FETCH_HEAD
Already up to date.
Everything up-to-date
From https://gem5.googlesource.com/public/gem5
 * branch                  develop    -> FETCH_HEAD
Already up to date.
Everything up-to-date
From https://gem5.googlesource.com/public/gem5
 * branch                  develop    -> FETCH_HEAD
Already up to date.
Everything up-to-date
From https://gem5.googlesource.com/public/gem5
 * branch                  develop    -> FETCH_HEAD
Already up to date.
Everything up-to-date
From https://gem5.googlesource.com/public/gem5
 * branch                  develop    -> FETCH_HEAD
Already up to date.
Everything up-to-date
From https://gem5.googlesource.com/public/gem5
 * branch                  develop    -> FETCH_HEAD
Already up to date.
Everything up-to-date
From https://gem5.googlesource.com/public/gem5
 * branch                  develop    -> FETCH_HEAD
Already up to date.
Everything up-to-date
From https://gem5.googlesource.com/public/gem5
 * branch                  develop    -> FETCH_HEAD
Already up to date.
Everything up-to-date
From https://gem5.googlesource.com/public/gem5
 * branch                  develop    -> FETCH_HEAD
Already up to date.
Everything up-to-date
From https://gem5.googlesource.com/public/gem5
 * branch                  develop    -> FETCH_HEAD
Already up to date.
Everything up-to-date
From https://gem5.googlesource.com/public/gem5
 * branch                  develop    -> FETCH_HEAD
Already up to date.
Everything up-to-date
From https://gem5.googlesource.com/public/gem5
 * branch                  develop    -> FETCH_HEAD
Already up to date.
Everything up-to-date
From https://gem5.googlesource.com/public/gem5
 * branch                  develop    -> FETCH_HEAD
Already up to date.
To github.com:mkjost0/gem5-actions.git
   cff1616b4c..a8668b2430  testing/develop -> testing/develop
From https://gem5.googlesource.com/public/gem5
 * branch                  develop    -> FETCH_HEAD
Already up to date.
To github.com:mkjost0/gem5-actions.git
   cff1616b4c..a8668b2430  origin/develop -> origin/develop
From https://gem5.googlesource.com/public/gem5
 * branch                  develop    -> FETCH_HEAD
Already up to date.
Everything up-to-date
From https://gem5.googlesource.com/public/gem5
 * branch                  develop    -> FETCH_HEAD
Already up to date.
Everything up-to-date
From https://gem5.googlesource.com/public/gem5
 * branch                  develop    -> FETCH_HEAD
Already up to date.
Everything up-to-date
From https://gem5.googlesource.com/public/gem5
 * branch                  develop    -> FETCH_HEAD
Already up to date.
Everything up-to-date
From https://gem5.googlesource.com/public/gem5
 * branch                  develop    -> FETCH_HEAD
Already up to date.
Everything up-to-date
From https://gem5.googlesource.com/public/gem5
 * branch                  develop    -> FETCH_HEAD
Already up to date.
Everything up-to-date
From https://gem5.googlesource.com/public/gem5
 * branch                  develop    -> FETCH_HEAD
Already up to date.
Everything up-to-date
From https://gem5.googlesource.com/public/gem5
 * branch                  develop    -> FETCH_HEAD
Already up to date.
Everything up-to-date
From https://gem5.googlesource.com/public/gem5
 * branch                  develop    -> FETCH_HEAD
Already up to date.
Everything up-to-date
From https://gem5.googlesource.com/public/gem5
 * branch                  develop    -> FETCH_HEAD
Already up to date.
Everything up-to-date
From https://gem5.googlesource.com/public/gem5
 * branch                  develop    -> FETCH_HEAD
Already up to date.
Everything up-to-date
From https://gem5.googlesource.com/public/gem5
 * branch                  develop    -> FETCH_HEAD
Already up to date.
Everything up-to-date
From https://gem5.googlesource.com/public/gem5
 * branch                  develop    -> FETCH_HEAD
Already up to date.
Everything up-to-date
From https://gem5.googlesource.com/public/gem5
 * branch                  develop    -> FETCH_HEAD
Already up to date.
Everything up-to-date
From https://gem5.googlesource.com/public/gem5
 * branch                  develop    -> FETCH_HEAD
Already up to date.
Everything up-to-date
From https://gem5.googlesource.com/public/gem5
 * branch                  develop    -> FETCH_HEAD
Already up to date.
Everything up-to-date
From https://gem5.googlesource.com/public/gem5
 * branch                  develop    -> FETCH_HEAD
Already up to date.
Everything up-to-date
From https://gem5.googlesource.com/public/gem5
 * branch                  develop    -> FETCH_HEAD
Already up to date.
Everything up-to-date
From https://gem5.googlesource.com/public/gem5
 * branch                  develop    -> FETCH_HEAD
Already up to date.
Everything up-to-date
From https://gem5.googlesource.com/public/gem5
 * branch                  develop    -> FETCH_HEAD
Already up to date.
Everything up-to-date
From https://gem5.googlesource.com/public/gem5
 * branch                  develop    -> FETCH_HEAD
Already up to date.
Everything up-to-date
From https://gem5.googlesource.com/public/gem5
 * branch                  develop    -> FETCH_HEAD
Already up to date.
Everything up-to-date
From https://gem5.googlesource.com/public/gem5
 * branch                  develop    -> FETCH_HEAD
Already up to date.
Everything up-to-date
From https://gem5.googlesource.com/public/gem5
 * branch                  develop    -> FETCH_HEAD
Already up to date.
Everything up-to-date
From https://gem5.googlesource.com/public/gem5
 * branch                  develop    -> FETCH_HEAD
Already up to date.
Everything up-to-date
From https://gem5.googlesource.com/public/gem5
 * branch                  develop    -> FETCH_HEAD
Already up to date.
Everything up-to-date
From https://gem5.googlesource.com/public/gem5
 * branch                  develop    -> FETCH_HEAD
Already up to date.
Everything up-to-date
From https://gem5.googlesource.com/public/gem5
 * branch                  develop    -> FETCH_HEAD
Already up to date.
Everything up-to-date
From https://gem5.googlesource.com/public/gem5
 * branch                  develop    -> FETCH_HEAD
Already up to date.
Everything up-to-date
From https://gem5.googlesource.com/public/gem5
 * branch                  develop    -> FETCH_HEAD
Already up to date.
Everything up-to-date
From https://gem5.googlesource.com/public/gem5
 * branch                  develop    -> FETCH_HEAD
Already up to date.
Everything up-to-date
From https://gem5.googlesource.com/public/gem5
 * branch                  develop    -> FETCH_HEAD
Already up to date.
Everything up-to-date
From https://gem5.googlesource.com/public/gem5
 * branch                  develop    -> FETCH_HEAD
Already up to date.
Everything up-to-date
From https://gem5.googlesource.com/public/gem5
 * branch                  develop    -> FETCH_HEAD
Already up to date.
Everything up-to-date
From https://gem5.googlesource.com/public/gem5
 * branch                  develop    -> FETCH_HEAD
Already up to date.
Everything up-to-date
From https://gem5.googlesource.com/public/gem5
 * branch                  develop    -> FETCH_HEAD
Already up to date.
Everything up-to-date
From https://gem5.googlesource.com/public/gem5
 * branch                  develop    -> FETCH_HEAD
Already up to date.
Everything up-to-date
From https://gem5.googlesource.com/public/gem5
 * branch                  develop    -> FETCH_HEAD
Already up to date.
Everything up-to-date
From https://gem5.googlesource.com/public/gem5
 * branch                  develop    -> FETCH_HEAD
Already up to date.
Everything up-to-date
From https://gem5.googlesource.com/public/gem5
 * branch                  develop    -> FETCH_HEAD
Already up to date.
Everything up-to-date
From https://gem5.googlesource.com/public/gem5
 * branch                  develop    -> FETCH_HEAD
Already up to date.
Everything up-to-date
From https://gem5.googlesource.com/public/gem5
 * branch                  develop    -> FETCH_HEAD
Already up to date.
Everything up-to-date
From https://gem5.googlesource.com/public/gem5
 * branch                  develop    -> FETCH_HEAD
Already up to date.
Everything up-to-date
From https://gem5.googlesource.com/public/gem5
 * branch                  develop    -> FETCH_HEAD
Already up to date.
Everything up-to-date
From https://gem5.googlesource.com/public/gem5
 * branch                  develop    -> FETCH_HEAD
Already up to date.
Everything up-to-date
From https://gem5.googlesource.com/public/gem5
 * branch                  develop    -> FETCH_HEAD
Already up to date.
Everything up-to-date
From https://gem5.googlesource.com/public/gem5
 * branch                  develop    -> FETCH_HEAD
Already up to date.
Everything up-to-date
From https://gem5.googlesource.com/public/gem5
 * branch                  develop    -> FETCH_HEAD
Already up to date.
Everything up-to-date
From https://gem5.googlesource.com/public/gem5
 * branch                  develop    -> FETCH_HEAD
Already up to date.
Everything up-to-date
From https://gem5.googlesource.com/public/gem5
 * branch                  develop    -> FETCH_HEAD
Already up to date.
Everything up-to-date
From https://gem5.googlesource.com/public/gem5
 * branch                  develop    -> FETCH_HEAD
Already up to date.
Everything up-to-date
From https://gem5.googlesource.com/public/gem5
 * branch                  develop    -> FETCH_HEAD
Already up to date.
Everything up-to-date
From https://gem5.googlesource.com/public/gem5
 * branch                  develop    -> FETCH_HEAD
Already up to date.
Everything up-to-date
From https://gem5.googlesource.com/public/gem5
 * branch                  develop    -> FETCH_HEAD
Already up to date.
Everything up-to-date
From https://gem5.googlesource.com/public/gem5
 * branch                  develop    -> FETCH_HEAD
Already up to date.
Everything up-to-date
From https://gem5.googlesource.com/public/gem5
 * branch                  develop    -> FETCH_HEAD
Already up to date.
Everything up-to-date
From https://gem5.googlesource.com/public/gem5
 * branch                  develop    -> FETCH_HEAD
Already up to date.
Everything up-to-date
From https://gem5.googlesource.com/public/gem5
 * branch                  develop    -> FETCH_HEAD
Already up to date.
Everything up-to-date
From https://gem5.googlesource.com/public/gem5
 * branch                  develop    -> FETCH_HEAD
Already up to date.
Everything up-to-date
From https://gem5.googlesource.com/public/gem5
 * branch                  develop    -> FETCH_HEAD
Already up to date.
Everything up-to-date
From https://gem5.googlesource.com/public/gem5
 * branch                  develop    -> FETCH_HEAD
Already up to date.
Everything up-to-date
From https://gem5.googlesource.com/public/gem5
 * branch                  develop    -> FETCH_HEAD
Already up to date.
Everything up-to-date
From https://gem5.googlesource.com/public/gem5
 * branch                  develop    -> FETCH_HEAD
Already up to date.
Everything up-to-date
From https://gem5.googlesource.com/public/gem5
 * branch                  develop    -> FETCH_HEAD
Already up to date.
Everything up-to-date
From https://gem5.googlesource.com/public/gem5
 * branch                  develop    -> FETCH_HEAD
Already up to date.
Everything up-to-date
From https://gem5.googlesource.com/public/gem5
 * branch                  develop    -> FETCH_HEAD
Already up to date.
Everything up-to-date
From https://gem5.googlesource.com/public/gem5
 * branch                  develop    -> FETCH_HEAD
Already up to date.
Everything up-to-date
From https://gem5.googlesource.com/public/gem5
 * branch                  develop    -> FETCH_HEAD
Already up to date.
Everything up-to-date
From https://gem5.googlesource.com/public/gem5
 * branch                  develop    -> FETCH_HEAD
Already up to date.
Everything up-to-date
From https://gem5.googlesource.com/public/gem5
 * branch                  develop    -> FETCH_HEAD
Already up to date.
Everything up-to-date
From https://gem5.googlesource.com/public/gem5
 * branch                  develop    -> FETCH_HEAD
Already up to date.
Everything up-to-date
From https://gem5.googlesource.com/public/gem5
 * branch                  develop    -> FETCH_HEAD
Already up to date.
Everything up-to-date
From https://gem5.googlesource.com/public/gem5
 * branch                  develop    -> FETCH_HEAD
Already up to date.
Everything up-to-date
From https://gem5.googlesource.com/public/gem5
 * branch                  develop    -> FETCH_HEAD
Already up to date.
Everything up-to-date
From https://gem5.googlesource.com/public/gem5
 * branch                  develop    -> FETCH_HEAD
Already up to date.
Everything up-to-date
From https://gem5.googlesource.com/public/gem5
 * branch                  develop    -> FETCH_HEAD
Already up to date.
Everything up-to-date
From https://gem5.googlesource.com/public/gem5
 * branch                  develop    -> FETCH_HEAD
Already up to date.
Everything up-to-date
From https://gem5.googlesource.com/public/gem5
 * branch                  develop    -> FETCH_HEAD
Already up to date.
Everything up-to-date
From https://gem5.googlesource.com/public/gem5
 * branch                  develop    -> FETCH_HEAD
Already up to date.
Everything up-to-date
From https://gem5.googlesource.com/public/gem5
 * branch                  develop    -> FETCH_HEAD
Already up to date.
Everything up-to-date
From https://gem5.googlesource.com/public/gem5
 * branch                  develop    -> FETCH_HEAD
Already up to date.
Everything up-to-date
From https://gem5.googlesource.com/public/gem5
 * branch                  develop    -> FETCH_HEAD
Already up to date.
Everything up-to-date
From https://gem5.googlesource.com/public/gem5
 * branch                  develop    -> FETCH_HEAD
Already up to date.
Everything up-to-date
From https://gem5.googlesource.com/public/gem5
 * branch                  develop    -> FETCH_HEAD
Already up to date.
Everything up-to-date
From https://gem5.googlesource.com/public/gem5
 * branch                  develop    -> FETCH_HEAD
Already up to date.
Everything up-to-date
From https://gem5.googlesource.com/public/gem5
 * branch                  develop    -> FETCH_HEAD
Already up to date.
Everything up-to-date
From https://gem5.googlesource.com/public/gem5
 * branch                  develop    -> FETCH_HEAD
Already up to date.
Everything up-to-date
From https://gem5.googlesource.com/public/gem5
 * branch                  develop    -> FETCH_HEAD
Already up to date.
Everything up-to-date
From https://gem5.googlesource.com/public/gem5
 * branch                  develop    -> FETCH_HEAD
Already up to date.
Everything up-to-date
From https://gem5.googlesource.com/public/gem5
 * branch                  develop    -> FETCH_HEAD
Already up to date.
Everything up-to-date
From https://gem5.googlesource.com/public/gem5
 * branch                  develop    -> FETCH_HEAD
Already up to date.
Everything up-to-date
From https://gem5.googlesource.com/public/gem5
 * branch                  develop    -> FETCH_HEAD
Already up to date.
Everything up-to-date
From https://gem5.googlesource.com/public/gem5
 * branch                  develop    -> FETCH_HEAD
Already up to date.
Everything up-to-date
From https://gem5.googlesource.com/public/gem5
 * branch                  develop    -> FETCH_HEAD
Already up to date.
Everything up-to-date
From https://gem5.googlesource.com/public/gem5
 * branch                  develop    -> FETCH_HEAD
Already up to date.
Everything up-to-date
From https://gem5.googlesource.com/public/gem5
 * branch                  develop    -> FETCH_HEAD
Already up to date.
Everything up-to-date
From https://gem5.googlesource.com/public/gem5
 * branch                  develop    -> FETCH_HEAD
Already up to date.
Everything up-to-date
From https://gem5.googlesource.com/public/gem5
 * branch                  develop    -> FETCH_HEAD
Already up to date.
Everything up-to-date
From https://gem5.googlesource.com/public/gem5
 * branch                  develop    -> FETCH_HEAD
Already up to date.
Everything up-to-date
From https://gem5.googlesource.com/public/gem5
 * branch                  develop    -> FETCH_HEAD
Already up to date.
Everything up-to-date
From https://gem5.googlesource.com/public/gem5
 * branch                  develop    -> FETCH_HEAD
Already up to date.
Everything up-to-date
From https://gem5.googlesource.com/public/gem5
 * branch                  develop    -> FETCH_HEAD
Already up to date.
Everything up-to-date
From https://gem5.googlesource.com/public/gem5
 * branch                  develop    -> FETCH_HEAD
Already up to date.
Everything up-to-date
From https://gem5.googlesource.com/public/gem5
 * branch                  develop    -> FETCH_HEAD
Already up to date.
Everything up-to-date
From https://gem5.googlesource.com/public/gem5
 * branch                  develop    -> FETCH_HEAD
Already up to date.
Everything up-to-date
From https://gem5.googlesource.com/public/gem5
 * branch                  develop    -> FETCH_HEAD
Already up to date.
Everything up-to-date
From https://gem5.googlesource.com/public/gem5
 * branch                  develop    -> FETCH_HEAD
Already up to date.
Everything up-to-date
From https://gem5.googlesource.com/public/gem5
 * branch                  develop    -> FETCH_HEAD
Already up to date.
Everything up-to-date
From https://gem5.googlesource.com/public/gem5
 * branch                  develop    -> FETCH_HEAD
Already up to date.
Everything up-to-date
From https://gem5.googlesource.com/public/gem5
 * branch                  develop    -> FETCH_HEAD
Already up to date.
Everything up-to-date
From https://gem5.googlesource.com/public/gem5
 * branch                  develop    -> FETCH_HEAD
Already up to date.
Everything up-to-date
From https://gem5.googlesource.com/public/gem5
 * branch                  develop    -> FETCH_HEAD
Already up to date.
Everything up-to-date
From https://gem5.googlesource.com/public/gem5
 * branch                  develop    -> FETCH_HEAD
Already up to date.
Everything up-to-date
From https://gem5.googlesource.com/public/gem5
 * branch                  develop    -> FETCH_HEAD
Already up to date.
Everything up-to-date
From https://gem5.googlesource.com/public/gem5
 * branch                  develop    -> FETCH_HEAD
Already up to date.
Everything up-to-date
From https://gem5.googlesource.com/public/gem5
 * branch                  develop    -> FETCH_HEAD
Already up to date.
Everything up-to-date
From https://gem5.googlesource.com/public/gem5
 * branch                  develop    -> FETCH_HEAD
Already up to date.
Everything up-to-date
From https://gem5.googlesource.com/public/gem5
 * branch                  develop    -> FETCH_HEAD
Already up to date.
Everything up-to-date
From https://gem5.googlesource.com/public/gem5
 * branch                  develop    -> FETCH_HEAD
Already up to date.
Everything up-to-date
From https://gem5.googlesource.com/public/gem5
 * branch                  develop    -> FETCH_HEAD
Already up to date.
Everything up-to-date
From https://gem5.googlesource.com/public/gem5
 * branch                  develop    -> FETCH_HEAD
Already up to date.
Everything up-to-date
From https://gem5.googlesource.com/public/gem5
 * branch                  develop    -> FETCH_HEAD
Already up to date.
Everything up-to-date
From https://gem5.googlesource.com/public/gem5
 * branch                  develop    -> FETCH_HEAD
Already up to date.
Everything up-to-date
From https://gem5.googlesource.com/public/gem5
 * branch                  develop    -> FETCH_HEAD
Already up to date.
Everything up-to-date
From https://gem5.googlesource.com/public/gem5
 * branch                  develop    -> FETCH_HEAD
Already up to date.
Everything up-to-date
From https://gem5.googlesource.com/public/gem5
 * branch                  develop    -> FETCH_HEAD
Already up to date.
Everything up-to-date
From https://gem5.googlesource.com/public/gem5
 * branch                  develop    -> FETCH_HEAD
Already up to date.
Everything up-to-date
From https://gem5.googlesource.com/public/gem5
 * branch                  develop    -> FETCH_HEAD
Already up to date.
Everything up-to-date
From https://gem5.googlesource.com/public/gem5
 * branch                  develop    -> FETCH_HEAD
Already up to date.
Everything up-to-date
From https://gem5.googlesource.com/public/gem5
 * branch                  develop    -> FETCH_HEAD
Already up to date.
Everything up-to-date
From https://gem5.googlesource.com/public/gem5
 * branch                  develop    -> FETCH_HEAD
Already up to date.
Everything up-to-date
From https://gem5.googlesource.com/public/gem5
 * branch                  develop    -> FETCH_HEAD
Already up to date.
Everything up-to-date
From https://gem5.googlesource.com/public/gem5
 * branch                  develop    -> FETCH_HEAD
Already up to date.
Everything up-to-date
From https://gem5.googlesource.com/public/gem5
 * branch                  develop    -> FETCH_HEAD
Already up to date.
Everything up-to-date
From https://gem5.googlesource.com/public/gem5
 * branch                  develop    -> FETCH_HEAD
Already up to date.
Everything up-to-date
From https://gem5.googlesource.com/public/gem5
 * branch                  develop    -> FETCH_HEAD
Already up to date.
Everything up-to-date
From https://gem5.googlesource.com/public/gem5
 * branch                  develop    -> FETCH_HEAD
Already up to date.
Everything up-to-date
From https://gem5.googlesource.com/public/gem5
 * branch                  develop    -> FETCH_HEAD
Already up to date.
Everything up-to-date
From https://gem5.googlesource.com/public/gem5
 * branch                  develop    -> FETCH_HEAD
Already up to date.
Everything up-to-date
From https://gem5.googlesource.com/public/gem5
 * branch                  develop    -> FETCH_HEAD
Already up to date.
Everything up-to-date
From https://gem5.googlesource.com/public/gem5
 * branch                  develop    -> FETCH_HEAD
Already up to date.
Everything up-to-date
From https://gem5.googlesource.com/public/gem5
 * branch                  develop    -> FETCH_HEAD
Already up to date.
Everything up-to-date
From https://gem5.googlesource.com/public/gem5
 * branch                  develop    -> FETCH_HEAD
Already up to date.
Everything up-to-date
From https://gem5.googlesource.com/public/gem5
 * branch                  develop    -> FETCH_HEAD
Already up to date.
Everything up-to-date
From https://gem5.googlesource.com/public/gem5
 * branch                  develop    -> FETCH_HEAD
Already up to date.
Everything up-to-date
From https://gem5.googlesource.com/public/gem5
 * branch                  develop    -> FETCH_HEAD
Already up to date.
Everything up-to-date
From https://gem5.googlesource.com/public/gem5
 * branch                  develop    -> FETCH_HEAD
Already up to date.
Everything up-to-date
From https://gem5.googlesource.com/public/gem5
 * branch                  develop    -> FETCH_HEAD
Already up to date.
Everything up-to-date
From https://gem5.googlesource.com/public/gem5
 * branch                  develop    -> FETCH_HEAD
Already up to date.
Everything up-to-date
From https://gem5.googlesource.com/public/gem5
 * branch                  develop    -> FETCH_HEAD
Already up to date.
Everything up-to-date
From https://gem5.googlesource.com/public/gem5
 * branch                  develop    -> FETCH_HEAD
Already up to date.
Everything up-to-date
From https://gem5.googlesource.com/public/gem5
 * branch                  develop    -> FETCH_HEAD
Already up to date.
Everything up-to-date
From https://gem5.googlesource.com/public/gem5
 * branch                  develop    -> FETCH_HEAD
Already up to date.
Everything up-to-date
From https://gem5.googlesource.com/public/gem5
 * branch                  develop    -> FETCH_HEAD
Already up to date.
Everything up-to-date
From https://gem5.googlesource.com/public/gem5
 * branch                  develop    -> FETCH_HEAD
Already up to date.
Everything up-to-date
From https://gem5.googlesource.com/public/gem5
 * branch                  develop    -> FETCH_HEAD
Already up to date.
Everything up-to-date
From https://gem5.googlesource.com/public/gem5
 * branch                  develop    -> FETCH_HEAD
Already up to date.
Everything up-to-date
From https://gem5.googlesource.com/public/gem5
 * branch                  develop    -> FETCH_HEAD
Already up to date.
Everything up-to-date
From https://gem5.googlesource.com/public/gem5
 * branch                  develop    -> FETCH_HEAD
Already up to date.
Everything up-to-date
From https://gem5.googlesource.com/public/gem5
 * branch                  develop    -> FETCH_HEAD
Already up to date.
Everything up-to-date
From https://gem5.googlesource.com/public/gem5
 * branch                  develop    -> FETCH_HEAD
Already up to date.
Everything up-to-date
From https://gem5.googlesource.com/public/gem5
 * branch                  develop    -> FETCH_HEAD
Already up to date.
Everything up-to-date
From https://gem5.googlesource.com/public/gem5
 * branch                  develop    -> FETCH_HEAD
Already up to date.
Everything up-to-date
From https://gem5.googlesource.com/public/gem5
 * branch                  develop    -> FETCH_HEAD
Already up to date.
Everything up-to-date
From https://gem5.googlesource.com/public/gem5
 * branch                  develop    -> FETCH_HEAD
Already up to date.
Everything up-to-date
From https://gem5.googlesource.com/public/gem5
 * branch                  develop    -> FETCH_HEAD
Already up to date.
Everything up-to-date
From https://gem5.googlesource.com/public/gem5
 * branch                  develop    -> FETCH_HEAD
Already up to date.
Everything up-to-date
From https://gem5.googlesource.com/public/gem5
 * branch                  develop    -> FETCH_HEAD
Already up to date.
Everything up-to-date
From https://gem5.googlesource.com/public/gem5
 * branch                  develop    -> FETCH_HEAD
Already up to date.
Everything up-to-date
From https://gem5.googlesource.com/public/gem5
 * branch                  develop    -> FETCH_HEAD
Already up to date.
Everything up-to-date
From https://gem5.googlesource.com/public/gem5
 * branch                  develop    -> FETCH_HEAD
Already up to date.
Everything up-to-date
From https://gem5.googlesource.com/public/gem5
 * branch                  develop    -> FETCH_HEAD
Already up to date.
Everything up-to-date
From https://gem5.googlesource.com/public/gem5
 * branch                  develop    -> FETCH_HEAD
Already up to date.
Everything up-to-date
From https://gem5.googlesource.com/public/gem5
 * branch                  develop    -> FETCH_HEAD
Already up to date.
Everything up-to-date
From https://gem5.googlesource.com/public/gem5
 * branch                  develop    -> FETCH_HEAD
Already up to date.
Everything up-to-date
From https://gem5.googlesource.com/public/gem5
 * branch                  develop    -> FETCH_HEAD
Already up to date.
Everything up-to-date
From https://gem5.googlesource.com/public/gem5
 * branch                  develop    -> FETCH_HEAD
Already up to date.
Everything up-to-date
From https://gem5.googlesource.com/public/gem5
 * branch                  develop    -> FETCH_HEAD
Already up to date.
Everything up-to-date
From https://gem5.googlesource.com/public/gem5
 * branch                  develop    -> FETCH_HEAD
Already up to date.
Everything up-to-date
From https://gem5.googlesource.com/public/gem5
 * branch                  develop    -> FETCH_HEAD
Already up to date.
Everything up-to-date
From https://gem5.googlesource.com/public/gem5
 * branch                  develop    -> FETCH_HEAD
Already up to date.
Everything up-to-date
From https://gem5.googlesource.com/public/gem5
 * branch                  develop    -> FETCH_HEAD
Already up to date.
Everything up-to-date
From https://gem5.googlesource.com/public/gem5
 * branch                  develop    -> FETCH_HEAD
Already up to date.
Everything up-to-date
From https://gem5.googlesource.com/public/gem5
 * branch                  develop    -> FETCH_HEAD
Already up to date.
Everything up-to-date
From https://gem5.googlesource.com/public/gem5
 * branch                  develop    -> FETCH_HEAD
Already up to date.
Everything up-to-date
From https://gem5.googlesource.com/public/gem5
 * branch                  develop    -> FETCH_HEAD
Already up to date.
Everything up-to-date
From https://gem5.googlesource.com/public/gem5
 * branch                  develop    -> FETCH_HEAD
Already up to date.
Everything up-to-date
From https://gem5.googlesource.com/public/gem5
 * branch                  develop    -> FETCH_HEAD
Already up to date.
Everything up-to-date
From https://gem5.googlesource.com/public/gem5
 * branch                  develop    -> FETCH_HEAD
Already up to date.
Everything up-to-date
From https://gem5.googlesource.com/public/gem5
 * branch                  develop    -> FETCH_HEAD
Already up to date.
Everything up-to-date
From https://gem5.googlesource.com/public/gem5
 * branch                  develop    -> FETCH_HEAD
Already up to date.
Everything up-to-date
From https://gem5.googlesource.com/public/gem5
 * branch                  develop    -> FETCH_HEAD
Already up to date.
Everything up-to-date
From https://gem5.googlesource.com/public/gem5
 * branch                  develop    -> FETCH_HEAD
Already up to date.
Everything up-to-date
From https://gem5.googlesource.com/public/gem5
 * branch                  develop    -> FETCH_HEAD
Already up to date.
Everything up-to-date
From https://gem5.googlesource.com/public/gem5
 * branch                  develop    -> FETCH_HEAD
Already up to date.
Everything up-to-date
From https://gem5.googlesource.com/public/gem5
 * branch                  develop    -> FETCH_HEAD
Already up to date.
Everything up-to-date
From https://gem5.googlesource.com/public/gem5
 * branch                  develop    -> FETCH_HEAD
Already up to date.
Everything up-to-date
From https://gem5.googlesource.com/public/gem5
 * branch                  develop    -> FETCH_HEAD
Already up to date.
Everything up-to-date
From https://gem5.googlesource.com/public/gem5
 * branch                  develop    -> FETCH_HEAD
Already up to date.
Everything up-to-date
From https://gem5.googlesource.com/public/gem5
 * branch                  develop    -> FETCH_HEAD
Already up to date.
Everything up-to-date
From https://gem5.googlesource.com/public/gem5
 * branch                  develop    -> FETCH_HEAD
Already up to date.
Everything up-to-date
From https://gem5.googlesource.com/public/gem5
 * branch                  develop    -> FETCH_HEAD
Already up to date.
Everything up-to-date
From https://gem5.googlesource.com/public/gem5
 * branch                  develop    -> FETCH_HEAD
Already up to date.
Everything up-to-date
From https://gem5.googlesource.com/public/gem5
 * branch                  develop    -> FETCH_HEAD
Already up to date.
Everything up-to-date
From https://gem5.googlesource.com/public/gem5
 * branch                  develop    -> FETCH_HEAD
Already up to date.
Everything up-to-date
From https://gem5.googlesource.com/public/gem5
 * branch                  develop    -> FETCH_HEAD
Already up to date.
Everything up-to-date
From https://gem5.googlesource.com/public/gem5
 * branch                  develop    -> FETCH_HEAD
Already up to date.
Everything up-to-date
From https://gem5.googlesource.com/public/gem5
 * branch                  develop    -> FETCH_HEAD
Already up to date.
Everything up-to-date
From https://gem5.googlesource.com/public/gem5
 * branch                  develop    -> FETCH_HEAD
Already up to date.
Everything up-to-date
From https://gem5.googlesource.com/public/gem5
 * branch                  develop    -> FETCH_HEAD
Already up to date.
Everything up-to-date
From https://gem5.googlesource.com/public/gem5
 * branch                  develop    -> FETCH_HEAD
Already up to date.
Everything up-to-date
From https://gem5.googlesource.com/public/gem5
 * branch                  develop    -> FETCH_HEAD
Already up to date.
Everything up-to-date
From https://gem5.googlesource.com/public/gem5
 * branch                  develop    -> FETCH_HEAD
Already up to date.
Everything up-to-date
From https://gem5.googlesource.com/public/gem5
 * branch                  develop    -> FETCH_HEAD
Already up to date.
Everything up-to-date
From https://gem5.googlesource.com/public/gem5
 * branch                  develop    -> FETCH_HEAD
Already up to date.
Everything up-to-date
From https://gem5.googlesource.com/public/gem5
 * branch                  develop    -> FETCH_HEAD
Already up to date.
Everything up-to-date
From https://gem5.googlesource.com/public/gem5
 * branch                  develop    -> FETCH_HEAD
Already up to date.
Everything up-to-date
From https://gem5.googlesource.com/public/gem5
 * branch                  develop    -> FETCH_HEAD
Already up to date.
Everything up-to-date
From https://gem5.googlesource.com/public/gem5
 * branch                  develop    -> FETCH_HEAD
Already up to date.
Everything up-to-date
From https://gem5.googlesource.com/public/gem5
 * branch                  develop    -> FETCH_HEAD
Already up to date.
Everything up-to-date
From https://gem5.googlesource.com/public/gem5
 * branch                  develop    -> FETCH_HEAD
Already up to date.
Everything up-to-date
From https://gem5.googlesource.com/public/gem5
 * branch                  develop    -> FETCH_HEAD
Already up to date.
Everything up-to-date
From https://gem5.googlesource.com/public/gem5
 * branch                  develop    -> FETCH_HEAD
Already up to date.
Everything up-to-date
From https://gem5.googlesource.com/public/gem5
 * branch                  develop    -> FETCH_HEAD
Already up to date.
Everything up-to-date
From https://gem5.googlesource.com/public/gem5
 * branch                  develop    -> FETCH_HEAD
Already up to date.
Everything up-to-date
From https://gem5.googlesource.com/public/gem5
 * branch                  develop    -> FETCH_HEAD
Already up to date.
Everything up-to-date
From https://gem5.googlesource.com/public/gem5
 * branch                  develop    -> FETCH_HEAD
Already up to date.
Everything up-to-date
From https://gem5.googlesource.com/public/gem5
 * branch                  develop    -> FETCH_HEAD
Already up to date.
Everything up-to-date
From https://gem5.googlesource.com/public/gem5
 * branch                  develop    -> FETCH_HEAD
Already up to date.
Everything up-to-date
From https://gem5.googlesource.com/public/gem5
 * branch                  develop    -> FETCH_HEAD
Already up to date.
Everything up-to-date
From https://gem5.googlesource.com/public/gem5
 * branch                  develop    -> FETCH_HEAD
Already up to date.
Everything up-to-date
From https://gem5.googlesource.com/public/gem5
 * branch                  develop    -> FETCH_HEAD
Already up to date.
Everything up-to-date
From https://gem5.googlesource.com/public/gem5
 * branch                  develop    -> FETCH_HEAD
Already up to date.
Everything up-to-date
From https://gem5.googlesource.com/public/gem5
 * branch                  develop    -> FETCH_HEAD
Already up to date.
Everything up-to-date
From https://gem5.googlesource.com/public/gem5
 * branch                  develop    -> FETCH_HEAD
Already up to date.
Everything up-to-date
From https://gem5.googlesource.com/public/gem5
 * branch                  develop    -> FETCH_HEAD
Already up to date.
Everything up-to-date
From https://gem5.googlesource.com/public/gem5
 * branch                  develop    -> FETCH_HEAD
Already up to date.
Everything up-to-date
From https://gem5.googlesource.com/public/gem5
 * branch                  develop    -> FETCH_HEAD
Already up to date.
Everything up-to-date
From https://gem5.googlesource.com/public/gem5
 * branch                  develop    -> FETCH_HEAD
Already up to date.
Everything up-to-date
From https://gem5.googlesource.com/public/gem5
 * branch                  develop    -> FETCH_HEAD
Already up to date.
Everything up-to-date
From https://gem5.googlesource.com/public/gem5
 * branch                  develop    -> FETCH_HEAD
Already up to date.
Everything up-to-date
From https://gem5.googlesource.com/public/gem5
 * branch                  develop    -> FETCH_HEAD
Already up to date.
Everything up-to-date
From https://gem5.googlesource.com/public/gem5
 * branch                  develop    -> FETCH_HEAD
Already up to date.
Everything up-to-date
From https://gem5.googlesource.com/public/gem5
 * branch                  develop    -> FETCH_HEAD
Already up to date.
Everything up-to-date
From https://gem5.googlesource.com/public/gem5
 * branch                  develop    -> FETCH_HEAD
Already up to date.
Everything up-to-date
From https://gem5.googlesource.com/public/gem5
 * branch                  develop    -> FETCH_HEAD
Already up to date.
Everything up-to-date
From https://gem5.googlesource.com/public/gem5
 * branch                  develop    -> FETCH_HEAD
Already up to date.
Everything up-to-date
From https://gem5.googlesource.com/public/gem5
 * branch                  develop    -> FETCH_HEAD
Already up to date.
Everything up-to-date
From https://gem5.googlesource.com/public/gem5
 * branch                  develop    -> FETCH_HEAD
Already up to date.
Everything up-to-date
From https://gem5.googlesource.com/public/gem5
 * branch                  develop    -> FETCH_HEAD
Already up to date.
Everything up-to-date
From https://gem5.googlesource.com/public/gem5
 * branch                  develop    -> FETCH_HEAD
Already up to date.
Everything up-to-date
From https://gem5.googlesource.com/public/gem5
 * branch                  develop    -> FETCH_HEAD
Already up to date.
Everything up-to-date
From https://gem5.googlesource.com/public/gem5
 * branch                  develop    -> FETCH_HEAD
Already up to date.
Everything up-to-date
From https://gem5.googlesource.com/public/gem5
 * branch                  develop    -> FETCH_HEAD
Already up to date.
Everything up-to-date
From https://gem5.googlesource.com/public/gem5
 * branch                  develop    -> FETCH_HEAD
Already up to date.
Everything up-to-date
From https://gem5.googlesource.com/public/gem5
 * branch                  develop    -> FETCH_HEAD
Already up to date.
Everything up-to-date
From https://gem5.googlesource.com/public/gem5
 * branch                  develop    -> FETCH_HEAD
Already up to date.
Everything up-to-date
From https://gem5.googlesource.com/public/gem5
 * branch                  develop    -> FETCH_HEAD
Already up to date.
Everything up-to-date
From https://gem5.googlesource.com/public/gem5
 * branch                  develop    -> FETCH_HEAD
Already up to date.
Everything up-to-date
From https://gem5.googlesource.com/public/gem5
 * branch                  develop    -> FETCH_HEAD
Already up to date.
Everything up-to-date
From https://gem5.googlesource.com/public/gem5
 * branch                  develop    -> FETCH_HEAD
Already up to date.
Everything up-to-date
From https://gem5.googlesource.com/public/gem5
 * branch                  develop    -> FETCH_HEAD
Already up to date.
Everything up-to-date
From https://gem5.googlesource.com/public/gem5
 * branch                  develop    -> FETCH_HEAD
Already up to date.
Everything up-to-date
From https://gem5.googlesource.com/public/gem5
 * branch                  develop    -> FETCH_HEAD
Already up to date.
Everything up-to-date
From https://gem5.googlesource.com/public/gem5
 * branch                  develop    -> FETCH_HEAD
Already up to date.
Everything up-to-date
From https://gem5.googlesource.com/public/gem5
 * branch                  develop    -> FETCH_HEAD
Already up to date.
Everything up-to-date
From https://gem5.googlesource.com/public/gem5
 * branch                  develop    -> FETCH_HEAD
Already up to date.
Everything up-to-date
From https://gem5.googlesource.com/public/gem5
 * branch                  develop    -> FETCH_HEAD
Already up to date.
Everything up-to-date
From https://gem5.googlesource.com/public/gem5
 * branch                  develop    -> FETCH_HEAD
Already up to date.
Everything up-to-date
From https://gem5.googlesource.com/public/gem5
 * branch                  develop    -> FETCH_HEAD
Already up to date.
Everything up-to-date
From https://gem5.googlesource.com/public/gem5
 * branch                  develop    -> FETCH_HEAD
Already up to date.
Everything up-to-date
From https://gem5.googlesource.com/public/gem5
 * branch                  develop    -> FETCH_HEAD
Already up to date.
Everything up-to-date
From https://gem5.googlesource.com/public/gem5
 * branch                  develop    -> FETCH_HEAD
Already up to date.
Everything up-to-date
From https://gem5.googlesource.com/public/gem5
 * branch                  develop    -> FETCH_HEAD
Already up to date.
Everything up-to-date
From https://gem5.googlesource.com/public/gem5
 * branch                  develop    -> FETCH_HEAD
Already up to date.
Everything up-to-date
From https://gem5.googlesource.com/public/gem5
 * branch                  develop    -> FETCH_HEAD
Already up to date.
Everything up-to-date
From https://gem5.googlesource.com/public/gem5
 * branch                  develop    -> FETCH_HEAD
Already up to date.
Everything up-to-date
From https://gem5.googlesource.com/public/gem5
 * branch                  develop    -> FETCH_HEAD
Already up to date.
Everything up-to-date
From https://gem5.googlesource.com/public/gem5
 * branch                  develop    -> FETCH_HEAD
Already up to date.
Everything up-to-date
From https://gem5.googlesource.com/public/gem5
 * branch                  develop    -> FETCH_HEAD
Already up to date.
Everything up-to-date
From https://gem5.googlesource.com/public/gem5
 * branch                  develop    -> FETCH_HEAD
Already up to date.
Everything up-to-date
From https://gem5.googlesource.com/public/gem5
 * branch                  develop    -> FETCH_HEAD
Already up to date.
Everything up-to-date
From https://gem5.googlesource.com/public/gem5
 * branch                  develop    -> FETCH_HEAD
Already up to date.
Everything up-to-date
From https://gem5.googlesource.com/public/gem5
 * branch                  develop    -> FETCH_HEAD
Already up to date.
Everything up-to-date
From https://gem5.googlesource.com/public/gem5
 * branch                  develop    -> FETCH_HEAD
Already up to date.
Everything up-to-date
From https://gem5.googlesource.com/public/gem5
 * branch                  develop    -> FETCH_HEAD
Already up to date.
Everything up-to-date
From https://gem5.googlesource.com/public/gem5
 * branch                  develop    -> FETCH_HEAD
Already up to date.
Everything up-to-date
From https://gem5.googlesource.com/public/gem5
 * branch                  develop    -> FETCH_HEAD
Already up to date.
Everything up-to-date
From https://gem5.googlesource.com/public/gem5
 * branch                  develop    -> FETCH_HEAD
Already up to date.
Everything up-to-date
From https://gem5.googlesource.com/public/gem5
 * branch                  develop    -> FETCH_HEAD
Already up to date.
Everything up-to-date
From https://gem5.googlesource.com/public/gem5
 * branch                  develop    -> FETCH_HEAD
Already up to date.
Everything up-to-date
From https://gem5.googlesource.com/public/gem5
 * branch                  develop    -> FETCH_HEAD
Already up to date.
Everything up-to-date
From https://gem5.googlesource.com/public/gem5
 * branch                  develop    -> FETCH_HEAD
Already up to date.
Everything up-to-date
From https://gem5.googlesource.com/public/gem5
 * branch                  develop    -> FETCH_HEAD
Already up to date.
Everything up-to-date
From https://gem5.googlesource.com/public/gem5
 * branch                  develop    -> FETCH_HEAD
Already up to date.
Everything up-to-date
From https://gem5.googlesource.com/public/gem5
 * branch                  develop    -> FETCH_HEAD
Already up to date.
Everything up-to-date
From https://gem5.googlesource.com/public/gem5
 * branch                  develop    -> FETCH_HEAD
Already up to date.
Everything up-to-date
From https://gem5.googlesource.com/public/gem5
 * branch                  develop    -> FETCH_HEAD
Already up to date.
Everything up-to-date
From https://gem5.googlesource.com/public/gem5
 * branch                  develop    -> FETCH_HEAD
   c4d61ca143..44919c1c4d  develop    -> upstream/develop
Merge made by the 'recursive' strategy.
 configs/example/riscv/fs_linux.py | 3 +--
 1 file changed, 1 insertion(+), 2 deletions(-)
remote: Resolving deltas:   0% (0/5)        remote: Resolving deltas:  20% (1/5)        remote: Resolving deltas:  40% (2/5)        remote: Resolving deltas:  60% (3/5)        remote: Resolving deltas:  80% (4/5)        remote: Resolving deltas: 100% (5/5)        remote: Resolving deltas: 100% (5/5), completed with 5 local objects.        
To github.com:mkjost0/gem5-actions.git
   a8668b2430..c88691f479  develop -> develop
   c4d61ca143..44919c1c4d  upstream/develop -> upstream/develop
From https://gem5.googlesource.com/public/gem5
 * branch                  develop    -> FETCH_HEAD
Already up to date.
To github.com:mkjost0/gem5-actions.git
   a8668b2430..c88691f479  origin/develop -> origin/develop
From https://gem5.googlesource.com/public/gem5
 * branch                  develop    -> FETCH_HEAD
Already up to date.
Everything up-to-date
From https://gem5.googlesource.com/public/gem5
 * branch                  develop    -> FETCH_HEAD
Already up to date.
Everything up-to-date
From https://gem5.googlesource.com/public/gem5
 * branch                  develop    -> FETCH_HEAD
Already up to date.
Everything up-to-date
From https://gem5.googlesource.com/public/gem5
 * branch                  develop    -> FETCH_HEAD
Already up to date.
Everything up-to-date
From https://gem5.googlesource.com/public/gem5
 * branch                  develop    -> FETCH_HEAD
Already up to date.
Everything up-to-date
From https://gem5.googlesource.com/public/gem5
 * branch                  develop    -> FETCH_HEAD
Already up to date.
Everything up-to-date
From https://gem5.googlesource.com/public/gem5
 * branch                  develop    -> FETCH_HEAD
Already up to date.
Everything up-to-date
From https://gem5.googlesource.com/public/gem5
 * branch                  develop    -> FETCH_HEAD
Already up to date.
Everything up-to-date
From https://gem5.googlesource.com/public/gem5
 * branch                  develop    -> FETCH_HEAD
Already up to date.
Everything up-to-date
From https://gem5.googlesource.com/public/gem5
 * branch                  develop    -> FETCH_HEAD
Already up to date.
Everything up-to-date
From https://gem5.googlesource.com/public/gem5
 * branch                  develop    -> FETCH_HEAD
Already up to date.
Everything up-to-date
From https://gem5.googlesource.com/public/gem5
 * branch                  develop    -> FETCH_HEAD
Already up to date.
Everything up-to-date
From https://gem5.googlesource.com/public/gem5
 * branch                  develop    -> FETCH_HEAD
Already up to date.
Everything up-to-date
From https://gem5.googlesource.com/public/gem5
 * branch                  develop    -> FETCH_HEAD
Already up to date.
Everything up-to-date
From https://gem5.googlesource.com/public/gem5
 * branch                  develop    -> FETCH_HEAD
Already up to date.
Everything up-to-date
From https://gem5.googlesource.com/public/gem5
 * branch                  develop    -> FETCH_HEAD
Already up to date.
Everything up-to-date
From https://gem5.googlesource.com/public/gem5
 * branch                  develop    -> FETCH_HEAD
Already up to date.
Everything up-to-date
From https://gem5.googlesource.com/public/gem5
 * branch                  develop    -> FETCH_HEAD
Already up to date.
Everything up-to-date
From https://gem5.googlesource.com/public/gem5
 * branch                  develop    -> FETCH_HEAD
Already up to date.
Everything up-to-date
From https://gem5.googlesource.com/public/gem5
 * branch                  develop    -> FETCH_HEAD
Already up to date.
Everything up-to-date
From https://gem5.googlesource.com/public/gem5
 * branch                  develop    -> FETCH_HEAD
Already up to date.
Everything up-to-date
From https://gem5.googlesource.com/public/gem5
 * branch                  develop    -> FETCH_HEAD
Already up to date.
Everything up-to-date
From https://gem5.googlesource.com/public/gem5
 * branch                  develop    -> FETCH_HEAD
Already up to date.
Everything up-to-date
From https://gem5.googlesource.com/public/gem5
 * branch                  develop    -> FETCH_HEAD
Already up to date.
Everything up-to-date
From https://gem5.googlesource.com/public/gem5
 * branch                  develop    -> FETCH_HEAD
Already up to date.
Everything up-to-date
From https://gem5.googlesource.com/public/gem5
 * branch                  develop    -> FETCH_HEAD
Already up to date.
Everything up-to-date
From https://gem5.googlesource.com/public/gem5
 * branch                  develop    -> FETCH_HEAD
Already up to date.
Everything up-to-date
From https://gem5.googlesource.com/public/gem5
 * branch                  develop    -> FETCH_HEAD
Already up to date.
Everything up-to-date
From https://gem5.googlesource.com/public/gem5
 * branch                  develop    -> FETCH_HEAD
Already up to date.
Everything up-to-date
From https://gem5.googlesource.com/public/gem5
 * branch                  develop    -> FETCH_HEAD
Already up to date.
Everything up-to-date
From https://gem5.googlesource.com/public/gem5
 * branch                  develop    -> FETCH_HEAD
Already up to date.
Everything up-to-date
From https://gem5.googlesource.com/public/gem5
 * branch                  develop    -> FETCH_HEAD
Already up to date.
Everything up-to-date
From https://gem5.googlesource.com/public/gem5
 * branch                  develop    -> FETCH_HEAD
Already up to date.
Everything up-to-date
From https://gem5.googlesource.com/public/gem5
 * branch                  develop    -> FETCH_HEAD
Already up to date.
Everything up-to-date
From https://gem5.googlesource.com/public/gem5
 * branch                  develop    -> FETCH_HEAD
Already up to date.
Everything up-to-date
From https://gem5.googlesource.com/public/gem5
 * branch                  develop    -> FETCH_HEAD
Already up to date.
Everything up-to-date
From https://gem5.googlesource.com/public/gem5
 * branch                  develop    -> FETCH_HEAD
Already up to date.
Everything up-to-date
From https://gem5.googlesource.com/public/gem5
 * branch                  develop    -> FETCH_HEAD
Already up to date.
Everything up-to-date
From https://gem5.googlesource.com/public/gem5
 * branch                  develop    -> FETCH_HEAD
Already up to date.
Everything up-to-date
From https://gem5.googlesource.com/public/gem5
 * branch                  develop    -> FETCH_HEAD
Already up to date.
Everything up-to-date
From https://gem5.googlesource.com/public/gem5
 * branch                  develop    -> FETCH_HEAD
Already up to date.
Everything up-to-date
From https://gem5.googlesource.com/public/gem5
 * branch                  develop    -> FETCH_HEAD
Already up to date.
Everything up-to-date
From https://gem5.googlesource.com/public/gem5
 * branch                  develop    -> FETCH_HEAD
Already up to date.
Everything up-to-date
From https://gem5.googlesource.com/public/gem5
 * branch                  develop    -> FETCH_HEAD
Already up to date.
Everything up-to-date
From https://gem5.googlesource.com/public/gem5
 * branch                  develop    -> FETCH_HEAD
Already up to date.
Everything up-to-date
From https://gem5.googlesource.com/public/gem5
 * branch                  develop    -> FETCH_HEAD
Already up to date.
Everything up-to-date
From https://gem5.googlesource.com/public/gem5
 * branch                  develop    -> FETCH_HEAD
Already up to date.
Everything up-to-date
From https://gem5.googlesource.com/public/gem5
 * branch                  develop    -> FETCH_HEAD
Already up to date.
Everything up-to-date
From https://gem5.googlesource.com/public/gem5
 * branch                  develop    -> FETCH_HEAD
Already up to date.
Everything up-to-date
From https://gem5.googlesource.com/public/gem5
 * branch                  develop    -> FETCH_HEAD
Already up to date.
Everything up-to-date
From https://gem5.googlesource.com/public/gem5
 * branch                  develop    -> FETCH_HEAD
Already up to date.
Everything up-to-date
From https://gem5.googlesource.com/public/gem5
 * branch                  develop    -> FETCH_HEAD
Already up to date.
Everything up-to-date
From https://gem5.googlesource.com/public/gem5
 * branch                  develop    -> FETCH_HEAD
Already up to date.
Everything up-to-date
From https://gem5.googlesource.com/public/gem5
 * branch                  develop    -> FETCH_HEAD
Already up to date.
Everything up-to-date
From https://gem5.googlesource.com/public/gem5
 * branch                  develop    -> FETCH_HEAD
Already up to date.
Everything up-to-date
From https://gem5.googlesource.com/public/gem5
 * branch                  develop    -> FETCH_HEAD
Already up to date.
Everything up-to-date
From https://gem5.googlesource.com/public/gem5
 * branch                  develop    -> FETCH_HEAD
Already up to date.
Everything up-to-date
From https://gem5.googlesource.com/public/gem5
 * branch                  develop    -> FETCH_HEAD
Already up to date.
Everything up-to-date
From https://gem5.googlesource.com/public/gem5
 * branch                  develop    -> FETCH_HEAD
Already up to date.
Everything up-to-date
From https://gem5.googlesource.com/public/gem5
 * branch                  develop    -> FETCH_HEAD
   44919c1c4d..08644a7670  develop    -> upstream/develop
Merge made by the 'recursive' strategy.
 src/dev/amdgpu/amdgpu_nbio.cc | 20 +++++++++++++++++---
 1 file changed, 17 insertions(+), 3 deletions(-)
remote: Resolving deltas:   0% (0/6)        remote: Resolving deltas:  16% (1/6)        remote: Resolving deltas:  33% (2/6)        remote: Resolving deltas:  50% (3/6)        remote: Resolving deltas:  66% (4/6)        remote: Resolving deltas:  83% (5/6)        remote: Resolving deltas: 100% (6/6)        remote: Resolving deltas: 100% (6/6), completed with 6 local objects.        
To github.com:mkjost0/gem5-actions.git
   c88691f479..3121c3a23e  develop -> develop
   44919c1c4d..08644a7670  upstream/develop -> upstream/develop
From https://gem5.googlesource.com/public/gem5
 * branch                  develop    -> FETCH_HEAD
Already up to date.
To github.com:mkjost0/gem5-actions.git
   c88691f479..3121c3a23e  origin/develop -> origin/develop
From https://gem5.googlesource.com/public/gem5
 * branch                  develop    -> FETCH_HEAD
Already up to date.
Everything up-to-date
From https://gem5.googlesource.com/public/gem5
 * branch                  develop    -> FETCH_HEAD
Already up to date.
Everything up-to-date
From https://gem5.googlesource.com/public/gem5
 * branch                  develop    -> FETCH_HEAD
Already up to date.
Everything up-to-date
From https://gem5.googlesource.com/public/gem5
 * branch                  develop    -> FETCH_HEAD
Already up to date.
Everything up-to-date
From https://gem5.googlesource.com/public/gem5
 * branch                  develop    -> FETCH_HEAD
Already up to date.
Everything up-to-date
From https://gem5.googlesource.com/public/gem5
 * branch                  develop    -> FETCH_HEAD
Already up to date.
Everything up-to-date
From https://gem5.googlesource.com/public/gem5
 * branch                  develop    -> FETCH_HEAD
Already up to date.
To github.com:mkjost0/gem5-actions.git
   a8668b2430..e7cfaffb71  testing/develop -> testing/develop
From https://gem5.googlesource.com/public/gem5
 * branch                  develop    -> FETCH_HEAD
Already up to date.
To github.com:mkjost0/gem5-actions.git
   3121c3a23e..e7cfaffb71  origin/develop -> origin/develop
From https://gem5.googlesource.com/public/gem5
 * branch                  develop    -> FETCH_HEAD
Already up to date.
Everything up-to-date
From https://gem5.googlesource.com/public/gem5
 * branch                  develop    -> FETCH_HEAD
Already up to date.
Everything up-to-date
From https://gem5.googlesource.com/public/gem5
 * branch                  develop    -> FETCH_HEAD
Already up to date.
Everything up-to-date
From https://gem5.googlesource.com/public/gem5
 * branch                  develop    -> FETCH_HEAD
Already up to date.
Everything up-to-date
From https://gem5.googlesource.com/public/gem5
 * branch                  develop    -> FETCH_HEAD
Already up to date.
Everything up-to-date
From https://gem5.googlesource.com/public/gem5
 * branch                  develop    -> FETCH_HEAD
Already up to date.
Everything up-to-date
From https://gem5.googlesource.com/public/gem5
 * branch                  develop    -> FETCH_HEAD
Already up to date.
Everything up-to-date
From https://gem5.googlesource.com/public/gem5
 * branch                  develop    -> FETCH_HEAD
Already up to date.
Everything up-to-date
From https://gem5.googlesource.com/public/gem5
 * branch                  develop    -> FETCH_HEAD
Already up to date.
Everything up-to-date
From https://gem5.googlesource.com/public/gem5
 * branch                  develop    -> FETCH_HEAD
Already up to date.
Everything up-to-date
From https://gem5.googlesource.com/public/gem5
 * branch                  develop    -> FETCH_HEAD
Already up to date.
Everything up-to-date
From https://gem5.googlesource.com/public/gem5
 * branch                  develop    -> FETCH_HEAD
Already up to date.
Everything up-to-date
From https://gem5.googlesource.com/public/gem5
 * branch                  develop    -> FETCH_HEAD
Already up to date.
Everything up-to-date
From https://gem5.googlesource.com/public/gem5
 * branch                  develop    -> FETCH_HEAD
Already up to date.
Everything up-to-date
From https://gem5.googlesource.com/public/gem5
 * branch                  develop    -> FETCH_HEAD
Already up to date.
Everything up-to-date
From https://gem5.googlesource.com/public/gem5
 * branch                  develop    -> FETCH_HEAD
Already up to date.
Everything up-to-date
From https://gem5.googlesource.com/public/gem5
 * branch                  develop    -> FETCH_HEAD
Already up to date.
Everything up-to-date
From https://gem5.googlesource.com/public/gem5
 * branch                  develop    -> FETCH_HEAD
Already up to date.
Everything up-to-date
From https://gem5.googlesource.com/public/gem5
 * branch                  develop    -> FETCH_HEAD
Already up to date.
To github.com:mkjost0/gem5-actions.git
   e7cfaffb71..34c3ee8c50  testing/develop -> testing/develop
From https://gem5.googlesource.com/public/gem5
 * branch                  develop    -> FETCH_HEAD
Already up to date.
To github.com:mkjost0/gem5-actions.git
   e7cfaffb71..34c3ee8c50  origin/develop -> origin/develop
From https://gem5.googlesource.com/public/gem5
 * branch                  develop    -> FETCH_HEAD
Already up to date.
Everything up-to-date
From https://gem5.googlesource.com/public/gem5
 * branch                  develop    -> FETCH_HEAD
Already up to date.
Everything up-to-date
From https://gem5.googlesource.com/public/gem5
 * branch                  develop    -> FETCH_HEAD
Already up to date.
Everything up-to-date
From https://gem5.googlesource.com/public/gem5
 * branch                  develop    -> FETCH_HEAD
Already up to date.
Everything up-to-date
From https://gem5.googlesource.com/public/gem5
 * branch                  develop    -> FETCH_HEAD
Already up to date.
Everything up-to-date
From https://gem5.googlesource.com/public/gem5
 * branch                  develop    -> FETCH_HEAD
Already up to date.
Everything up-to-date
From https://gem5.googlesource.com/public/gem5
 * branch                  develop    -> FETCH_HEAD
Already up to date.
Everything up-to-date
From https://gem5.googlesource.com/public/gem5
 * branch                  develop    -> FETCH_HEAD
Already up to date.
Everything up-to-date
From https://gem5.googlesource.com/public/gem5
 * branch                  develop    -> FETCH_HEAD
Already up to date.
Everything up-to-date
From https://gem5.googlesource.com/public/gem5
 * branch                  develop    -> FETCH_HEAD
Already up to date.
Everything up-to-date
From https://gem5.googlesource.com/public/gem5
 * branch                  develop    -> FETCH_HEAD
Already up to date.
Everything up-to-date
From https://gem5.googlesource.com/public/gem5
 * branch                  develop    -> FETCH_HEAD
Already up to date.
Everything up-to-date
From https://gem5.googlesource.com/public/gem5
 * branch                  develop    -> FETCH_HEAD
Already up to date.
Everything up-to-date
From https://gem5.googlesource.com/public/gem5
 * branch                  develop    -> FETCH_HEAD
Already up to date.
Everything up-to-date
From https://gem5.googlesource.com/public/gem5
 * branch                  develop    -> FETCH_HEAD
Already up to date.
Everything up-to-date
From https://gem5.googlesource.com/public/gem5
 * branch                  develop    -> FETCH_HEAD
Already up to date.
Everything up-to-date
From https://gem5.googlesource.com/public/gem5
 * branch                  develop    -> FETCH_HEAD
   08644a7670..9c0f337d78  develop    -> upstream/develop
Merge made by the 'recursive' strategy.
 src/arch/riscv/isa/decoder.isa | 236 +++++++++--------------------------------
 src/arch/riscv/utility.hh      |  96 +++++++++++++++++
 2 files changed, 149 insertions(+), 183 deletions(-)
remote: Resolving deltas:   0% (0/8)        remote: Resolving deltas:  12% (1/8)        remote: Resolving deltas:  25% (2/8)        remote: Resolving deltas:  37% (3/8)        remote: Resolving deltas:  50% (4/8)        remote: Resolving deltas:  62% (5/8)        remote: Resolving deltas:  75% (6/8)        remote: Resolving deltas:  87% (7/8)        remote: Resolving deltas: 100% (8/8)        remote: Resolving deltas: 100% (8/8), completed with 8 local objects.        
To github.com:mkjost0/gem5-actions.git
   34c3ee8c50..7485898d81  develop -> develop
   08644a7670..9c0f337d78  upstream/develop -> upstream/develop
From https://gem5.googlesource.com/public/gem5
 * branch                  develop    -> FETCH_HEAD
Already up to date.
To github.com:mkjost0/gem5-actions.git
   34c3ee8c50..7485898d81  origin/develop -> origin/develop
From https://gem5.googlesource.com/public/gem5
 * branch                  develop    -> FETCH_HEAD
   9c0f337d78..4198d027ac  develop    -> upstream/develop
Auto-merging tests/nightly.sh
Merge made by the 'recursive' strategy.
 tests/nightly.sh                        |  8 +++++---
 util/systemc/gem5_within_systemc/README | 10 +++++++---
 2 files changed, 12 insertions(+), 6 deletions(-)
remote: Resolving deltas:   0% (0/11)        remote: Resolving deltas:   9% (1/11)        remote: Resolving deltas:  18% (2/11)        remote: Resolving deltas:  27% (3/11)        remote: Resolving deltas:  36% (4/11)        remote: Resolving deltas:  45% (5/11)        remote: Resolving deltas:  54% (6/11)        remote: Resolving deltas:  63% (7/11)        remote: Resolving deltas:  72% (8/11)        remote: Resolving deltas:  81% (9/11)        remote: Resolving deltas:  90% (10/11)        remote: Resolving deltas: 100% (11/11)        remote: Resolving deltas: 100% (11/11), completed with 7 local objects.        
To github.com:mkjost0/gem5-actions.git
   7485898d81..915ce10a64  develop -> develop
   9c0f337d78..4198d027ac  upstream/develop -> upstream/develop
From https://gem5.googlesource.com/public/gem5
 * branch                  develop    -> FETCH_HEAD
Already up to date.
To github.com:mkjost0/gem5-actions.git
   7485898d81..915ce10a64  origin/develop -> origin/develop
From https://gem5.googlesource.com/public/gem5
 * branch                  develop    -> FETCH_HEAD
Already up to date.
Everything up-to-date
From https://gem5.googlesource.com/public/gem5
 * branch                  develop    -> FETCH_HEAD
Already up to date.
Everything up-to-date
From https://gem5.googlesource.com/public/gem5
 * branch                  develop    -> FETCH_HEAD
Already up to date.
Everything up-to-date
From https://gem5.googlesource.com/public/gem5
 * branch                  develop    -> FETCH_HEAD
Already up to date.
Everything up-to-date
From https://gem5.googlesource.com/public/gem5
 * branch                  develop    -> FETCH_HEAD
Already up to date.
Everything up-to-date
From https://gem5.googlesource.com/public/gem5
 * branch                  develop    -> FETCH_HEAD
Already up to date.
Everything up-to-date
From https://gem5.googlesource.com/public/gem5
 * branch                  develop    -> FETCH_HEAD
Already up to date.
Everything up-to-date
From https://gem5.googlesource.com/public/gem5
 * branch                  develop    -> FETCH_HEAD
Already up to date.
Everything up-to-date
From https://gem5.googlesource.com/public/gem5
 * branch                  develop    -> FETCH_HEAD
Already up to date.
Everything up-to-date
From https://gem5.googlesource.com/public/gem5
 * branch                  develop    -> FETCH_HEAD
Already up to date.
Everything up-to-date
From https://gem5.googlesource.com/public/gem5
 * branch                  develop    -> FETCH_HEAD
Already up to date.
Everything up-to-date
From https://gem5.googlesource.com/public/gem5
 * branch                  develop    -> FETCH_HEAD
Already up to date.
Everything up-to-date
From https://gem5.googlesource.com/public/gem5
 * branch                  develop    -> FETCH_HEAD
   4198d027ac..7b91521c60  develop    -> upstream/develop
Merge made by the 'recursive' strategy.
 src/arch/arm/ArmISA.py                |   4 +
 src/arch/arm/ArmSystem.py             |  29 +-
 src/arch/arm/insts/misc64.cc          |  21 ++
 src/arch/arm/insts/misc64.hh          |  32 ++
 src/arch/arm/isa.cc                   |  16 +
 src/arch/arm/isa/formats/aarch64.isa  | 680 +++++++++++++++++++---------------
 src/arch/arm/isa/formats/neon64.isa   |   6 +-
 src/arch/arm/isa/insts/misc64.isa     |  77 ++++
 src/arch/arm/isa/templates/misc64.isa |  50 +++
 src/arch/arm/process.cc               |  77 +++-
 src/arch/arm/process.hh               |  12 +-
 src/arch/arm/regs/cc.hh               |  34 +-
 src/arch/arm/regs/misc.cc             | 183 ++++++++-
 src/arch/arm/regs/misc.hh             |   7 +
 src/arch/arm/regs/misc_types.hh       |  16 +-
 15 files changed, 908 insertions(+), 336 deletions(-)
remote: Resolving deltas:   0% (0/91)        remote: Resolving deltas:   1% (1/91)        remote: Resolving deltas:   2% (2/91)        remote: Resolving deltas:   3% (3/91)        remote: Resolving deltas:   4% (4/91)        remote: Resolving deltas:   5% (5/91)        remote: Resolving deltas:   6% (6/91)        remote: Resolving deltas:   7% (7/91)        remote: Resolving deltas:   8% (8/91)        remote: Resolving deltas:   9% (9/91)        remote: Resolving deltas:  10% (10/91)        remote: Resolving deltas:  12% (11/91)        remote: Resolving deltas:  13% (12/91)        remote: Resolving deltas:  14% (13/91)        remote: Resolving deltas:  15% (14/91)        remote: Resolving deltas:  16% (15/91)        remote: Resolving deltas:  17% (16/91)        remote: Resolving deltas:  18% (17/91)        remote: Resolving deltas:  19% (18/91)        remote: Resolving deltas:  20% (19/91)        remote: Resolving deltas:  21% (20/91)        remote: Resolving deltas:  23% (21/91)        remote: Resolving deltas:  24% (22/91)        remote: Resolving deltas:  25% (23/91)        remote: Resolving deltas:  26% (24/91)        remote: Resolving deltas:  27% (25/91)        remote: Resolving deltas:  28% (26/91)        remote: Resolving deltas:  29% (27/91)        remote: Resolving deltas:  30% (28/91)        remote: Resolving deltas:  31% (29/91)        remote: Resolving deltas:  32% (30/91)        remote: Resolving deltas:  34% (31/91)        remote: Resolving deltas:  35% (32/91)        remote: Resolving deltas:  36% (33/91)        remote: Resolving deltas:  37% (34/91)        remote: Resolving deltas:  38% (35/91)        remote: Resolving deltas:  39% (36/91)        remote: Resolving deltas:  40% (37/91)        remote: Resolving deltas:  41% (38/91)        remote: Resolving deltas:  42% (39/91)        remote: Resolving deltas:  43% (40/91)        remote: Resolving deltas:  45% (41/91)        remote: Resolving deltas:  46% (42/91)        remote: Resolving deltas:  47% (43/91)        remote: Resolving deltas:  48% (44/91)        remote: Resolving deltas:  49% (45/91)        remote: Resolving deltas:  50% (46/91)        remote: Resolving deltas:  51% (47/91)        remote: Resolving deltas:  52% (48/91)        remote: Resolving deltas:  53% (49/91)        remote: Resolving deltas:  54% (50/91)        remote: Resolving deltas:  56% (51/91)        remote: Resolving deltas:  57% (52/91)        remote: Resolving deltas:  58% (53/91)        remote: Resolving deltas:  59% (54/91)        remote: Resolving deltas:  60% (55/91)        remote: Resolving deltas:  61% (56/91)        remote: Resolving deltas:  62% (57/91)        remote: Resolving deltas:  63% (58/91)        remote: Resolving deltas:  64% (59/91)        remote: Resolving deltas:  65% (60/91)        remote: Resolving deltas:  67% (61/91)        remote: Resolving deltas:  68% (62/91)        remote: Resolving deltas:  69% (63/91)        remote: Resolving deltas:  70% (64/91)        remote: Resolving deltas:  71% (65/91)        remote: Resolving deltas:  72% (66/91)        remote: Resolving deltas:  73% (67/91)        remote: Resolving deltas:  74% (68/91)        remote: Resolving deltas:  75% (69/91)        remote: Resolving deltas:  76% (70/91)        remote: Resolving deltas:  78% (71/91)        remote: Resolving deltas:  79% (72/91)        remote: Resolving deltas:  80% (73/91)        remote: Resolving deltas:  81% (74/91)        remote: Resolving deltas:  82% (75/91)        remote: Resolving deltas:  83% (76/91)        remote: Resolving deltas:  84% (77/91)        remote: Resolving deltas:  85% (78/91)        remote: Resolving deltas:  86% (79/91)        remote: Resolving deltas:  87% (80/91)        remote: Resolving deltas:  89% (81/91)        remote: Resolving deltas:  90% (82/91)        remote: Resolving deltas:  91% (83/91)        remote: Resolving deltas:  92% (84/91)        remote: Resolving deltas:  93% (85/91)        remote: Resolving deltas:  94% (86/91)        remote: Resolving deltas:  95% (87/91)        remote: Resolving deltas:  96% (88/91)        remote: Resolving deltas:  97% (89/91)        remote: Resolving deltas:  98% (90/91)        remote: Resolving deltas: 100% (91/91)        remote: Resolving deltas: 100% (91/91), completed with 26 local objects.        
To github.com:mkjost0/gem5-actions.git
   915ce10a64..b144172f51  develop -> develop
   4198d027ac..7b91521c60  upstream/develop -> upstream/develop
From https://gem5.googlesource.com/public/gem5
 * branch                  develop    -> FETCH_HEAD
Already up to date.
To github.com:mkjost0/gem5-actions.git
   915ce10a64..b144172f51  origin/develop -> origin/develop
From https://gem5.googlesource.com/public/gem5
 * branch                  develop    -> FETCH_HEAD
Already up to date.
Everything up-to-date
From https://gem5.googlesource.com/public/gem5
 * branch                  develop    -> FETCH_HEAD
   7b91521c60..332ef131dc  develop    -> upstream/develop
Merge made by the 'recursive' strategy.
 build_tools/marshal.py            | 6 ++++++
 site_scons/gem5_scons/defaults.py | 1 +
 2 files changed, 7 insertions(+)
remote: Resolving deltas:   0% (0/7)        remote: Resolving deltas:  14% (1/7)        remote: Resolving deltas:  28% (2/7)        remote: Resolving deltas:  42% (3/7)        remote: Resolving deltas:  57% (4/7)        remote: Resolving deltas:  71% (5/7)        remote: Resolving deltas:  85% (6/7)        remote: Resolving deltas: 100% (7/7)        remote: Resolving deltas: 100% (7/7), completed with 7 local objects.        
To github.com:mkjost0/gem5-actions.git
   b144172f51..1ee9d3ce6d  develop -> develop
   7b91521c60..332ef131dc  upstream/develop -> upstream/develop
From https://gem5.googlesource.com/public/gem5
 * branch                  develop    -> FETCH_HEAD
Already up to date.
To github.com:mkjost0/gem5-actions.git
   b144172f51..1ee9d3ce6d  origin/develop -> origin/develop
From https://gem5.googlesource.com/public/gem5
 * branch                  develop    -> FETCH_HEAD
Already up to date.
Everything up-to-date
From https://gem5.googlesource.com/public/gem5
 * branch                  develop    -> FETCH_HEAD
Already up to date.
Everything up-to-date
From https://gem5.googlesource.com/public/gem5
 * branch                  develop    -> FETCH_HEAD
Already up to date.
Everything up-to-date
From https://gem5.googlesource.com/public/gem5
 * branch                  develop    -> FETCH_HEAD
Already up to date.
Everything up-to-date
From https://gem5.googlesource.com/public/gem5
 * branch                  develop    -> FETCH_HEAD
Already up to date.
Everything up-to-date
From https://gem5.googlesource.com/public/gem5
 * branch                  develop    -> FETCH_HEAD
Already up to date.
Everything up-to-date
From https://gem5.googlesource.com/public/gem5
 * branch                  develop    -> FETCH_HEAD
Already up to date.
Everything up-to-date
From https://gem5.googlesource.com/public/gem5
 * branch                  develop    -> FETCH_HEAD
Already up to date.
Everything up-to-date
From https://gem5.googlesource.com/public/gem5
 * branch                  develop    -> FETCH_HEAD
Already up to date.
Everything up-to-date
From https://gem5.googlesource.com/public/gem5
 * branch                  develop    -> FETCH_HEAD
Already up to date.
Everything up-to-date
From https://gem5.googlesource.com/public/gem5
 * branch                  develop    -> FETCH_HEAD
Already up to date.
Everything up-to-date
From https://gem5.googlesource.com/public/gem5
 * branch                  develop    -> FETCH_HEAD
Already up to date.
Everything up-to-date
From https://gem5.googlesource.com/public/gem5
 * branch                  develop    -> FETCH_HEAD
Already up to date.
Everything up-to-date
From https://gem5.googlesource.com/public/gem5
 * branch                  develop    -> FETCH_HEAD
Already up to date.
Everything up-to-date
From https://gem5.googlesource.com/public/gem5
 * branch                  develop    -> FETCH_HEAD
Already up to date.
Everything up-to-date
From https://gem5.googlesource.com/public/gem5
 * branch                  develop    -> FETCH_HEAD
Already up to date.
Everything up-to-date
From https://gem5.googlesource.com/public/gem5
 * branch                  develop    -> FETCH_HEAD
Already up to date.
Everything up-to-date
From https://gem5.googlesource.com/public/gem5
 * branch                  develop    -> FETCH_HEAD
Already up to date.
Everything up-to-date
From https://gem5.googlesource.com/public/gem5
 * branch                  develop    -> FETCH_HEAD
Already up to date.
Everything up-to-date
From https://gem5.googlesource.com/public/gem5
 * branch                  develop    -> FETCH_HEAD
Already up to date.
Everything up-to-date
From https://gem5.googlesource.com/public/gem5
 * branch                  develop    -> FETCH_HEAD
Already up to date.
Everything up-to-date
From https://gem5.googlesource.com/public/gem5
 * branch                  develop    -> FETCH_HEAD
Already up to date.
Everything up-to-date
From https://gem5.googlesource.com/public/gem5
 * branch                  develop    -> FETCH_HEAD
Already up to date.
Everything up-to-date
From https://gem5.googlesource.com/public/gem5
 * branch                  develop    -> FETCH_HEAD
Already up to date.
Everything up-to-date
From https://gem5.googlesource.com/public/gem5
 * branch                  develop    -> FETCH_HEAD
Already up to date.
Everything up-to-date
From https://gem5.googlesource.com/public/gem5
 * branch                  develop    -> FETCH_HEAD
Already up to date.
Everything up-to-date
From https://gem5.googlesource.com/public/gem5
 * branch                  develop    -> FETCH_HEAD
   332ef131dc..4d18546bfb  develop    -> upstream/develop
Merge made by the 'recursive' strategy.
 src/dev/amdgpu/amdgpu_device.cc | 7 ++++---
 src/dev/amdgpu/sdma_engine.hh   | 1 +
 2 files changed, 5 insertions(+), 3 deletions(-)
remote: Resolving deltas:   0% (0/7)        remote: Resolving deltas:  14% (1/7)        remote: Resolving deltas:  28% (2/7)        remote: Resolving deltas:  42% (3/7)        remote: Resolving deltas:  57% (4/7)        remote: Resolving deltas:  71% (5/7)        remote: Resolving deltas:  85% (6/7)        remote: Resolving deltas: 100% (7/7)        remote: Resolving deltas: 100% (7/7), completed with 7 local objects.        
To github.com:mkjost0/gem5-actions.git
   1ee9d3ce6d..3c5dc0e2dc  develop -> develop
   332ef131dc..4d18546bfb  upstream/develop -> upstream/develop
From https://gem5.googlesource.com/public/gem5
 * branch                  develop    -> FETCH_HEAD
Already up to date.
To github.com:mkjost0/gem5-actions.git
   1ee9d3ce6d..3c5dc0e2dc  origin/develop -> origin/develop
From https://gem5.googlesource.com/public/gem5
 * branch                  develop    -> FETCH_HEAD
Already up to date.
Everything up-to-date
From https://gem5.googlesource.com/public/gem5
 * branch                  develop    -> FETCH_HEAD
Already up to date.
Everything up-to-date
From https://gem5.googlesource.com/public/gem5
 * branch                  develop    -> FETCH_HEAD
Already up to date.
Everything up-to-date
From https://gem5.googlesource.com/public/gem5
 * branch                  develop    -> FETCH_HEAD
Already up to date.
Everything up-to-date
From https://gem5.googlesource.com/public/gem5
 * branch                  develop    -> FETCH_HEAD
Already up to date.
Everything up-to-date
From https://gem5.googlesource.com/public/gem5
 * branch                  develop    -> FETCH_HEAD
Already up to date.
Everything up-to-date
From https://gem5.googlesource.com/public/gem5
 * branch                  develop    -> FETCH_HEAD
Already up to date.
Everything up-to-date
From https://gem5.googlesource.com/public/gem5
 * branch                  develop    -> FETCH_HEAD
Already up to date.
Everything up-to-date
From https://gem5.googlesource.com/public/gem5
 * branch                  develop    -> FETCH_HEAD
Already up to date.
Everything up-to-date
From https://gem5.googlesource.com/public/gem5
 * branch                  develop    -> FETCH_HEAD
Already up to date.
Everything up-to-date
From https://gem5.googlesource.com/public/gem5
 * branch                  develop    -> FETCH_HEAD
Already up to date.
Everything up-to-date
From https://gem5.googlesource.com/public/gem5
 * branch                  develop    -> FETCH_HEAD
Already up to date.
Everything up-to-date
From https://gem5.googlesource.com/public/gem5
 * branch                  develop    -> FETCH_HEAD
Already up to date.
Everything up-to-date
From https://gem5.googlesource.com/public/gem5
 * branch                  develop    -> FETCH_HEAD
Already up to date.
Everything up-to-date
From https://gem5.googlesource.com/public/gem5
 * branch                  develop    -> FETCH_HEAD
Already up to date.
Everything up-to-date
From https://gem5.googlesource.com/public/gem5
 * branch                  develop    -> FETCH_HEAD
Already up to date.
Everything up-to-date
From https://gem5.googlesource.com/public/gem5
 * branch                  develop    -> FETCH_HEAD
Already up to date.
Everything up-to-date
From https://gem5.googlesource.com/public/gem5
 * branch                  develop    -> FETCH_HEAD
Already up to date.
Everything up-to-date
From https://gem5.googlesource.com/public/gem5
 * branch                  develop    -> FETCH_HEAD
Already up to date.
Everything up-to-date
From https://gem5.googlesource.com/public/gem5
 * branch                  develop    -> FETCH_HEAD
Already up to date.
Everything up-to-date
From https://gem5.googlesource.com/public/gem5
 * branch                  develop    -> FETCH_HEAD
   4d18546bfb..d537ded9d2  develop    -> upstream/develop
Merge made by the 'recursive' strategy.
 src/arch/arm/regs/vec.hh | 2 +-
 1 file changed, 1 insertion(+), 1 deletion(-)
remote: Resolving deltas:   0% (0/7)        remote: Resolving deltas:  14% (1/7)        remote: Resolving deltas:  28% (2/7)        remote: Resolving deltas:  42% (3/7)        remote: Resolving deltas:  57% (4/7)        remote: Resolving deltas:  71% (5/7)        remote: Resolving deltas:  85% (6/7)        remote: Resolving deltas: 100% (7/7)        remote: Resolving deltas: 100% (7/7), completed with 7 local objects.        
To github.com:mkjost0/gem5-actions.git
   3c5dc0e2dc..c7b78135e1  develop -> develop
   4d18546bfb..d537ded9d2  upstream/develop -> upstream/develop
From https://gem5.googlesource.com/public/gem5
 * branch                  develop    -> FETCH_HEAD
Already up to date.
To github.com:mkjost0/gem5-actions.git
   3c5dc0e2dc..c7b78135e1  origin/develop -> origin/develop
From https://gem5.googlesource.com/public/gem5
 * branch                  develop    -> FETCH_HEAD
Already up to date.
Everything up-to-date
From https://gem5.googlesource.com/public/gem5
 * branch                  develop    -> FETCH_HEAD
Already up to date.
Everything up-to-date
From https://gem5.googlesource.com/public/gem5
 * branch                  develop    -> FETCH_HEAD
   d537ded9d2..1a2904e021  develop    -> upstream/develop
Merge made by the 'recursive' strategy.
 build_tools/marshal.py | 1 +
 1 file changed, 1 insertion(+)
remote: Resolving deltas:   0% (0/4)        remote: Resolving deltas:  25% (1/4)        remote: Resolving deltas:  50% (2/4)        remote: Resolving deltas:  75% (3/4)        remote: Resolving deltas: 100% (4/4)        remote: Resolving deltas: 100% (4/4), completed with 4 local objects.        
To github.com:mkjost0/gem5-actions.git
   c7b78135e1..39444bdf41  develop -> develop
   d537ded9d2..1a2904e021  upstream/develop -> upstream/develop
From https://gem5.googlesource.com/public/gem5
 * branch                  develop    -> FETCH_HEAD
Already up to date.
To github.com:mkjost0/gem5-actions.git
   c7b78135e1..39444bdf41  origin/develop -> origin/develop
From https://gem5.googlesource.com/public/gem5
 * branch                  develop    -> FETCH_HEAD
Already up to date.
Everything up-to-date
From https://gem5.googlesource.com/public/gem5
 * branch                  develop    -> FETCH_HEAD
Already up to date.
Everything up-to-date
From https://gem5.googlesource.com/public/gem5
 * branch                  develop    -> FETCH_HEAD
Already up to date.
Everything up-to-date
From https://gem5.googlesource.com/public/gem5
 * branch                  develop    -> FETCH_HEAD
Already up to date.
Everything up-to-date
From https://gem5.googlesource.com/public/gem5
 * branch                  develop    -> FETCH_HEAD
Already up to date.
Everything up-to-date
From https://gem5.googlesource.com/public/gem5
 * branch                  develop    -> FETCH_HEAD
Already up to date.
Everything up-to-date
From https://gem5.googlesource.com/public/gem5
 * branch                  develop    -> FETCH_HEAD
Already up to date.
Everything up-to-date
From https://gem5.googlesource.com/public/gem5
 * branch                  develop    -> FETCH_HEAD
Already up to date.
Everything up-to-date
From https://gem5.googlesource.com/public/gem5
 * branch                  develop    -> FETCH_HEAD
Already up to date.
Everything up-to-date
From https://gem5.googlesource.com/public/gem5
 * branch                  develop    -> FETCH_HEAD
Already up to date.
Everything up-to-date
From https://gem5.googlesource.com/public/gem5
 * branch                  develop    -> FETCH_HEAD
   1a2904e021..2579bacf06  develop    -> upstream/develop
Merge made by the 'recursive' strategy.
 src/arch/riscv/insts/SConscript        |   1 +
 src/arch/riscv/insts/bs.cc             |  53 +++++++++++++++++
 src/arch/riscv/insts/bs.hh             |  56 +++++++++++++++++
 src/arch/riscv/isa/decoder.isa         | 106 +++++++++++++--------------------
 src/arch/riscv/isa/formats/bs.isa      |  48 +++++++++++++++
 src/arch/riscv/isa/formats/formats.isa |   1 +
 src/arch/riscv/isa/includes.isa        |   1 +
 7 files changed, 202 insertions(+), 64 deletions(-)
 create mode 100644 src/arch/riscv/insts/bs.cc
 create mode 100644 src/arch/riscv/insts/bs.hh
 create mode 100644 src/arch/riscv/isa/formats/bs.isa
remote: Resolving deltas:   0% (0/26)        remote: Resolving deltas:   3% (1/26)        remote: Resolving deltas:   7% (2/26)        remote: Resolving deltas:  11% (3/26)        remote: Resolving deltas:  15% (4/26)        remote: Resolving deltas:  19% (5/26)        remote: Resolving deltas:  23% (6/26)        remote: Resolving deltas:  26% (7/26)        remote: Resolving deltas:  30% (8/26)        remote: Resolving deltas:  34% (9/26)        remote: Resolving deltas:  38% (10/26)        remote: Resolving deltas:  42% (11/26)        remote: Resolving deltas:  46% (12/26)        remote: Resolving deltas:  50% (13/26)        remote: Resolving deltas:  53% (14/26)        remote: Resolving deltas:  57% (15/26)        remote: Resolving deltas:  61% (16/26)        remote: Resolving deltas:  65% (17/26)        remote: Resolving deltas:  69% (18/26)        remote: Resolving deltas:  73% (19/26)        remote: Resolving deltas:  76% (20/26)        remote: Resolving deltas:  80% (21/26)        remote: Resolving deltas:  84% (22/26)        remote: Resolving deltas:  88% (23/26)        remote: Resolving deltas:  92% (24/26)        remote: Resolving deltas:  96% (25/26)        remote: Resolving deltas: 100% (26/26)        remote: Resolving deltas: 100% (26/26), completed with 11 local objects.        
To github.com:mkjost0/gem5-actions.git
   39444bdf41..6b3132476a  develop -> develop
   1a2904e021..2579bacf06  upstream/develop -> upstream/develop
From https://gem5.googlesource.com/public/gem5
 * branch                  develop    -> FETCH_HEAD
Already up to date.
To github.com:mkjost0/gem5-actions.git
   39444bdf41..6b3132476a  origin/develop -> origin/develop
From https://gem5.googlesource.com/public/gem5
 * branch                  develop    -> FETCH_HEAD
Already up to date.
Everything up-to-date
From https://gem5.googlesource.com/public/gem5
 * branch                  develop    -> FETCH_HEAD
Already up to date.
Everything up-to-date
From https://gem5.googlesource.com/public/gem5
 * branch                  develop    -> FETCH_HEAD
Already up to date.
Everything up-to-date
From https://gem5.googlesource.com/public/gem5
 * branch                  develop    -> FETCH_HEAD
Already up to date.
Everything up-to-date
From https://gem5.googlesource.com/public/gem5
 * branch                  develop    -> FETCH_HEAD
   2579bacf06..dfa3c073cf  develop    -> upstream/develop
Merge made by the 'recursive' strategy.
 src/arch/arm/insts/sve.cc                  | 14 ++++++++
 src/arch/arm/insts/sve.hh                  | 17 +++++++++
 src/arch/arm/isa/formats/sve_2nd_level.isa | 46 ++++++++++++++++++++++++
 src/arch/arm/isa/formats/sve_top_level.isa | 22 +++++++++---
 src/arch/arm/isa/insts/sve.isa             | 58 ++++++++++++++++++++++++++++++
 src/arch/arm/isa/templates/sve.isa         | 26 ++++++++++++++
 6 files changed, 179 insertions(+), 4 deletions(-)
remote: Resolving deltas:   0% (0/16)        remote: Resolving deltas:   6% (1/16)        remote: Resolving deltas:  12% (2/16)        remote: Resolving deltas:  18% (3/16)        remote: Resolving deltas:  25% (4/16)        remote: Resolving deltas:  31% (5/16)        remote: Resolving deltas:  37% (6/16)        remote: Resolving deltas:  43% (7/16)        remote: Resolving deltas:  50% (8/16)        remote: Resolving deltas:  56% (9/16)        remote: Resolving deltas:  62% (10/16)        remote: Resolving deltas:  68% (11/16)        remote: Resolving deltas:  75% (12/16)        remote: Resolving deltas:  81% (13/16)        remote: Resolving deltas:  87% (14/16)        remote: Resolving deltas:  93% (15/16)        remote: Resolving deltas: 100% (16/16)        remote: Resolving deltas: 100% (16/16), completed with 16 local objects.        
To github.com:mkjost0/gem5-actions.git
   6b3132476a..c1cd09fbf9  develop -> develop
   2579bacf06..dfa3c073cf  upstream/develop -> upstream/develop
From https://gem5.googlesource.com/public/gem5
 * branch                  develop    -> FETCH_HEAD
Already up to date.
To github.com:mkjost0/gem5-actions.git
   6b3132476a..c1cd09fbf9  origin/develop -> origin/develop
From https://gem5.googlesource.com/public/gem5
 * branch                  develop    -> FETCH_HEAD
Already up to date.
Everything up-to-date
From https://gem5.googlesource.com/public/gem5
 * branch                  develop    -> FETCH_HEAD
Already up to date.
Everything up-to-date
From https://gem5.googlesource.com/public/gem5
 * branch                  develop    -> FETCH_HEAD
Already up to date.
Everything up-to-date
From https://gem5.googlesource.com/public/gem5
 * branch                  develop    -> FETCH_HEAD
Already up to date.
Everything up-to-date
From https://gem5.googlesource.com/public/gem5
 * branch                  develop    -> FETCH_HEAD
Already up to date.
Everything up-to-date
From https://gem5.googlesource.com/public/gem5
 * branch                  develop    -> FETCH_HEAD
Already up to date.
Everything up-to-date
From https://gem5.googlesource.com/public/gem5
 * branch                  develop    -> FETCH_HEAD
Already up to date.
Everything up-to-date
From https://gem5.googlesource.com/public/gem5
 * branch                  develop    -> FETCH_HEAD
Already up to date.
Everything up-to-date
From https://gem5.googlesource.com/public/gem5
 * branch                  develop    -> FETCH_HEAD
Already up to date.
Everything up-to-date
From https://gem5.googlesource.com/public/gem5
 * branch                  develop    -> FETCH_HEAD
Already up to date.
Everything up-to-date
From https://gem5.googlesource.com/public/gem5
 * branch                  develop    -> FETCH_HEAD
Already up to date.
Everything up-to-date
From https://gem5.googlesource.com/public/gem5
 * branch                  develop    -> FETCH_HEAD
Already up to date.
Everything up-to-date
From https://gem5.googlesource.com/public/gem5
 * branch                  develop    -> FETCH_HEAD
Already up to date.
Everything up-to-date
From https://gem5.googlesource.com/public/gem5
 * branch                  develop    -> FETCH_HEAD
Already up to date.
Everything up-to-date
From https://gem5.googlesource.com/public/gem5
 * branch                  develop    -> FETCH_HEAD
Already up to date.
Everything up-to-date
From https://gem5.googlesource.com/public/gem5
 * branch                  develop    -> FETCH_HEAD
Already up to date.
Everything up-to-date
From https://gem5.googlesource.com/public/gem5
 * branch                  develop    -> FETCH_HEAD
Already up to date.
Everything up-to-date
From https://gem5.googlesource.com/public/gem5
 * branch                  develop    -> FETCH_HEAD
Already up to date.
Everything up-to-date
From https://gem5.googlesource.com/public/gem5
 * branch                  develop    -> FETCH_HEAD
Already up to date.
Everything up-to-date
From https://gem5.googlesource.com/public/gem5
 * branch                  develop    -> FETCH_HEAD
Already up to date.
Everything up-to-date
From https://gem5.googlesource.com/public/gem5
 * branch                  develop    -> FETCH_HEAD
Already up to date.
Everything up-to-date
From https://gem5.googlesource.com/public/gem5
 * branch                  develop    -> FETCH_HEAD
Already up to date.
Everything up-to-date
From https://gem5.googlesource.com/public/gem5
 * branch                  develop    -> FETCH_HEAD
Already up to date.
Everything up-to-date
From https://gem5.googlesource.com/public/gem5
 * branch                  develop    -> FETCH_HEAD
Already up to date.
Everything up-to-date
From https://gem5.googlesource.com/public/gem5
 * branch                  develop    -> FETCH_HEAD
Already up to date.
Everything up-to-date
From https://gem5.googlesource.com/public/gem5
 * branch                  develop    -> FETCH_HEAD
Already up to date.
Everything up-to-date
From https://gem5.googlesource.com/public/gem5
 * branch                  develop    -> FETCH_HEAD
Already up to date.
Everything up-to-date
From https://gem5.googlesource.com/public/gem5
 * branch                  develop    -> FETCH_HEAD
Already up to date.
Everything up-to-date
From https://gem5.googlesource.com/public/gem5
 * branch                  develop    -> FETCH_HEAD
Already up to date.
Everything up-to-date
From https://gem5.googlesource.com/public/gem5
 * branch                  develop    -> FETCH_HEAD
Already up to date.
Everything up-to-date
From https://gem5.googlesource.com/public/gem5
 * branch                  develop    -> FETCH_HEAD
Already up to date.
Everything up-to-date
From https://gem5.googlesource.com/public/gem5
 * branch                  develop    -> FETCH_HEAD
Already up to date.
Everything up-to-date
From https://gem5.googlesource.com/public/gem5
 * branch                  develop    -> FETCH_HEAD
Already up to date.
Everything up-to-date
From https://gem5.googlesource.com/public/gem5
 * branch                  develop    -> FETCH_HEAD
Already up to date.
Everything up-to-date
From https://gem5.googlesource.com/public/gem5
 * branch                  develop    -> FETCH_HEAD
Already up to date.
Everything up-to-date
From https://gem5.googlesource.com/public/gem5
 * branch                  develop    -> FETCH_HEAD
Already up to date.
Everything up-to-date
From https://gem5.googlesource.com/public/gem5
 * branch                  develop    -> FETCH_HEAD
Already up to date.
Everything up-to-date
From https://gem5.googlesource.com/public/gem5
 * branch                  develop    -> FETCH_HEAD
Already up to date.
Everything up-to-date
From https://gem5.googlesource.com/public/gem5
 * branch                  develop    -> FETCH_HEAD
Already up to date.
Everything up-to-date
From https://gem5.googlesource.com/public/gem5
 * branch                  develop    -> FETCH_HEAD
Already up to date.
Everything up-to-date
From https://gem5.googlesource.com/public/gem5
 * branch                  develop    -> FETCH_HEAD
Already up to date.
Everything up-to-date
From https://gem5.googlesource.com/public/gem5
 * branch                  develop    -> FETCH_HEAD
Already up to date.
Everything up-to-date
From https://gem5.googlesource.com/public/gem5
 * branch                  develop    -> FETCH_HEAD
Already up to date.
Everything up-to-date
From https://gem5.googlesource.com/public/gem5
 * branch                  develop    -> FETCH_HEAD
Already up to date.
Everything up-to-date
From https://gem5.googlesource.com/public/gem5
 * branch                  develop    -> FETCH_HEAD
Already up to date.
Everything up-to-date
From https://gem5.googlesource.com/public/gem5
 * branch                  develop    -> FETCH_HEAD
Already up to date.
Everything up-to-date
From https://gem5.googlesource.com/public/gem5
 * branch                  develop    -> FETCH_HEAD
Already up to date.
Everything up-to-date
From https://gem5.googlesource.com/public/gem5
 * branch                  develop    -> FETCH_HEAD
Already up to date.
Everything up-to-date
From https://gem5.googlesource.com/public/gem5
 * branch                  develop    -> FETCH_HEAD
Already up to date.
Everything up-to-date
From https://gem5.googlesource.com/public/gem5
 * branch                  develop    -> FETCH_HEAD
Already up to date.
Everything up-to-date
From https://gem5.googlesource.com/public/gem5
 * branch                  develop    -> FETCH_HEAD
Already up to date.
Everything up-to-date
From https://gem5.googlesource.com/public/gem5
 * branch                  develop    -> FETCH_HEAD
Already up to date.
Everything up-to-date
From https://gem5.googlesource.com/public/gem5
 * branch                  develop    -> FETCH_HEAD
Already up to date.
Everything up-to-date
From https://gem5.googlesource.com/public/gem5
 * branch                  develop    -> FETCH_HEAD
Already up to date.
Everything up-to-date
From https://gem5.googlesource.com/public/gem5
 * branch                  develop    -> FETCH_HEAD
Already up to date.
Everything up-to-date
From https://gem5.googlesource.com/public/gem5
 * branch                  develop    -> FETCH_HEAD
Already up to date.
Everything up-to-date
From https://gem5.googlesource.com/public/gem5
 * branch                  develop    -> FETCH_HEAD
Already up to date.
Everything up-to-date
From https://gem5.googlesource.com/public/gem5
 * branch                  develop    -> FETCH_HEAD
Already up to date.
Everything up-to-date
From https://gem5.googlesource.com/public/gem5
 * branch                  develop    -> FETCH_HEAD
Already up to date.
Everything up-to-date
From https://gem5.googlesource.com/public/gem5
 * branch                  develop    -> FETCH_HEAD
Already up to date.
Everything up-to-date
From https://gem5.googlesource.com/public/gem5
 * branch                  develop    -> FETCH_HEAD
Already up to date.
Everything up-to-date
From https://gem5.googlesource.com/public/gem5
 * branch                  develop    -> FETCH_HEAD
Already up to date.
Everything up-to-date
From https://gem5.googlesource.com/public/gem5
 * branch                  develop    -> FETCH_HEAD
Already up to date.
Everything up-to-date
From https://gem5.googlesource.com/public/gem5
 * branch                  develop    -> FETCH_HEAD
Already up to date.
Everything up-to-date
From https://gem5.googlesource.com/public/gem5
 * branch                  develop    -> FETCH_HEAD
Already up to date.
Everything up-to-date
From https://gem5.googlesource.com/public/gem5
 * branch                  develop    -> FETCH_HEAD
Already up to date.
Everything up-to-date
From https://gem5.googlesource.com/public/gem5
 * branch                  develop    -> FETCH_HEAD
Already up to date.
Everything up-to-date
From https://gem5.googlesource.com/public/gem5
 * branch                  develop    -> FETCH_HEAD
Already up to date.
Everything up-to-date
From https://gem5.googlesource.com/public/gem5
 * branch                  develop    -> FETCH_HEAD
Already up to date.
Everything up-to-date
From https://gem5.googlesource.com/public/gem5
 * branch                  develop    -> FETCH_HEAD
Already up to date.
Everything up-to-date
From https://gem5.googlesource.com/public/gem5
 * branch                  develop    -> FETCH_HEAD
Already up to date.
Everything up-to-date
From https://gem5.googlesource.com/public/gem5
 * branch                  develop    -> FETCH_HEAD
Already up to date.
Everything up-to-date
From https://gem5.googlesource.com/public/gem5
 * branch                  develop    -> FETCH_HEAD
Already up to date.
Everything up-to-date
From https://gem5.googlesource.com/public/gem5
 * branch                  develop    -> FETCH_HEAD
Already up to date.
Everything up-to-date
From https://gem5.googlesource.com/public/gem5
 * branch                  develop    -> FETCH_HEAD
Already up to date.
Everything up-to-date
From https://gem5.googlesource.com/public/gem5
 * branch                  develop    -> FETCH_HEAD
Already up to date.
To github.com:mkjost0/gem5-actions.git
   34c3ee8c50..b963e0dbf5  testing/develop -> testing/develop
From https://gem5.googlesource.com/public/gem5
 * branch                  develop    -> FETCH_HEAD
Already up to date.
To github.com:mkjost0/gem5-actions.git
   c1cd09fbf9..b963e0dbf5  origin/develop -> origin/develop
   b963e0dbf5..6b53ba77a5  testing/develop -> testing/develop
From https://gem5.googlesource.com/public/gem5
 * branch                  develop    -> FETCH_HEAD
Already up to date.
To github.com:mkjost0/gem5-actions.git
   b963e0dbf5..6b53ba77a5  origin/develop -> origin/develop
   6b53ba77a5..fec9e2cb4f  testing/develop -> testing/develop
From https://gem5.googlesource.com/public/gem5
 * branch                  develop    -> FETCH_HEAD
Already up to date.
To github.com:mkjost0/gem5-actions.git
   6b53ba77a5..fec9e2cb4f  origin/develop -> origin/develop
   fec9e2cb4f..ff3a084978  testing/develop -> testing/develop
From https://gem5.googlesource.com/public/gem5
 * branch                  develop    -> FETCH_HEAD
Already up to date.
To github.com:mkjost0/gem5-actions.git
   fec9e2cb4f..ff3a084978  origin/develop -> origin/develop
From https://gem5.googlesource.com/public/gem5
 * branch                  develop    -> FETCH_HEAD
Already up to date.
Everything up-to-date
From https://gem5.googlesource.com/public/gem5
 * branch                  develop    -> FETCH_HEAD
Already up to date.
Everything up-to-date
From https://gem5.googlesource.com/public/gem5
 * branch                  develop    -> FETCH_HEAD
Already up to date.
To github.com:mkjost0/gem5-actions.git
   ff3a084978..351243f4af  testing/develop -> testing/develop
From https://gem5.googlesource.com/public/gem5
 * branch                  develop    -> FETCH_HEAD
Already up to date.
To github.com:mkjost0/gem5-actions.git
   ff3a084978..351243f4af  origin/develop -> origin/develop
   351243f4af..ad899435ba  testing/develop -> testing/develop
From https://gem5.googlesource.com/public/gem5
 * branch                  develop    -> FETCH_HEAD
Already up to date.
To github.com:mkjost0/gem5-actions.git
   351243f4af..ad899435ba  origin/develop -> origin/develop
   ad899435ba..de7b6182d0  testing/develop -> testing/develop
From https://gem5.googlesource.com/public/gem5
 * branch                  develop    -> FETCH_HEAD
Already up to date.
To github.com:mkjost0/gem5-actions.git
   ad899435ba..de7b6182d0  origin/develop -> origin/develop
   de7b6182d0..857fd86c61  testing/develop -> testing/develop
From https://gem5.googlesource.com/public/gem5
 * branch                  develop    -> FETCH_HEAD
Already up to date.
To github.com:mkjost0/gem5-actions.git
   de7b6182d0..857fd86c61  origin/develop -> origin/develop
   857fd86c61..8953160bf9  testing/develop -> testing/develop
From https://gem5.googlesource.com/public/gem5
 * branch                  develop    -> FETCH_HEAD
Already up to date.
To github.com:mkjost0/gem5-actions.git
   857fd86c61..8953160bf9  origin/develop -> origin/develop
From https://gem5.googlesource.com/public/gem5
 * branch                  develop    -> FETCH_HEAD
Already up to date.
Everything up-to-date
From https://gem5.googlesource.com/public/gem5
 * branch                  develop    -> FETCH_HEAD
Already up to date.
Everything up-to-date
From https://gem5.googlesource.com/public/gem5
 * branch                  develop    -> FETCH_HEAD
Already up to date.
Everything up-to-date
From https://gem5.googlesource.com/public/gem5
 * branch                  develop    -> FETCH_HEAD
Already up to date.
Everything up-to-date
From https://gem5.googlesource.com/public/gem5
 * branch                  develop    -> FETCH_HEAD
Already up to date.
Everything up-to-date
From https://gem5.googlesource.com/public/gem5
 * branch                  develop    -> FETCH_HEAD
Already up to date.
Everything up-to-date
From https://gem5.googlesource.com/public/gem5
 * branch                  develop    -> FETCH_HEAD
Already up to date.
Everything up-to-date
From https://gem5.googlesource.com/public/gem5
 * branch                  develop    -> FETCH_HEAD
Already up to date.
Everything up-to-date
From https://gem5.googlesource.com/public/gem5
 * branch                  develop    -> FETCH_HEAD
Already up to date.
Everything up-to-date
From https://gem5.googlesource.com/public/gem5
 * branch                  develop    -> FETCH_HEAD
Already up to date.
Everything up-to-date
From https://gem5.googlesource.com/public/gem5
 * branch                  develop    -> FETCH_HEAD
Already up to date.
Everything up-to-date
From https://gem5.googlesource.com/public/gem5
 * branch                  develop    -> FETCH_HEAD
Already up to date.
Everything up-to-date
From https://gem5.googlesource.com/public/gem5
 * branch                  develop    -> FETCH_HEAD
Already up to date.
Everything up-to-date
From https://gem5.googlesource.com/public/gem5
 * branch                  develop    -> FETCH_HEAD
Already up to date.
Everything up-to-date
From https://gem5.googlesource.com/public/gem5
 * branch                  develop    -> FETCH_HEAD
Already up to date.
Everything up-to-date
From https://gem5.googlesource.com/public/gem5
 * branch                  develop    -> FETCH_HEAD
Already up to date.
Everything up-to-date
From https://gem5.googlesource.com/public/gem5
 * branch                  develop    -> FETCH_HEAD
Already up to date.
Everything up-to-date
From https://gem5.googlesource.com/public/gem5
 * branch                  develop    -> FETCH_HEAD
Already up to date.
Everything up-to-date
From https://gem5.googlesource.com/public/gem5
 * branch                  develop    -> FETCH_HEAD
Already up to date.
Everything up-to-date
From https://gem5.googlesource.com/public/gem5
 * branch                  develop    -> FETCH_HEAD
Already up to date.
Everything up-to-date
From https://gem5.googlesource.com/public/gem5
 * branch                  develop    -> FETCH_HEAD
Already up to date.
Everything up-to-date
From https://gem5.googlesource.com/public/gem5
 * branch                  develop    -> FETCH_HEAD
Already up to date.
Everything up-to-date
From https://gem5.googlesource.com/public/gem5
 * branch                  develop    -> FETCH_HEAD
Already up to date.
Everything up-to-date
From https://gem5.googlesource.com/public/gem5
 * branch                  develop    -> FETCH_HEAD
Already up to date.
Everything up-to-date
From https://gem5.googlesource.com/public/gem5
 * branch                  develop    -> FETCH_HEAD
Already up to date.
Everything up-to-date
From https://gem5.googlesource.com/public/gem5
 * branch                  develop    -> FETCH_HEAD
Already up to date.
Everything up-to-date
From https://gem5.googlesource.com/public/gem5
 * branch                  develop    -> FETCH_HEAD
Already up to date.
Everything up-to-date
From https://gem5.googlesource.com/public/gem5
 * branch                  develop    -> FETCH_HEAD
Already up to date.
Everything up-to-date
From https://gem5.googlesource.com/public/gem5
 * branch                  develop    -> FETCH_HEAD
Already up to date.
Everything up-to-date
From https://gem5.googlesource.com/public/gem5
 * branch                  develop    -> FETCH_HEAD
Already up to date.
Everything up-to-date
From https://gem5.googlesource.com/public/gem5
 * branch                  develop    -> FETCH_HEAD
Already up to date.
Everything up-to-date
From https://gem5.googlesource.com/public/gem5
 * branch                  develop    -> FETCH_HEAD
   dfa3c073cf..dc76c00c9b  develop    -> upstream/develop
Merge made by the 'recursive' strategy.
 src/arch/arm/ArmSystem.py | 12 ++++++++++++
 1 file changed, 12 insertions(+)
remote: Resolving deltas:   0% (0/6)        remote: Resolving deltas:  16% (1/6)        remote: Resolving deltas:  33% (2/6)        remote: Resolving deltas:  50% (3/6)        remote: Resolving deltas:  66% (4/6)        remote: Resolving deltas:  83% (5/6)        remote: Resolving deltas: 100% (6/6)        remote: Resolving deltas: 100% (6/6), completed with 6 local objects.        
To github.com:mkjost0/gem5-actions.git
   8953160bf9..101c96523a  develop -> develop
   dfa3c073cf..dc76c00c9b  upstream/develop -> upstream/develop
From https://gem5.googlesource.com/public/gem5
 * branch                  develop    -> FETCH_HEAD
Already up to date.
To github.com:mkjost0/gem5-actions.git
   8953160bf9..101c96523a  origin/develop -> origin/develop
From https://gem5.googlesource.com/public/gem5
 * branch                  develop    -> FETCH_HEAD
Already up to date.
Everything up-to-date
From https://gem5.googlesource.com/public/gem5
 * branch                  develop    -> FETCH_HEAD
Already up to date.
Everything up-to-date
From https://gem5.googlesource.com/public/gem5
 * branch                  develop    -> FETCH_HEAD
Already up to date.
Everything up-to-date
From https://gem5.googlesource.com/public/gem5
 * branch                  develop    -> FETCH_HEAD
Already up to date.
To github.com:mkjost0/gem5-actions.git
   8953160bf9..62c532b2ff  testing/develop -> testing/develop
From https://gem5.googlesource.com/public/gem5
 * branch                  develop    -> FETCH_HEAD
Already up to date.
To github.com:mkjost0/gem5-actions.git
   101c96523a..62c532b2ff  origin/develop -> origin/develop
From https://gem5.googlesource.com/public/gem5
 * branch                  develop    -> FETCH_HEAD
Already up to date.
Everything up-to-date
From https://gem5.googlesource.com/public/gem5
 * branch                  develop    -> FETCH_HEAD
Already up to date.
Everything up-to-date
From https://gem5.googlesource.com/public/gem5
 * branch                  develop    -> FETCH_HEAD
Already up to date.
Everything up-to-date
From https://gem5.googlesource.com/public/gem5
 * branch                  develop    -> FETCH_HEAD
Already up to date.
Everything up-to-date
From https://gem5.googlesource.com/public/gem5
 * branch                  develop    -> FETCH_HEAD
Already up to date.
Everything up-to-date
From https://gem5.googlesource.com/public/gem5
 * branch                  develop    -> FETCH_HEAD
Already up to date.
Everything up-to-date
From https://gem5.googlesource.com/public/gem5
 * branch                  develop    -> FETCH_HEAD
Already up to date.
Everything up-to-date
From https://gem5.googlesource.com/public/gem5
 * branch                  develop    -> FETCH_HEAD
Already up to date.
Everything up-to-date
From https://gem5.googlesource.com/public/gem5
 * branch                  develop    -> FETCH_HEAD
Already up to date.
Everything up-to-date
From https://gem5.googlesource.com/public/gem5
 * branch                  develop    -> FETCH_HEAD
Already up to date.
Everything up-to-date
From https://gem5.googlesource.com/public/gem5
 * branch                  develop    -> FETCH_HEAD
Already up to date.
Everything up-to-date
From https://gem5.googlesource.com/public/gem5
 * branch                  develop    -> FETCH_HEAD
Already up to date.
Everything up-to-date
From https://gem5.googlesource.com/public/gem5
 * branch                  develop    -> FETCH_HEAD
Already up to date.
Everything up-to-date
From https://gem5.googlesource.com/public/gem5
 * branch                  develop    -> FETCH_HEAD
Already up to date.
Everything up-to-date
From https://gem5.googlesource.com/public/gem5
 * branch                  develop    -> FETCH_HEAD
Already up to date.
Everything up-to-date
From https://gem5.googlesource.com/public/gem5
 * branch                  develop    -> FETCH_HEAD
Already up to date.
Everything up-to-date
From https://gem5.googlesource.com/public/gem5
 * branch                  develop    -> FETCH_HEAD
Already up to date.
Everything up-to-date
From https://gem5.googlesource.com/public/gem5
 * branch                  develop    -> FETCH_HEAD
Already up to date.
Everything up-to-date
From https://gem5.googlesource.com/public/gem5
 * branch                  develop    -> FETCH_HEAD
Already up to date.
Everything up-to-date
From https://gem5.googlesource.com/public/gem5
 * branch                  develop    -> FETCH_HEAD
Already up to date.
Everything up-to-date
From https://gem5.googlesource.com/public/gem5
 * branch                  develop    -> FETCH_HEAD
Already up to date.
Everything up-to-date
From https://gem5.googlesource.com/public/gem5
 * branch                  develop    -> FETCH_HEAD
   dc76c00c9b..2aa95ccc7d  develop    -> upstream/develop
Merge made by the 'recursive' strategy.
 src/arch/x86/cpuid.cc | 2 +-
 1 file changed, 1 insertion(+), 1 deletion(-)
remote: Resolving deltas:   0% (0/6)        remote: Resolving deltas:  16% (1/6)        remote: Resolving deltas:  33% (2/6)        remote: Resolving deltas:  50% (3/6)        remote: Resolving deltas:  66% (4/6)        remote: Resolving deltas:  83% (5/6)        remote: Resolving deltas: 100% (6/6)        remote: Resolving deltas: 100% (6/6), completed with 6 local objects.        
To github.com:mkjost0/gem5-actions.git
   62c532b2ff..98bebf556d  develop -> develop
   dc76c00c9b..2aa95ccc7d  upstream/develop -> upstream/develop
From https://gem5.googlesource.com/public/gem5
 * branch                  develop    -> FETCH_HEAD
Already up to date.
To github.com:mkjost0/gem5-actions.git
   62c532b2ff..98bebf556d  origin/develop -> origin/develop
From https://gem5.googlesource.com/public/gem5
 * branch                  develop    -> FETCH_HEAD
Already up to date.
Everything up-to-date
From https://gem5.googlesource.com/public/gem5
 * branch                  develop    -> FETCH_HEAD
Already up to date.
Everything up-to-date
From https://gem5.googlesource.com/public/gem5
 * branch                  develop    -> FETCH_HEAD
Already up to date.
Everything up-to-date
From https://gem5.googlesource.com/public/gem5
 * branch                  develop    -> FETCH_HEAD
Already up to date.
Everything up-to-date
From https://gem5.googlesource.com/public/gem5
 * branch                  develop    -> FETCH_HEAD
Already up to date.
Everything up-to-date
From https://gem5.googlesource.com/public/gem5
 * branch                  develop    -> FETCH_HEAD
Already up to date.
Everything up-to-date
From https://gem5.googlesource.com/public/gem5
 * branch                  develop    -> FETCH_HEAD
Already up to date.
Everything up-to-date
From https://gem5.googlesource.com/public/gem5
 * branch                  develop    -> FETCH_HEAD
Already up to date.
Everything up-to-date
From https://gem5.googlesource.com/public/gem5
 * branch                  develop    -> FETCH_HEAD
Already up to date.
Everything up-to-date
From https://gem5.googlesource.com/public/gem5
 * branch                  develop    -> FETCH_HEAD
Already up to date.
Everything up-to-date
From https://gem5.googlesource.com/public/gem5
 * branch                  develop    -> FETCH_HEAD
Already up to date.
Everything up-to-date
From https://gem5.googlesource.com/public/gem5
 * branch                  develop    -> FETCH_HEAD
Already up to date.
Everything up-to-date
From https://gem5.googlesource.com/public/gem5
 * branch                  develop    -> FETCH_HEAD
Already up to date.
Everything up-to-date
From https://gem5.googlesource.com/public/gem5
 * branch                  develop    -> FETCH_HEAD
Already up to date.
Everything up-to-date
From https://gem5.googlesource.com/public/gem5
 * branch                  develop    -> FETCH_HEAD
Already up to date.
Everything up-to-date
From https://gem5.googlesource.com/public/gem5
 * branch                  develop    -> FETCH_HEAD
Already up to date.
Everything up-to-date
From https://gem5.googlesource.com/public/gem5
 * branch                  develop    -> FETCH_HEAD
   2aa95ccc7d..87ec6919a3  develop    -> upstream/develop
Merge made by the 'recursive' strategy.
 configs/example/gpufs/runfs.py           |  5 ++-
 configs/example/gpufs/system/amdgpu.py   |  4 ++
 configs/example/gpufs/system/system.py   | 10 +++++
 src/dev/amdgpu/amdgpu_device.cc          | 11 +++++-
 src/dev/amdgpu/amdgpu_device.hh          |  7 ++++
 src/dev/amdgpu/amdgpu_nbio.cc            |  2 +
 src/dev/amdgpu/amdgpu_nbio.hh            |  5 +++
 src/dev/amdgpu/amdgpu_vm.hh              |  4 ++
 src/dev/amdgpu/pm4_defines.hh            | 58 ++++++++++++++++++++++++++++
 src/dev/amdgpu/pm4_packet_processor.cc   | 66 ++++++++++++++++++++++++--------
 src/dev/amdgpu/pm4_packet_processor.hh   |  4 +-
 src/gpu-compute/GPU.py                   |  2 +-
 src/gpu-compute/gpu_command_processor.cc |  3 +-
 src/gpu-compute/hsa_queue_entry.hh       | 19 +++++++--
 src/mem/dram_interface.hh                | 13 ++++++-
 src/mem/mem_ctrl.cc                      | 14 +++++--
 16 files changed, 196 insertions(+), 31 deletions(-)
remote: Resolving deltas:   0% (0/28)        remote: Resolving deltas:   3% (1/28)        remote: Resolving deltas:   7% (2/28)        remote: Resolving deltas:  10% (3/28)        remote: Resolving deltas:  14% (4/28)        remote: Resolving deltas:  17% (5/28)        remote: Resolving deltas:  21% (6/28)        remote: Resolving deltas:  25% (7/28)        remote: Resolving deltas:  28% (8/28)        remote: Resolving deltas:  32% (9/28)        remote: Resolving deltas:  35% (10/28)        remote: Resolving deltas:  39% (11/28)        remote: Resolving deltas:  42% (12/28)        remote: Resolving deltas:  46% (13/28)        remote: Resolving deltas:  50% (14/28)        remote: Resolving deltas:  53% (15/28)        remote: Resolving deltas:  57% (16/28)        remote: Resolving deltas:  60% (17/28)        remote: Resolving deltas:  64% (18/28)        remote: Resolving deltas:  67% (19/28)        remote: Resolving deltas:  71% (20/28)        remote: Resolving deltas:  75% (21/28)        remote: Resolving deltas:  78% (22/28)        remote: Resolving deltas:  82% (23/28)        remote: Resolving deltas:  85% (24/28)        remote: Resolving deltas:  89% (25/28)        remote: Resolving deltas:  92% (26/28)        remote: Resolving deltas:  96% (27/28)        remote: Resolving deltas: 100% (28/28)        remote: Resolving deltas: 100% (28/28), completed with 26 local objects.        
To github.com:mkjost0/gem5-actions.git
   98bebf556d..4e26a61062  develop -> develop
   2aa95ccc7d..87ec6919a3  upstream/develop -> upstream/develop
From https://gem5.googlesource.com/public/gem5
 * branch                  develop    -> FETCH_HEAD
Already up to date.
To github.com:mkjost0/gem5-actions.git
   98bebf556d..4e26a61062  origin/develop -> origin/develop
From https://gem5.googlesource.com/public/gem5
 * branch                  develop    -> FETCH_HEAD
Already up to date.
Everything up-to-date
From https://gem5.googlesource.com/public/gem5
 * branch                  develop    -> FETCH_HEAD
Already up to date.
Everything up-to-date
From https://gem5.googlesource.com/public/gem5
 * branch                  develop    -> FETCH_HEAD
Already up to date.
Everything up-to-date
From https://gem5.googlesource.com/public/gem5
 * branch                  develop    -> FETCH_HEAD
Already up to date.
Everything up-to-date
From https://gem5.googlesource.com/public/gem5
 * branch                  develop    -> FETCH_HEAD
Already up to date.
Everything up-to-date
From https://gem5.googlesource.com/public/gem5
 * branch                  develop    -> FETCH_HEAD
Already up to date.
Everything up-to-date
From https://gem5.googlesource.com/public/gem5
 * branch                  develop    -> FETCH_HEAD
Already up to date.
Everything up-to-date
From https://gem5.googlesource.com/public/gem5
 * branch                  develop    -> FETCH_HEAD
Already up to date.
Everything up-to-date
From https://gem5.googlesource.com/public/gem5
 * branch                  develop    -> FETCH_HEAD
   87ec6919a3..e0a28b1a27  develop    -> upstream/develop
Merge made by the 'recursive' strategy.
 configs/common/cores/arm/HPI.py                    |   2 +
 configs/common/cores/arm/O3_ARM_v7a.py             |   2 +
 configs/common/cores/arm/ex5_LITTLE.py             |   2 +
 configs/common/cores/arm/ex5_big.py                |   2 +
 src/arch/arm/ArmISA.py                             |   4 +
 src/arch/arm/ArmSystem.py                          |  29 +-
 src/arch/arm/insts/sve.hh                          |   2 +-
 src/arch/arm/insts/vector_element_traits.hh        |  73 +++++
 src/arch/arm/isa/formats/neon64.isa                | 119 ++++++++-
 src/arch/arm/isa/formats/sve_2nd_level.isa         | 291 ++++++++++++++++----
 src/arch/arm/isa/formats/sve_top_level.isa         |  89 +++++--
 src/arch/arm/isa/includes.isa                      |   1 +
 src/arch/arm/isa/insts/neon64.isa                  | 185 ++++++++++++-
 src/arch/arm/isa/insts/sve.isa                     | 295 ++++++++++++++++++---
 src/arch/arm/isa/insts/sve_mem.isa                 |  75 ++++--
 src/arch/arm/isa/operands.isa                      |   2 +
 src/arch/arm/isa/templates/sve.isa                 |  97 ++++++-
 src/arch/arm/process.cc                            |   8 +
 src/arch/arm/regs/misc.cc                          | 118 +++++++--
 src/arch/arm/regs/misc.hh                          |   6 +-
 src/arch/arm/regs/misc_types.hh                    |   3 +
 src/cpu/FuncUnit.py                                |   4 +-
 src/cpu/minor/BaseMinorCPU.py                      |   2 +
 src/cpu/o3/FuncUnitConfig.py                       |   4 +-
 src/cpu/op_class.hh                                |   4 +-
 .../prebuilt/riscvmatched/riscvmatched_board.py    |   2 +-
 .../prebuilt/riscvmatched/riscvmatched_cache.py    |  41 +--
 .../prebuilt/riscvmatched/riscvmatched_core.py     |  89 +++++--
 28 files changed, 1293 insertions(+), 258 deletions(-)
 create mode 100644 src/arch/arm/insts/vector_element_traits.hh
remote: Resolving deltas:   0% (0/142)        remote: Resolving deltas:   1% (2/142)        remote: Resolving deltas:   2% (3/142)        remote: Resolving deltas:   3% (5/142)        remote: Resolving deltas:   4% (6/142)        remote: Resolving deltas:   5% (8/142)        remote: Resolving deltas:   6% (9/142)        remote: Resolving deltas:   7% (10/142)        remote: Resolving deltas:   8% (12/142)        remote: Resolving deltas:   9% (13/142)        remote: Resolving deltas:  10% (15/142)        remote: Resolving deltas:  11% (16/142)        remote: Resolving deltas:  12% (18/142)        remote: Resolving deltas:  13% (19/142)        remote: Resolving deltas:  14% (20/142)        remote: Resolving deltas:  15% (22/142)        remote: Resolving deltas:  16% (23/142)        remote: Resolving deltas:  17% (25/142)        remote: Resolving deltas:  18% (26/142)        remote: Resolving deltas:  19% (27/142)        remote: Resolving deltas:  20% (29/142)        remote: Resolving deltas:  21% (30/142)        remote: Resolving deltas:  22% (32/142)        remote: Resolving deltas:  23% (33/142)        remote: Resolving deltas:  24% (35/142)        remote: Resolving deltas:  25% (36/142)        remote: Resolving deltas:  26% (37/142)        remote: Resolving deltas:  27% (39/142)        remote: Resolving deltas:  28% (40/142)        remote: Resolving deltas:  29% (42/142)        remote: Resolving deltas:  30% (43/142)        remote: Resolving deltas:  31% (45/142)        remote: Resolving deltas:  32% (46/142)        remote: Resolving deltas:  33% (47/142)        remote: Resolving deltas:  34% (49/142)        remote: Resolving deltas:  35% (50/142)        remote: Resolving deltas:  36% (52/142)        remote: Resolving deltas:  37% (53/142)        remote: Resolving deltas:  38% (54/142)        remote: Resolving deltas:  39% (56/142)        remote: Resolving deltas:  40% (57/142)        remote: Resolving deltas:  41% (59/142)        remote: Resolving deltas:  42% (60/142)        remote: Resolving deltas:  43% (62/142)        remote: Resolving deltas:  44% (63/142)        remote: Resolving deltas:  45% (64/142)        remote: Resolving deltas:  46% (66/142)        remote: Resolving deltas:  47% (67/142)        remote: Resolving deltas:  48% (69/142)        remote: Resolving deltas:  49% (70/142)        remote: Resolving deltas:  50% (71/142)        remote: Resolving deltas:  51% (73/142)        remote: Resolving deltas:  52% (74/142)        remote: Resolving deltas:  53% (76/142)        remote: Resolving deltas:  54% (77/142)        remote: Resolving deltas:  55% (79/142)        remote: Resolving deltas:  56% (80/142)        remote: Resolving deltas:  57% (81/142)        remote: Resolving deltas:  58% (83/142)        remote: Resolving deltas:  59% (84/142)        remote: Resolving deltas:  60% (86/142)        remote: Resolving deltas:  61% (87/142)        remote: Resolving deltas:  62% (89/142)        remote: Resolving deltas:  63% (90/142)        remote: Resolving deltas:  64% (91/142)        remote: Resolving deltas:  65% (93/142)        remote: Resolving deltas:  66% (94/142)        remote: Resolving deltas:  67% (96/142)        remote: Resolving deltas:  68% (97/142)        remote: Resolving deltas:  69% (98/142)        remote: Resolving deltas:  70% (100/142)        remote: Resolving deltas:  71% (101/142)        remote: Resolving deltas:  72% (103/142)        remote: Resolving deltas:  73% (104/142)        remote: Resolving deltas:  74% (106/142)        remote: Resolving deltas:  75% (107/142)        remote: Resolving deltas:  76% (108/142)        remote: Resolving deltas:  77% (110/142)        remote: Resolving deltas:  78% (111/142)        remote: Resolving deltas:  79% (113/142)        remote: Resolving deltas:  80% (114/142)        remote: Resolving deltas:  81% (116/142)        remote: Resolving deltas:  82% (117/142)        remote: Resolving deltas:  83% (118/142)        remote: Resolving deltas:  84% (120/142)        remote: Resolving deltas:  85% (121/142)        remote: Resolving deltas:  86% (123/142)        remote: Resolving deltas:  87% (124/142)        remote: Resolving deltas:  88% (125/142)        remote: Resolving deltas:  89% (127/142)        remote: Resolving deltas:  90% (128/142)        remote: Resolving deltas:  91% (130/142)        remote: Resolving deltas:  92% (131/142)        remote: Resolving deltas:  93% (133/142)        remote: Resolving deltas:  94% (134/142)        remote: Resolving deltas:  95% (135/142)        remote: Resolving deltas:  96% (137/142)        remote: Resolving deltas:  97% (138/142)        remote: Resolving deltas:  98% (140/142)        remote: Resolving deltas:  99% (141/142)        remote: Resolving deltas: 100% (142/142)        remote: Resolving deltas: 100% (142/142), completed with 47 local objects.        
To github.com:mkjost0/gem5-actions.git
   4e26a61062..e176b0ac7c  develop -> develop
   87ec6919a3..e0a28b1a27  upstream/develop -> upstream/develop
From https://gem5.googlesource.com/public/gem5
 * branch                  develop    -> FETCH_HEAD
Already up to date.
To github.com:mkjost0/gem5-actions.git
   4e26a61062..e176b0ac7c  origin/develop -> origin/develop
From https://gem5.googlesource.com/public/gem5
 * branch                  develop    -> FETCH_HEAD
Already up to date.
Everything up-to-date
From https://gem5.googlesource.com/public/gem5
 * branch                  develop    -> FETCH_HEAD
Already up to date.
Everything up-to-date
From https://gem5.googlesource.com/public/gem5
 * branch                  develop    -> FETCH_HEAD
Already up to date.
Everything up-to-date
From https://gem5.googlesource.com/public/gem5
 * branch                  develop    -> FETCH_HEAD
Already up to date.
Everything up-to-date
From https://gem5.googlesource.com/public/gem5
 * branch                  develop    -> FETCH_HEAD
Already up to date.
Everything up-to-date
From https://gem5.googlesource.com/public/gem5
 * branch                  develop    -> FETCH_HEAD
Already up to date.
Everything up-to-date
From https://gem5.googlesource.com/public/gem5
 * branch                  develop    -> FETCH_HEAD
Already up to date.
Everything up-to-date
From https://gem5.googlesource.com/public/gem5
 * branch                  develop    -> FETCH_HEAD
Already up to date.
Everything up-to-date
From https://gem5.googlesource.com/public/gem5
 * branch                  develop    -> FETCH_HEAD
Already up to date.
Everything up-to-date
From https://gem5.googlesource.com/public/gem5
 * branch                  develop    -> FETCH_HEAD
Already up to date.
Everything up-to-date
From https://gem5.googlesource.com/public/gem5
 * branch                  develop    -> FETCH_HEAD
Already up to date.
Everything up-to-date
From https://gem5.googlesource.com/public/gem5
 * branch                  develop    -> FETCH_HEAD
Already up to date.
Everything up-to-date
From https://gem5.googlesource.com/public/gem5
 * branch                  develop    -> FETCH_HEAD
Already up to date.
Everything up-to-date
From https://gem5.googlesource.com/public/gem5
 * branch                  develop    -> FETCH_HEAD
Already up to date.
Everything up-to-date
From https://gem5.googlesource.com/public/gem5
 * branch                  develop    -> FETCH_HEAD
Already up to date.
Everything up-to-date
From https://gem5.googlesource.com/public/gem5
 * branch                  develop    -> FETCH_HEAD
Already up to date.
Everything up-to-date
From https://gem5.googlesource.com/public/gem5
 * branch                  develop    -> FETCH_HEAD
Already up to date.
Everything up-to-date
From https://gem5.googlesource.com/public/gem5
 * branch                  develop    -> FETCH_HEAD
Already up to date.
Everything up-to-date
From https://gem5.googlesource.com/public/gem5
 * branch                  develop    -> FETCH_HEAD
Already up to date.
Everything up-to-date
From https://gem5.googlesource.com/public/gem5
 * branch                  develop    -> FETCH_HEAD
Already up to date.
Everything up-to-date
From https://gem5.googlesource.com/public/gem5
 * branch                  develop    -> FETCH_HEAD
Already up to date.
Everything up-to-date
From https://gem5.googlesource.com/public/gem5
 * branch                  develop    -> FETCH_HEAD
Already up to date.
Everything up-to-date
From https://gem5.googlesource.com/public/gem5
 * branch                  develop    -> FETCH_HEAD
Already up to date.
Everything up-to-date
From https://gem5.googlesource.com/public/gem5
 * branch                  develop    -> FETCH_HEAD
   e0a28b1a27..741af7ddae  develop    -> upstream/develop
Merge made by the 'recursive' strategy.
 src/mem/DRAMInterface.py                           | 270 ++++++++++++++++++-
 src/python/SConscript                              |   2 +
 src/python/gem5/components/memory/__init__.py      |   3 +
 .../gem5/components/memory/dram_interfaces/ddr5.py | 292 +++++++++++++++++++++
 .../gem5/components/memory/single_channel.py       |  28 ++
 5 files changed, 588 insertions(+), 7 deletions(-)
 create mode 100644 src/python/gem5/components/memory/dram_interfaces/ddr5.py
remote: Resolving deltas:   0% (0/14)        remote: Resolving deltas:   7% (1/14)        remote: Resolving deltas:  14% (2/14)        remote: Resolving deltas:  21% (3/14)        remote: Resolving deltas:  28% (4/14)        remote: Resolving deltas:  35% (5/14)        remote: Resolving deltas:  42% (6/14)        remote: Resolving deltas:  50% (7/14)        remote: Resolving deltas:  57% (8/14)        remote: Resolving deltas:  64% (9/14)        remote: Resolving deltas:  71% (10/14)        remote: Resolving deltas:  78% (11/14)        remote: Resolving deltas:  85% (12/14)        remote: Resolving deltas:  92% (13/14)        remote: Resolving deltas: 100% (14/14)        remote: Resolving deltas: 100% (14/14), completed with 13 local objects.        
To github.com:mkjost0/gem5-actions.git
   e176b0ac7c..5568cf707a  develop -> develop
   e0a28b1a27..741af7ddae  upstream/develop -> upstream/develop
From https://gem5.googlesource.com/public/gem5
 * branch                  develop    -> FETCH_HEAD
Already up to date.
To github.com:mkjost0/gem5-actions.git
   e176b0ac7c..5568cf707a  origin/develop -> origin/develop
From https://gem5.googlesource.com/public/gem5
 * branch                  develop    -> FETCH_HEAD
Already up to date.
Everything up-to-date
From https://gem5.googlesource.com/public/gem5
 * branch                  develop    -> FETCH_HEAD
   741af7ddae..65d077d795  develop    -> upstream/develop
Merge made by the 'recursive' strategy.
 src/sim/init_signals.cc | 2 ++
 1 file changed, 2 insertions(+)
remote: Resolving deltas:   0% (0/5)        remote: Resolving deltas:  20% (1/5)        remote: Resolving deltas:  40% (2/5)        remote: Resolving deltas:  60% (3/5)        remote: Resolving deltas:  80% (4/5)        remote: Resolving deltas: 100% (5/5)        remote: Resolving deltas: 100% (5/5), completed with 5 local objects.        
To github.com:mkjost0/gem5-actions.git
   5568cf707a..4a76f2134e  develop -> develop
   741af7ddae..65d077d795  upstream/develop -> upstream/develop
From https://gem5.googlesource.com/public/gem5
 * branch                  develop    -> FETCH_HEAD
Already up to date.
To github.com:mkjost0/gem5-actions.git
   5568cf707a..4a76f2134e  origin/develop -> origin/develop
From https://gem5.googlesource.com/public/gem5
 * branch                  develop    -> FETCH_HEAD
Already up to date.
Everything up-to-date
From https://gem5.googlesource.com/public/gem5
 * branch                  develop    -> FETCH_HEAD
Already up to date.
Everything up-to-date
From https://gem5.googlesource.com/public/gem5
 * branch                  develop    -> FETCH_HEAD
Already up to date.
Everything up-to-date
From https://gem5.googlesource.com/public/gem5
 * branch                  develop    -> FETCH_HEAD
Already up to date.
Everything up-to-date
From https://gem5.googlesource.com/public/gem5
 * branch                  develop    -> FETCH_HEAD
Already up to date.
Everything up-to-date
From https://gem5.googlesource.com/public/gem5
 * branch                  develop    -> FETCH_HEAD
Already up to date.
Everything up-to-date
From https://gem5.googlesource.com/public/gem5
 * branch                  develop    -> FETCH_HEAD
Already up to date.
Everything up-to-date
From https://gem5.googlesource.com/public/gem5
 * branch                  develop    -> FETCH_HEAD
Already up to date.
Everything up-to-date
From https://gem5.googlesource.com/public/gem5
 * branch                  develop    -> FETCH_HEAD
Already up to date.
Everything up-to-date
From https://gem5.googlesource.com/public/gem5
 * branch                  develop    -> FETCH_HEAD
Already up to date.
Everything up-to-date
From https://gem5.googlesource.com/public/gem5
 * branch                  develop    -> FETCH_HEAD
Already up to date.
Everything up-to-date
From https://gem5.googlesource.com/public/gem5
 * branch                  develop    -> FETCH_HEAD
Already up to date.
remote: Resolving deltas:   0% (0/3)        remote: Resolving deltas:  33% (1/3)        remote: Resolving deltas:  66% (2/3)        remote: Resolving deltas: 100% (3/3)        remote: Resolving deltas: 100% (3/3), completed with 3 local objects.        
To github.com:mkjost0/gem5-actions.git
   2588c00a9f..0f30227b92  develop -> develop
From https://gem5.googlesource.com/public/gem5
 * branch                  develop    -> FETCH_HEAD
Already up to date.
To github.com:mkjost0/gem5-actions.git
   2588c00a9f..0f30227b92  origin/develop -> origin/develop
   2588c00a9f..0f30227b92  testing/develop -> testing/develop
From https://gem5.googlesource.com/public/gem5
 * branch                  develop    -> FETCH_HEAD
Already up to date.
Everything up-to-date
From https://gem5.googlesource.com/public/gem5
 * branch                  develop    -> FETCH_HEAD
Already up to date.
To github.com:mkjost0/gem5-actions.git
   0f30227b92..acc226e4de  testing/develop -> testing/develop
From https://gem5.googlesource.com/public/gem5
 * branch                  develop    -> FETCH_HEAD
Already up to date.
To github.com:mkjost0/gem5-actions.git
   0f30227b92..acc226e4de  origin/develop -> origin/develop
   acc226e4de..ed9698b06b  testing/develop -> testing/develop
From https://gem5.googlesource.com/public/gem5
 * branch                  develop    -> FETCH_HEAD
Already up to date.
To github.com:mkjost0/gem5-actions.git
   acc226e4de..ed9698b06b  origin/develop -> origin/develop
From https://gem5.googlesource.com/public/gem5
 * branch                  develop    -> FETCH_HEAD
Already up to date.
Everything up-to-date
From https://gem5.googlesource.com/public/gem5
 * branch                  develop    -> FETCH_HEAD
Already up to date.
Everything up-to-date
From https://gem5.googlesource.com/public/gem5
 * branch                  develop    -> FETCH_HEAD
Already up to date.
Everything up-to-date
From https://gem5.googlesource.com/public/gem5
 * branch                  develop    -> FETCH_HEAD
Already up to date.
Everything up-to-date
From https://gem5.googlesource.com/public/gem5
 * branch                  develop    -> FETCH_HEAD
Already up to date.
Everything up-to-date
From https://gem5.googlesource.com/public/gem5
 * branch                  develop    -> FETCH_HEAD
Already up to date.
Everything up-to-date
From https://gem5.googlesource.com/public/gem5
 * branch                  develop    -> FETCH_HEAD
Already up to date.
Everything up-to-date
From https://gem5.googlesource.com/public/gem5
 * branch                  develop    -> FETCH_HEAD
Already up to date.
Everything up-to-date
From https://gem5.googlesource.com/public/gem5
 * branch                  develop    -> FETCH_HEAD
Already up to date.
Everything up-to-date
From https://gem5.googlesource.com/public/gem5
 * branch                  develop    -> FETCH_HEAD
Already up to date.
Everything up-to-date
From https://gem5.googlesource.com/public/gem5
 * branch                  develop    -> FETCH_HEAD
Already up to date.
Everything up-to-date
From https://gem5.googlesource.com/public/gem5
 * branch                  develop    -> FETCH_HEAD
Already up to date.
Everything up-to-date
From https://gem5.googlesource.com/public/gem5
 * branch                  develop    -> FETCH_HEAD
Already up to date.
Everything up-to-date
From https://gem5.googlesource.com/public/gem5
 * branch                  develop    -> FETCH_HEAD
Already up to date.
Everything up-to-date
From https://gem5.googlesource.com/public/gem5
 * branch                  develop    -> FETCH_HEAD
Already up to date.
To github.com:mkjost0/gem5-actions.git
   ed9698b06b..e2feb50edf  testing/develop -> testing/develop
From https://gem5.googlesource.com/public/gem5
 * branch                  develop    -> FETCH_HEAD
Already up to date.
To github.com:mkjost0/gem5-actions.git
   ed9698b06b..e2feb50edf  origin/develop -> origin/develop
   e2feb50edf..09493c7152  testing/develop -> testing/develop
From https://gem5.googlesource.com/public/gem5
 * branch                  develop    -> FETCH_HEAD
Already up to date.
To github.com:mkjost0/gem5-actions.git
   e2feb50edf..09493c7152  origin/develop -> origin/develop
From https://gem5.googlesource.com/public/gem5
 * branch                  develop    -> FETCH_HEAD
Already up to date.
Everything up-to-date
From https://gem5.googlesource.com/public/gem5
 * branch                  develop    -> FETCH_HEAD
Already up to date.
Everything up-to-date
From https://gem5.googlesource.com/public/gem5
 * branch                  develop    -> FETCH_HEAD
Already up to date.
Everything up-to-date
From https://gem5.googlesource.com/public/gem5
 * branch                  develop    -> FETCH_HEAD
Already up to date.
Everything up-to-date
From https://gem5.googlesource.com/public/gem5
 * branch                  develop    -> FETCH_HEAD
Already up to date.
Everything up-to-date
From https://gem5.googlesource.com/public/gem5
 * branch                  develop    -> FETCH_HEAD
Already up to date.
Everything up-to-date
From https://gem5.googlesource.com/public/gem5
 * branch                  develop    -> FETCH_HEAD
   32df25e426..bd1d72f61e  develop    -> upstream/develop
Merge made by the 'recursive' strategy.
 src/arch/arm/fastmodel/CortexA76/x1/x1.sgproj  | 2 --
 src/arch/arm/fastmodel/CortexA76/x2/x2.sgproj  | 2 --
 src/arch/arm/fastmodel/CortexA76/x3/x3.sgproj  | 2 --
 src/arch/arm/fastmodel/CortexA76/x4/x4.sgproj  | 2 --
 src/arch/arm/fastmodel/CortexR52/x1/x1.sgproj  | 2 --
 src/arch/arm/fastmodel/CortexR52/x2/x2.sgproj  | 2 --
 src/arch/arm/fastmodel/CortexR52/x3/x3.sgproj  | 2 --
 src/arch/arm/fastmodel/CortexR52/x4/x4.sgproj  | 2 --
 src/arch/arm/fastmodel/GIC/GIC.sgproj          | 2 +-
 src/arch/arm/fastmodel/PL330_DMAC/PL330.sgproj | 2 +-
 src/arch/arm/fastmodel/SConscript              | 3 ++-
 11 files changed, 4 insertions(+), 19 deletions(-)
remote: Resolving deltas:   0% (0/21)        remote: Resolving deltas:   4% (1/21)        remote: Resolving deltas:   9% (2/21)        remote: Resolving deltas:  14% (3/21)        remote: Resolving deltas:  19% (4/21)        remote: Resolving deltas:  23% (5/21)        remote: Resolving deltas:  28% (6/21)        remote: Resolving deltas:  33% (7/21)        remote: Resolving deltas:  38% (8/21)        remote: Resolving deltas:  42% (9/21)        remote: Resolving deltas:  47% (10/21)        remote: Resolving deltas:  52% (11/21)        remote: Resolving deltas:  57% (12/21)        remote: Resolving deltas:  61% (13/21)        remote: Resolving deltas:  66% (14/21)        remote: Resolving deltas:  71% (15/21)        remote: Resolving deltas:  76% (16/21)        remote: Resolving deltas:  80% (17/21)        remote: Resolving deltas:  85% (18/21)        remote: Resolving deltas:  90% (19/21)        remote: Resolving deltas:  95% (20/21)        remote: Resolving deltas: 100% (21/21)        remote: Resolving deltas: 100% (21/21), completed with 21 local objects.        
To github.com:mkjost0/gem5-actions.git
   09493c7152..7d42069782  develop -> develop
   32df25e426..bd1d72f61e  upstream/develop -> upstream/develop
From https://gem5.googlesource.com/public/gem5
 * branch                  develop    -> FETCH_HEAD
   bd1d72f61e..ebd5b3e4ae  develop    -> upstream/develop
Merge made by the 'recursive' strategy.
 src/gpu-compute/gpu_command_processor.cc | 4 +++-
 src/gpu-compute/gpu_compute_driver.hh    | 2 ++
 2 files changed, 5 insertions(+), 1 deletion(-)
remote: Resolving deltas:   0% (0/6)        remote: Resolving deltas:  16% (1/6)        remote: Resolving deltas:  33% (2/6)        remote: Resolving deltas:  50% (3/6)        remote: Resolving deltas:  66% (4/6)        remote: Resolving deltas:  83% (5/6)        remote: Resolving deltas: 100% (6/6)        remote: Resolving deltas: 100% (6/6), completed with 6 local objects.        
To github.com:mkjost0/gem5-actions.git
   7d42069782..5ca499d462  develop -> develop
   09493c7152..7d42069782  origin/develop -> origin/develop
   bd1d72f61e..ebd5b3e4ae  upstream/develop -> upstream/develop
From https://gem5.googlesource.com/public/gem5
 * branch                  develop    -> FETCH_HEAD
Already up to date.
To github.com:mkjost0/gem5-actions.git
   7d42069782..5ca499d462  origin/develop -> origin/develop
From https://gem5.googlesource.com/public/gem5
 * branch                  develop    -> FETCH_HEAD
Already up to date.
Everything up-to-date
From https://gem5.googlesource.com/public/gem5
 * branch                  develop    -> FETCH_HEAD
Already up to date.
Everything up-to-date
From https://gem5.googlesource.com/public/gem5
 * branch                  develop    -> FETCH_HEAD
Already up to date.
Everything up-to-date
From https://gem5.googlesource.com/public/gem5
 * branch                  develop    -> FETCH_HEAD
Already up to date.
Everything up-to-date
From https://gem5.googlesource.com/public/gem5
 * branch                  develop    -> FETCH_HEAD
Already up to date.
To github.com:mkjost0/gem5-actions.git
   09493c7152..0f26290524  testing/develop -> testing/develop
From https://gem5.googlesource.com/public/gem5
 * branch                  develop    -> FETCH_HEAD
Already up to date.
To github.com:mkjost0/gem5-actions.git
   5ca499d462..0f26290524  origin/develop -> origin/develop
From https://gem5.googlesource.com/public/gem5
 * branch                  develop    -> FETCH_HEAD
Already up to date.
To github.com:mkjost0/gem5-actions.git
   0f26290524..beab63738a  testing/develop -> testing/develop
From https://gem5.googlesource.com/public/gem5
 * branch                  develop    -> FETCH_HEAD
Already up to date.
To github.com:mkjost0/gem5-actions.git
   0f26290524..beab63738a  origin/develop -> origin/develop
From https://gem5.googlesource.com/public/gem5
 * branch                  develop    -> FETCH_HEAD
Already up to date.
Everything up-to-date
From https://gem5.googlesource.com/public/gem5
 * branch                  develop    -> FETCH_HEAD
Already up to date.
Everything up-to-date
From https://gem5.googlesource.com/public/gem5
 * branch                  develop    -> FETCH_HEAD
Already up to date.
Everything up-to-date
From https://gem5.googlesource.com/public/gem5
 * branch                  develop    -> FETCH_HEAD
Already up to date.
Everything up-to-date
From https://gem5.googlesource.com/public/gem5
 * branch                  develop    -> FETCH_HEAD
Already up to date.
Everything up-to-date
From https://gem5.googlesource.com/public/gem5
 * branch                  develop    -> FETCH_HEAD
Already up to date.
Everything up-to-date
From https://gem5.googlesource.com/public/gem5
 * branch                  develop    -> FETCH_HEAD
Already up to date.
Everything up-to-date
From https://gem5.googlesource.com/public/gem5
 * branch                  develop    -> FETCH_HEAD
Already up to date.
Everything up-to-date
From https://gem5.googlesource.com/public/gem5
 * branch                  develop    -> FETCH_HEAD
Already up to date.
Everything up-to-date
From https://gem5.googlesource.com/public/gem5
 * branch                  develop    -> FETCH_HEAD
Already up to date.
Everything up-to-date
From https://gem5.googlesource.com/public/gem5
 * branch                  develop    -> FETCH_HEAD
Already up to date.
Everything up-to-date
From https://gem5.googlesource.com/public/gem5
 * branch                  develop    -> FETCH_HEAD
Already up to date.
Everything up-to-date
From https://gem5.googlesource.com/public/gem5
 * branch                  develop    -> FETCH_HEAD
Already up to date.
Everything up-to-date
From https://gem5.googlesource.com/public/gem5
 * branch                  develop    -> FETCH_HEAD
Already up to date.
Everything up-to-date
From https://gem5.googlesource.com/public/gem5
 * branch                  develop    -> FETCH_HEAD
Already up to date.
Everything up-to-date
From https://gem5.googlesource.com/public/gem5
 * branch                  develop    -> FETCH_HEAD
Already up to date.
Everything up-to-date
From https://gem5.googlesource.com/public/gem5
 * branch                  develop    -> FETCH_HEAD
Already up to date.
To github.com:mkjost0/gem5-actions.git
   beab63738a..2505890d37  testing/develop -> testing/develop
From https://gem5.googlesource.com/public/gem5
 * branch                  develop    -> FETCH_HEAD
Already up to date.
To github.com:mkjost0/gem5-actions.git
   beab63738a..2505890d37  origin/develop -> origin/develop
From https://gem5.googlesource.com/public/gem5
 * branch                  develop    -> FETCH_HEAD
Already up to date.
Everything up-to-date
From https://gem5.googlesource.com/public/gem5
 * branch                  develop    -> FETCH_HEAD
Already up to date.
Everything up-to-date
From https://gem5.googlesource.com/public/gem5
 * branch                  develop    -> FETCH_HEAD
Already up to date.
Everything up-to-date
From https://gem5.googlesource.com/public/gem5
 * branch                  develop    -> FETCH_HEAD
Already up to date.
Everything up-to-date
From https://gem5.googlesource.com/public/gem5
 * branch                  develop    -> FETCH_HEAD
Already up to date.
Everything up-to-date
From https://gem5.googlesource.com/public/gem5
 * branch                  develop    -> FETCH_HEAD
Already up to date.
Everything up-to-date
From https://gem5.googlesource.com/public/gem5
 * branch                  develop    -> FETCH_HEAD
Already up to date.
Everything up-to-date
From https://gem5.googlesource.com/public/gem5
 * branch                  develop    -> FETCH_HEAD
Already up to date.
Everything up-to-date
From https://gem5.googlesource.com/public/gem5
 * branch                  develop    -> FETCH_HEAD
Already up to date.
Everything up-to-date
From https://gem5.googlesource.com/public/gem5
 * branch                  develop    -> FETCH_HEAD
Already up to date.
Everything up-to-date
From https://gem5.googlesource.com/public/gem5
 * branch                  develop    -> FETCH_HEAD
Already up to date.
Everything up-to-date
From https://gem5.googlesource.com/public/gem5
 * branch                  develop    -> FETCH_HEAD
Already up to date.
Everything up-to-date
From https://gem5.googlesource.com/public/gem5
 * branch                  develop    -> FETCH_HEAD
Already up to date.
Everything up-to-date
From https://gem5.googlesource.com/public/gem5
 * branch                  develop    -> FETCH_HEAD
Already up to date.
Everything up-to-date
From https://gem5.googlesource.com/public/gem5
 * branch                  develop    -> FETCH_HEAD
Already up to date.
Everything up-to-date
From https://gem5.googlesource.com/public/gem5
 * branch                  develop    -> FETCH_HEAD
Already up to date.
Everything up-to-date
From https://gem5.googlesource.com/public/gem5
 * branch                  develop    -> FETCH_HEAD
Already up to date.
Everything up-to-date
From https://gem5.googlesource.com/public/gem5
 * branch                  develop    -> FETCH_HEAD
Already up to date.
Everything up-to-date
From https://gem5.googlesource.com/public/gem5
 * branch                  develop    -> FETCH_HEAD
Already up to date.
Everything up-to-date
From https://gem5.googlesource.com/public/gem5
 * branch                  develop    -> FETCH_HEAD
Already up to date.
Everything up-to-date
From https://gem5.googlesource.com/public/gem5
 * branch                  develop    -> FETCH_HEAD
Already up to date.
Everything up-to-date
From https://gem5.googlesource.com/public/gem5
 * branch                  develop    -> FETCH_HEAD
Already up to date.
Everything up-to-date
From https://gem5.googlesource.com/public/gem5
 * branch                  develop    -> FETCH_HEAD
Already up to date.
Everything up-to-date
From https://gem5.googlesource.com/public/gem5
 * branch                  develop    -> FETCH_HEAD
Already up to date.
Everything up-to-date
From https://gem5.googlesource.com/public/gem5
 * branch                  develop    -> FETCH_HEAD
Already up to date.
Everything up-to-date
From https://gem5.googlesource.com/public/gem5
 * branch                  develop    -> FETCH_HEAD
Already up to date.
Everything up-to-date
From https://gem5.googlesource.com/public/gem5
 * branch                  develop    -> FETCH_HEAD
Already up to date.
Everything up-to-date
From https://gem5.googlesource.com/public/gem5
 * branch                  develop    -> FETCH_HEAD
Already up to date.
Everything up-to-date
From https://gem5.googlesource.com/public/gem5
 * branch                  develop    -> FETCH_HEAD
Already up to date.
Everything up-to-date
From https://gem5.googlesource.com/public/gem5
 * branch                  develop    -> FETCH_HEAD
Already up to date.
Everything up-to-date
From https://gem5.googlesource.com/public/gem5
 * branch                  develop    -> FETCH_HEAD
Already up to date.
Everything up-to-date
From https://gem5.googlesource.com/public/gem5
 * branch                  develop    -> FETCH_HEAD
Already up to date.
Everything up-to-date
From https://gem5.googlesource.com/public/gem5
 * branch                  develop    -> FETCH_HEAD
Already up to date.
Everything up-to-date
From https://gem5.googlesource.com/public/gem5
 * branch                  develop    -> FETCH_HEAD
Already up to date.
Everything up-to-date
From https://gem5.googlesource.com/public/gem5
 * branch                  develop    -> FETCH_HEAD
Already up to date.
Everything up-to-date
From https://gem5.googlesource.com/public/gem5
 * branch                  develop    -> FETCH_HEAD
Already up to date.
Everything up-to-date
From https://gem5.googlesource.com/public/gem5
 * branch                  develop    -> FETCH_HEAD
Already up to date.
Everything up-to-date
From https://gem5.googlesource.com/public/gem5
 * branch                  develop    -> FETCH_HEAD
Already up to date.
Everything up-to-date
From https://gem5.googlesource.com/public/gem5
 * branch                  develop    -> FETCH_HEAD
Already up to date.
To github.com:mkjost0/gem5-actions.git
   2505890d37..68cd8471e6  testing/develop -> testing/develop
From https://gem5.googlesource.com/public/gem5
 * branch                  develop    -> FETCH_HEAD
Already up to date.
To github.com:mkjost0/gem5-actions.git
   2505890d37..68cd8471e6  origin/develop -> origin/develop
From https://gem5.googlesource.com/public/gem5
 * branch                  develop    -> FETCH_HEAD
Already up to date.
Everything up-to-date
From https://gem5.googlesource.com/public/gem5
 * branch                  develop    -> FETCH_HEAD
Already up to date.
Everything up-to-date
From https://gem5.googlesource.com/public/gem5
 * branch                  develop    -> FETCH_HEAD
Already up to date.
Everything up-to-date
From https://gem5.googlesource.com/public/gem5
 * branch                  develop    -> FETCH_HEAD
Already up to date.
Everything up-to-date
From https://gem5.googlesource.com/public/gem5
 * branch                  develop    -> FETCH_HEAD
Already up to date.
To github.com:mkjost0/gem5-actions.git
   68cd8471e6..3f93e05646  testing/develop -> testing/develop
From https://gem5.googlesource.com/public/gem5
 * branch                  develop    -> FETCH_HEAD
Already up to date.
To github.com:mkjost0/gem5-actions.git
   68cd8471e6..3f93e05646  origin/develop -> origin/develop
From https://gem5.googlesource.com/public/gem5
 * branch                  develop    -> FETCH_HEAD
Already up to date.
Everything up-to-date
From https://gem5.googlesource.com/public/gem5
 * branch                  develop    -> FETCH_HEAD
Already up to date.
Everything up-to-date
From https://gem5.googlesource.com/public/gem5
 * branch                  develop    -> FETCH_HEAD
Already up to date.
Everything up-to-date
From https://gem5.googlesource.com/public/gem5
 * branch                  develop    -> FETCH_HEAD
Already up to date.
Everything up-to-date
From https://gem5.googlesource.com/public/gem5
 * branch                  develop    -> FETCH_HEAD
Already up to date.
To github.com:mkjost0/gem5-actions.git
   3f93e05646..c054778f94  testing/develop -> testing/develop
From https://gem5.googlesource.com/public/gem5
 * branch                  develop    -> FETCH_HEAD
Already up to date.
To github.com:mkjost0/gem5-actions.git
   3f93e05646..c054778f94  origin/develop -> origin/develop
From https://gem5.googlesource.com/public/gem5
 * branch                  develop    -> FETCH_HEAD
Already up to date.
Everything up-to-date
From https://gem5.googlesource.com/public/gem5
 * branch                  develop    -> FETCH_HEAD
Already up to date.
Everything up-to-date
From https://gem5.googlesource.com/public/gem5
 * branch                  develop    -> FETCH_HEAD
Already up to date.
Everything up-to-date
From https://gem5.googlesource.com/public/gem5
 * branch                  develop    -> FETCH_HEAD
Already up to date.
Everything up-to-date
From https://gem5.googlesource.com/public/gem5
 * branch                  develop    -> FETCH_HEAD
Already up to date.
To github.com:mkjost0/gem5-actions.git
   c054778f94..99420d6404  testing/develop -> testing/develop
From https://gem5.googlesource.com/public/gem5
 * branch                  develop    -> FETCH_HEAD
Already up to date.
To github.com:mkjost0/gem5-actions.git
   c054778f94..99420d6404  origin/develop -> origin/develop
From https://gem5.googlesource.com/public/gem5
 * branch                  develop    -> FETCH_HEAD
Already up to date.
Everything up-to-date
From https://gem5.googlesource.com/public/gem5
 * branch                  develop    -> FETCH_HEAD
Already up to date.
Everything up-to-date
From https://gem5.googlesource.com/public/gem5
 * branch                  develop    -> FETCH_HEAD
Already up to date.
Everything up-to-date
From https://gem5.googlesource.com/public/gem5
 * branch                  develop    -> FETCH_HEAD
Already up to date.
Everything up-to-date
From https://gem5.googlesource.com/public/gem5
 * branch                  develop    -> FETCH_HEAD
Already up to date.
Everything up-to-date
From https://gem5.googlesource.com/public/gem5
 * branch                  develop    -> FETCH_HEAD
   ebd5b3e4ae..917ced812c  develop    -> upstream/develop
Merge made by the 'recursive' strategy.
 src/python/gem5/components/memory/dramsim_3.py | 5 +++--
 1 file changed, 3 insertions(+), 2 deletions(-)
remote: Resolving deltas:   0% (0/8)        remote: Resolving deltas:  12% (1/8)        remote: Resolving deltas:  25% (2/8)        remote: Resolving deltas:  37% (3/8)        remote: Resolving deltas:  50% (4/8)        remote: Resolving deltas:  62% (5/8)        remote: Resolving deltas:  75% (6/8)        remote: Resolving deltas:  87% (7/8)        remote: Resolving deltas: 100% (8/8)        remote: Resolving deltas: 100% (8/8), completed with 8 local objects.        
To github.com:mkjost0/gem5-actions.git
   99420d6404..719fe534b0  develop -> develop
   ebd5b3e4ae..917ced812c  upstream/develop -> upstream/develop
From https://gem5.googlesource.com/public/gem5
 * branch                  develop    -> FETCH_HEAD
Already up to date.
To github.com:mkjost0/gem5-actions.git
   99420d6404..719fe534b0  origin/develop -> origin/develop
From https://gem5.googlesource.com/public/gem5
 * branch                  develop    -> FETCH_HEAD
Already up to date.
To github.com:mkjost0/gem5-actions.git
 - [deleted]               testing
From https://gem5.googlesource.com/public/gem5
 * branch                  develop    -> FETCH_HEAD
Already up to date.
Everything up-to-date
From https://gem5.googlesource.com/public/gem5
 * branch                  develop    -> FETCH_HEAD
Already up to date.
Everything up-to-date
From https://gem5.googlesource.com/public/gem5
 * branch                  develop    -> FETCH_HEAD
Already up to date.
Everything up-to-date
From https://gem5.googlesource.com/public/gem5
 * branch                  develop    -> FETCH_HEAD
Already up to date.
To github.com:mkjost0/gem5-actions.git
   99420d6404..2ac5e78360  testing/develop -> testing/develop
From https://gem5.googlesource.com/public/gem5
 * branch                  develop    -> FETCH_HEAD
Already up to date.
To github.com:mkjost0/gem5-actions.git
   719fe534b0..2ac5e78360  origin/develop -> origin/develop
From https://gem5.googlesource.com/public/gem5
 * branch                  develop    -> FETCH_HEAD
Already up to date.
Everything up-to-date
From https://gem5.googlesource.com/public/gem5
 * branch                  develop    -> FETCH_HEAD
Already up to date.
Everything up-to-date
From https://gem5.googlesource.com/public/gem5
 * branch                  develop    -> FETCH_HEAD
Already up to date.
Everything up-to-date
From https://gem5.googlesource.com/public/gem5
 * branch                  develop    -> FETCH_HEAD
Already up to date.
Everything up-to-date
From https://gem5.googlesource.com/public/gem5
 * branch                  develop    -> FETCH_HEAD
Already up to date.
Everything up-to-date
From https://gem5.googlesource.com/public/gem5
 * branch                  develop    -> FETCH_HEAD
Already up to date.
Everything up-to-date
From https://gem5.googlesource.com/public/gem5
 * branch                  develop    -> FETCH_HEAD
Already up to date.
Everything up-to-date
From https://gem5.googlesource.com/public/gem5
 * branch                  develop    -> FETCH_HEAD
Already up to date.
Everything up-to-date
From https://gem5.googlesource.com/public/gem5
 * branch                  develop    -> FETCH_HEAD
Already up to date.
Everything up-to-date
From https://gem5.googlesource.com/public/gem5
 * branch                  develop    -> FETCH_HEAD
Already up to date.
Everything up-to-date
From https://gem5.googlesource.com/public/gem5
 * branch                  develop    -> FETCH_HEAD
Already up to date.
Everything up-to-date
From https://gem5.googlesource.com/public/gem5
 * branch                  develop    -> FETCH_HEAD
Already up to date.
Everything up-to-date
From https://gem5.googlesource.com/public/gem5
 * branch                  develop    -> FETCH_HEAD
Already up to date.
Everything up-to-date
From https://gem5.googlesource.com/public/gem5
 * branch                  develop    -> FETCH_HEAD
Already up to date.
Everything up-to-date
From https://gem5.googlesource.com/public/gem5
 * branch                  develop    -> FETCH_HEAD
Already up to date.
Everything up-to-date
From https://gem5.googlesource.com/public/gem5
 * branch                  develop    -> FETCH_HEAD
Already up to date.
Everything up-to-date
From https://gem5.googlesource.com/public/gem5
 * branch                  develop    -> FETCH_HEAD
Already up to date.
Everything up-to-date
From https://gem5.googlesource.com/public/gem5
 * branch                  develop    -> FETCH_HEAD
Already up to date.
Everything up-to-date
From https://gem5.googlesource.com/public/gem5
 * branch                  develop    -> FETCH_HEAD
Already up to date.
Everything up-to-date
From https://gem5.googlesource.com/public/gem5
 * branch                  develop    -> FETCH_HEAD
Already up to date.
Everything up-to-date
From https://gem5.googlesource.com/public/gem5
 * branch                  develop    -> FETCH_HEAD
Already up to date.
Everything up-to-date
From https://gem5.googlesource.com/public/gem5
 * branch                  develop    -> FETCH_HEAD
Already up to date.
Everything up-to-date
From https://gem5.googlesource.com/public/gem5
 * branch                  develop    -> FETCH_HEAD
Already up to date.
Everything up-to-date
From https://gem5.googlesource.com/public/gem5
 * branch                  develop    -> FETCH_HEAD
Already up to date.
Everything up-to-date
From https://gem5.googlesource.com/public/gem5
 * branch                  develop    -> FETCH_HEAD
Already up to date.
Everything up-to-date
From https://gem5.googlesource.com/public/gem5
 * branch                  develop    -> FETCH_HEAD
Already up to date.
Everything up-to-date
From https://gem5.googlesource.com/public/gem5
 * branch                  develop    -> FETCH_HEAD
Already up to date.
Everything up-to-date
From https://gem5.googlesource.com/public/gem5
 * branch                  develop    -> FETCH_HEAD
Already up to date.
Everything up-to-date
From https://gem5.googlesource.com/public/gem5
 * branch                  develop    -> FETCH_HEAD
Already up to date.
Everything up-to-date
From https://gem5.googlesource.com/public/gem5
 * branch                  develop    -> FETCH_HEAD
Already up to date.
Everything up-to-date
From https://gem5.googlesource.com/public/gem5
 * branch                  develop    -> FETCH_HEAD
Already up to date.
Everything up-to-date
From https://gem5.googlesource.com/public/gem5
 * branch                  develop    -> FETCH_HEAD
Already up to date.
Everything up-to-date
From https://gem5.googlesource.com/public/gem5
 * branch                  develop    -> FETCH_HEAD
Already up to date.
Everything up-to-date
From https://gem5.googlesource.com/public/gem5
 * branch                  develop    -> FETCH_HEAD
Already up to date.
Everything up-to-date
From https://gem5.googlesource.com/public/gem5
 * branch                  develop    -> FETCH_HEAD
Already up to date.
Everything up-to-date
From https://gem5.googlesource.com/public/gem5
 * branch                  develop    -> FETCH_HEAD
Already up to date.
Everything up-to-date
From https://gem5.googlesource.com/public/gem5
 * branch                  develop    -> FETCH_HEAD
Already up to date.
Everything up-to-date
From https://gem5.googlesource.com/public/gem5
 * branch                  develop    -> FETCH_HEAD
Already up to date.
Everything up-to-date
From https://gem5.googlesource.com/public/gem5
 * branch                  develop    -> FETCH_HEAD
Already up to date.
Everything up-to-date
From https://gem5.googlesource.com/public/gem5
 * branch                  develop    -> FETCH_HEAD
Already up to date.
Everything up-to-date
From https://gem5.googlesource.com/public/gem5
 * branch                  develop    -> FETCH_HEAD
Already up to date.
Everything up-to-date
From https://gem5.googlesource.com/public/gem5
 * branch                  develop    -> FETCH_HEAD
Already up to date.
Everything up-to-date
From https://gem5.googlesource.com/public/gem5
 * branch                  develop    -> FETCH_HEAD
Already up to date.
Everything up-to-date
From https://gem5.googlesource.com/public/gem5
 * branch                  develop    -> FETCH_HEAD
Already up to date.
Everything up-to-date
From https://gem5.googlesource.com/public/gem5
 * branch                  develop    -> FETCH_HEAD
Already up to date.
Everything up-to-date
From https://gem5.googlesource.com/public/gem5
 * branch                  develop    -> FETCH_HEAD
Already up to date.
Everything up-to-date
From https://gem5.googlesource.com/public/gem5
 * branch                  develop    -> FETCH_HEAD
Already up to date.
Everything up-to-date
From https://gem5.googlesource.com/public/gem5
 * branch                  develop    -> FETCH_HEAD
Already up to date.
Everything up-to-date
From https://gem5.googlesource.com/public/gem5
 * branch                  develop    -> FETCH_HEAD
Already up to date.
Everything up-to-date
From https://gem5.googlesource.com/public/gem5
 * branch                  develop    -> FETCH_HEAD
Already up to date.
Everything up-to-date
From https://gem5.googlesource.com/public/gem5
 * branch                  develop    -> FETCH_HEAD
Already up to date.
Everything up-to-date
From https://gem5.googlesource.com/public/gem5
 * branch                  develop    -> FETCH_HEAD
Already up to date.
Everything up-to-date
From https://gem5.googlesource.com/public/gem5
 * branch                  develop    -> FETCH_HEAD
Already up to date.
Everything up-to-date
From https://gem5.googlesource.com/public/gem5
 * branch                  develop    -> FETCH_HEAD
Already up to date.
Everything up-to-date
From https://gem5.googlesource.com/public/gem5
 * branch                  develop    -> FETCH_HEAD
Already up to date.
Everything up-to-date
From https://gem5.googlesource.com/public/gem5
 * branch                  develop    -> FETCH_HEAD
Already up to date.
Everything up-to-date
From https://gem5.googlesource.com/public/gem5
 * branch                  develop    -> FETCH_HEAD
Already up to date.
Everything up-to-date
From https://gem5.googlesource.com/public/gem5
 * branch                  develop    -> FETCH_HEAD
Already up to date.
Everything up-to-date
From https://gem5.googlesource.com/public/gem5
 * branch                  develop    -> FETCH_HEAD
Already up to date.
Everything up-to-date
From https://gem5.googlesource.com/public/gem5
 * branch                  develop    -> FETCH_HEAD
Already up to date.
Everything up-to-date
From https://gem5.googlesource.com/public/gem5
 * branch                  develop    -> FETCH_HEAD
Already up to date.
Everything up-to-date
From https://gem5.googlesource.com/public/gem5
 * branch                  develop    -> FETCH_HEAD
Already up to date.
Everything up-to-date
From https://gem5.googlesource.com/public/gem5
 * branch                  develop    -> FETCH_HEAD
Already up to date.
To github.com:mkjost0/gem5-actions.git
   2ac5e78360..4b084ad11d  testing/develop -> testing/develop
From https://gem5.googlesource.com/public/gem5
 * branch                  develop    -> FETCH_HEAD
Already up to date.
To github.com:mkjost0/gem5-actions.git
   2ac5e78360..4b084ad11d  origin/develop -> origin/develop
From https://gem5.googlesource.com/public/gem5
 * branch                  develop    -> FETCH_HEAD
Already up to date.
Everything up-to-date
From https://gem5.googlesource.com/public/gem5
 * branch                  develop    -> FETCH_HEAD
Already up to date.
Everything up-to-date
From https://gem5.googlesource.com/public/gem5
 * branch                  develop    -> FETCH_HEAD
Already up to date.
Everything up-to-date
From https://gem5.googlesource.com/public/gem5
 * branch                  develop    -> FETCH_HEAD
Already up to date.
Everything up-to-date
From https://gem5.googlesource.com/public/gem5
 * branch                  develop    -> FETCH_HEAD
Already up to date.
Everything up-to-date
From https://gem5.googlesource.com/public/gem5
 * branch                  develop    -> FETCH_HEAD
Already up to date.
Everything up-to-date
From https://gem5.googlesource.com/public/gem5
 * branch                  develop    -> FETCH_HEAD
Already up to date.
Everything up-to-date
From https://gem5.googlesource.com/public/gem5
 * branch                  develop    -> FETCH_HEAD
Already up to date.
Everything up-to-date
From https://gem5.googlesource.com/public/gem5
 * branch                  develop    -> FETCH_HEAD
Already up to date.
Everything up-to-date
From https://gem5.googlesource.com/public/gem5
 * branch                  develop    -> FETCH_HEAD
Already up to date.
Everything up-to-date
From https://gem5.googlesource.com/public/gem5
 * branch                  develop    -> FETCH_HEAD
Already up to date.
Everything up-to-date
From https://gem5.googlesource.com/public/gem5
 * branch                  develop    -> FETCH_HEAD
Already up to date.
Everything up-to-date
From https://gem5.googlesource.com/public/gem5
 * branch                  develop    -> FETCH_HEAD
Already up to date.
Everything up-to-date
From https://gem5.googlesource.com/public/gem5
 * branch                  develop    -> FETCH_HEAD
Already up to date.
Everything up-to-date
From https://gem5.googlesource.com/public/gem5
 * branch                  develop    -> FETCH_HEAD
Already up to date.
Everything up-to-date
From https://gem5.googlesource.com/public/gem5
 * branch                  develop    -> FETCH_HEAD
Already up to date.
Everything up-to-date
From https://gem5.googlesource.com/public/gem5
 * branch                  develop    -> FETCH_HEAD
Already up to date.
Everything up-to-date
From https://gem5.googlesource.com/public/gem5
 * branch                  develop    -> FETCH_HEAD
Already up to date.
Everything up-to-date
From https://gem5.googlesource.com/public/gem5
 * branch                  develop    -> FETCH_HEAD
Already up to date.
Everything up-to-date
From https://gem5.googlesource.com/public/gem5
 * branch                  develop    -> FETCH_HEAD
Already up to date.
Everything up-to-date
From https://gem5.googlesource.com/public/gem5
 * branch                  develop    -> FETCH_HEAD
Already up to date.
Everything up-to-date
From https://gem5.googlesource.com/public/gem5
 * branch                  develop    -> FETCH_HEAD
Already up to date.
Everything up-to-date
From https://gem5.googlesource.com/public/gem5
 * branch                  develop    -> FETCH_HEAD
Already up to date.
Everything up-to-date
From https://gem5.googlesource.com/public/gem5
 * branch                  develop    -> FETCH_HEAD
Already up to date.
To github.com:mkjost0/gem5-actions.git
 - [deleted]               new-branch
From https://gem5.googlesource.com/public/gem5
 * branch                  develop    -> FETCH_HEAD
Already up to date.
Everything up-to-date
From https://gem5.googlesource.com/public/gem5
 * branch                  develop    -> FETCH_HEAD
Already up to date.
Everything up-to-date
From https://gem5.googlesource.com/public/gem5
 * branch                  develop    -> FETCH_HEAD
Already up to date.
Everything up-to-date
From https://gem5.googlesource.com/public/gem5
 * branch                  develop    -> FETCH_HEAD
Already up to date.
Everything up-to-date
From https://gem5.googlesource.com/public/gem5
 * branch                  develop    -> FETCH_HEAD
Already up to date.
Everything up-to-date
From https://gem5.googlesource.com/public/gem5
 * branch                  develop    -> FETCH_HEAD
Already up to date.
Everything up-to-date
From https://gem5.googlesource.com/public/gem5
 * branch                  develop    -> FETCH_HEAD
Already up to date.
Everything up-to-date
From https://gem5.googlesource.com/public/gem5
 * branch                  develop    -> FETCH_HEAD
Already up to date.
Everything up-to-date
From https://gem5.googlesource.com/public/gem5
 * branch                  develop    -> FETCH_HEAD
   917ced812c..5e5e81d1c5  develop    -> upstream/develop
Merge made by the 'recursive' strategy.
 src/arch/riscv/isa/decoder.isa | 20 ++++++++++++++++++++
 1 file changed, 20 insertions(+)
remote: Resolving deltas:   0% (0/7)        remote: Resolving deltas:  14% (1/7)        remote: Resolving deltas:  28% (2/7)        remote: Resolving deltas:  42% (3/7)        remote: Resolving deltas:  57% (4/7)        remote: Resolving deltas:  71% (5/7)        remote: Resolving deltas:  85% (6/7)        remote: Resolving deltas: 100% (7/7)        remote: Resolving deltas: 100% (7/7), completed with 7 local objects.        
remote: Bypassed rule violations for refs/heads/develop:        
remote: 
remote: - New changes require approval from someone other than the last pusher.        
remote: 
To github.com:mkjost0/gem5-actions.git
   4b084ad11d..69671a3ba7  develop -> develop
   917ced812c..5e5e81d1c5  upstream/develop -> upstream/develop
From https://gem5.googlesource.com/public/gem5
 * branch                  develop    -> FETCH_HEAD
Already up to date.
To github.com:mkjost0/gem5-actions.git
   4b084ad11d..69671a3ba7  origin/develop -> origin/develop
   4b084ad11d..e5c8e923e0  testing/develop -> testing/develop
From https://gem5.googlesource.com/public/gem5
 * branch                  develop    -> FETCH_HEAD
Already up to date.
To github.com:mkjost0/gem5-actions.git
   69671a3ba7..e5c8e923e0  origin/develop -> origin/develop
From https://gem5.googlesource.com/public/gem5
 * branch                  develop    -> FETCH_HEAD
Already up to date.
Everything up-to-date
From https://gem5.googlesource.com/public/gem5
 * branch                  develop    -> FETCH_HEAD
Already up to date.
Everything up-to-date
From https://gem5.googlesource.com/public/gem5
 * branch                  develop    -> FETCH_HEAD
Already up to date.
Everything up-to-date
From https://gem5.googlesource.com/public/gem5
 * branch                  develop    -> FETCH_HEAD
Already up to date.
Everything up-to-date
From https://gem5.googlesource.com/public/gem5
 * branch                  develop    -> FETCH_HEAD
Already up to date.
Everything up-to-date
From https://gem5.googlesource.com/public/gem5
 * branch                  develop    -> FETCH_HEAD
Already up to date.
Everything up-to-date
From https://gem5.googlesource.com/public/gem5
 * branch                  develop    -> FETCH_HEAD
Already up to date.
Everything up-to-date
From https://gem5.googlesource.com/public/gem5
 * branch                  develop    -> FETCH_HEAD
Already up to date.
Everything up-to-date
From https://gem5.googlesource.com/public/gem5
 * branch                  develop    -> FETCH_HEAD
Already up to date.
Everything up-to-date
From https://gem5.googlesource.com/public/gem5
 * branch                  develop    -> FETCH_HEAD
Already up to date.
Everything up-to-date
From https://gem5.googlesource.com/public/gem5
 * branch                  develop    -> FETCH_HEAD
Already up to date.
Everything up-to-date
From https://gem5.googlesource.com/public/gem5
 * branch                  develop    -> FETCH_HEAD
Already up to date.
Everything up-to-date
From https://gem5.googlesource.com/public/gem5
 * branch                  develop    -> FETCH_HEAD
Already up to date.
Everything up-to-date
From https://gem5.googlesource.com/public/gem5
 * branch                  develop    -> FETCH_HEAD
Already up to date.
Everything up-to-date
From https://gem5.googlesource.com/public/gem5
 * branch                  develop    -> FETCH_HEAD
Already up to date.
Everything up-to-date
From https://gem5.googlesource.com/public/gem5
 * branch                  develop    -> FETCH_HEAD
Already up to date.
Everything up-to-date
From https://gem5.googlesource.com/public/gem5
 * branch                  develop    -> FETCH_HEAD
Already up to date.
Everything up-to-date
From https://gem5.googlesource.com/public/gem5
 * branch                  develop    -> FETCH_HEAD
Already up to date.
Everything up-to-date
From https://gem5.googlesource.com/public/gem5
 * branch                  develop    -> FETCH_HEAD
Already up to date.
Everything up-to-date
From https://gem5.googlesource.com/public/gem5
 * branch                  develop    -> FETCH_HEAD
Already up to date.
Everything up-to-date
From https://gem5.googlesource.com/public/gem5
 * branch                  develop    -> FETCH_HEAD
Already up to date.
Everything up-to-date
From https://gem5.googlesource.com/public/gem5
 * branch                  develop    -> FETCH_HEAD
Already up to date.
Everything up-to-date
From https://gem5.googlesource.com/public/gem5
 * branch                  develop    -> FETCH_HEAD
Already up to date.
Everything up-to-date
From https://gem5.googlesource.com/public/gem5
 * branch                  develop    -> FETCH_HEAD
Already up to date.
Everything up-to-date
From https://gem5.googlesource.com/public/gem5
 * branch                  develop    -> FETCH_HEAD
Already up to date.
Everything up-to-date
From https://gem5.googlesource.com/public/gem5
 * branch                  develop    -> FETCH_HEAD
Already up to date.
Everything up-to-date
From https://gem5.googlesource.com/public/gem5
 * branch                  develop    -> FETCH_HEAD
Already up to date.
Everything up-to-date
From https://gem5.googlesource.com/public/gem5
 * branch                  develop    -> FETCH_HEAD
Already up to date.
Everything up-to-date
From https://gem5.googlesource.com/public/gem5
 * branch                  develop    -> FETCH_HEAD
Already up to date.
Everything up-to-date
From https://gem5.googlesource.com/public/gem5
 * branch                  develop    -> FETCH_HEAD
Already up to date.
Everything up-to-date
From https://gem5.googlesource.com/public/gem5
 * branch                  develop    -> FETCH_HEAD
Already up to date.
Everything up-to-date
From https://gem5.googlesource.com/public/gem5
 * branch                  develop    -> FETCH_HEAD
Already up to date.
Everything up-to-date
From https://gem5.googlesource.com/public/gem5
 * branch                  develop    -> FETCH_HEAD
Already up to date.
Everything up-to-date
From https://gem5.googlesource.com/public/gem5
 * branch                  develop    -> FETCH_HEAD
Already up to date.
Everything up-to-date
From https://gem5.googlesource.com/public/gem5
 * branch                  develop    -> FETCH_HEAD
Already up to date.
Everything up-to-date
From https://gem5.googlesource.com/public/gem5
 * branch                  develop    -> FETCH_HEAD
Already up to date.
Everything up-to-date
From https://gem5.googlesource.com/public/gem5
 * branch                  develop    -> FETCH_HEAD
Already up to date.
Everything up-to-date
From https://gem5.googlesource.com/public/gem5
 * branch                  develop    -> FETCH_HEAD
Already up to date.
Everything up-to-date
From https://gem5.googlesource.com/public/gem5
 * branch                  develop    -> FETCH_HEAD
Already up to date.
Everything up-to-date
From https://gem5.googlesource.com/public/gem5
 * branch                  develop    -> FETCH_HEAD
Already up to date.
Everything up-to-date
From https://gem5.googlesource.com/public/gem5
 * branch                  develop    -> FETCH_HEAD
Already up to date.
Everything up-to-date
From https://gem5.googlesource.com/public/gem5
 * branch                  develop    -> FETCH_HEAD
Already up to date.
Everything up-to-date
From https://gem5.googlesource.com/public/gem5
 * branch                  develop    -> FETCH_HEAD
Already up to date.
Everything up-to-date
From https://gem5.googlesource.com/public/gem5
 * branch                  develop    -> FETCH_HEAD
Already up to date.
Everything up-to-date
From https://gem5.googlesource.com/public/gem5
 * branch                  develop    -> FETCH_HEAD
Already up to date.
Everything up-to-date
From https://gem5.googlesource.com/public/gem5
 * branch                  develop    -> FETCH_HEAD
Already up to date.
Everything up-to-date
From https://gem5.googlesource.com/public/gem5
 * branch                  develop    -> FETCH_HEAD
Already up to date.
Everything up-to-date
From https://gem5.googlesource.com/public/gem5
 * branch                  develop    -> FETCH_HEAD
Already up to date.
Everything up-to-date
From https://gem5.googlesource.com/public/gem5
 * branch                  develop    -> FETCH_HEAD
Already up to date.
Everything up-to-date
From https://gem5.googlesource.com/public/gem5
 * branch                  develop    -> FETCH_HEAD
Already up to date.
Everything up-to-date
From https://gem5.googlesource.com/public/gem5
 * branch                  develop    -> FETCH_HEAD
Already up to date.
Everything up-to-date
From https://gem5.googlesource.com/public/gem5
 * branch                  develop    -> FETCH_HEAD
Already up to date.
Everything up-to-date
From https://gem5.googlesource.com/public/gem5
 * branch                  develop    -> FETCH_HEAD
Already up to date.
Everything up-to-date
From https://gem5.googlesource.com/public/gem5
 * branch                  develop    -> FETCH_HEAD
Already up to date.
Everything up-to-date
From https://gem5.googlesource.com/public/gem5
 * branch                  develop    -> FETCH_HEAD
Already up to date.
Everything up-to-date
From https://gem5.googlesource.com/public/gem5
 * branch                  develop    -> FETCH_HEAD
Already up to date.
Everything up-to-date
From https://gem5.googlesource.com/public/gem5
 * branch                  develop    -> FETCH_HEAD
Already up to date.
Everything up-to-date
From https://gem5.googlesource.com/public/gem5
 * branch                  develop    -> FETCH_HEAD
Already up to date.
Everything up-to-date
From https://gem5.googlesource.com/public/gem5
 * branch                  develop    -> FETCH_HEAD
Already up to date.
Everything up-to-date
From https://gem5.googlesource.com/public/gem5
 * branch                  develop    -> FETCH_HEAD
Already up to date.
Everything up-to-date
From https://gem5.googlesource.com/public/gem5
 * branch                  develop    -> FETCH_HEAD
Already up to date.
Everything up-to-date
From https://gem5.googlesource.com/public/gem5
 * branch                  develop    -> FETCH_HEAD
Already up to date.
Everything up-to-date
From https://gem5.googlesource.com/public/gem5
 * branch                  develop    -> FETCH_HEAD
Already up to date.
Everything up-to-date
From https://gem5.googlesource.com/public/gem5
 * branch                  develop    -> FETCH_HEAD
Already up to date.
Everything up-to-date
From https://gem5.googlesource.com/public/gem5
 * branch                  develop    -> FETCH_HEAD
Already up to date.
Everything up-to-date
From https://gem5.googlesource.com/public/gem5
 * branch                  develop    -> FETCH_HEAD
Already up to date.
Everything up-to-date
From https://gem5.googlesource.com/public/gem5
 * branch                  develop    -> FETCH_HEAD
Already up to date.
Everything up-to-date
From https://gem5.googlesource.com/public/gem5
 * branch                  develop    -> FETCH_HEAD
Already up to date.
Everything up-to-date
From https://gem5.googlesource.com/public/gem5
 * branch                  develop    -> FETCH_HEAD
Already up to date.
Everything up-to-date
From https://gem5.googlesource.com/public/gem5
 * branch                  develop    -> FETCH_HEAD
Already up to date.
Everything up-to-date
From https://gem5.googlesource.com/public/gem5
 * branch                  develop    -> FETCH_HEAD
Already up to date.
Everything up-to-date
From https://gem5.googlesource.com/public/gem5
 * branch                  develop    -> FETCH_HEAD
Already up to date.
Everything up-to-date
From https://gem5.googlesource.com/public/gem5
 * branch                  develop    -> FETCH_HEAD
Already up to date.
Everything up-to-date
From https://gem5.googlesource.com/public/gem5
 * branch                  develop    -> FETCH_HEAD
Already up to date.
Everything up-to-date
From https://gem5.googlesource.com/public/gem5
 * branch                  develop    -> FETCH_HEAD
Already up to date.
Everything up-to-date
From https://gem5.googlesource.com/public/gem5
 * branch                  develop    -> FETCH_HEAD
Already up to date.
Everything up-to-date
From https://gem5.googlesource.com/public/gem5
 * branch                  develop    -> FETCH_HEAD
Already up to date.
Everything up-to-date
From https://gem5.googlesource.com/public/gem5
 * branch                  develop    -> FETCH_HEAD
Already up to date.
Everything up-to-date
From https://gem5.googlesource.com/public/gem5
 * branch                  develop    -> FETCH_HEAD
Already up to date.
Everything up-to-date
From https://gem5.googlesource.com/public/gem5
 * branch                  develop    -> FETCH_HEAD
Already up to date.
Everything up-to-date
From https://gem5.googlesource.com/public/gem5
 * branch                  develop    -> FETCH_HEAD
Already up to date.
Everything up-to-date
From https://gem5.googlesource.com/public/gem5
 * branch                  develop    -> FETCH_HEAD
Already up to date.
Everything up-to-date
From https://gem5.googlesource.com/public/gem5
 * branch                  develop    -> FETCH_HEAD
Already up to date.
Everything up-to-date
From https://gem5.googlesource.com/public/gem5
 * branch                  develop    -> FETCH_HEAD
Already up to date.
Everything up-to-date
From https://gem5.googlesource.com/public/gem5
 * branch                  develop    -> FETCH_HEAD
Already up to date.
Everything up-to-date
From https://gem5.googlesource.com/public/gem5
 * branch                  develop    -> FETCH_HEAD
Already up to date.
Everything up-to-date
From https://gem5.googlesource.com/public/gem5
 * branch                  develop    -> FETCH_HEAD
Already up to date.
Everything up-to-date
From https://gem5.googlesource.com/public/gem5
 * branch                  develop    -> FETCH_HEAD
Already up to date.
Everything up-to-date
From https://gem5.googlesource.com/public/gem5
 * branch                  develop    -> FETCH_HEAD
Already up to date.
Everything up-to-date
From https://gem5.googlesource.com/public/gem5
 * branch                  develop    -> FETCH_HEAD
Already up to date.
Everything up-to-date
From https://gem5.googlesource.com/public/gem5
 * branch                  develop    -> FETCH_HEAD
Already up to date.
Everything up-to-date
From https://gem5.googlesource.com/public/gem5
 * branch                  develop    -> FETCH_HEAD
Already up to date.
Everything up-to-date
From https://gem5.googlesource.com/public/gem5
 * branch                  develop    -> FETCH_HEAD
Already up to date.
Everything up-to-date
From https://gem5.googlesource.com/public/gem5
 * branch                  develop    -> FETCH_HEAD
Already up to date.
Everything up-to-date
From https://gem5.googlesource.com/public/gem5
 * branch                  develop    -> FETCH_HEAD
Already up to date.
Everything up-to-date
From https://gem5.googlesource.com/public/gem5
 * branch                  develop    -> FETCH_HEAD
Already up to date.
Everything up-to-date
From https://gem5.googlesource.com/public/gem5
 * branch                  develop    -> FETCH_HEAD
Already up to date.
Everything up-to-date
From https://gem5.googlesource.com/public/gem5
 * branch                  develop    -> FETCH_HEAD
Already up to date.
Everything up-to-date
From https://gem5.googlesource.com/public/gem5
 * branch                  develop    -> FETCH_HEAD
Already up to date.
Everything up-to-date
From https://gem5.googlesource.com/public/gem5
 * branch                  develop    -> FETCH_HEAD
Already up to date.
Everything up-to-date
From https://gem5.googlesource.com/public/gem5
 * branch                  develop    -> FETCH_HEAD
Already up to date.
Everything up-to-date
From https://gem5.googlesource.com/public/gem5
 * branch                  develop    -> FETCH_HEAD
Already up to date.
Everything up-to-date
From https://gem5.googlesource.com/public/gem5
 * branch                  develop    -> FETCH_HEAD
Already up to date.
Everything up-to-date
From https://gem5.googlesource.com/public/gem5
 * branch                  develop    -> FETCH_HEAD
Already up to date.
Everything up-to-date
From https://gem5.googlesource.com/public/gem5
 * branch                  develop    -> FETCH_HEAD
Already up to date.
Everything up-to-date
From https://gem5.googlesource.com/public/gem5
 * branch                  develop    -> FETCH_HEAD
Already up to date.
Everything up-to-date
From https://gem5.googlesource.com/public/gem5
 * branch                  develop    -> FETCH_HEAD
Already up to date.
Everything up-to-date
From https://gem5.googlesource.com/public/gem5
 * branch                  develop    -> FETCH_HEAD
Already up to date.
Everything up-to-date
From https://gem5.googlesource.com/public/gem5
 * branch                  develop    -> FETCH_HEAD
Already up to date.
Everything up-to-date
From https://gem5.googlesource.com/public/gem5
 * branch                  develop    -> FETCH_HEAD
Already up to date.
Everything up-to-date
From https://gem5.googlesource.com/public/gem5
 * branch                  develop    -> FETCH_HEAD
Already up to date.
Everything up-to-date
From https://gem5.googlesource.com/public/gem5
 * branch                  develop    -> FETCH_HEAD
Already up to date.
Everything up-to-date
From https://gem5.googlesource.com/public/gem5
 * branch                  develop    -> FETCH_HEAD
Already up to date.
Everything up-to-date
From https://gem5.googlesource.com/public/gem5
 * branch                  develop    -> FETCH_HEAD
Already up to date.
Everything up-to-date
From https://gem5.googlesource.com/public/gem5
 * branch                  develop    -> FETCH_HEAD
Already up to date.
Everything up-to-date
From https://gem5.googlesource.com/public/gem5
 * branch                  develop    -> FETCH_HEAD
Already up to date.
Everything up-to-date
From https://gem5.googlesource.com/public/gem5
 * branch                  develop    -> FETCH_HEAD
Already up to date.
Everything up-to-date
From https://gem5.googlesource.com/public/gem5
 * branch                  develop    -> FETCH_HEAD
Already up to date.
Everything up-to-date
From https://gem5.googlesource.com/public/gem5
 * branch                  develop    -> FETCH_HEAD
Already up to date.
Everything up-to-date
From https://gem5.googlesource.com/public/gem5
 * branch                  develop    -> FETCH_HEAD
Already up to date.
Everything up-to-date
From https://gem5.googlesource.com/public/gem5
 * branch                  develop    -> FETCH_HEAD
Already up to date.
Everything up-to-date
From https://gem5.googlesource.com/public/gem5
 * branch                  develop    -> FETCH_HEAD
Already up to date.
Everything up-to-date
From https://gem5.googlesource.com/public/gem5
 * branch                  develop    -> FETCH_HEAD
Already up to date.
Everything up-to-date
From https://gem5.googlesource.com/public/gem5
 * branch                  develop    -> FETCH_HEAD
Already up to date.
Everything up-to-date
From https://gem5.googlesource.com/public/gem5
 * branch                  develop    -> FETCH_HEAD
Already up to date.
To github.com:mkjost0/gem5-actions.git
   e5c8e923e0..aa6e9e3f4e  testing/develop -> testing/develop
From https://gem5.googlesource.com/public/gem5
 * branch                  develop    -> FETCH_HEAD
Already up to date.
To github.com:mkjost0/gem5-actions.git
   e5c8e923e0..aa6e9e3f4e  origin/develop -> origin/develop
From https://gem5.googlesource.com/public/gem5
 * branch                  develop    -> FETCH_HEAD
Already up to date.
Everything up-to-date
From https://gem5.googlesource.com/public/gem5
 * branch                  develop    -> FETCH_HEAD
Already up to date.
Everything up-to-date
From https://gem5.googlesource.com/public/gem5
 * branch                  develop    -> FETCH_HEAD
Already up to date.
Everything up-to-date
From https://gem5.googlesource.com/public/gem5
 * branch                  develop    -> FETCH_HEAD
Already up to date.
Everything up-to-date
From https://gem5.googlesource.com/public/gem5
 * branch                  develop    -> FETCH_HEAD
Already up to date.
Everything up-to-date
From https://gem5.googlesource.com/public/gem5
 * branch                  develop    -> FETCH_HEAD
Already up to date.
Everything up-to-date
From https://gem5.googlesource.com/public/gem5
 * branch                  develop    -> FETCH_HEAD
Already up to date.
Everything up-to-date
From https://gem5.googlesource.com/public/gem5
 * branch                  develop    -> FETCH_HEAD
Already up to date.
Everything up-to-date
From https://gem5.googlesource.com/public/gem5
 * branch                  develop    -> FETCH_HEAD
Already up to date.
Everything up-to-date
From https://gem5.googlesource.com/public/gem5
 * branch                  develop    -> FETCH_HEAD
Already up to date.
Everything up-to-date
From https://gem5.googlesource.com/public/gem5
 * branch                  develop    -> FETCH_HEAD
Already up to date.
Everything up-to-date
From https://gem5.googlesource.com/public/gem5
 * branch                  develop    -> FETCH_HEAD
Already up to date.
Everything up-to-date
From https://gem5.googlesource.com/public/gem5
 * branch                  develop    -> FETCH_HEAD
Already up to date.
Everything up-to-date
From https://gem5.googlesource.com/public/gem5
 * branch                  develop    -> FETCH_HEAD
Already up to date.
Everything up-to-date
From https://gem5.googlesource.com/public/gem5
 * branch                  develop    -> FETCH_HEAD
Already up to date.
Everything up-to-date
From https://gem5.googlesource.com/public/gem5
 * branch                  develop    -> FETCH_HEAD
Already up to date.
Everything up-to-date
From https://gem5.googlesource.com/public/gem5
 * branch                  develop    -> FETCH_HEAD
Already up to date.
Everything up-to-date
From https://gem5.googlesource.com/public/gem5
 * branch                  develop    -> FETCH_HEAD
Already up to date.
Everything up-to-date
From https://gem5.googlesource.com/public/gem5
 * branch                  develop    -> FETCH_HEAD
Already up to date.
Everything up-to-date
From https://gem5.googlesource.com/public/gem5
 * branch                  develop    -> FETCH_HEAD
Already up to date.
Everything up-to-date
From https://gem5.googlesource.com/public/gem5
 * branch                  develop    -> FETCH_HEAD
Already up to date.
Everything up-to-date
From https://gem5.googlesource.com/public/gem5
 * branch                  develop    -> FETCH_HEAD
Already up to date.
Everything up-to-date
From https://gem5.googlesource.com/public/gem5
 * branch                  develop    -> FETCH_HEAD
Already up to date.
Everything up-to-date
From https://gem5.googlesource.com/public/gem5
 * branch                  develop    -> FETCH_HEAD
Already up to date.
Everything up-to-date
From https://gem5.googlesource.com/public/gem5
 * branch                  develop    -> FETCH_HEAD
Already up to date.
Everything up-to-date
From https://gem5.googlesource.com/public/gem5
 * branch                  develop    -> FETCH_HEAD
Already up to date.
Everything up-to-date
From https://gem5.googlesource.com/public/gem5
 * branch                  develop    -> FETCH_HEAD
Already up to date.
Everything up-to-date
From https://gem5.googlesource.com/public/gem5
 * branch                  develop    -> FETCH_HEAD
Already up to date.
Everything up-to-date
From https://gem5.googlesource.com/public/gem5
 * branch                  develop    -> FETCH_HEAD
Already up to date.
Everything up-to-date
From https://gem5.googlesource.com/public/gem5
 * branch                  develop    -> FETCH_HEAD
Already up to date.
Everything up-to-date
From https://gem5.googlesource.com/public/gem5
 * branch                  develop    -> FETCH_HEAD
Already up to date.
Everything up-to-date
From https://gem5.googlesource.com/public/gem5
 * branch                  develop    -> FETCH_HEAD
Already up to date.
Everything up-to-date
From https://gem5.googlesource.com/public/gem5
 * branch                  develop    -> FETCH_HEAD
Already up to date.
Everything up-to-date
From https://gem5.googlesource.com/public/gem5
 * branch                  develop    -> FETCH_HEAD
Already up to date.
Everything up-to-date
From https://gem5.googlesource.com/public/gem5
 * branch                  develop    -> FETCH_HEAD
Already up to date.
Everything up-to-date
From https://gem5.googlesource.com/public/gem5
 * branch                  develop    -> FETCH_HEAD
Already up to date.
Everything up-to-date
From https://gem5.googlesource.com/public/gem5
 * branch                  develop    -> FETCH_HEAD
Already up to date.
Everything up-to-date
From https://gem5.googlesource.com/public/gem5
 * branch                  develop    -> FETCH_HEAD
Already up to date.
Everything up-to-date
From https://gem5.googlesource.com/public/gem5
 * branch                  develop    -> FETCH_HEAD
Already up to date.
Everything up-to-date
From https://gem5.googlesource.com/public/gem5
 * branch                  develop    -> FETCH_HEAD
Already up to date.
Everything up-to-date
From https://gem5.googlesource.com/public/gem5
 * branch                  develop    -> FETCH_HEAD
Already up to date.
Everything up-to-date
From https://gem5.googlesource.com/public/gem5
 * branch                  develop    -> FETCH_HEAD
Already up to date.
Everything up-to-date
From https://gem5.googlesource.com/public/gem5
 * branch                  develop    -> FETCH_HEAD
Already up to date.
To github.com:mkjost0/gem5-actions.git
   aa6e9e3f4e..7727f78c28  testing/develop -> testing/develop
From https://gem5.googlesource.com/public/gem5
 * branch                  develop    -> FETCH_HEAD
Already up to date.
To github.com:mkjost0/gem5-actions.git
   aa6e9e3f4e..7727f78c28  origin/develop -> origin/develop
From https://gem5.googlesource.com/public/gem5
 * branch                  develop    -> FETCH_HEAD
Already up to date.
Everything up-to-date
From https://gem5.googlesource.com/public/gem5
 * branch                  develop    -> FETCH_HEAD
Already up to date.
Everything up-to-date
From https://gem5.googlesource.com/public/gem5
 * branch                  develop    -> FETCH_HEAD
Already up to date.
Everything up-to-date
From https://gem5.googlesource.com/public/gem5
 * branch                  develop    -> FETCH_HEAD
Already up to date.
Everything up-to-date
From https://gem5.googlesource.com/public/gem5
 * branch                  develop    -> FETCH_HEAD
Already up to date.
Everything up-to-date
From https://gem5.googlesource.com/public/gem5
 * branch                  develop    -> FETCH_HEAD
Already up to date.
Everything up-to-date
From https://gem5.googlesource.com/public/gem5
 * branch                  develop    -> FETCH_HEAD
Already up to date.
Everything up-to-date
From https://gem5.googlesource.com/public/gem5
 * branch                  develop    -> FETCH_HEAD
Already up to date.
Everything up-to-date
From https://gem5.googlesource.com/public/gem5
 * branch                  develop    -> FETCH_HEAD
Already up to date.
Everything up-to-date
From https://gem5.googlesource.com/public/gem5
 * branch                  develop    -> FETCH_HEAD
Already up to date.
Everything up-to-date
From https://gem5.googlesource.com/public/gem5
 * branch                  develop    -> FETCH_HEAD
Already up to date.
Everything up-to-date
From https://gem5.googlesource.com/public/gem5
 * branch                  develop    -> FETCH_HEAD
Already up to date.
Everything up-to-date
From https://gem5.googlesource.com/public/gem5
 * branch                  develop    -> FETCH_HEAD
Already up to date.
Everything up-to-date
From https://gem5.googlesource.com/public/gem5
 * branch                  develop    -> FETCH_HEAD
Already up to date.
Everything up-to-date
From https://gem5.googlesource.com/public/gem5
 * branch                  develop    -> FETCH_HEAD
Already up to date.
Everything up-to-date
From https://gem5.googlesource.com/public/gem5
 * branch                  develop    -> FETCH_HEAD
   5e5e81d1c5..942a9ea503  develop    -> upstream/develop
Merge made by the 'recursive' strategy.
 src/cpu/minor/BaseMinorCPU.py                      | 28 ++++++++++++++++++++++
 .../prebuilt/riscvmatched/riscvmatched_core.py     |  5 ++++
 2 files changed, 33 insertions(+)
remote: Resolving deltas:   0% (0/13)        remote: Resolving deltas:   7% (1/13)        remote: Resolving deltas:  15% (2/13)        remote: Resolving deltas:  23% (3/13)        remote: Resolving deltas:  30% (4/13)        remote: Resolving deltas:  38% (5/13)        remote: Resolving deltas:  46% (6/13)        remote: Resolving deltas:  53% (7/13)        remote: Resolving deltas:  61% (8/13)        remote: Resolving deltas:  69% (9/13)        remote: Resolving deltas:  76% (10/13)        remote: Resolving deltas:  84% (11/13)        remote: Resolving deltas:  92% (12/13)        remote: Resolving deltas: 100% (13/13)        remote: Resolving deltas: 100% (13/13), completed with 11 local objects.        
remote: Bypassed rule violations for refs/heads/develop:        
remote: 
remote: - New changes require approval from someone other than the last pusher.        
remote: 
To github.com:mkjost0/gem5-actions.git
   7727f78c28..28a2bdcda1  develop -> develop
   5e5e81d1c5..942a9ea503  upstream/develop -> upstream/develop
From https://gem5.googlesource.com/public/gem5
 * branch                  develop    -> FETCH_HEAD
Already up to date.
To github.com:mkjost0/gem5-actions.git
   7727f78c28..28a2bdcda1  origin/develop -> origin/develop
From https://gem5.googlesource.com/public/gem5
 * branch                  develop    -> FETCH_HEAD
Already up to date.
Everything up-to-date
From https://gem5.googlesource.com/public/gem5
 * branch                  develop    -> FETCH_HEAD
Already up to date.
Everything up-to-date
From https://gem5.googlesource.com/public/gem5
 * branch                  develop    -> FETCH_HEAD
Already up to date.
Everything up-to-date
From https://gem5.googlesource.com/public/gem5
 * branch                  develop    -> FETCH_HEAD
Already up to date.
Everything up-to-date
From https://gem5.googlesource.com/public/gem5
 * branch                  develop    -> FETCH_HEAD
Already up to date.
Everything up-to-date
From https://gem5.googlesource.com/public/gem5
 * branch                  develop    -> FETCH_HEAD
Already up to date.
Everything up-to-date
From https://gem5.googlesource.com/public/gem5
 * branch                  develop    -> FETCH_HEAD
Already up to date.
Everything up-to-date
From https://gem5.googlesource.com/public/gem5
 * branch                  develop    -> FETCH_HEAD
Already up to date.
Everything up-to-date
From https://gem5.googlesource.com/public/gem5
 * branch                  develop    -> FETCH_HEAD
Already up to date.
Everything up-to-date
From https://gem5.googlesource.com/public/gem5
 * branch                  develop    -> FETCH_HEAD
Already up to date.
Everything up-to-date
From https://gem5.googlesource.com/public/gem5
 * branch                  develop    -> FETCH_HEAD
Already up to date.
Everything up-to-date
From https://gem5.googlesource.com/public/gem5
 * branch                  develop    -> FETCH_HEAD
Already up to date.
Everything up-to-date
From https://gem5.googlesource.com/public/gem5
 * branch                  develop    -> FETCH_HEAD
Already up to date.
Everything up-to-date
From https://gem5.googlesource.com/public/gem5
 * branch                  develop    -> FETCH_HEAD
Already up to date.
Everything up-to-date
From https://gem5.googlesource.com/public/gem5
 * branch                  develop    -> FETCH_HEAD
Already up to date.
Everything up-to-date
From https://gem5.googlesource.com/public/gem5
 * branch                  develop    -> FETCH_HEAD
Already up to date.
Everything up-to-date
From https://gem5.googlesource.com/public/gem5
 * branch                  develop    -> FETCH_HEAD
Already up to date.
Everything up-to-date
From https://gem5.googlesource.com/public/gem5
 * branch                  develop    -> FETCH_HEAD
Already up to date.
Everything up-to-date
From https://gem5.googlesource.com/public/gem5
 * branch                  develop    -> FETCH_HEAD
Already up to date.
Everything up-to-date
From https://gem5.googlesource.com/public/gem5
 * branch                  develop    -> FETCH_HEAD
Already up to date.
Everything up-to-date
From https://gem5.googlesource.com/public/gem5
 * branch                  develop    -> FETCH_HEAD
Already up to date.
Everything up-to-date
From https://gem5.googlesource.com/public/gem5
 * branch                  develop    -> FETCH_HEAD
Already up to date.
Everything up-to-date
From https://gem5.googlesource.com/public/gem5
 * branch                  develop    -> FETCH_HEAD
Already up to date.
Everything up-to-date
From https://gem5.googlesource.com/public/gem5
 * branch                  develop    -> FETCH_HEAD
Already up to date.
Everything up-to-date
From https://gem5.googlesource.com/public/gem5
 * branch                  develop    -> FETCH_HEAD
Already up to date.
Everything up-to-date
From https://gem5.googlesource.com/public/gem5
 * branch                  develop    -> FETCH_HEAD
Already up to date.
Everything up-to-date
From https://gem5.googlesource.com/public/gem5
 * branch                  develop    -> FETCH_HEAD
Already up to date.
Everything up-to-date
From https://gem5.googlesource.com/public/gem5
 * branch                  develop    -> FETCH_HEAD
Already up to date.
Everything up-to-date
From https://gem5.googlesource.com/public/gem5
 * branch                  develop    -> FETCH_HEAD
Already up to date.
Everything up-to-date
From https://gem5.googlesource.com/public/gem5
 * branch                  develop    -> FETCH_HEAD
Already up to date.
Everything up-to-date
From https://gem5.googlesource.com/public/gem5
 * branch                  develop    -> FETCH_HEAD
Already up to date.
Everything up-to-date
From https://gem5.googlesource.com/public/gem5
 * branch                  develop    -> FETCH_HEAD
Already up to date.
Everything up-to-date
From https://gem5.googlesource.com/public/gem5
 * branch                  develop    -> FETCH_HEAD
Already up to date.
Everything up-to-date
From https://gem5.googlesource.com/public/gem5
 * branch                  develop    -> FETCH_HEAD
Already up to date.
Everything up-to-date
From https://gem5.googlesource.com/public/gem5
 * branch                  develop    -> FETCH_HEAD
Already up to date.
Everything up-to-date
From https://gem5.googlesource.com/public/gem5
 * branch                  develop    -> FETCH_HEAD
Already up to date.
Everything up-to-date
From https://gem5.googlesource.com/public/gem5
 * branch                  develop    -> FETCH_HEAD
Already up to date.
Everything up-to-date
From https://gem5.googlesource.com/public/gem5
 * branch                  develop    -> FETCH_HEAD
Already up to date.
Everything up-to-date
From https://gem5.googlesource.com/public/gem5
 * branch                  develop    -> FETCH_HEAD
Already up to date.
Everything up-to-date
From https://gem5.googlesource.com/public/gem5
 * branch                  develop    -> FETCH_HEAD
Already up to date.
Everything up-to-date
From https://gem5.googlesource.com/public/gem5
 * branch                  develop    -> FETCH_HEAD
Already up to date.
Everything up-to-date
From https://gem5.googlesource.com/public/gem5
 * branch                  develop    -> FETCH_HEAD
Already up to date.
Everything up-to-date
From https://gem5.googlesource.com/public/gem5
 * branch                  develop    -> FETCH_HEAD
Already up to date.
Everything up-to-date
From https://gem5.googlesource.com/public/gem5
 * branch                  develop    -> FETCH_HEAD
Already up to date.
Everything up-to-date
From https://gem5.googlesource.com/public/gem5
 * branch                  develop    -> FETCH_HEAD
Already up to date.
Everything up-to-date
From https://gem5.googlesource.com/public/gem5
 * branch                  develop    -> FETCH_HEAD
Already up to date.
Everything up-to-date
From https://gem5.googlesource.com/public/gem5
 * branch                  develop    -> FETCH_HEAD
Already up to date.
Everything up-to-date
From https://gem5.googlesource.com/public/gem5
 * branch                  develop    -> FETCH_HEAD
Already up to date.
Everything up-to-date
From https://gem5.googlesource.com/public/gem5
 * branch                  develop    -> FETCH_HEAD
Already up to date.
Everything up-to-date
From https://gem5.googlesource.com/public/gem5
 * branch                  develop    -> FETCH_HEAD
Already up to date.
Everything up-to-date
From https://gem5.googlesource.com/public/gem5
 * branch                  develop    -> FETCH_HEAD
Already up to date.
Everything up-to-date
From https://gem5.googlesource.com/public/gem5
 * branch                  develop    -> FETCH_HEAD
Already up to date.
Everything up-to-date
From https://gem5.googlesource.com/public/gem5
 * branch                  develop    -> FETCH_HEAD
Already up to date.
Everything up-to-date
From https://gem5.googlesource.com/public/gem5
 * branch                  develop    -> FETCH_HEAD
Already up to date.
Everything up-to-date
From https://gem5.googlesource.com/public/gem5
 * branch                  develop    -> FETCH_HEAD
Already up to date.
Everything up-to-date
From https://gem5.googlesource.com/public/gem5
 * branch                  develop    -> FETCH_HEAD
Already up to date.
Everything up-to-date
From https://gem5.googlesource.com/public/gem5
 * branch                  develop    -> FETCH_HEAD
Already up to date.
Everything up-to-date
From https://gem5.googlesource.com/public/gem5
 * branch                  develop    -> FETCH_HEAD
Already up to date.
Everything up-to-date
From https://gem5.googlesource.com/public/gem5
 * branch                  develop    -> FETCH_HEAD
Already up to date.
Everything up-to-date
From https://gem5.googlesource.com/public/gem5
 * branch                  develop    -> FETCH_HEAD
   942a9ea503..b355baac93  develop    -> upstream/develop
Merge made by the 'recursive' strategy.
 src/dev/arm/Gic.py                  |  9 +++++++++
 src/dev/arm/gic_v3.hh               | 11 +++++++++++
 src/dev/arm/gic_v3_distributor.cc   |  6 +++---
 src/dev/arm/gic_v3_redistributor.cc |  6 +++---
 4 files changed, 26 insertions(+), 6 deletions(-)
remote: Resolving deltas:   0% (0/9)        remote: Resolving deltas:  11% (1/9)        remote: Resolving deltas:  22% (2/9)        remote: Resolving deltas:  33% (3/9)        remote: Resolving deltas:  44% (4/9)        remote: Resolving deltas:  55% (5/9)        remote: Resolving deltas:  66% (6/9)        remote: Resolving deltas:  77% (7/9)        remote: Resolving deltas:  88% (8/9)        remote: Resolving deltas: 100% (9/9)        remote: Resolving deltas: 100% (9/9), completed with 9 local objects.        
remote: Bypassed rule violations for refs/heads/develop:        
remote: 
remote: - New changes require approval from someone other than the last pusher.        
remote: 
To github.com:mkjost0/gem5-actions.git
   28a2bdcda1..e9fe67a73b  develop -> develop
   942a9ea503..b355baac93  upstream/develop -> upstream/develop
From https://gem5.googlesource.com/public/gem5
 * branch                  develop    -> FETCH_HEAD
Already up to date.
To github.com:mkjost0/gem5-actions.git
   28a2bdcda1..e9fe67a73b  origin/develop -> origin/develop
From https://gem5.googlesource.com/public/gem5
 * branch                  develop    -> FETCH_HEAD
Already up to date.
Everything up-to-date
From https://gem5.googlesource.com/public/gem5
 * branch                  develop    -> FETCH_HEAD
Already up to date.
Everything up-to-date
From https://gem5.googlesource.com/public/gem5
 * branch                  develop    -> FETCH_HEAD
Already up to date.
Everything up-to-date
From https://gem5.googlesource.com/public/gem5
 * branch                  develop    -> FETCH_HEAD
Already up to date.
Everything up-to-date
From https://gem5.googlesource.com/public/gem5
 * branch                  develop    -> FETCH_HEAD
Already up to date.
Everything up-to-date
From https://gem5.googlesource.com/public/gem5
 * branch                  develop    -> FETCH_HEAD
Already up to date.
Everything up-to-date
From https://gem5.googlesource.com/public/gem5
 * branch                  develop    -> FETCH_HEAD
Already up to date.
Everything up-to-date
From https://gem5.googlesource.com/public/gem5
 * branch                  develop    -> FETCH_HEAD
Already up to date.
Everything up-to-date
From https://gem5.googlesource.com/public/gem5
 * branch                  develop    -> FETCH_HEAD
Already up to date.
Everything up-to-date
From https://gem5.googlesource.com/public/gem5
 * branch                  develop    -> FETCH_HEAD
Already up to date.
Everything up-to-date
From https://gem5.googlesource.com/public/gem5
 * branch                  develop    -> FETCH_HEAD
Already up to date.
Everything up-to-date
From https://gem5.googlesource.com/public/gem5
 * branch                  develop    -> FETCH_HEAD
Already up to date.
Everything up-to-date
From https://gem5.googlesource.com/public/gem5
 * branch                  develop    -> FETCH_HEAD
Already up to date.
Everything up-to-date
From https://gem5.googlesource.com/public/gem5
 * branch                  develop    -> FETCH_HEAD
Already up to date.
Everything up-to-date
From https://gem5.googlesource.com/public/gem5
 * branch                  develop    -> FETCH_HEAD
Already up to date.
Everything up-to-date
From https://gem5.googlesource.com/public/gem5
 * branch                  develop    -> FETCH_HEAD
Already up to date.
Everything up-to-date
From https://gem5.googlesource.com/public/gem5
 * branch                  develop    -> FETCH_HEAD
Already up to date.
Everything up-to-date
From https://gem5.googlesource.com/public/gem5
 * branch                  develop    -> FETCH_HEAD
Already up to date.
Everything up-to-date
From https://gem5.googlesource.com/public/gem5
 * branch                  develop    -> FETCH_HEAD
Already up to date.
To github.com:mkjost0/gem5-actions.git
 - [deleted]               pre-commit-ci-update-config
From https://gem5.googlesource.com/public/gem5
 * branch                  develop    -> FETCH_HEAD
Already up to date.
Everything up-to-date
From https://gem5.googlesource.com/public/gem5
 * branch                  develop    -> FETCH_HEAD
Already up to date.
Everything up-to-date
From https://gem5.googlesource.com/public/gem5
 * branch                  develop    -> FETCH_HEAD
Already up to date.
Everything up-to-date
From https://gem5.googlesource.com/public/gem5
 * branch                  develop    -> FETCH_HEAD
Already up to date.
Everything up-to-date
From https://gem5.googlesource.com/public/gem5
 * branch                  develop    -> FETCH_HEAD
Already up to date.
Everything up-to-date
From https://gem5.googlesource.com/public/gem5
 * branch                  develop    -> FETCH_HEAD
Already up to date.
Everything up-to-date
From https://gem5.googlesource.com/public/gem5
 * branch                  develop    -> FETCH_HEAD
Already up to date.
Everything up-to-date
From https://gem5.googlesource.com/public/gem5
 * branch                  develop    -> FETCH_HEAD
Already up to date.
Everything up-to-date
From https://gem5.googlesource.com/public/gem5
 * branch                  develop    -> FETCH_HEAD
Already up to date.
Everything up-to-date
From https://gem5.googlesource.com/public/gem5
 * branch                  develop    -> FETCH_HEAD
Already up to date.
Everything up-to-date
From https://gem5.googlesource.com/public/gem5
 * branch                  develop    -> FETCH_HEAD
Already up to date.
Everything up-to-date
From https://gem5.googlesource.com/public/gem5
 * branch                  develop    -> FETCH_HEAD
Already up to date.
Everything up-to-date
From https://gem5.googlesource.com/public/gem5
 * branch                  develop    -> FETCH_HEAD
Already up to date.
To github.com:mkjost0/gem5-actions.git
   7727f78c28..236c7e1bd0  testing/develop -> testing/develop
From https://gem5.googlesource.com/public/gem5
 * branch                  develop    -> FETCH_HEAD
Already up to date.
To github.com:mkjost0/gem5-actions.git
   e9fe67a73b..236c7e1bd0  origin/develop -> origin/develop
   236c7e1bd0..1b97a65db2  testing/develop -> testing/develop
From https://gem5.googlesource.com/public/gem5
 * branch                  develop    -> FETCH_HEAD
Already up to date.
To github.com:mkjost0/gem5-actions.git
   236c7e1bd0..1b97a65db2  origin/develop -> origin/develop
From https://gem5.googlesource.com/public/gem5
 * branch                  develop    -> FETCH_HEAD
Already up to date.
To github.com:mkjost0/gem5-actions.git
   1b97a65db2..7029a7f87f  testing/develop -> testing/develop
From https://gem5.googlesource.com/public/gem5
 * branch                  develop    -> FETCH_HEAD
Already up to date.
To github.com:mkjost0/gem5-actions.git
   1b97a65db2..7029a7f87f  origin/develop -> origin/develop
From https://gem5.googlesource.com/public/gem5
 * branch                  develop    -> FETCH_HEAD
Already up to date.
Everything up-to-date
From https://gem5.googlesource.com/public/gem5
 * branch                  develop    -> FETCH_HEAD
Already up to date.
Everything up-to-date
From https://gem5.googlesource.com/public/gem5
 * branch                  develop    -> FETCH_HEAD
Already up to date.
Everything up-to-date
From https://gem5.googlesource.com/public/gem5
 * branch                  develop    -> FETCH_HEAD
Already up to date.
Everything up-to-date
From https://gem5.googlesource.com/public/gem5
 * branch                  develop    -> FETCH_HEAD
Already up to date.
Everything up-to-date
From https://gem5.googlesource.com/public/gem5
 * branch                  develop    -> FETCH_HEAD
Already up to date.
Everything up-to-date
From https://gem5.googlesource.com/public/gem5
 * branch                  develop    -> FETCH_HEAD
Already up to date.
Everything up-to-date
From https://gem5.googlesource.com/public/gem5
 * branch                  develop    -> FETCH_HEAD
Already up to date.
Everything up-to-date
From https://gem5.googlesource.com/public/gem5
 * branch                  develop    -> FETCH_HEAD
Already up to date.
Everything up-to-date
From https://gem5.googlesource.com/public/gem5
 * branch                  develop    -> FETCH_HEAD
Already up to date.
Everything up-to-date
From https://gem5.googlesource.com/public/gem5
 * branch                  develop    -> FETCH_HEAD
Already up to date.
Everything up-to-date
From https://gem5.googlesource.com/public/gem5
 * branch                  develop    -> FETCH_HEAD
Already up to date.
Everything up-to-date
From https://gem5.googlesource.com/public/gem5
 * branch                  develop    -> FETCH_HEAD
   b355baac93..ffbf73db1d  develop    -> upstream/develop
Merge made by the 'recursive' strategy.
 src/python/SConscript                              |  12 +
 src/python/gem5/resources/client.py                |  84 ++++
 src/python/gem5/resources/client_api/__init__.py   |   0
 .../gem5/resources/client_api/abstract_client.py   |  71 +++
 .../gem5/resources/client_api/atlasclient.py       |  91 ++++
 .../gem5/resources/client_api/client_wrapper.py    | 228 +++++++++
 src/python/gem5/resources/client_api/jsonclient.py |  70 +++
 src/python/gem5/resources/downloader.py            |  23 +-
 src/python/gem5/resources/resource.py              | 155 ++++---
 src/python/gem5/resources/workload.py              |  27 +-
 src/python/gem5/utils/simpoint.py                  |  12 +-
 src/python/gem5_default_config.py                  |  39 ++
 tests/gem5/verifier.py                             |   1 +
 .../resources/pyunit_client_wrapper_checks.py      | 511 +++++++++++++++++++++
 .../stdlib/resources/pyunit_downloader_checks.py   | 155 +++++--
 .../resources/pyunit_obtain_resources_check.py     | 192 ++++++++
 .../resources/pyunit_resource_download_checks.py   |  72 +++
 .../resources/pyunit_resource_specialization.py    |  68 ++-
 .../stdlib/resources/pyunit_workload_checks.py     |  42 +-
 .../stdlib/resources/refs/mongo_dup_mock.json      |  30 ++
 tests/pyunit/stdlib/resources/refs/mongo_mock.json |  56 +++
 .../stdlib/resources/refs/obtain-resource.json     |  59 +++
 .../resources/refs/resource-specialization.json    | 311 +++++++------
 tests/pyunit/stdlib/resources/refs/resources.json  | 329 +++++++++++++
 .../refs/workload-checks-custom-workload.json      |  33 +-
 .../stdlib/resources/refs/workload-checks.json     |  84 ++--
 26 files changed, 2413 insertions(+), 342 deletions(-)
 create mode 100644 src/python/gem5/resources/client.py
 create mode 100644 src/python/gem5/resources/client_api/__init__.py
 create mode 100644 src/python/gem5/resources/client_api/abstract_client.py
 create mode 100644 src/python/gem5/resources/client_api/atlasclient.py
 create mode 100644 src/python/gem5/resources/client_api/client_wrapper.py
 create mode 100644 src/python/gem5/resources/client_api/jsonclient.py
 create mode 100644 src/python/gem5_default_config.py
 create mode 100644 tests/pyunit/stdlib/resources/pyunit_client_wrapper_checks.py
 create mode 100644 tests/pyunit/stdlib/resources/pyunit_obtain_resources_check.py
 create mode 100644 tests/pyunit/stdlib/resources/pyunit_resource_download_checks.py
 create mode 100644 tests/pyunit/stdlib/resources/refs/mongo_dup_mock.json
 create mode 100644 tests/pyunit/stdlib/resources/refs/mongo_mock.json
 create mode 100644 tests/pyunit/stdlib/resources/refs/obtain-resource.json
 create mode 100644 tests/pyunit/stdlib/resources/refs/resources.json
remote: Resolving deltas:   0% (0/28)        remote: Resolving deltas:   3% (1/28)        remote: Resolving deltas:   7% (2/28)        remote: Resolving deltas:  10% (3/28)        remote: Resolving deltas:  14% (4/28)        remote: Resolving deltas:  17% (5/28)        remote: Resolving deltas:  21% (6/28)        remote: Resolving deltas:  25% (7/28)        remote: Resolving deltas:  28% (8/28)        remote: Resolving deltas:  32% (9/28)        remote: Resolving deltas:  35% (10/28)        remote: Resolving deltas:  39% (11/28)        remote: Resolving deltas:  42% (12/28)        remote: Resolving deltas:  46% (13/28)        remote: Resolving deltas:  50% (14/28)        remote: Resolving deltas:  53% (15/28)        remote: Resolving deltas:  57% (16/28)        remote: Resolving deltas:  60% (17/28)        remote: Resolving deltas:  64% (18/28)        remote: Resolving deltas:  67% (19/28)        remote: Resolving deltas:  71% (20/28)        remote: Resolving deltas:  75% (21/28)        remote: Resolving deltas:  78% (22/28)        remote: Resolving deltas:  82% (23/28)        remote: Resolving deltas:  85% (24/28)        remote: Resolving deltas:  89% (25/28)        remote: Resolving deltas:  92% (26/28)        remote: Resolving deltas:  96% (27/28)        remote: Resolving deltas: 100% (28/28)        remote: Resolving deltas: 100% (28/28), completed with 18 local objects.        
remote: Bypassed rule violations for refs/heads/develop:        
remote: 
remote: - New changes require approval from someone other than the last pusher.        
remote: 
To github.com:mkjost0/gem5-actions.git
   7029a7f87f..e90d535940  develop -> develop
   b355baac93..ffbf73db1d  upstream/develop -> upstream/develop
From https://gem5.googlesource.com/public/gem5
 * branch                  develop    -> FETCH_HEAD
Already up to date.
To github.com:mkjost0/gem5-actions.git
   7029a7f87f..e90d535940  origin/develop -> origin/develop
From https://gem5.googlesource.com/public/gem5
 * branch                  develop    -> FETCH_HEAD
Already up to date.
Everything up-to-date
From https://gem5.googlesource.com/public/gem5
 * branch                  develop    -> FETCH_HEAD
Already up to date.
Everything up-to-date
From https://gem5.googlesource.com/public/gem5
 * branch                  develop    -> FETCH_HEAD
Already up to date.
Everything up-to-date
From https://gem5.googlesource.com/public/gem5
 * branch                  develop    -> FETCH_HEAD
Already up to date.
Everything up-to-date
From https://gem5.googlesource.com/public/gem5
 * branch                  develop    -> FETCH_HEAD
Already up to date.
Everything up-to-date
From https://gem5.googlesource.com/public/gem5
 * branch                  develop    -> FETCH_HEAD
Already up to date.
Everything up-to-date
From https://gem5.googlesource.com/public/gem5
 * branch                  develop    -> FETCH_HEAD
Already up to date.
Everything up-to-date
From https://gem5.googlesource.com/public/gem5
 * branch                  develop    -> FETCH_HEAD
Already up to date.
Everything up-to-date
From https://gem5.googlesource.com/public/gem5
 * branch                  develop    -> FETCH_HEAD
Already up to date.
Everything up-to-date
From https://gem5.googlesource.com/public/gem5
 * branch                  develop    -> FETCH_HEAD
Already up to date.
Everything up-to-date
From https://gem5.googlesource.com/public/gem5
 * branch                  develop    -> FETCH_HEAD
Already up to date.
Everything up-to-date
From https://gem5.googlesource.com/public/gem5
 * branch                  develop    -> FETCH_HEAD
Already up to date.
Everything up-to-date
From https://gem5.googlesource.com/public/gem5
 * branch                  develop    -> FETCH_HEAD
Already up to date.
Everything up-to-date
From https://gem5.googlesource.com/public/gem5
 * branch                  develop    -> FETCH_HEAD
Already up to date.
Everything up-to-date
From https://gem5.googlesource.com/public/gem5
 * branch                  develop    -> FETCH_HEAD
Already up to date.
Everything up-to-date
From https://gem5.googlesource.com/public/gem5
 * branch                  develop    -> FETCH_HEAD
Already up to date.
Everything up-to-date
From https://gem5.googlesource.com/public/gem5
 * branch                  develop    -> FETCH_HEAD
Already up to date.
Everything up-to-date
From https://gem5.googlesource.com/public/gem5
 * branch                  develop    -> FETCH_HEAD
Already up to date.
Everything up-to-date
From https://gem5.googlesource.com/public/gem5
 * branch                  develop    -> FETCH_HEAD
Already up to date.
Everything up-to-date
From https://gem5.googlesource.com/public/gem5
 * branch                  develop    -> FETCH_HEAD
Already up to date.
Everything up-to-date
From https://gem5.googlesource.com/public/gem5
 * branch                  develop    -> FETCH_HEAD
Already up to date.
Everything up-to-date
From https://gem5.googlesource.com/public/gem5
 * branch                  develop    -> FETCH_HEAD
Already up to date.
Everything up-to-date
From https://gem5.googlesource.com/public/gem5
 * branch                  develop    -> FETCH_HEAD
Already up to date.
Everything up-to-date
From https://gem5.googlesource.com/public/gem5
 * branch                  develop    -> FETCH_HEAD
Already up to date.
Everything up-to-date
From https://gem5.googlesource.com/public/gem5
 * branch                  develop    -> FETCH_HEAD
Already up to date.
Everything up-to-date
From https://gem5.googlesource.com/public/gem5
 * branch                  develop    -> FETCH_HEAD
Already up to date.
Everything up-to-date
From https://gem5.googlesource.com/public/gem5
 * branch                  develop    -> FETCH_HEAD
Already up to date.
Everything up-to-date
From https://gem5.googlesource.com/public/gem5
 * branch                  develop    -> FETCH_HEAD
Already up to date.
Everything up-to-date
From https://gem5.googlesource.com/public/gem5
 * branch                  develop    -> FETCH_HEAD
Already up to date.
Everything up-to-date
From https://gem5.googlesource.com/public/gem5
 * branch                  develop    -> FETCH_HEAD
Already up to date.
Everything up-to-date
From https://gem5.googlesource.com/public/gem5
 * branch                  develop    -> FETCH_HEAD
Already up to date.
Everything up-to-date
From https://gem5.googlesource.com/public/gem5
 * branch                  develop    -> FETCH_HEAD
Already up to date.
Everything up-to-date
From https://gem5.googlesource.com/public/gem5
 * branch                  develop    -> FETCH_HEAD
Already up to date.
Everything up-to-date
From https://gem5.googlesource.com/public/gem5
 * branch                  develop    -> FETCH_HEAD
Already up to date.
Everything up-to-date
From https://gem5.googlesource.com/public/gem5
 * branch                  develop    -> FETCH_HEAD
Already up to date.
Everything up-to-date
From https://gem5.googlesource.com/public/gem5
 * branch                  develop    -> FETCH_HEAD
Already up to date.
Everything up-to-date
From https://gem5.googlesource.com/public/gem5
 * branch                  develop    -> FETCH_HEAD
Already up to date.
Everything up-to-date
From https://gem5.googlesource.com/public/gem5
 * branch                  develop    -> FETCH_HEAD
Already up to date.
Everything up-to-date
From https://gem5.googlesource.com/public/gem5
 * branch                  develop    -> FETCH_HEAD
Already up to date.
Everything up-to-date
From https://gem5.googlesource.com/public/gem5
 * branch                  develop    -> FETCH_HEAD
Already up to date.
Everything up-to-date
From https://gem5.googlesource.com/public/gem5
 * branch                  develop    -> FETCH_HEAD
Already up to date.
Everything up-to-date
From https://gem5.googlesource.com/public/gem5
 * branch                  develop    -> FETCH_HEAD
Already up to date.
Everything up-to-date
From https://gem5.googlesource.com/public/gem5
 * branch                  develop    -> FETCH_HEAD
Already up to date.
Everything up-to-date
From https://gem5.googlesource.com/public/gem5
 * branch                  develop    -> FETCH_HEAD
Already up to date.
Everything up-to-date
From https://gem5.googlesource.com/public/gem5
 * branch                  develop    -> FETCH_HEAD
Already up to date.
Everything up-to-date
From https://gem5.googlesource.com/public/gem5
 * branch                  develop    -> FETCH_HEAD
Already up to date.
Everything up-to-date
From https://gem5.googlesource.com/public/gem5
 * branch                  develop    -> FETCH_HEAD
Already up to date.
Everything up-to-date
From https://gem5.googlesource.com/public/gem5
 * branch                  develop    -> FETCH_HEAD
Already up to date.
Everything up-to-date
From https://gem5.googlesource.com/public/gem5
 * branch                  develop    -> FETCH_HEAD
Already up to date.
Everything up-to-date
From https://gem5.googlesource.com/public/gem5
 * branch                  develop    -> FETCH_HEAD
Already up to date.
Everything up-to-date
From https://gem5.googlesource.com/public/gem5
 * branch                  develop    -> FETCH_HEAD
Already up to date.
Everything up-to-date
From https://gem5.googlesource.com/public/gem5
 * branch                  develop    -> FETCH_HEAD
Already up to date.
Everything up-to-date
From https://gem5.googlesource.com/public/gem5
 * branch                  develop    -> FETCH_HEAD
Already up to date.
Everything up-to-date
From https://gem5.googlesource.com/public/gem5
 * branch                  develop    -> FETCH_HEAD
Already up to date.
To github.com:mkjost0/gem5-actions.git
   7029a7f87f..d7b2bcb82c  testing/develop -> testing/develop
From https://gem5.googlesource.com/public/gem5
 * branch                  develop    -> FETCH_HEAD
Already up to date.
To github.com:mkjost0/gem5-actions.git
   e90d535940..d7b2bcb82c  origin/develop -> origin/develop
   d7b2bcb82c..bed2778601  testing/develop -> testing/develop
From https://gem5.googlesource.com/public/gem5
 * branch                  develop    -> FETCH_HEAD
Already up to date.
To github.com:mkjost0/gem5-actions.git
   d7b2bcb82c..bed2778601  origin/develop -> origin/develop
From https://gem5.googlesource.com/public/gem5
 * branch                  develop    -> FETCH_HEAD
Already up to date.
Everything up-to-date
From https://gem5.googlesource.com/public/gem5
 * branch                  develop    -> FETCH_HEAD
Already up to date.
Everything up-to-date
From https://gem5.googlesource.com/public/gem5
 * branch                  develop    -> FETCH_HEAD
Already up to date.
Everything up-to-date
From https://gem5.googlesource.com/public/gem5
 * branch                  develop    -> FETCH_HEAD
Already up to date.
Everything up-to-date
From https://gem5.googlesource.com/public/gem5
 * branch                  develop    -> FETCH_HEAD
Already up to date.
To github.com:mkjost0/gem5-actions.git
   bed2778601..36d8c9e456  testing/develop -> testing/develop
From https://gem5.googlesource.com/public/gem5
 * branch                  develop    -> FETCH_HEAD
Already up to date.
To github.com:mkjost0/gem5-actions.git
   bed2778601..36d8c9e456  origin/develop -> origin/develop
From https://gem5.googlesource.com/public/gem5
 * branch                  develop    -> FETCH_HEAD
Already up to date.
Everything up-to-date
From https://gem5.googlesource.com/public/gem5
 * branch                  develop    -> FETCH_HEAD
Already up to date.
Everything up-to-date
From https://gem5.googlesource.com/public/gem5
 * branch                  develop    -> FETCH_HEAD
Already up to date.
Everything up-to-date
From https://gem5.googlesource.com/public/gem5
 * branch                  develop    -> FETCH_HEAD
Already up to date.
Everything up-to-date
From https://gem5.googlesource.com/public/gem5
 * branch                  develop    -> FETCH_HEAD
Already up to date.
Everything up-to-date
From https://gem5.googlesource.com/public/gem5
 * branch                  develop    -> FETCH_HEAD
Already up to date.
Everything up-to-date
From https://gem5.googlesource.com/public/gem5
 * branch                  develop    -> FETCH_HEAD
Already up to date.
Everything up-to-date
From https://gem5.googlesource.com/public/gem5
 * branch                  develop    -> FETCH_HEAD
Already up to date.
Everything up-to-date
From https://gem5.googlesource.com/public/gem5
 * branch                  develop    -> FETCH_HEAD
Already up to date.
Everything up-to-date
From https://gem5.googlesource.com/public/gem5
 * branch                  develop    -> FETCH_HEAD
Already up to date.
To github.com:mkjost0/gem5-actions.git
   36d8c9e456..1293756ffe  testing/develop -> testing/develop
From https://gem5.googlesource.com/public/gem5
 * branch                  develop    -> FETCH_HEAD
Already up to date.
To github.com:mkjost0/gem5-actions.git
   36d8c9e456..1293756ffe  origin/develop -> origin/develop
From https://gem5.googlesource.com/public/gem5
 * branch                  develop    -> FETCH_HEAD
Already up to date.
Everything up-to-date
From https://gem5.googlesource.com/public/gem5
 * branch                  develop    -> FETCH_HEAD
Already up to date.
Everything up-to-date
From https://gem5.googlesource.com/public/gem5
 * branch                  develop    -> FETCH_HEAD
Already up to date.
Everything up-to-date
From https://gem5.googlesource.com/public/gem5
 * branch                  develop    -> FETCH_HEAD
Already up to date.
Everything up-to-date
From https://gem5.googlesource.com/public/gem5
 * branch                  develop    -> FETCH_HEAD
Already up to date.
Everything up-to-date
From https://gem5.googlesource.com/public/gem5
 * branch                  develop    -> FETCH_HEAD
Already up to date.
Everything up-to-date
From https://gem5.googlesource.com/public/gem5
 * branch                  develop    -> FETCH_HEAD
Already up to date.
To github.com:mkjost0/gem5-actions.git
   1293756ffe..087293de84  testing/develop -> testing/develop
From https://gem5.googlesource.com/public/gem5
 * branch                  develop    -> FETCH_HEAD
Already up to date.
To github.com:mkjost0/gem5-actions.git
   1293756ffe..087293de84  origin/develop -> origin/develop
From https://gem5.googlesource.com/public/gem5
 * branch                  develop    -> FETCH_HEAD
Already up to date.
Everything up-to-date
From https://gem5.googlesource.com/public/gem5
 * branch                  develop    -> FETCH_HEAD
Already up to date.
Everything up-to-date
From https://gem5.googlesource.com/public/gem5
 * branch                  develop    -> FETCH_HEAD
Already up to date.
Everything up-to-date
From https://gem5.googlesource.com/public/gem5
 * branch                  develop    -> FETCH_HEAD
Already up to date.
Everything up-to-date
From https://gem5.googlesource.com/public/gem5
 * branch                  develop    -> FETCH_HEAD
Already up to date.
Everything up-to-date
From https://gem5.googlesource.com/public/gem5
 * branch                  develop    -> FETCH_HEAD
Already up to date.
Everything up-to-date
From https://gem5.googlesource.com/public/gem5
 * branch                  develop    -> FETCH_HEAD
Already up to date.
To github.com:mkjost0/gem5-actions.git
   087293de84..443a330f0a  testing/develop -> testing/develop
From https://gem5.googlesource.com/public/gem5
 * branch                  develop    -> FETCH_HEAD
Already up to date.
To github.com:mkjost0/gem5-actions.git
   087293de84..443a330f0a  origin/develop -> origin/develop
From https://gem5.googlesource.com/public/gem5
 * branch                  develop    -> FETCH_HEAD
Already up to date.
Everything up-to-date
From https://gem5.googlesource.com/public/gem5
 * branch                  develop    -> FETCH_HEAD
Already up to date.
Everything up-to-date
From https://gem5.googlesource.com/public/gem5
 * branch                  develop    -> FETCH_HEAD
Already up to date.
Everything up-to-date
From https://gem5.googlesource.com/public/gem5
 * branch                  develop    -> FETCH_HEAD
Already up to date.
Everything up-to-date
From https://gem5.googlesource.com/public/gem5
 * branch                  develop    -> FETCH_HEAD
Already up to date.
Everything up-to-date
From https://gem5.googlesource.com/public/gem5
 * branch                  develop    -> FETCH_HEAD
Already up to date.
Everything up-to-date
From https://gem5.googlesource.com/public/gem5
 * branch                  develop    -> FETCH_HEAD
Already up to date.
Everything up-to-date
From https://gem5.googlesource.com/public/gem5
 * branch                  develop    -> FETCH_HEAD
Already up to date.
Everything up-to-date
From https://gem5.googlesource.com/public/gem5
 * branch                  develop    -> FETCH_HEAD
Already up to date.
Everything up-to-date
From https://gem5.googlesource.com/public/gem5
 * branch                  develop    -> FETCH_HEAD
Already up to date.
Everything up-to-date
From https://gem5.googlesource.com/public/gem5
 * branch                  develop    -> FETCH_HEAD
Already up to date.
Everything up-to-date
From https://gem5.googlesource.com/public/gem5
 * branch                  develop    -> FETCH_HEAD
Already up to date.
Everything up-to-date
From https://gem5.googlesource.com/public/gem5
 * branch                  develop    -> FETCH_HEAD
Already up to date.
Everything up-to-date
From https://gem5.googlesource.com/public/gem5
 * branch                  develop    -> FETCH_HEAD
Already up to date.
Everything up-to-date
From https://gem5.googlesource.com/public/gem5
 * branch                  develop    -> FETCH_HEAD
Already up to date.
Everything up-to-date
From https://gem5.googlesource.com/public/gem5
 * branch                  develop    -> FETCH_HEAD
Already up to date.
Everything up-to-date
From https://gem5.googlesource.com/public/gem5
 * branch                  develop    -> FETCH_HEAD
Already up to date.
Everything up-to-date
From https://gem5.googlesource.com/public/gem5
 * branch                  develop    -> FETCH_HEAD
Already up to date.
Everything up-to-date
From https://gem5.googlesource.com/public/gem5
 * branch                  develop    -> FETCH_HEAD
Already up to date.
Everything up-to-date
From https://gem5.googlesource.com/public/gem5
 * branch                  develop    -> FETCH_HEAD
Already up to date.
Everything up-to-date
From https://gem5.googlesource.com/public/gem5
 * branch                  develop    -> FETCH_HEAD
Already up to date.
Everything up-to-date
From https://gem5.googlesource.com/public/gem5
 * branch                  develop    -> FETCH_HEAD
Already up to date.
Everything up-to-date
From https://gem5.googlesource.com/public/gem5
 * branch                  develop    -> FETCH_HEAD
Already up to date.
Everything up-to-date
From https://gem5.googlesource.com/public/gem5
 * branch                  develop    -> FETCH_HEAD
Already up to date.
Everything up-to-date
From https://gem5.googlesource.com/public/gem5
 * branch                  develop    -> FETCH_HEAD
Already up to date.
Everything up-to-date
From https://gem5.googlesource.com/public/gem5
 * branch                  develop    -> FETCH_HEAD
Already up to date.
Everything up-to-date
From https://gem5.googlesource.com/public/gem5
 * branch                  develop    -> FETCH_HEAD
Already up to date.
Everything up-to-date
From https://gem5.googlesource.com/public/gem5
 * branch                  develop    -> FETCH_HEAD
Already up to date.
Everything up-to-date
From https://gem5.googlesource.com/public/gem5
 * branch                  develop    -> FETCH_HEAD
Already up to date.
Everything up-to-date
From https://gem5.googlesource.com/public/gem5
 * branch                  develop    -> FETCH_HEAD
Already up to date.
Everything up-to-date
From https://gem5.googlesource.com/public/gem5
 * branch                  develop    -> FETCH_HEAD
Already up to date.
Everything up-to-date
From https://gem5.googlesource.com/public/gem5
 * branch                  develop    -> FETCH_HEAD
Already up to date.
Everything up-to-date
From https://gem5.googlesource.com/public/gem5
 * branch                  develop    -> FETCH_HEAD
Already up to date.
Everything up-to-date
From https://gem5.googlesource.com/public/gem5
 * branch                  develop    -> FETCH_HEAD
Already up to date.
Everything up-to-date
From https://gem5.googlesource.com/public/gem5
 * branch                  develop    -> FETCH_HEAD
Already up to date.
Everything up-to-date
From https://gem5.googlesource.com/public/gem5
 * branch                  develop    -> FETCH_HEAD
Already up to date.
Everything up-to-date
From https://gem5.googlesource.com/public/gem5
 * branch                  develop    -> FETCH_HEAD
Already up to date.
Everything up-to-date
From https://gem5.googlesource.com/public/gem5
 * branch                  develop    -> FETCH_HEAD
Already up to date.
Everything up-to-date
From https://gem5.googlesource.com/public/gem5
 * branch                  develop    -> FETCH_HEAD
Already up to date.
Everything up-to-date
From https://gem5.googlesource.com/public/gem5
 * branch                  develop    -> FETCH_HEAD
Already up to date.
Everything up-to-date
From https://gem5.googlesource.com/public/gem5
 * branch                  develop    -> FETCH_HEAD
Already up to date.
Everything up-to-date
From https://gem5.googlesource.com/public/gem5
 * branch                  develop    -> FETCH_HEAD
Already up to date.
Everything up-to-date
From https://gem5.googlesource.com/public/gem5
 * branch                  develop    -> FETCH_HEAD
Already up to date.
Everything up-to-date
From https://gem5.googlesource.com/public/gem5
 * branch                  develop    -> FETCH_HEAD
Already up to date.
Everything up-to-date
From https://gem5.googlesource.com/public/gem5
 * branch                  develop    -> FETCH_HEAD
Already up to date.
Everything up-to-date
From https://gem5.googlesource.com/public/gem5
 * branch                  develop    -> FETCH_HEAD
Already up to date.
Everything up-to-date
From https://gem5.googlesource.com/public/gem5
 * branch                  develop    -> FETCH_HEAD
Already up to date.
Everything up-to-date
From https://gem5.googlesource.com/public/gem5
 * branch                  develop    -> FETCH_HEAD
Already up to date.
Everything up-to-date
From https://gem5.googlesource.com/public/gem5
 * branch                  develop    -> FETCH_HEAD
Already up to date.
Everything up-to-date
From https://gem5.googlesource.com/public/gem5
 * branch                  develop    -> FETCH_HEAD
Already up to date.
Everything up-to-date
From https://gem5.googlesource.com/public/gem5
 * branch                  develop    -> FETCH_HEAD
Already up to date.
Everything up-to-date
From https://gem5.googlesource.com/public/gem5
 * branch                  develop    -> FETCH_HEAD
Already up to date.
Everything up-to-date
From https://gem5.googlesource.com/public/gem5
 * branch                  develop    -> FETCH_HEAD
Already up to date.
Everything up-to-date
From https://gem5.googlesource.com/public/gem5
 * branch                  develop    -> FETCH_HEAD
Already up to date.
Everything up-to-date
From https://gem5.googlesource.com/public/gem5
 * branch                  develop    -> FETCH_HEAD
Already up to date.
Everything up-to-date
From https://gem5.googlesource.com/public/gem5
 * branch                  develop    -> FETCH_HEAD
Already up to date.
Everything up-to-date
From https://gem5.googlesource.com/public/gem5
 * branch                  develop    -> FETCH_HEAD
Already up to date.
Everything up-to-date
From https://gem5.googlesource.com/public/gem5
 * branch                  develop    -> FETCH_HEAD
Already up to date.
Everything up-to-date
From https://gem5.googlesource.com/public/gem5
 * branch                  develop    -> FETCH_HEAD
Already up to date.
To github.com:mkjost0/gem5-actions.git
   443a330f0a..08eec47edc  testing/develop -> testing/develop
From https://gem5.googlesource.com/public/gem5
 * branch                  develop    -> FETCH_HEAD
Already up to date.
To github.com:mkjost0/gem5-actions.git
   443a330f0a..08eec47edc  origin/develop -> origin/develop
   08eec47edc..c0a0bb9d86  testing/develop -> testing/develop
From https://gem5.googlesource.com/public/gem5
 * branch                  develop    -> FETCH_HEAD
Already up to date.
To github.com:mkjost0/gem5-actions.git
   08eec47edc..c0a0bb9d86  origin/develop -> origin/develop
From https://gem5.googlesource.com/public/gem5
 * branch                  develop    -> FETCH_HEAD
Already up to date.
Everything up-to-date
From https://gem5.googlesource.com/public/gem5
 * branch                  develop    -> FETCH_HEAD
Already up to date.
Everything up-to-date
From https://gem5.googlesource.com/public/gem5
 * branch                  develop    -> FETCH_HEAD
Already up to date.
To github.com:mkjost0/gem5-actions.git
   c0a0bb9d86..746e94ea3f  testing/develop -> testing/develop
From https://gem5.googlesource.com/public/gem5
 * branch                  develop    -> FETCH_HEAD
Already up to date.
To github.com:mkjost0/gem5-actions.git
   c0a0bb9d86..746e94ea3f  origin/develop -> origin/develop
   746e94ea3f..095cd480bc  testing/develop -> testing/develop
From https://gem5.googlesource.com/public/gem5
 * branch                  develop    -> FETCH_HEAD
Already up to date.
To github.com:mkjost0/gem5-actions.git
   746e94ea3f..095cd480bc  origin/develop -> origin/develop
From https://gem5.googlesource.com/public/gem5
 * branch                  develop    -> FETCH_HEAD
Already up to date.
Everything up-to-date
From https://gem5.googlesource.com/public/gem5
 * branch                  develop    -> FETCH_HEAD
Already up to date.
To github.com:mkjost0/gem5-actions.git
   095cd480bc..16cca85b4e  testing/develop -> testing/develop
From https://gem5.googlesource.com/public/gem5
 * branch                  develop    -> FETCH_HEAD
Already up to date.
To github.com:mkjost0/gem5-actions.git
   095cd480bc..16cca85b4e  origin/develop -> origin/develop
From https://gem5.googlesource.com/public/gem5
 * branch                  develop    -> FETCH_HEAD
Already up to date.
Everything up-to-date
From https://gem5.googlesource.com/public/gem5
 * branch                  develop    -> FETCH_HEAD
Already up to date.
To github.com:mkjost0/gem5-actions.git
   16cca85b4e..c854fd5e9d  testing/develop -> testing/develop
From https://gem5.googlesource.com/public/gem5
 * branch                  develop    -> FETCH_HEAD
Already up to date.
To github.com:mkjost0/gem5-actions.git
   16cca85b4e..c854fd5e9d  origin/develop -> origin/develop
   c854fd5e9d..687cb0defa  testing/develop -> testing/develop
From https://gem5.googlesource.com/public/gem5
 * branch                  develop    -> FETCH_HEAD
Already up to date.
To github.com:mkjost0/gem5-actions.git
   c854fd5e9d..687cb0defa  origin/develop -> origin/develop
   687cb0defa..751e451121  testing/develop -> testing/develop
From https://gem5.googlesource.com/public/gem5
 * branch                  develop    -> FETCH_HEAD
Already up to date.
To github.com:mkjost0/gem5-actions.git
   687cb0defa..751e451121  origin/develop -> origin/develop
   751e451121..d8f3cd1c31  testing/develop -> testing/develop
From https://gem5.googlesource.com/public/gem5
 * branch                  develop    -> FETCH_HEAD
Already up to date.
To github.com:mkjost0/gem5-actions.git
   751e451121..d8f3cd1c31  origin/develop -> origin/develop
From https://gem5.googlesource.com/public/gem5
 * branch                  develop    -> FETCH_HEAD
Already up to date.
To github.com:mkjost0/gem5-actions.git
   d8f3cd1c31..eef2c00c81  testing/develop -> testing/develop
From https://gem5.googlesource.com/public/gem5
 * branch                  develop    -> FETCH_HEAD
Already up to date.
To github.com:mkjost0/gem5-actions.git
   d8f3cd1c31..eef2c00c81  origin/develop -> origin/develop
   eef2c00c81..885e68cd05  testing/develop -> testing/develop
From https://gem5.googlesource.com/public/gem5
 * branch                  develop    -> FETCH_HEAD
Already up to date.
To github.com:mkjost0/gem5-actions.git
   eef2c00c81..885e68cd05  origin/develop -> origin/develop
From https://gem5.googlesource.com/public/gem5
 * branch                  develop    -> FETCH_HEAD
Already up to date.
To github.com:mkjost0/gem5-actions.git
   885e68cd05..39fe866645  testing/develop -> testing/develop
From https://gem5.googlesource.com/public/gem5
 * branch                  develop    -> FETCH_HEAD
Already up to date.
To github.com:mkjost0/gem5-actions.git
   885e68cd05..39fe866645  origin/develop -> origin/develop
From https://gem5.googlesource.com/public/gem5
 * branch                  develop    -> FETCH_HEAD
Already up to date.
To github.com:mkjost0/gem5-actions.git
   39fe866645..4c84a4b606  testing/develop -> testing/develop
From https://gem5.googlesource.com/public/gem5
 * branch                  develop    -> FETCH_HEAD
Already up to date.
To github.com:mkjost0/gem5-actions.git
   39fe866645..4c84a4b606  origin/develop -> origin/develop
From https://gem5.googlesource.com/public/gem5
 * branch                  develop    -> FETCH_HEAD
Already up to date.
To github.com:mkjost0/gem5-actions.git
   4c84a4b606..ae133216a9  testing/develop -> testing/develop
From https://gem5.googlesource.com/public/gem5
 * branch                  develop    -> FETCH_HEAD
Already up to date.
To github.com:mkjost0/gem5-actions.git
   4c84a4b606..ae133216a9  origin/develop -> origin/develop
From https://gem5.googlesource.com/public/gem5
 * branch                  develop    -> FETCH_HEAD
Already up to date.
To github.com:mkjost0/gem5-actions.git
   ae133216a9..4c1c3e7151  testing/develop -> testing/develop
From https://gem5.googlesource.com/public/gem5
 * branch                  develop    -> FETCH_HEAD
Already up to date.
To github.com:mkjost0/gem5-actions.git
   ae133216a9..4c1c3e7151  origin/develop -> origin/develop
From https://gem5.googlesource.com/public/gem5
 * branch                  develop    -> FETCH_HEAD
Already up to date.
Everything up-to-date
From https://gem5.googlesource.com/public/gem5
 * branch                  develop    -> FETCH_HEAD
Already up to date.
Everything up-to-date
From https://gem5.googlesource.com/public/gem5
 * branch                  develop    -> FETCH_HEAD
   ffbf73db1d..77ac6eacd9  develop    -> upstream/develop
Merge made by the 'recursive' strategy.
 src/SConscript                        |  6 +++---
 src/mem/cache/tags/base.cc            |  9 +++++++++
 src/mem/cache/tags/base.hh            |  2 +-
 src/mem/cache/tags/base_set_assoc.hh  |  6 ------
 src/mem/cache/tags/compressed_tags.cc |  8 --------
 src/mem/cache/tags/compressed_tags.hh | 10 ----------
 src/mem/cache/tags/fa_lru.hh          |  6 ------
 src/mem/cache/tags/sector_tags.cc     |  8 --------
 src/mem/cache/tags/sector_tags.hh     | 10 ----------
 9 files changed, 13 insertions(+), 52 deletions(-)
remote: Resolving deltas:   0% (0/18)        remote: Resolving deltas:   5% (1/18)        remote: Resolving deltas:  11% (2/18)        remote: Resolving deltas:  16% (3/18)        remote: Resolving deltas:  22% (4/18)        remote: Resolving deltas:  27% (5/18)        remote: Resolving deltas:  33% (6/18)        remote: Resolving deltas:  38% (7/18)        remote: Resolving deltas:  44% (8/18)        remote: Resolving deltas:  50% (9/18)        remote: Resolving deltas:  55% (10/18)        remote: Resolving deltas:  61% (11/18)        remote: Resolving deltas:  66% (12/18)        remote: Resolving deltas:  72% (13/18)        remote: Resolving deltas:  77% (14/18)        remote: Resolving deltas:  83% (15/18)        remote: Resolving deltas:  88% (16/18)        remote: Resolving deltas:  94% (17/18)        remote: Resolving deltas: 100% (18/18)        remote: Resolving deltas: 100% (18/18), completed with 15 local objects.        
remote: Bypassed rule violations for refs/heads/develop:        
remote: 
remote: - Changes must be made through a pull request.        
remote: 
To github.com:mkjost0/gem5-actions.git
   4c1c3e7151..d549e4b35f  develop -> develop
   ffbf73db1d..77ac6eacd9  upstream/develop -> upstream/develop
From https://gem5.googlesource.com/public/gem5
 * branch                  develop    -> FETCH_HEAD
Already up to date.
To github.com:mkjost0/gem5-actions.git
   4c1c3e7151..d549e4b35f  origin/develop -> origin/develop
From https://gem5.googlesource.com/public/gem5
 * branch                  develop    -> FETCH_HEAD
Already up to date.
Everything up-to-date
From https://gem5.googlesource.com/public/gem5
 * branch                  develop    -> FETCH_HEAD
Already up to date.
Everything up-to-date
From https://gem5.googlesource.com/public/gem5
 * branch                  develop    -> FETCH_HEAD
Already up to date.
Everything up-to-date
From https://gem5.googlesource.com/public/gem5
 * branch                  develop    -> FETCH_HEAD
Already up to date.
Everything up-to-date
From https://gem5.googlesource.com/public/gem5
 * branch                  develop    -> FETCH_HEAD
Already up to date.
Everything up-to-date
From https://gem5.googlesource.com/public/gem5
 * branch                  develop    -> FETCH_HEAD
Already up to date.
Everything up-to-date
From https://gem5.googlesource.com/public/gem5
 * branch                  develop    -> FETCH_HEAD
Already up to date.
Everything up-to-date
From https://gem5.googlesource.com/public/gem5
 * branch                  develop    -> FETCH_HEAD
Already up to date.
Everything up-to-date
From https://gem5.googlesource.com/public/gem5
 * branch                  develop    -> FETCH_HEAD
   77ac6eacd9..25d7badcc1  develop    -> upstream/develop
Merge made by the 'recursive' strategy.
 tests/pyunit/stdlib/resources/pyunit_client_wrapper_checks.py         | 4 ++--
 .../resources/refs/{mongo_dup_mock.json => mongo-dup-mock.json}       | 0
 .../pyunit/stdlib/resources/refs/{mongo_mock.json => mongo-mock.json} | 0
 .../pyunit/stdlib/resources/refs/workload-checks-custom-workload.json | 2 +-
 tests/pyunit/stdlib/resources/refs/workload-checks.json               | 4 ++--
 5 files changed, 5 insertions(+), 5 deletions(-)
 rename tests/pyunit/stdlib/resources/refs/{mongo_dup_mock.json => mongo-dup-mock.json} (100%)
 rename tests/pyunit/stdlib/resources/refs/{mongo_mock.json => mongo-mock.json} (100%)
remote: Resolving deltas:   0% (0/11)        remote: Resolving deltas:   9% (1/11)        remote: Resolving deltas:  18% (2/11)        remote: Resolving deltas:  27% (3/11)        remote: Resolving deltas:  36% (4/11)        remote: Resolving deltas:  45% (5/11)        remote: Resolving deltas:  54% (6/11)        remote: Resolving deltas:  63% (7/11)        remote: Resolving deltas:  72% (8/11)        remote: Resolving deltas:  81% (9/11)        remote: Resolving deltas:  90% (10/11)        remote: Resolving deltas: 100% (11/11)        remote: Resolving deltas: 100% (11/11), completed with 10 local objects.        
remote: Bypassed rule violations for refs/heads/develop:        
remote: 
remote: - Changes must be made through a pull request.        
remote: 
To github.com:mkjost0/gem5-actions.git
   d549e4b35f..72cdd15d11  develop -> develop
   77ac6eacd9..25d7badcc1  upstream/develop -> upstream/develop
From https://gem5.googlesource.com/public/gem5
 * branch                  develop    -> FETCH_HEAD
Already up to date.
To github.com:mkjost0/gem5-actions.git
   d549e4b35f..72cdd15d11  origin/develop -> origin/develop
From https://gem5.googlesource.com/public/gem5
 * branch                  develop    -> FETCH_HEAD
Already up to date.
Everything up-to-date
From https://gem5.googlesource.com/public/gem5
 * branch                  develop    -> FETCH_HEAD
Already up to date.
Everything up-to-date
From https://gem5.googlesource.com/public/gem5
 * branch                  develop    -> FETCH_HEAD
Already up to date.
Everything up-to-date
From https://gem5.googlesource.com/public/gem5
 * branch                  develop    -> FETCH_HEAD
Already up to date.
Everything up-to-date
From https://gem5.googlesource.com/public/gem5
 * branch                  develop    -> FETCH_HEAD
Already up to date.
Everything up-to-date
From https://gem5.googlesource.com/public/gem5
 * branch                  develop    -> FETCH_HEAD
Already up to date.
Everything up-to-date
From https://gem5.googlesource.com/public/gem5
 * branch                  develop    -> FETCH_HEAD
Already up to date.
Everything up-to-date
From https://gem5.googlesource.com/public/gem5
 * branch                  develop    -> FETCH_HEAD
Already up to date.
Everything up-to-date
From https://gem5.googlesource.com/public/gem5
 * branch                  develop    -> FETCH_HEAD
Already up to date.
Everything up-to-date
From https://gem5.googlesource.com/public/gem5
 * branch                  develop    -> FETCH_HEAD
Already up to date.
Everything up-to-date
From https://gem5.googlesource.com/public/gem5
 * branch                  develop    -> FETCH_HEAD
Already up to date.
Everything up-to-date
From https://gem5.googlesource.com/public/gem5
 * branch                  develop    -> FETCH_HEAD
Already up to date.
Everything up-to-date
From https://gem5.googlesource.com/public/gem5
 * branch                  develop    -> FETCH_HEAD
Already up to date.
Everything up-to-date
From https://gem5.googlesource.com/public/gem5
 * branch                  develop    -> FETCH_HEAD
Already up to date.
To github.com:mkjost0/gem5-actions.git
   4c1c3e7151..fe36d5c31e  testing/develop -> testing/develop
From https://gem5.googlesource.com/public/gem5
 * branch                  develop    -> FETCH_HEAD
Already up to date.
To github.com:mkjost0/gem5-actions.git
   72cdd15d11..fe36d5c31e  origin/develop -> origin/develop
From https://gem5.googlesource.com/public/gem5
 * branch                  develop    -> FETCH_HEAD
Already up to date.
Everything up-to-date
From https://gem5.googlesource.com/public/gem5
 * branch                  develop    -> FETCH_HEAD
Already up to date.
Everything up-to-date
From https://gem5.googlesource.com/public/gem5
 * branch                  develop    -> FETCH_HEAD
Already up to date.
Everything up-to-date
From https://gem5.googlesource.com/public/gem5
 * branch                  develop    -> FETCH_HEAD
Already up to date.
Everything up-to-date
From https://gem5.googlesource.com/public/gem5
 * branch                  develop    -> FETCH_HEAD
Already up to date.
Everything up-to-date
From https://gem5.googlesource.com/public/gem5
 * branch                  develop    -> FETCH_HEAD
Already up to date.
Everything up-to-date
From https://gem5.googlesource.com/public/gem5
 * branch                  develop    -> FETCH_HEAD
Already up to date.
Everything up-to-date
From https://gem5.googlesource.com/public/gem5
 * branch                  develop    -> FETCH_HEAD
Already up to date.
Everything up-to-date
From https://gem5.googlesource.com/public/gem5
 * branch                  develop    -> FETCH_HEAD
Already up to date.
Everything up-to-date
From https://gem5.googlesource.com/public/gem5
 * branch                  develop    -> FETCH_HEAD
Already up to date.
Everything up-to-date
From https://gem5.googlesource.com/public/gem5
 * branch                  develop    -> FETCH_HEAD
Already up to date.
Everything up-to-date
From https://gem5.googlesource.com/public/gem5
 * branch                  develop    -> FETCH_HEAD
Already up to date.
Everything up-to-date
From https://gem5.googlesource.com/public/gem5
 * branch                  develop    -> FETCH_HEAD
Already up to date.
Everything up-to-date
From https://gem5.googlesource.com/public/gem5
 * branch                  develop    -> FETCH_HEAD
Already up to date.
Everything up-to-date
From https://gem5.googlesource.com/public/gem5
 * branch                  develop    -> FETCH_HEAD
Already up to date.
Everything up-to-date
From https://gem5.googlesource.com/public/gem5
 * branch                  develop    -> FETCH_HEAD
Already up to date.
Everything up-to-date
From https://gem5.googlesource.com/public/gem5
 * branch                  develop    -> FETCH_HEAD
Already up to date.
Everything up-to-date
From https://gem5.googlesource.com/public/gem5
 * branch                  develop    -> FETCH_HEAD
Already up to date.
Everything up-to-date
From https://gem5.googlesource.com/public/gem5
 * branch                  develop    -> FETCH_HEAD
Already up to date.
Everything up-to-date
From https://gem5.googlesource.com/public/gem5
 * branch                  develop    -> FETCH_HEAD
Already up to date.
Everything up-to-date
From https://gem5.googlesource.com/public/gem5
 * branch                  develop    -> FETCH_HEAD
Already up to date.
Everything up-to-date
From https://gem5.googlesource.com/public/gem5
 * branch                  develop    -> FETCH_HEAD
Already up to date.
Everything up-to-date
From https://gem5.googlesource.com/public/gem5
 * branch                  develop    -> FETCH_HEAD
Already up to date.
Everything up-to-date
From https://gem5.googlesource.com/public/gem5
 * branch                  develop    -> FETCH_HEAD
Already up to date.
Everything up-to-date
From https://gem5.googlesource.com/public/gem5
 * branch                  develop    -> FETCH_HEAD
Already up to date.
Everything up-to-date
From https://gem5.googlesource.com/public/gem5
 * branch                  develop    -> FETCH_HEAD
Already up to date.
Everything up-to-date
From https://gem5.googlesource.com/public/gem5
 * branch                  develop    -> FETCH_HEAD
Already up to date.
Everything up-to-date
From https://gem5.googlesource.com/public/gem5
 * branch                  develop    -> FETCH_HEAD
Already up to date.
Everything up-to-date
From https://gem5.googlesource.com/public/gem5
 * branch                  develop    -> FETCH_HEAD
Already up to date.
Everything up-to-date
From https://gem5.googlesource.com/public/gem5
 * branch                  develop    -> FETCH_HEAD
Already up to date.
Everything up-to-date
From https://gem5.googlesource.com/public/gem5
 * branch                  develop    -> FETCH_HEAD
Already up to date.
Everything up-to-date
From https://gem5.googlesource.com/public/gem5
 * branch                  develop    -> FETCH_HEAD
Already up to date.
Everything up-to-date
From https://gem5.googlesource.com/public/gem5
 * branch                  develop    -> FETCH_HEAD
Already up to date.
Everything up-to-date
From https://gem5.googlesource.com/public/gem5
 * branch                  develop    -> FETCH_HEAD
Already up to date.
Everything up-to-date
From https://gem5.googlesource.com/public/gem5
 * branch                  develop    -> FETCH_HEAD
Already up to date.
Everything up-to-date
From https://gem5.googlesource.com/public/gem5
 * branch                  develop    -> FETCH_HEAD
Already up to date.
Everything up-to-date
From https://gem5.googlesource.com/public/gem5
 * branch                  develop    -> FETCH_HEAD
Already up to date.
Everything up-to-date
From https://gem5.googlesource.com/public/gem5
 * branch                  develop    -> FETCH_HEAD
Already up to date.
Everything up-to-date
From https://gem5.googlesource.com/public/gem5
 * branch                  develop    -> FETCH_HEAD
Already up to date.
Everything up-to-date
From https://gem5.googlesource.com/public/gem5
 * branch                  develop    -> FETCH_HEAD
Already up to date.
Everything up-to-date
From https://gem5.googlesource.com/public/gem5
 * branch                  develop    -> FETCH_HEAD
Already up to date.
Everything up-to-date
From https://gem5.googlesource.com/public/gem5
 * branch                  develop    -> FETCH_HEAD
Already up to date.
Everything up-to-date
From https://gem5.googlesource.com/public/gem5
 * branch                  develop    -> FETCH_HEAD
Already up to date.
To github.com:mkjost0/gem5-actions.git
   fe36d5c31e..e4d42c1cb0  testing/develop -> testing/develop
From https://gem5.googlesource.com/public/gem5
 * branch                  develop    -> FETCH_HEAD
Already up to date.
To github.com:mkjost0/gem5-actions.git
   fe36d5c31e..e4d42c1cb0  origin/develop -> origin/develop
From https://gem5.googlesource.com/public/gem5
 * branch                  develop    -> FETCH_HEAD
Already up to date.
Everything up-to-date
From https://gem5.googlesource.com/public/gem5
 * branch                  develop    -> FETCH_HEAD
Already up to date.
Everything up-to-date
From https://gem5.googlesource.com/public/gem5
 * branch                  develop    -> FETCH_HEAD
Already up to date.
Everything up-to-date
From https://gem5.googlesource.com/public/gem5
 * branch                  develop    -> FETCH_HEAD
Already up to date.
Everything up-to-date
From https://gem5.googlesource.com/public/gem5
 * branch                  develop    -> FETCH_HEAD
Already up to date.
Everything up-to-date
From https://gem5.googlesource.com/public/gem5
 * branch                  develop    -> FETCH_HEAD
Already up to date.
Everything up-to-date
From https://gem5.googlesource.com/public/gem5
 * branch                  develop    -> FETCH_HEAD
Already up to date.
Everything up-to-date
From https://gem5.googlesource.com/public/gem5
 * branch                  develop    -> FETCH_HEAD
Already up to date.
Everything up-to-date
From https://gem5.googlesource.com/public/gem5
 * branch                  develop    -> FETCH_HEAD
Already up to date.
Everything up-to-date
From https://gem5.googlesource.com/public/gem5
 * branch                  develop    -> FETCH_HEAD
Already up to date.
Everything up-to-date
From https://gem5.googlesource.com/public/gem5
 * branch                  develop    -> FETCH_HEAD
Already up to date.
Everything up-to-date
From https://gem5.googlesource.com/public/gem5
 * branch                  develop    -> FETCH_HEAD
Already up to date.
Everything up-to-date
From https://gem5.googlesource.com/public/gem5
 * branch                  develop    -> FETCH_HEAD
Already up to date.
To github.com:mkjost0/gem5-actions.git
   e4d42c1cb0..75bd859530  testing/develop -> testing/develop
From https://gem5.googlesource.com/public/gem5
 * branch                  develop    -> FETCH_HEAD
Already up to date.
To github.com:mkjost0/gem5-actions.git
   e4d42c1cb0..75bd859530  origin/develop -> origin/develop
   75bd859530..d481f7fe4b  testing/develop -> testing/develop
From https://gem5.googlesource.com/public/gem5
 * branch                  develop    -> FETCH_HEAD
Already up to date.
To github.com:mkjost0/gem5-actions.git
   75bd859530..d481f7fe4b  origin/develop -> origin/develop
From https://gem5.googlesource.com/public/gem5
 * branch                  develop    -> FETCH_HEAD
Already up to date.
Everything up-to-date
From https://gem5.googlesource.com/public/gem5
 * branch                  develop    -> FETCH_HEAD
   25d7badcc1..90067c6ce4  develop    -> upstream/develop
Merge made by the 'recursive' strategy.
 configs/example/gpufs/runfs.py | 30 +++++++++++++++++++++++++++++-
 src/gpu-compute/dispatcher.cc  |  3 +++
 2 files changed, 32 insertions(+), 1 deletion(-)
remote: Bypassed rule violations for refs/heads/develop:        
remote: 
remote: - Changes must be made through a pull request.        
remote: 
To github.com:mkjost0/gem5-actions.git
   d481f7fe4b..d27dad0004  develop -> develop
   25d7badcc1..90067c6ce4  upstream/develop -> upstream/develop
From https://gem5.googlesource.com/public/gem5
 * branch                  develop    -> FETCH_HEAD
Already up to date.
To github.com:mkjost0/gem5-actions.git
   d481f7fe4b..d27dad0004  origin/develop -> origin/develop
From https://gem5.googlesource.com/public/gem5
 * branch                  develop    -> FETCH_HEAD
Already up to date.
Everything up-to-date
From https://gem5.googlesource.com/public/gem5
 * branch                  develop    -> FETCH_HEAD
Already up to date.
Everything up-to-date
From https://gem5.googlesource.com/public/gem5
 * branch                  develop    -> FETCH_HEAD
Already up to date.
Everything up-to-date
From https://gem5.googlesource.com/public/gem5
 * branch                  develop    -> FETCH_HEAD
Already up to date.
Everything up-to-date
From https://gem5.googlesource.com/public/gem5
 * branch                  develop    -> FETCH_HEAD
Already up to date.
Everything up-to-date
From https://gem5.googlesource.com/public/gem5
 * branch                  develop    -> FETCH_HEAD
Already up to date.
Everything up-to-date
From https://gem5.googlesource.com/public/gem5
 * branch                  develop    -> FETCH_HEAD
Already up to date.
Everything up-to-date
From https://gem5.googlesource.com/public/gem5
 * branch                  develop    -> FETCH_HEAD
Already up to date.
Everything up-to-date
From https://gem5.googlesource.com/public/gem5
 * branch                  develop    -> FETCH_HEAD
   90067c6ce4..f467cf79fd  develop    -> upstream/develop
Merge made by the 'recursive' strategy.
 util/github-runners-vagrant/README.md            | 118 +++++++++++++++++++++++
 util/github-runners-vagrant/Vagrantfile-builder  |  49 ++++++++++
 util/github-runners-vagrant/Vagrantfile-runner   |  48 +++++++++
 util/github-runners-vagrant/provision_nonroot.sh |  15 +++
 util/github-runners-vagrant/provision_root.sh    |  43 +++++++++
 util/github-runners-vagrant/vm_manager.sh        |  39 ++++++++
 6 files changed, 312 insertions(+)
 create mode 100644 util/github-runners-vagrant/README.md
 create mode 100644 util/github-runners-vagrant/Vagrantfile-builder
 create mode 100644 util/github-runners-vagrant/Vagrantfile-runner
 create mode 100644 util/github-runners-vagrant/provision_nonroot.sh
 create mode 100644 util/github-runners-vagrant/provision_root.sh
 create mode 100755 util/github-runners-vagrant/vm_manager.sh
remote: Bypassed rule violations for refs/heads/develop:        
remote: 
remote: - Changes must be made through a pull request.        
remote: 
To github.com:mkjost0/gem5-actions.git
   d27dad0004..eb738abd47  develop -> develop
   90067c6ce4..f467cf79fd  upstream/develop -> upstream/develop
From https://gem5.googlesource.com/public/gem5
 * branch                  develop    -> FETCH_HEAD
Already up to date.
To github.com:mkjost0/gem5-actions.git
   d27dad0004..eb738abd47  origin/develop -> origin/develop
From https://gem5.googlesource.com/public/gem5
 * branch                  develop    -> FETCH_HEAD
Already up to date.
Everything up-to-date
From https://gem5.googlesource.com/public/gem5
 * branch                  develop    -> FETCH_HEAD
Already up to date.
Everything up-to-date
From https://gem5.googlesource.com/public/gem5
 * branch                  develop    -> FETCH_HEAD
Already up to date.
Everything up-to-date
From https://gem5.googlesource.com/public/gem5
 * branch                  develop    -> FETCH_HEAD
Already up to date.
Everything up-to-date
From https://gem5.googlesource.com/public/gem5
 * branch                  develop    -> FETCH_HEAD
Already up to date.
Everything up-to-date
From https://gem5.googlesource.com/public/gem5
 * branch                  develop    -> FETCH_HEAD
Already up to date.
To github.com:mkjost0/gem5-actions.git
   d481f7fe4b..d098e4cafe  testing/develop -> testing/develop
From https://gem5.googlesource.com/public/gem5
 * branch                  develop    -> FETCH_HEAD
Already up to date.
To github.com:mkjost0/gem5-actions.git
   eb738abd47..d098e4cafe  origin/develop -> origin/develop
From https://gem5.googlesource.com/public/gem5
 * branch                  develop    -> FETCH_HEAD
Already up to date.
Everything up-to-date
From https://gem5.googlesource.com/public/gem5
 * branch                  develop    -> FETCH_HEAD
Already up to date.
Everything up-to-date
From https://gem5.googlesource.com/public/gem5
 * branch                  develop    -> FETCH_HEAD
Already up to date.
Everything up-to-date
From https://gem5.googlesource.com/public/gem5
 * branch                  develop    -> FETCH_HEAD
Already up to date.
Everything up-to-date
From https://gem5.googlesource.com/public/gem5
 * branch                  develop    -> FETCH_HEAD
Already up to date.
Everything up-to-date
From https://gem5.googlesource.com/public/gem5
 * branch                  develop    -> FETCH_HEAD
Already up to date.
To github.com:mkjost0/gem5-actions.git
   d098e4cafe..508cf2cfa9  testing/develop -> testing/develop
From https://gem5.googlesource.com/public/gem5
 * branch                  develop    -> FETCH_HEAD
Already up to date.
To github.com:mkjost0/gem5-actions.git
   d098e4cafe..508cf2cfa9  origin/develop -> origin/develop
From https://gem5.googlesource.com/public/gem5
 * branch                  develop    -> FETCH_HEAD
Already up to date.
Everything up-to-date
From https://gem5.googlesource.com/public/gem5
 * branch                  develop    -> FETCH_HEAD
Already up to date.
Everything up-to-date
From https://gem5.googlesource.com/public/gem5
 * branch                  develop    -> FETCH_HEAD
Already up to date.
Everything up-to-date
From https://gem5.googlesource.com/public/gem5
 * branch                  develop    -> FETCH_HEAD
Already up to date.
Everything up-to-date
From https://gem5.googlesource.com/public/gem5
 * branch                  develop    -> FETCH_HEAD
Already up to date.
Everything up-to-date
From https://gem5.googlesource.com/public/gem5
 * branch                  develop    -> FETCH_HEAD
Already up to date.
Everything up-to-date
From https://gem5.googlesource.com/public/gem5
 * branch                  develop    -> FETCH_HEAD
Already up to date.
Everything up-to-date
From https://gem5.googlesource.com/public/gem5
 * branch                  develop    -> FETCH_HEAD
Already up to date.
Everything up-to-date
From https://gem5.googlesource.com/public/gem5
 * branch                  develop    -> FETCH_HEAD
Already up to date.
Everything up-to-date
From https://gem5.googlesource.com/public/gem5
 * branch                  develop    -> FETCH_HEAD
Already up to date.
Everything up-to-date
From https://gem5.googlesource.com/public/gem5
 * branch                  develop    -> FETCH_HEAD
Already up to date.
Everything up-to-date
From https://gem5.googlesource.com/public/gem5
 * branch                  develop    -> FETCH_HEAD
Already up to date.
Everything up-to-date
From https://gem5.googlesource.com/public/gem5
 * branch                  develop    -> FETCH_HEAD
Already up to date.
Everything up-to-date
From https://gem5.googlesource.com/public/gem5
 * branch                  develop    -> FETCH_HEAD
Already up to date.
Everything up-to-date
From https://gem5.googlesource.com/public/gem5
 * branch                  develop    -> FETCH_HEAD
Already up to date.
Everything up-to-date
From https://gem5.googlesource.com/public/gem5
 * branch                  develop    -> FETCH_HEAD
Already up to date.
Everything up-to-date
From https://gem5.googlesource.com/public/gem5
 * branch                  develop    -> FETCH_HEAD
Already up to date.
Everything up-to-date
From https://gem5.googlesource.com/public/gem5
 * branch                  develop    -> FETCH_HEAD
Already up to date.
Everything up-to-date
From https://gem5.googlesource.com/public/gem5
 * branch                  develop    -> FETCH_HEAD
Already up to date.
Everything up-to-date
From https://gem5.googlesource.com/public/gem5
 * branch                  develop    -> FETCH_HEAD
Already up to date.
Everything up-to-date
From https://gem5.googlesource.com/public/gem5
 * branch                  develop    -> FETCH_HEAD
Already up to date.
Everything up-to-date
From https://gem5.googlesource.com/public/gem5
 * branch                  develop    -> FETCH_HEAD
Already up to date.
Everything up-to-date
From https://gem5.googlesource.com/public/gem5
 * branch                  develop    -> FETCH_HEAD
Already up to date.
Everything up-to-date
From https://gem5.googlesource.com/public/gem5
 * branch                  develop    -> FETCH_HEAD
Already up to date.
Everything up-to-date
From https://gem5.googlesource.com/public/gem5
 * branch                  develop    -> FETCH_HEAD
Already up to date.
Everything up-to-date
From https://gem5.googlesource.com/public/gem5
 * branch                  develop    -> FETCH_HEAD
Already up to date.
Everything up-to-date
From https://gem5.googlesource.com/public/gem5
 * branch                  develop    -> FETCH_HEAD
Already up to date.
Everything up-to-date
From https://gem5.googlesource.com/public/gem5
 * branch                  develop    -> FETCH_HEAD
Already up to date.
Everything up-to-date
From https://gem5.googlesource.com/public/gem5
 * branch                  develop    -> FETCH_HEAD
Already up to date.
Everything up-to-date
From https://gem5.googlesource.com/public/gem5
 * branch                  develop    -> FETCH_HEAD
Already up to date.
Everything up-to-date
From https://gem5.googlesource.com/public/gem5
 * branch                  develop    -> FETCH_HEAD
Already up to date.
Everything up-to-date
From https://gem5.googlesource.com/public/gem5
 * branch                  develop    -> FETCH_HEAD
Already up to date.
Everything up-to-date
From https://gem5.googlesource.com/public/gem5
 * branch                  develop    -> FETCH_HEAD
Already up to date.
Everything up-to-date
From https://gem5.googlesource.com/public/gem5
 * branch                  develop    -> FETCH_HEAD
Already up to date.
Everything up-to-date
From https://gem5.googlesource.com/public/gem5
 * branch                  develop    -> FETCH_HEAD
Already up to date.
Everything up-to-date
From https://gem5.googlesource.com/public/gem5
 * branch                  develop    -> FETCH_HEAD
Already up to date.
Everything up-to-date
From https://gem5.googlesource.com/public/gem5
 * branch                  develop    -> FETCH_HEAD
Already up to date.
Everything up-to-date
From https://gem5.googlesource.com/public/gem5
 * branch                  develop    -> FETCH_HEAD
Already up to date.
Everything up-to-date
From https://gem5.googlesource.com/public/gem5
 * branch                  develop    -> FETCH_HEAD
Already up to date.
Everything up-to-date
From https://gem5.googlesource.com/public/gem5
 * branch                  develop    -> FETCH_HEAD
Already up to date.
Everything up-to-date
From https://gem5.googlesource.com/public/gem5
 * branch                  develop    -> FETCH_HEAD
Already up to date.
Everything up-to-date
From https://gem5.googlesource.com/public/gem5
 * branch                  develop    -> FETCH_HEAD
Already up to date.
Everything up-to-date
From https://gem5.googlesource.com/public/gem5
 * branch                  develop    -> FETCH_HEAD
Already up to date.
Everything up-to-date
From https://gem5.googlesource.com/public/gem5
 * branch                  develop    -> FETCH_HEAD
Already up to date.
Everything up-to-date
From https://gem5.googlesource.com/public/gem5
 * branch                  develop    -> FETCH_HEAD
Already up to date.
Everything up-to-date
From https://gem5.googlesource.com/public/gem5
 * branch                  develop    -> FETCH_HEAD
Already up to date.
Everything up-to-date
From https://gem5.googlesource.com/public/gem5
 * branch                  develop    -> FETCH_HEAD
Already up to date.
To github.com:mkjost0/gem5-actions.git
   508cf2cfa9..f5a1b3a8a7  testing/develop -> testing/develop
From https://gem5.googlesource.com/public/gem5
 * branch                  develop    -> FETCH_HEAD
Already up to date.
To github.com:mkjost0/gem5-actions.git
   508cf2cfa9..f5a1b3a8a7  origin/develop -> origin/develop
From https://gem5.googlesource.com/public/gem5
 * branch                  develop    -> FETCH_HEAD
Already up to date.
Everything up-to-date
From https://gem5.googlesource.com/public/gem5
 * branch                  develop    -> FETCH_HEAD
Already up to date.
Everything up-to-date
From https://gem5.googlesource.com/public/gem5
 * branch                  develop    -> FETCH_HEAD
Already up to date.
To github.com:mkjost0/gem5-actions.git
   f5a1b3a8a7..bac3c8e031  testing/develop -> testing/develop
From https://gem5.googlesource.com/public/gem5
 * branch                  develop    -> FETCH_HEAD
Already up to date.
To github.com:mkjost0/gem5-actions.git
   f5a1b3a8a7..bac3c8e031  origin/develop -> origin/develop
From https://gem5.googlesource.com/public/gem5
 * branch                  develop    -> FETCH_HEAD
Already up to date.
Everything up-to-date
From https://gem5.googlesource.com/public/gem5
 * branch                  develop    -> FETCH_HEAD
Already up to date.
Everything up-to-date
From https://gem5.googlesource.com/public/gem5
 * branch                  develop    -> FETCH_HEAD
Already up to date.
Everything up-to-date
From https://gem5.googlesource.com/public/gem5
 * branch                  develop    -> FETCH_HEAD
Already up to date.
Everything up-to-date
From https://gem5.googlesource.com/public/gem5
 * branch                  develop    -> FETCH_HEAD
Already up to date.
Everything up-to-date
From https://gem5.googlesource.com/public/gem5
 * branch                  develop    -> FETCH_HEAD
Already up to date.
Everything up-to-date
From https://gem5.googlesource.com/public/gem5
 * branch                  develop    -> FETCH_HEAD
Already up to date.
Everything up-to-date
From https://gem5.googlesource.com/public/gem5
 * branch                  develop    -> FETCH_HEAD
Already up to date.
Everything up-to-date
From https://gem5.googlesource.com/public/gem5
 * branch                  develop    -> FETCH_HEAD
Already up to date.
Everything up-to-date
From https://gem5.googlesource.com/public/gem5
 * branch                  develop    -> FETCH_HEAD
Already up to date.
Everything up-to-date
From https://gem5.googlesource.com/public/gem5
 * branch                  develop    -> FETCH_HEAD
Already up to date.
Everything up-to-date
From https://gem5.googlesource.com/public/gem5
 * branch                  develop    -> FETCH_HEAD
Already up to date.
Everything up-to-date
From https://gem5.googlesource.com/public/gem5
 * branch                  develop    -> FETCH_HEAD
Already up to date.
Everything up-to-date
From https://gem5.googlesource.com/public/gem5
 * branch                  develop    -> FETCH_HEAD
Already up to date.
Everything up-to-date
From https://gem5.googlesource.com/public/gem5
 * branch                  develop    -> FETCH_HEAD
Already up to date.
Everything up-to-date
From https://gem5.googlesource.com/public/gem5
 * branch                  develop    -> FETCH_HEAD
Already up to date.
Everything up-to-date
From https://gem5.googlesource.com/public/gem5
 * branch                  develop    -> FETCH_HEAD
Already up to date.
Everything up-to-date
From https://gem5.googlesource.com/public/gem5
 * branch                  develop    -> FETCH_HEAD
Already up to date.
Everything up-to-date
From https://gem5.googlesource.com/public/gem5
 * branch                  develop    -> FETCH_HEAD
Already up to date.
Everything up-to-date
From https://gem5.googlesource.com/public/gem5
 * branch                  develop    -> FETCH_HEAD
Already up to date.
Everything up-to-date
From https://gem5.googlesource.com/public/gem5
 * branch                  develop    -> FETCH_HEAD
Already up to date.
To github.com:mkjost0/gem5-actions.git
   bac3c8e031..752b46e32a  testing/develop -> testing/develop
From https://gem5.googlesource.com/public/gem5
 * branch                  develop    -> FETCH_HEAD
Already up to date.
To github.com:mkjost0/gem5-actions.git
   bac3c8e031..752b46e32a  origin/develop -> origin/develop
From https://gem5.googlesource.com/public/gem5
 * branch                  develop    -> FETCH_HEAD
Already up to date.
Everything up-to-date
From https://gem5.googlesource.com/public/gem5
 * branch                  develop    -> FETCH_HEAD
Already up to date.
Everything up-to-date
From https://gem5.googlesource.com/public/gem5
 * branch                  develop    -> FETCH_HEAD
Already up to date.
To github.com:mkjost0/gem5-actions.git
   752b46e32a..86f1758771  testing/develop -> testing/develop
From https://gem5.googlesource.com/public/gem5
 * branch                  develop    -> FETCH_HEAD
Already up to date.
To github.com:mkjost0/gem5-actions.git
   752b46e32a..86f1758771  origin/develop -> origin/develop
From https://gem5.googlesource.com/public/gem5
 * branch                  develop    -> FETCH_HEAD
Already up to date.
Everything up-to-date
From https://gem5.googlesource.com/public/gem5
 * branch                  develop    -> FETCH_HEAD
Already up to date.
Everything up-to-date
From https://gem5.googlesource.com/public/gem5
 * branch                  develop    -> FETCH_HEAD
Already up to date.
Everything up-to-date
From https://gem5.googlesource.com/public/gem5
 * branch                  develop    -> FETCH_HEAD
Already up to date.
Everything up-to-date
From https://gem5.googlesource.com/public/gem5
 * branch                  develop    -> FETCH_HEAD
Already up to date.
Everything up-to-date
From https://gem5.googlesource.com/public/gem5
 * branch                  develop    -> FETCH_HEAD
Already up to date.
Everything up-to-date
From https://gem5.googlesource.com/public/gem5
 * branch                  develop    -> FETCH_HEAD
Already up to date.
Everything up-to-date
From https://gem5.googlesource.com/public/gem5
 * branch                  develop    -> FETCH_HEAD
Already up to date.
Everything up-to-date
From https://gem5.googlesource.com/public/gem5
 * branch                  develop    -> FETCH_HEAD
Already up to date.
Everything up-to-date
From https://gem5.googlesource.com/public/gem5
 * branch                  develop    -> FETCH_HEAD
Already up to date.
Everything up-to-date
From https://gem5.googlesource.com/public/gem5
 * branch                  develop    -> FETCH_HEAD
Already up to date.
Everything up-to-date
From https://gem5.googlesource.com/public/gem5
 * branch                  develop    -> FETCH_HEAD
Already up to date.
Everything up-to-date
From https://gem5.googlesource.com/public/gem5
 * branch                  develop    -> FETCH_HEAD
Already up to date.
Everything up-to-date
From https://gem5.googlesource.com/public/gem5
 * branch                  develop    -> FETCH_HEAD
Already up to date.
Everything up-to-date
From https://gem5.googlesource.com/public/gem5
 * branch                  develop    -> FETCH_HEAD
Already up to date.
Everything up-to-date
From https://gem5.googlesource.com/public/gem5
 * branch                  develop    -> FETCH_HEAD
Already up to date.
Everything up-to-date
From https://gem5.googlesource.com/public/gem5
 * branch                  develop    -> FETCH_HEAD
Already up to date.
Everything up-to-date
From https://gem5.googlesource.com/public/gem5
 * branch                  develop    -> FETCH_HEAD
Already up to date.
Everything up-to-date
From https://gem5.googlesource.com/public/gem5
 * branch                  develop    -> FETCH_HEAD
Already up to date.
Everything up-to-date
From https://gem5.googlesource.com/public/gem5
 * branch                  develop    -> FETCH_HEAD
Already up to date.
Everything up-to-date
From https://gem5.googlesource.com/public/gem5
 * branch                  develop    -> FETCH_HEAD
Already up to date.
Everything up-to-date
From https://gem5.googlesource.com/public/gem5
 * branch                  develop    -> FETCH_HEAD
Already up to date.
Everything up-to-date
From https://gem5.googlesource.com/public/gem5
 * branch                  develop    -> FETCH_HEAD
Already up to date.
Everything up-to-date
From https://gem5.googlesource.com/public/gem5
 * branch                  develop    -> FETCH_HEAD
Already up to date.
Everything up-to-date
From https://gem5.googlesource.com/public/gem5
 * branch                  develop    -> FETCH_HEAD
Already up to date.
To github.com:mkjost0/gem5-actions.git
   86f1758771..777b8710b3  testing/develop -> testing/develop
From https://gem5.googlesource.com/public/gem5
 * branch                  develop    -> FETCH_HEAD
Already up to date.
To github.com:mkjost0/gem5-actions.git
   86f1758771..777b8710b3  origin/develop -> origin/develop
From https://gem5.googlesource.com/public/gem5
 * branch                  develop    -> FETCH_HEAD
Already up to date.
Everything up-to-date
From https://gem5.googlesource.com/public/gem5
 * branch                  develop    -> FETCH_HEAD
Already up to date.
Everything up-to-date
From https://gem5.googlesource.com/public/gem5
 * branch                  develop    -> FETCH_HEAD
Already up to date.
Everything up-to-date
From https://gem5.googlesource.com/public/gem5
 * branch                  develop    -> FETCH_HEAD
Already up to date.
Everything up-to-date
From https://gem5.googlesource.com/public/gem5
 * branch                  develop    -> FETCH_HEAD
Already up to date.
Everything up-to-date
From https://gem5.googlesource.com/public/gem5
 * branch                  develop    -> FETCH_HEAD
Already up to date.
Everything up-to-date
From https://gem5.googlesource.com/public/gem5
 * branch                  develop    -> FETCH_HEAD
Already up to date.
Everything up-to-date
From https://gem5.googlesource.com/public/gem5
 * branch                  develop    -> FETCH_HEAD
Already up to date.
Everything up-to-date
From https://gem5.googlesource.com/public/gem5
 * branch                  develop    -> FETCH_HEAD
Already up to date.
To github.com:mkjost0/gem5-actions.git
   777b8710b3..0b6a7f2c19  testing/develop -> testing/develop
From https://gem5.googlesource.com/public/gem5
 * branch                  develop    -> FETCH_HEAD
Already up to date.
To github.com:mkjost0/gem5-actions.git
   777b8710b3..0b6a7f2c19  origin/develop -> origin/develop
From https://gem5.googlesource.com/public/gem5
 * branch                  develop    -> FETCH_HEAD
Already up to date.
Everything up-to-date
From https://gem5.googlesource.com/public/gem5
 * branch                  develop    -> FETCH_HEAD
Already up to date.
Everything up-to-date
From https://gem5.googlesource.com/public/gem5
 * branch                  develop    -> FETCH_HEAD
Already up to date.
Everything up-to-date
From https://gem5.googlesource.com/public/gem5
 * branch                  develop    -> FETCH_HEAD
Already up to date.
Everything up-to-date
From https://gem5.googlesource.com/public/gem5
 * branch                  develop    -> FETCH_HEAD
Already up to date.
Everything up-to-date
From https://gem5.googlesource.com/public/gem5
 * branch                  develop    -> FETCH_HEAD
Already up to date.
Everything up-to-date
From https://gem5.googlesource.com/public/gem5
 * branch                  develop    -> FETCH_HEAD
Already up to date.
Everything up-to-date
From https://gem5.googlesource.com/public/gem5
 * branch                  develop    -> FETCH_HEAD
Already up to date.
Everything up-to-date
From https://gem5.googlesource.com/public/gem5
 * branch                  develop    -> FETCH_HEAD
Already up to date.
Everything up-to-date
From https://gem5.googlesource.com/public/gem5
 * branch                  develop    -> FETCH_HEAD
Already up to date.
Everything up-to-date
From https://gem5.googlesource.com/public/gem5
 * branch                  develop    -> FETCH_HEAD
Already up to date.
Everything up-to-date
From https://gem5.googlesource.com/public/gem5
 * branch                  develop    -> FETCH_HEAD
Already up to date.
Everything up-to-date
From https://gem5.googlesource.com/public/gem5
 * branch                  develop    -> FETCH_HEAD
Already up to date.
Everything up-to-date
From https://gem5.googlesource.com/public/gem5
 * branch                  develop    -> FETCH_HEAD
Already up to date.
Everything up-to-date
From https://gem5.googlesource.com/public/gem5
 * branch                  develop    -> FETCH_HEAD
Already up to date.
Everything up-to-date
From https://gem5.googlesource.com/public/gem5
 * branch                  develop    -> FETCH_HEAD
Already up to date.
Everything up-to-date
From https://gem5.googlesource.com/public/gem5
 * branch                  develop    -> FETCH_HEAD
Already up to date.
Everything up-to-date
From https://gem5.googlesource.com/public/gem5
 * branch                  develop    -> FETCH_HEAD
Already up to date.
Everything up-to-date
From https://gem5.googlesource.com/public/gem5
 * branch                  develop    -> FETCH_HEAD
Already up to date.
Everything up-to-date
From https://gem5.googlesource.com/public/gem5
 * branch                  develop    -> FETCH_HEAD
Already up to date.
Everything up-to-date
From https://gem5.googlesource.com/public/gem5
 * branch                  develop    -> FETCH_HEAD
Already up to date.
Everything up-to-date
From https://gem5.googlesource.com/public/gem5
 * branch                  develop    -> FETCH_HEAD
Already up to date.
Everything up-to-date
From https://gem5.googlesource.com/public/gem5
 * branch                  develop    -> FETCH_HEAD
Already up to date.
Everything up-to-date
From https://gem5.googlesource.com/public/gem5
 * branch                  develop    -> FETCH_HEAD
Already up to date.
Everything up-to-date
From https://gem5.googlesource.com/public/gem5
 * branch                  develop    -> FETCH_HEAD
Already up to date.
Everything up-to-date
From https://gem5.googlesource.com/public/gem5
 * branch                  develop    -> FETCH_HEAD
Already up to date.
Everything up-to-date
From https://gem5.googlesource.com/public/gem5
 * branch                  develop    -> FETCH_HEAD
Already up to date.
Everything up-to-date
From https://gem5.googlesource.com/public/gem5
 * branch                  develop    -> FETCH_HEAD
Already up to date.
Everything up-to-date
From https://gem5.googlesource.com/public/gem5
 * branch                  develop    -> FETCH_HEAD
Already up to date.
Everything up-to-date
From https://gem5.googlesource.com/public/gem5
 * branch                  develop    -> FETCH_HEAD
Already up to date.
Everything up-to-date
From https://gem5.googlesource.com/public/gem5
 * branch                  develop    -> FETCH_HEAD
Already up to date.
Everything up-to-date
From https://gem5.googlesource.com/public/gem5
 * branch                  develop    -> FETCH_HEAD
Already up to date.
Everything up-to-date
From https://gem5.googlesource.com/public/gem5
 * branch                  develop    -> FETCH_HEAD
Already up to date.
Everything up-to-date
From https://gem5.googlesource.com/public/gem5
 * branch                  develop    -> FETCH_HEAD
Already up to date.
Everything up-to-date
From https://gem5.googlesource.com/public/gem5
 * branch                  develop    -> FETCH_HEAD
Already up to date.
Everything up-to-date
From https://gem5.googlesource.com/public/gem5
 * branch                  develop    -> FETCH_HEAD
Already up to date.
Everything up-to-date
From https://gem5.googlesource.com/public/gem5
 * branch                  develop    -> FETCH_HEAD
Already up to date.
Everything up-to-date
From https://gem5.googlesource.com/public/gem5
 * branch                  develop    -> FETCH_HEAD
Already up to date.
Everything up-to-date
From https://gem5.googlesource.com/public/gem5
 * branch                  develop    -> FETCH_HEAD
Already up to date.
Everything up-to-date
From https://gem5.googlesource.com/public/gem5
 * branch                  develop    -> FETCH_HEAD
Already up to date.
Everything up-to-date
From https://gem5.googlesource.com/public/gem5
 * branch                  develop    -> FETCH_HEAD
Already up to date.
Everything up-to-date
From https://gem5.googlesource.com/public/gem5
 * branch                  develop    -> FETCH_HEAD
Already up to date.
Everything up-to-date
From https://gem5.googlesource.com/public/gem5
 * branch                  develop    -> FETCH_HEAD
Already up to date.
Everything up-to-date
From https://gem5.googlesource.com/public/gem5
 * branch                  develop    -> FETCH_HEAD
Already up to date.
Everything up-to-date
From https://gem5.googlesource.com/public/gem5
 * branch                  develop    -> FETCH_HEAD
Already up to date.
Everything up-to-date
From https://gem5.googlesource.com/public/gem5
 * branch                  develop    -> FETCH_HEAD
Already up to date.
Everything up-to-date
From https://gem5.googlesource.com/public/gem5
 * branch                  develop    -> FETCH_HEAD
Already up to date.
Everything up-to-date
From https://gem5.googlesource.com/public/gem5
 * branch                  develop    -> FETCH_HEAD
Already up to date.
Everything up-to-date
From https://gem5.googlesource.com/public/gem5
 * branch                  develop    -> FETCH_HEAD
Already up to date.
Everything up-to-date
From https://gem5.googlesource.com/public/gem5
 * branch                  develop    -> FETCH_HEAD
Already up to date.
Everything up-to-date
From https://gem5.googlesource.com/public/gem5
 * branch                  develop    -> FETCH_HEAD
Already up to date.
Everything up-to-date
From https://gem5.googlesource.com/public/gem5
 * branch                  develop    -> FETCH_HEAD
Already up to date.
Everything up-to-date
From https://gem5.googlesource.com/public/gem5
 * branch                  develop    -> FETCH_HEAD
Already up to date.
Everything up-to-date
From https://gem5.googlesource.com/public/gem5
 * branch                  develop    -> FETCH_HEAD
Already up to date.
Everything up-to-date
From https://gem5.googlesource.com/public/gem5
 * branch                  develop    -> FETCH_HEAD
Already up to date.
Everything up-to-date
From https://gem5.googlesource.com/public/gem5
 * branch                  develop    -> FETCH_HEAD
Already up to date.
Everything up-to-date
From https://gem5.googlesource.com/public/gem5
 * branch                  develop    -> FETCH_HEAD
Already up to date.
Everything up-to-date
From https://gem5.googlesource.com/public/gem5
 * branch                  develop    -> FETCH_HEAD
Already up to date.
Everything up-to-date
From https://gem5.googlesource.com/public/gem5
 * branch                  develop    -> FETCH_HEAD
Already up to date.
Everything up-to-date
From https://gem5.googlesource.com/public/gem5
 * branch                  develop    -> FETCH_HEAD
Already up to date.
Everything up-to-date
From https://gem5.googlesource.com/public/gem5
 * branch                  develop    -> FETCH_HEAD
Already up to date.
Everything up-to-date
From https://gem5.googlesource.com/public/gem5
 * branch                  develop    -> FETCH_HEAD
Already up to date.
Everything up-to-date
From https://gem5.googlesource.com/public/gem5
 * branch                  develop    -> FETCH_HEAD
Already up to date.
Everything up-to-date
From https://gem5.googlesource.com/public/gem5
 * branch                  develop    -> FETCH_HEAD
Already up to date.
Everything up-to-date
From https://gem5.googlesource.com/public/gem5
 * branch                  develop    -> FETCH_HEAD
Already up to date.
Everything up-to-date
From https://gem5.googlesource.com/public/gem5
 * branch                  develop    -> FETCH_HEAD
Already up to date.
Everything up-to-date
From https://gem5.googlesource.com/public/gem5
 * branch                  develop    -> FETCH_HEAD
Already up to date.
Everything up-to-date
From https://gem5.googlesource.com/public/gem5
 * branch                  develop    -> FETCH_HEAD
Already up to date.
Everything up-to-date
From https://gem5.googlesource.com/public/gem5
 * branch                  develop    -> FETCH_HEAD
Already up to date.
Everything up-to-date
From https://gem5.googlesource.com/public/gem5
 * branch                  develop    -> FETCH_HEAD
Already up to date.
Everything up-to-date
From https://gem5.googlesource.com/public/gem5
 * branch                  develop    -> FETCH_HEAD
Already up to date.
Everything up-to-date
From https://gem5.googlesource.com/public/gem5
 * branch                  develop    -> FETCH_HEAD
Already up to date.
Everything up-to-date
From https://gem5.googlesource.com/public/gem5
 * branch                  develop    -> FETCH_HEAD
Already up to date.
Everything up-to-date
From https://gem5.googlesource.com/public/gem5
 * branch                  develop    -> FETCH_HEAD
Already up to date.
Everything up-to-date
From https://gem5.googlesource.com/public/gem5
 * branch                  develop    -> FETCH_HEAD
Already up to date.
Everything up-to-date
From https://gem5.googlesource.com/public/gem5
 * branch                  develop    -> FETCH_HEAD
Already up to date.
Everything up-to-date
From https://gem5.googlesource.com/public/gem5
 * branch                  develop    -> FETCH_HEAD
Already up to date.
Everything up-to-date
From https://gem5.googlesource.com/public/gem5
 * branch                  develop    -> FETCH_HEAD
Already up to date.
Everything up-to-date
From https://gem5.googlesource.com/public/gem5
 * branch                  develop    -> FETCH_HEAD
Already up to date.
Everything up-to-date
From https://gem5.googlesource.com/public/gem5
 * branch                  develop    -> FETCH_HEAD
Already up to date.
Everything up-to-date
From https://gem5.googlesource.com/public/gem5
 * branch                  develop    -> FETCH_HEAD
Already up to date.
Everything up-to-date
From https://gem5.googlesource.com/public/gem5
 * branch                  develop    -> FETCH_HEAD
Already up to date.
Everything up-to-date
From https://gem5.googlesource.com/public/gem5
 * branch                  develop    -> FETCH_HEAD
Already up to date.
Everything up-to-date
From https://gem5.googlesource.com/public/gem5
 * branch                  develop    -> FETCH_HEAD
Already up to date.
Everything up-to-date
From https://gem5.googlesource.com/public/gem5
 * branch                  develop    -> FETCH_HEAD
Already up to date.
Everything up-to-date
From https://gem5.googlesource.com/public/gem5
 * branch                  develop    -> FETCH_HEAD
Already up to date.
Everything up-to-date
From https://gem5.googlesource.com/public/gem5
 * branch                  develop    -> FETCH_HEAD
Already up to date.
Everything up-to-date
From https://gem5.googlesource.com/public/gem5
 * branch                  develop    -> FETCH_HEAD
Already up to date.
Everything up-to-date
From https://gem5.googlesource.com/public/gem5
 * branch                  develop    -> FETCH_HEAD
Already up to date.
Everything up-to-date
From https://gem5.googlesource.com/public/gem5
 * branch                  develop    -> FETCH_HEAD
Already up to date.
To github.com:mkjost0/gem5-actions.git
   0b6a7f2c19..7e59ec8139  testing/develop -> testing/develop
From https://gem5.googlesource.com/public/gem5
 * branch                  develop    -> FETCH_HEAD
Already up to date.
To github.com:mkjost0/gem5-actions.git
   0b6a7f2c19..7e59ec8139  origin/develop -> origin/develop
From https://gem5.googlesource.com/public/gem5
 * branch                  develop    -> FETCH_HEAD
Already up to date.
Everything up-to-date
From https://gem5.googlesource.com/public/gem5
 * branch                  develop    -> FETCH_HEAD
Already up to date.
Everything up-to-date
From https://gem5.googlesource.com/public/gem5
 * branch                  develop    -> FETCH_HEAD
Already up to date.
Everything up-to-date
From https://gem5.googlesource.com/public/gem5
 * branch                  develop    -> FETCH_HEAD
Already up to date.
Everything up-to-date
From https://gem5.googlesource.com/public/gem5
 * branch                  develop    -> FETCH_HEAD
Already up to date.
Everything up-to-date
From https://gem5.googlesource.com/public/gem5
 * branch                  develop    -> FETCH_HEAD
Already up to date.
Everything up-to-date
From https://gem5.googlesource.com/public/gem5
 * branch                  develop    -> FETCH_HEAD
Already up to date.
Everything up-to-date
From https://gem5.googlesource.com/public/gem5
 * branch                  develop    -> FETCH_HEAD
Already up to date.
Everything up-to-date
From https://gem5.googlesource.com/public/gem5
 * branch                  develop    -> FETCH_HEAD
Already up to date.
Everything up-to-date
From https://gem5.googlesource.com/public/gem5
 * branch                  develop    -> FETCH_HEAD
Already up to date.
Everything up-to-date
From https://gem5.googlesource.com/public/gem5
 * branch                  develop    -> FETCH_HEAD
Already up to date.
Everything up-to-date
From https://gem5.googlesource.com/public/gem5
 * branch                  develop    -> FETCH_HEAD
Already up to date.
Everything up-to-date
From https://gem5.googlesource.com/public/gem5
 * branch                  develop    -> FETCH_HEAD
Already up to date.
Everything up-to-date
From https://gem5.googlesource.com/public/gem5
 * branch                  develop    -> FETCH_HEAD
Already up to date.
Everything up-to-date
From https://gem5.googlesource.com/public/gem5
 * branch                  develop    -> FETCH_HEAD
Already up to date.
Everything up-to-date
From https://gem5.googlesource.com/public/gem5
 * branch                  develop    -> FETCH_HEAD
Already up to date.
Everything up-to-date
From https://gem5.googlesource.com/public/gem5
 * branch                  develop    -> FETCH_HEAD
Already up to date.
Everything up-to-date
From https://gem5.googlesource.com/public/gem5
 * branch                  develop    -> FETCH_HEAD
Already up to date.
Everything up-to-date
From https://gem5.googlesource.com/public/gem5
 * branch                  develop    -> FETCH_HEAD
Already up to date.
Everything up-to-date
From https://gem5.googlesource.com/public/gem5
 * branch                  develop    -> FETCH_HEAD
Already up to date.
Everything up-to-date
From https://gem5.googlesource.com/public/gem5
 * branch                  develop    -> FETCH_HEAD
Already up to date.
Everything up-to-date
From https://gem5.googlesource.com/public/gem5
 * branch                  develop    -> FETCH_HEAD
Already up to date.
Everything up-to-date
From https://gem5.googlesource.com/public/gem5
 * branch                  develop    -> FETCH_HEAD
Already up to date.
Everything up-to-date
From https://gem5.googlesource.com/public/gem5
 * branch                  develop    -> FETCH_HEAD
Already up to date.
Everything up-to-date
From https://gem5.googlesource.com/public/gem5
 * branch                  develop    -> FETCH_HEAD
Already up to date.
Everything up-to-date
From https://gem5.googlesource.com/public/gem5
 * branch                  develop    -> FETCH_HEAD
Already up to date.
Everything up-to-date
From https://gem5.googlesource.com/public/gem5
 * branch                  develop    -> FETCH_HEAD
Already up to date.
Everything up-to-date
From https://gem5.googlesource.com/public/gem5
 * branch                  develop    -> FETCH_HEAD
Already up to date.
Everything up-to-date
From https://gem5.googlesource.com/public/gem5
 * branch                  develop    -> FETCH_HEAD
Already up to date.
Everything up-to-date
From https://gem5.googlesource.com/public/gem5
 * branch                  develop    -> FETCH_HEAD
Already up to date.
Everything up-to-date
From https://gem5.googlesource.com/public/gem5
 * branch                  develop    -> FETCH_HEAD
Already up to date.
Everything up-to-date
From https://gem5.googlesource.com/public/gem5
 * branch                  develop    -> FETCH_HEAD
Already up to date.
Everything up-to-date
From https://gem5.googlesource.com/public/gem5
 * branch                  develop    -> FETCH_HEAD
Already up to date.
Everything up-to-date
From https://gem5.googlesource.com/public/gem5
 * branch                  develop    -> FETCH_HEAD
Already up to date.
Everything up-to-date
From https://gem5.googlesource.com/public/gem5
 * branch                  develop    -> FETCH_HEAD
Already up to date.
Everything up-to-date
From https://gem5.googlesource.com/public/gem5
 * branch                  develop    -> FETCH_HEAD
Already up to date.
Everything up-to-date
From https://gem5.googlesource.com/public/gem5
 * branch                  develop    -> FETCH_HEAD
Already up to date.
Everything up-to-date
From https://gem5.googlesource.com/public/gem5
 * branch                  develop    -> FETCH_HEAD
Already up to date.
Everything up-to-date
From https://gem5.googlesource.com/public/gem5
 * branch                  develop    -> FETCH_HEAD
Already up to date.
Everything up-to-date
From https://gem5.googlesource.com/public/gem5
 * branch                  develop    -> FETCH_HEAD
Already up to date.
Everything up-to-date
From https://gem5.googlesource.com/public/gem5
 * branch                  develop    -> FETCH_HEAD
Already up to date.
Everything up-to-date
From https://gem5.googlesource.com/public/gem5
 * branch                  develop    -> FETCH_HEAD
Already up to date.
Everything up-to-date
From https://gem5.googlesource.com/public/gem5
 * branch                  develop    -> FETCH_HEAD
Already up to date.
Everything up-to-date
From https://gem5.googlesource.com/public/gem5
 * branch                  develop    -> FETCH_HEAD
Already up to date.
Everything up-to-date
From https://gem5.googlesource.com/public/gem5
 * branch                  develop    -> FETCH_HEAD
Already up to date.
Everything up-to-date
From https://gem5.googlesource.com/public/gem5
 * branch                  develop    -> FETCH_HEAD
Already up to date.
Everything up-to-date
From https://gem5.googlesource.com/public/gem5
 * branch                  develop    -> FETCH_HEAD
Already up to date.
Everything up-to-date
From https://gem5.googlesource.com/public/gem5
 * branch                  develop    -> FETCH_HEAD
Already up to date.
Everything up-to-date
From https://gem5.googlesource.com/public/gem5
 * branch                  develop    -> FETCH_HEAD
Already up to date.
Everything up-to-date
From https://gem5.googlesource.com/public/gem5
 * branch                  develop    -> FETCH_HEAD
Already up to date.
Everything up-to-date
From https://gem5.googlesource.com/public/gem5
 * branch                  develop    -> FETCH_HEAD
Already up to date.
Everything up-to-date
From https://gem5.googlesource.com/public/gem5
 * branch                  develop    -> FETCH_HEAD
Already up to date.
Everything up-to-date
From https://gem5.googlesource.com/public/gem5
 * branch                  develop    -> FETCH_HEAD
Already up to date.
Everything up-to-date
From https://gem5.googlesource.com/public/gem5
 * branch                  develop    -> FETCH_HEAD
Already up to date.
Everything up-to-date
From https://gem5.googlesource.com/public/gem5
 * branch                  develop    -> FETCH_HEAD
Already up to date.
Everything up-to-date
From https://gem5.googlesource.com/public/gem5
 * branch                  develop    -> FETCH_HEAD
Already up to date.
Everything up-to-date
From https://gem5.googlesource.com/public/gem5
 * branch                  develop    -> FETCH_HEAD
Already up to date.
Everything up-to-date
From https://gem5.googlesource.com/public/gem5
 * branch                  develop    -> FETCH_HEAD
Already up to date.
Everything up-to-date
From https://gem5.googlesource.com/public/gem5
 * branch                  develop    -> FETCH_HEAD
Already up to date.
Everything up-to-date
From https://gem5.googlesource.com/public/gem5
 * branch                  develop    -> FETCH_HEAD
Already up to date.
Everything up-to-date
From https://gem5.googlesource.com/public/gem5
 * branch                  develop    -> FETCH_HEAD
Already up to date.
Everything up-to-date
From https://gem5.googlesource.com/public/gem5
 * branch                  develop    -> FETCH_HEAD
Already up to date.
Everything up-to-date
From https://gem5.googlesource.com/public/gem5
 * branch                  develop    -> FETCH_HEAD
Already up to date.
Everything up-to-date
From https://gem5.googlesource.com/public/gem5
 * branch                  develop    -> FETCH_HEAD
Already up to date.
Everything up-to-date
From https://gem5.googlesource.com/public/gem5
 * branch                  develop    -> FETCH_HEAD
Already up to date.
Everything up-to-date
From https://gem5.googlesource.com/public/gem5
 * branch                  develop    -> FETCH_HEAD
Already up to date.
Everything up-to-date
From https://gem5.googlesource.com/public/gem5
 * branch                  develop    -> FETCH_HEAD
Already up to date.
Everything up-to-date
From https://gem5.googlesource.com/public/gem5
 * branch                  develop    -> FETCH_HEAD
Already up to date.
Everything up-to-date
From https://gem5.googlesource.com/public/gem5
 * branch                  develop    -> FETCH_HEAD
Already up to date.
Everything up-to-date
From https://gem5.googlesource.com/public/gem5
 * branch                  develop    -> FETCH_HEAD
Already up to date.
Everything up-to-date
From https://gem5.googlesource.com/public/gem5
 * branch                  develop    -> FETCH_HEAD
Already up to date.
Everything up-to-date
From https://gem5.googlesource.com/public/gem5
 * branch                  develop    -> FETCH_HEAD
Already up to date.
Everything up-to-date
From https://gem5.googlesource.com/public/gem5
 * branch                  develop    -> FETCH_HEAD
Already up to date.
Everything up-to-date
From https://gem5.googlesource.com/public/gem5
 * branch                  develop    -> FETCH_HEAD
Already up to date.
Everything up-to-date
From https://gem5.googlesource.com/public/gem5
 * branch                  develop    -> FETCH_HEAD
Already up to date.
Everything up-to-date
From https://gem5.googlesource.com/public/gem5
 * branch                  develop    -> FETCH_HEAD
   f467cf79fd..9a27322c7b  develop    -> upstream/develop
Merge made by the 'recursive' strategy.
 src/arch/riscv/isa/decoder.isa | 121 ++++++++++++++++++-----------------------
 src/arch/riscv/regs/float.hh   |   2 +-
 src/python/m5/main.py          |   7 +++
 3 files changed, 62 insertions(+), 68 deletions(-)
remote: Bypassed rule violations for refs/heads/develop:        
remote: 
remote: - Changes must be made through a pull request.        
remote: 
To github.com:mkjost0/gem5-actions.git
   c64d67f091..f075381205  develop -> develop
 - [deleted]               pre-commit-ci-update-config
   7e59ec8139..c64d67f091  testing/develop -> testing/develop
   f467cf79fd..9a27322c7b  upstream/develop -> upstream/develop
From https://gem5.googlesource.com/public/gem5
 * branch                  develop    -> FETCH_HEAD
Already up to date.
To github.com:mkjost0/gem5-actions.git
   7e59ec8139..f075381205  origin/develop -> origin/develop
From https://gem5.googlesource.com/public/gem5
 * branch                  develop    -> FETCH_HEAD
Already up to date.
Everything up-to-date
From https://gem5.googlesource.com/public/gem5
 * branch                  develop    -> FETCH_HEAD
Already up to date.
Everything up-to-date
From https://gem5.googlesource.com/public/gem5
 * branch                  develop    -> FETCH_HEAD
Already up to date.
Everything up-to-date
From https://gem5.googlesource.com/public/gem5
 * branch                  develop    -> FETCH_HEAD
Already up to date.
Everything up-to-date
From https://gem5.googlesource.com/public/gem5
 * branch                  develop    -> FETCH_HEAD
Already up to date.
Everything up-to-date
From https://gem5.googlesource.com/public/gem5
 * branch                  develop    -> FETCH_HEAD
Already up to date.
Everything up-to-date
From https://gem5.googlesource.com/public/gem5
 * branch                  develop    -> FETCH_HEAD
Already up to date.
Everything up-to-date
From https://gem5.googlesource.com/public/gem5
 * branch                  develop    -> FETCH_HEAD
Already up to date.
Everything up-to-date
From https://gem5.googlesource.com/public/gem5
 * branch                  develop    -> FETCH_HEAD
Already up to date.
Everything up-to-date
From https://gem5.googlesource.com/public/gem5
 * branch                  develop    -> FETCH_HEAD
Already up to date.
Everything up-to-date
From https://gem5.googlesource.com/public/gem5
 * branch                  develop    -> FETCH_HEAD
Already up to date.
Everything up-to-date
From https://gem5.googlesource.com/public/gem5
 * branch                  develop    -> FETCH_HEAD
Already up to date.
Everything up-to-date
From https://gem5.googlesource.com/public/gem5
 * branch                  develop    -> FETCH_HEAD
Already up to date.
Everything up-to-date
From https://gem5.googlesource.com/public/gem5
 * branch                  develop    -> FETCH_HEAD
Already up to date.
Everything up-to-date
From https://gem5.googlesource.com/public/gem5
 * branch                  develop    -> FETCH_HEAD
Already up to date.
Everything up-to-date
From https://gem5.googlesource.com/public/gem5
 * branch                  develop    -> FETCH_HEAD
Already up to date.
Everything up-to-date
From https://gem5.googlesource.com/public/gem5
 * branch                  develop    -> FETCH_HEAD
Already up to date.
Everything up-to-date
From https://gem5.googlesource.com/public/gem5
 * branch                  develop    -> FETCH_HEAD
Already up to date.
Everything up-to-date
From https://gem5.googlesource.com/public/gem5
 * branch                  develop    -> FETCH_HEAD
Already up to date.
Everything up-to-date
From https://gem5.googlesource.com/public/gem5
 * branch                  develop    -> FETCH_HEAD
Already up to date.
Everything up-to-date
From https://gem5.googlesource.com/public/gem5
 * branch                  develop    -> FETCH_HEAD
Already up to date.
Everything up-to-date
From https://gem5.googlesource.com/public/gem5
 * branch                  develop    -> FETCH_HEAD
Already up to date.
Everything up-to-date
From https://gem5.googlesource.com/public/gem5
 * branch                  develop    -> FETCH_HEAD
Already up to date.
Everything up-to-date
From https://gem5.googlesource.com/public/gem5
 * branch                  develop    -> FETCH_HEAD
Already up to date.
Everything up-to-date
From https://gem5.googlesource.com/public/gem5
 * branch                  develop    -> FETCH_HEAD
Already up to date.
Everything up-to-date
From https://gem5.googlesource.com/public/gem5
 * branch                  develop    -> FETCH_HEAD
Already up to date.
Everything up-to-date
From https://gem5.googlesource.com/public/gem5
 * branch                  develop    -> FETCH_HEAD
Already up to date.
Everything up-to-date
From https://gem5.googlesource.com/public/gem5
 * branch                  develop    -> FETCH_HEAD
Already up to date.
Everything up-to-date
From https://gem5.googlesource.com/public/gem5
 * branch                  develop    -> FETCH_HEAD
Already up to date.
Everything up-to-date
From https://gem5.googlesource.com/public/gem5
 * branch                  develop    -> FETCH_HEAD
Already up to date.
Everything up-to-date
From https://gem5.googlesource.com/public/gem5
 * branch                  develop    -> FETCH_HEAD
Already up to date.
Everything up-to-date
From https://gem5.googlesource.com/public/gem5
 * branch                  develop    -> FETCH_HEAD
Already up to date.
Everything up-to-date
From https://gem5.googlesource.com/public/gem5
 * branch                  develop    -> FETCH_HEAD
Already up to date.
To github.com:mkjost0/gem5-actions.git
   c64d67f091..b2b6d661ee  testing/develop -> testing/develop
From https://gem5.googlesource.com/public/gem5
 * branch                  develop    -> FETCH_HEAD
Already up to date.
To github.com:mkjost0/gem5-actions.git
   f075381205..b2b6d661ee  origin/develop -> origin/develop
From https://gem5.googlesource.com/public/gem5
 * branch                  develop    -> FETCH_HEAD
Already up to date.
To github.com:mkjost0/gem5-actions.git
   b2b6d661ee..7fe9a120a6  testing/develop -> testing/develop
From https://gem5.googlesource.com/public/gem5
 * branch                  develop    -> FETCH_HEAD
Already up to date.
To github.com:mkjost0/gem5-actions.git
   b2b6d661ee..7fe9a120a6  origin/develop -> origin/develop
   7fe9a120a6..33e306b9c8  testing/develop -> testing/develop
From https://gem5.googlesource.com/public/gem5
 * branch                  develop    -> FETCH_HEAD
Already up to date.
To github.com:mkjost0/gem5-actions.git
   7fe9a120a6..33e306b9c8  origin/develop -> origin/develop
   33e306b9c8..24ef96937b  testing/develop -> testing/develop
From https://gem5.googlesource.com/public/gem5
 * branch                  develop    -> FETCH_HEAD
Already up to date.
To github.com:mkjost0/gem5-actions.git
   33e306b9c8..24ef96937b  origin/develop -> origin/develop
From https://gem5.googlesource.com/public/gem5
 * branch                  develop    -> FETCH_HEAD
Already up to date.
Everything up-to-date
From https://gem5.googlesource.com/public/gem5
 * branch                  develop    -> FETCH_HEAD
Already up to date.
Everything up-to-date
From https://gem5.googlesource.com/public/gem5
 * branch                  develop    -> FETCH_HEAD
Already up to date.
Everything up-to-date
From https://gem5.googlesource.com/public/gem5
 * branch                  develop    -> FETCH_HEAD
Already up to date.
Everything up-to-date
From https://gem5.googlesource.com/public/gem5
 * branch                  develop    -> FETCH_HEAD
Already up to date.
Everything up-to-date
From https://gem5.googlesource.com/public/gem5
 * branch                  develop    -> FETCH_HEAD
Already up to date.
Everything up-to-date
From https://gem5.googlesource.com/public/gem5
 * branch                  develop    -> FETCH_HEAD
Already up to date.
Everything up-to-date
From https://gem5.googlesource.com/public/gem5
 * branch                  develop    -> FETCH_HEAD
Already up to date.
Everything up-to-date
From https://gem5.googlesource.com/public/gem5
 * branch                  develop    -> FETCH_HEAD
Already up to date.
Everything up-to-date
From https://gem5.googlesource.com/public/gem5
 * branch                  develop    -> FETCH_HEAD
Already up to date.
Everything up-to-date
From https://gem5.googlesource.com/public/gem5
 * branch                  develop    -> FETCH_HEAD
Already up to date.
Everything up-to-date
From https://gem5.googlesource.com/public/gem5
 * branch                  develop    -> FETCH_HEAD
Already up to date.
Everything up-to-date
From https://gem5.googlesource.com/public/gem5
 * branch                  develop    -> FETCH_HEAD
Already up to date.
Everything up-to-date
From https://gem5.googlesource.com/public/gem5
 * branch                  develop    -> FETCH_HEAD
Already up to date.
Everything up-to-date
From https://gem5.googlesource.com/public/gem5
 * branch                  develop    -> FETCH_HEAD
Already up to date.
Everything up-to-date
From https://gem5.googlesource.com/public/gem5
 * branch                  develop    -> FETCH_HEAD
Already up to date.
Everything up-to-date
From https://gem5.googlesource.com/public/gem5
 * branch                  develop    -> FETCH_HEAD
Already up to date.
Everything up-to-date
From https://gem5.googlesource.com/public/gem5
 * branch                  develop    -> FETCH_HEAD
Already up to date.
Everything up-to-date
From https://gem5.googlesource.com/public/gem5
 * branch                  develop    -> FETCH_HEAD
Already up to date.
Everything up-to-date
From https://gem5.googlesource.com/public/gem5
 * branch                  develop    -> FETCH_HEAD
Already up to date.
Everything up-to-date
From https://gem5.googlesource.com/public/gem5
 * branch                  develop    -> FETCH_HEAD
Already up to date.
Everything up-to-date
From https://gem5.googlesource.com/public/gem5
 * branch                  develop    -> FETCH_HEAD
Already up to date.
Everything up-to-date
From https://gem5.googlesource.com/public/gem5
 * branch                  develop    -> FETCH_HEAD
Already up to date.
Everything up-to-date
From https://gem5.googlesource.com/public/gem5
 * branch                  develop    -> FETCH_HEAD
Already up to date.
Everything up-to-date
From https://gem5.googlesource.com/public/gem5
 * branch                  develop    -> FETCH_HEAD
Already up to date.
Everything up-to-date
From https://gem5.googlesource.com/public/gem5
 * branch                  develop    -> FETCH_HEAD
Already up to date.
Everything up-to-date
From https://gem5.googlesource.com/public/gem5
 * branch                  develop    -> FETCH_HEAD
Already up to date.
Everything up-to-date
From https://gem5.googlesource.com/public/gem5
 * branch                  develop    -> FETCH_HEAD
Already up to date.
Everything up-to-date
From https://gem5.googlesource.com/public/gem5
 * branch                  develop    -> FETCH_HEAD
Already up to date.
Everything up-to-date
From https://gem5.googlesource.com/public/gem5
 * branch                  develop    -> FETCH_HEAD
Already up to date.
Everything up-to-date
From https://gem5.googlesource.com/public/gem5
 * branch                  develop    -> FETCH_HEAD
Already up to date.
Everything up-to-date
From https://gem5.googlesource.com/public/gem5
 * branch                  develop    -> FETCH_HEAD
Already up to date.
Everything up-to-date
From https://gem5.googlesource.com/public/gem5
 * branch                  develop    -> FETCH_HEAD
Already up to date.
Everything up-to-date
From https://gem5.googlesource.com/public/gem5
 * branch                  develop    -> FETCH_HEAD
Already up to date.
Everything up-to-date
From https://gem5.googlesource.com/public/gem5
 * branch                  develop    -> FETCH_HEAD
Already up to date.
Everything up-to-date
From https://gem5.googlesource.com/public/gem5
 * branch                  develop    -> FETCH_HEAD
Already up to date.
Everything up-to-date
From https://gem5.googlesource.com/public/gem5
 * branch                  develop    -> FETCH_HEAD
Already up to date.
Everything up-to-date
From https://gem5.googlesource.com/public/gem5
 * branch                  develop    -> FETCH_HEAD
Already up to date.
Everything up-to-date
From https://gem5.googlesource.com/public/gem5
 * branch                  develop    -> FETCH_HEAD
Already up to date.
Everything up-to-date
From https://gem5.googlesource.com/public/gem5
 * branch                  develop    -> FETCH_HEAD
Already up to date.
Everything up-to-date
From https://gem5.googlesource.com/public/gem5
 * branch                  develop    -> FETCH_HEAD
Already up to date.
Everything up-to-date
From https://gem5.googlesource.com/public/gem5
 * branch                  develop    -> FETCH_HEAD
Already up to date.
Everything up-to-date
From https://gem5.googlesource.com/public/gem5
 * branch                  develop    -> FETCH_HEAD
   9a27322c7b..694673f1d7  develop    -> upstream/develop
From https://gem5.googlesource.com/public/gem5
 * branch                  develop    -> FETCH_HEAD
Already up to date.
To github.com:mkjost0/gem5-actions.git
   24ef96937b..924c3d18ae  origin/develop -> origin/develop
From https://gem5.googlesource.com/public/gem5
 * branch                  develop    -> FETCH_HEAD
Already up to date.
Everything up-to-date
From https://gem5.googlesource.com/public/gem5
 * branch                  develop    -> FETCH_HEAD
Already up to date.
Everything up-to-date
From https://gem5.googlesource.com/public/gem5
 * branch                  develop    -> FETCH_HEAD
Already up to date.
Everything up-to-date
From https://gem5.googlesource.com/public/gem5
 * branch                  develop    -> FETCH_HEAD
Already up to date.
Everything up-to-date
From https://gem5.googlesource.com/public/gem5
 * branch                  develop    -> FETCH_HEAD
Already up to date.
Everything up-to-date
From https://gem5.googlesource.com/public/gem5
 * branch                  develop    -> FETCH_HEAD
Already up to date.
Everything up-to-date
From https://gem5.googlesource.com/public/gem5
 * branch                  develop    -> FETCH_HEAD
Already up to date.
Everything up-to-date
From https://gem5.googlesource.com/public/gem5
 * branch                  develop    -> FETCH_HEAD
Already up to date.
Everything up-to-date
From https://gem5.googlesource.com/public/gem5
 * branch                  develop    -> FETCH_HEAD
Already up to date.
Everything up-to-date
From https://gem5.googlesource.com/public/gem5
 * branch                  develop    -> FETCH_HEAD
Already up to date.
Everything up-to-date
From https://gem5.googlesource.com/public/gem5
 * branch                  develop    -> FETCH_HEAD
Already up to date.
Everything up-to-date
From https://gem5.googlesource.com/public/gem5
 * branch                  develop    -> FETCH_HEAD
Already up to date.
Everything up-to-date
From https://gem5.googlesource.com/public/gem5
 * branch                  develop    -> FETCH_HEAD
Already up to date.
Everything up-to-date
From https://gem5.googlesource.com/public/gem5
 * branch                  develop    -> FETCH_HEAD
Already up to date.
Everything up-to-date
From https://gem5.googlesource.com/public/gem5
 * branch                  develop    -> FETCH_HEAD
Already up to date.
Everything up-to-date
From https://gem5.googlesource.com/public/gem5
 * branch                  develop    -> FETCH_HEAD
Already up to date.
Everything up-to-date
From https://gem5.googlesource.com/public/gem5
 * branch                  develop    -> FETCH_HEAD
Already up to date.
Everything up-to-date
From https://gem5.googlesource.com/public/gem5
 * branch                  develop    -> FETCH_HEAD
Already up to date.
Everything up-to-date
From https://gem5.googlesource.com/public/gem5
 * branch                  develop    -> FETCH_HEAD
Already up to date.
Everything up-to-date
From https://gem5.googlesource.com/public/gem5
 * branch                  develop    -> FETCH_HEAD
Already up to date.
Everything up-to-date
From https://gem5.googlesource.com/public/gem5
 * branch                  develop    -> FETCH_HEAD
Already up to date.
Everything up-to-date
From https://gem5.googlesource.com/public/gem5
 * branch                  develop    -> FETCH_HEAD
Already up to date.
Everything up-to-date
From https://gem5.googlesource.com/public/gem5
 * branch                  develop    -> FETCH_HEAD
Already up to date.
Everything up-to-date
From https://gem5.googlesource.com/public/gem5
 * branch                  develop    -> FETCH_HEAD
Already up to date.
Everything up-to-date
From https://gem5.googlesource.com/public/gem5
 * branch                  develop    -> FETCH_HEAD
Already up to date.
Everything up-to-date
From https://gem5.googlesource.com/public/gem5
 * branch                  develop    -> FETCH_HEAD
Already up to date.
Everything up-to-date
From https://gem5.googlesource.com/public/gem5
 * branch                  develop    -> FETCH_HEAD
Already up to date.
Everything up-to-date
From https://gem5.googlesource.com/public/gem5
 * branch                  develop    -> FETCH_HEAD
Already up to date.
Everything up-to-date
From https://gem5.googlesource.com/public/gem5
 * branch                  develop    -> FETCH_HEAD
Already up to date.
Everything up-to-date
From https://gem5.googlesource.com/public/gem5
 * branch                  develop    -> FETCH_HEAD
Already up to date.
To github.com:mkjost0/gem5-actions.git
   24ef96937b..1f20a70c12  testing/develop -> testing/develop
From https://gem5.googlesource.com/public/gem5
 * branch                  develop    -> FETCH_HEAD
Already up to date.
To github.com:mkjost0/gem5-actions.git
   924c3d18ae..1f20a70c12  origin/develop -> origin/develop
   1f20a70c12..e9c00c28b9  testing/develop -> testing/develop
From https://gem5.googlesource.com/public/gem5
 * branch                  develop    -> FETCH_HEAD
Already up to date.
To github.com:mkjost0/gem5-actions.git
   1f20a70c12..e9c00c28b9  origin/develop -> origin/develop
   e9c00c28b9..ccf116fbe0  testing/develop -> testing/develop
From https://gem5.googlesource.com/public/gem5
 * branch                  develop    -> FETCH_HEAD
Already up to date.
To github.com:mkjost0/gem5-actions.git
   e9c00c28b9..ccf116fbe0  origin/develop -> origin/develop
   ccf116fbe0..dc467e594b  testing/develop -> testing/develop
From https://gem5.googlesource.com/public/gem5
 * branch                  develop    -> FETCH_HEAD
Already up to date.
To github.com:mkjost0/gem5-actions.git
   ccf116fbe0..dc467e594b  origin/develop -> origin/develop
   dc467e594b..4416faeef6  testing/develop -> testing/develop
From https://gem5.googlesource.com/public/gem5
 * branch                  develop    -> FETCH_HEAD
Already up to date.
To github.com:mkjost0/gem5-actions.git
   dc467e594b..4416faeef6  origin/develop -> origin/develop
   4416faeef6..1c61560237  testing/develop -> testing/develop
From https://gem5.googlesource.com/public/gem5
 * branch                  develop    -> FETCH_HEAD
Already up to date.
To github.com:mkjost0/gem5-actions.git
   4416faeef6..1c61560237  origin/develop -> origin/develop
   1c61560237..cd42687d0a  testing/develop -> testing/develop
From https://gem5.googlesource.com/public/gem5
 * branch                  develop    -> FETCH_HEAD
Already up to date.
To github.com:mkjost0/gem5-actions.git
   1c61560237..cd42687d0a  origin/develop -> origin/develop
   cd42687d0a..f5b8d1139b  testing/develop -> testing/develop
From https://gem5.googlesource.com/public/gem5
 * branch                  develop    -> FETCH_HEAD
Already up to date.
To github.com:mkjost0/gem5-actions.git
   cd42687d0a..f5b8d1139b  origin/develop -> origin/develop
   f5b8d1139b..3c78aef2bd  testing/develop -> testing/develop
From https://gem5.googlesource.com/public/gem5
 * branch                  develop    -> FETCH_HEAD
Already up to date.
From https://gem5.googlesource.com/public/gem5
 * branch                  develop    -> FETCH_HEAD
Already up to date.
To github.com:mkjost0/gem5-actions.git
   3c78aef2bd..26862d501c  origin/develop -> origin/develop
   26862d501c..67b691808f  testing/develop -> testing/develop
From https://gem5.googlesource.com/public/gem5
 * branch                  develop    -> FETCH_HEAD
Already up to date.
To github.com:mkjost0/gem5-actions.git
   26862d501c..67b691808f  origin/develop -> origin/develop
   67b691808f..a904eabe2c  testing/develop -> testing/develop
From https://gem5.googlesource.com/public/gem5
 * branch                  develop    -> FETCH_HEAD
Already up to date.
To github.com:mkjost0/gem5-actions.git
   67b691808f..a904eabe2c  origin/develop -> origin/develop
   a904eabe2c..269d0c946f  testing/develop -> testing/develop
From https://gem5.googlesource.com/public/gem5
 * branch                  develop    -> FETCH_HEAD
Already up to date.
To github.com:mkjost0/gem5-actions.git
   a904eabe2c..269d0c946f  origin/develop -> origin/develop
   269d0c946f..deac9208ce  testing/develop -> testing/develop
From https://gem5.googlesource.com/public/gem5
 * branch                  develop    -> FETCH_HEAD
Already up to date.
To github.com:mkjost0/gem5-actions.git
   269d0c946f..deac9208ce  origin/develop -> origin/develop
   deac9208ce..48baa116ac  testing/develop -> testing/develop
From https://gem5.googlesource.com/public/gem5
 * branch                  develop    -> FETCH_HEAD
Already up to date.
To github.com:mkjost0/gem5-actions.git
   deac9208ce..48baa116ac  origin/develop -> origin/develop
   48baa116ac..137b960d43  testing/develop -> testing/develop
From https://gem5.googlesource.com/public/gem5
 * branch                  develop    -> FETCH_HEAD
Already up to date.
To github.com:mkjost0/gem5-actions.git
 - [deleted]               testing
   48baa116ac..137b960d43  origin/develop -> origin/develop
   137b960d43..59475ee967  testing/develop -> testing/develop
From https://gem5.googlesource.com/public/gem5
 * branch                  develop    -> FETCH_HEAD
Already up to date.
To github.com:mkjost0/gem5-actions.git
   137b960d43..59475ee967  origin/develop -> origin/develop
   59475ee967..4fcc9c658e  testing/develop -> testing/develop
From https://gem5.googlesource.com/public/gem5
 * branch                  develop    -> FETCH_HEAD
Already up to date.
To github.com:mkjost0/gem5-actions.git
   59475ee967..4fcc9c658e  origin/develop -> origin/develop
   4fcc9c658e..7565784da5  testing/develop -> testing/develop
From https://gem5.googlesource.com/public/gem5
 * branch                  develop    -> FETCH_HEAD
Already up to date.
To github.com:mkjost0/gem5-actions.git
   4fcc9c658e..7565784da5  origin/develop -> origin/develop
   7565784da5..b2b26f0943  testing/develop -> testing/develop
From https://gem5.googlesource.com/public/gem5
 * branch                  develop    -> FETCH_HEAD
Already up to date.
To github.com:mkjost0/gem5-actions.git
   7565784da5..b2b26f0943  origin/develop -> origin/develop
   b2b26f0943..41af8dd580  testing/develop -> testing/develop
From https://gem5.googlesource.com/public/gem5
 * branch                  develop    -> FETCH_HEAD
   694673f1d7..307ec86f05  develop    -> upstream/develop
From https://gem5.googlesource.com/public/gem5
 * branch                  develop    -> FETCH_HEAD
Already up to date.
To github.com:mkjost0/gem5-actions.git
   41af8dd580..462b679601  origin/develop -> origin/develop
From https://gem5.googlesource.com/public/gem5
 * branch                  develop    -> FETCH_HEAD
Already up to date.
To github.com:mkjost0/gem5-actions.git
   41af8dd580..9ca837ab86  testing/develop -> testing/develop
From https://gem5.googlesource.com/public/gem5
 * branch                  develop    -> FETCH_HEAD
Already up to date.
To github.com:mkjost0/gem5-actions.git
   462b679601..9ca837ab86  origin/develop -> origin/develop
From https://gem5.googlesource.com/public/gem5
 * branch                  develop    -> FETCH_HEAD
Already up to date.
Everything up-to-date
From https://gem5.googlesource.com/public/gem5
 * branch                  develop    -> FETCH_HEAD
Already up to date.
Everything up-to-date
From https://gem5.googlesource.com/public/gem5
 * branch                  develop    -> FETCH_HEAD
Already up to date.
Everything up-to-date
From https://gem5.googlesource.com/public/gem5
 * branch                  develop    -> FETCH_HEAD
   307ec86f05..8a6ee4cab3  develop    -> upstream/develop
From https://gem5.googlesource.com/public/gem5
 * branch                  develop    -> FETCH_HEAD
Already up to date.
To github.com:mkjost0/gem5-actions.git
   9ca837ab86..eba9aa95f2  origin/develop -> origin/develop
From https://gem5.googlesource.com/public/gem5
 * branch                  develop    -> FETCH_HEAD
Already up to date.
Everything up-to-date
From https://gem5.googlesource.com/public/gem5
 * branch                  develop    -> FETCH_HEAD
Already up to date.
Everything up-to-date
From https://gem5.googlesource.com/public/gem5
 * branch                  develop    -> FETCH_HEAD
Already up to date.
Everything up-to-date
From https://gem5.googlesource.com/public/gem5
 * branch                  develop    -> FETCH_HEAD
Already up to date.
Everything up-to-date
From https://gem5.googlesource.com/public/gem5
 * branch                  develop    -> FETCH_HEAD
Already up to date.
Everything up-to-date
From https://gem5.googlesource.com/public/gem5
 * branch                  develop    -> FETCH_HEAD
Already up to date.
Everything up-to-date
From https://gem5.googlesource.com/public/gem5
 * branch                  develop    -> FETCH_HEAD
Already up to date.
Everything up-to-date
From https://gem5.googlesource.com/public/gem5
 * branch                  develop    -> FETCH_HEAD
Already up to date.
Everything up-to-date
From https://gem5.googlesource.com/public/gem5
 * branch                  develop    -> FETCH_HEAD
Already up to date.
Everything up-to-date
From https://gem5.googlesource.com/public/gem5
 * branch                  develop    -> FETCH_HEAD
Already up to date.
Everything up-to-date
From https://gem5.googlesource.com/public/gem5
 * branch                  develop    -> FETCH_HEAD
Already up to date.
Everything up-to-date
From https://gem5.googlesource.com/public/gem5
 * branch                  develop    -> FETCH_HEAD
Already up to date.
Everything up-to-date
From https://gem5.googlesource.com/public/gem5
 * branch                  develop    -> FETCH_HEAD
Already up to date.
Everything up-to-date
From https://gem5.googlesource.com/public/gem5
 * branch                  develop    -> FETCH_HEAD
Already up to date.
Everything up-to-date
From https://gem5.googlesource.com/public/gem5
 * branch                  develop    -> FETCH_HEAD
Already up to date.
Everything up-to-date
From https://gem5.googlesource.com/public/gem5
 * branch                  develop    -> FETCH_HEAD
Already up to date.
Everything up-to-date
From https://gem5.googlesource.com/public/gem5
 * branch                  develop    -> FETCH_HEAD
Already up to date.
Everything up-to-date
From https://gem5.googlesource.com/public/gem5
 * branch                  develop    -> FETCH_HEAD
Already up to date.
Everything up-to-date
From https://gem5.googlesource.com/public/gem5
 * branch                  develop    -> FETCH_HEAD
Already up to date.
Everything up-to-date
From https://gem5.googlesource.com/public/gem5
 * branch                  develop    -> FETCH_HEAD
Already up to date.
Everything up-to-date
From https://gem5.googlesource.com/public/gem5
 * branch                  develop    -> FETCH_HEAD
Already up to date.
Everything up-to-date
From https://gem5.googlesource.com/public/gem5
 * branch                  develop    -> FETCH_HEAD
Already up to date.
Everything up-to-date
From https://gem5.googlesource.com/public/gem5
 * branch                  develop    -> FETCH_HEAD
   8a6ee4cab3..7398e1e401  develop    -> upstream/develop
From https://gem5.googlesource.com/public/gem5
 * branch                  develop    -> FETCH_HEAD
Already up to date.
To github.com:mkjost0/gem5-actions.git
   eba9aa95f2..8fa76daf02  origin/develop -> origin/develop
From https://gem5.googlesource.com/public/gem5
 * branch                  develop    -> FETCH_HEAD
Already up to date.
Everything up-to-date
From https://gem5.googlesource.com/public/gem5
 * branch                  develop    -> FETCH_HEAD
Already up to date.
Everything up-to-date
From https://gem5.googlesource.com/public/gem5
 * branch                  develop    -> FETCH_HEAD
Already up to date.
Everything up-to-date
From https://gem5.googlesource.com/public/gem5
 * branch                  develop    -> FETCH_HEAD
Already up to date.
Everything up-to-date
From https://gem5.googlesource.com/public/gem5
 * branch                  develop    -> FETCH_HEAD
Already up to date.
Everything up-to-date
From https://gem5.googlesource.com/public/gem5
 * branch                  develop    -> FETCH_HEAD
Already up to date.
Everything up-to-date
From https://gem5.googlesource.com/public/gem5
 * branch                  develop    -> FETCH_HEAD
Already up to date.
Everything up-to-date
From https://gem5.googlesource.com/public/gem5
 * branch                  develop    -> FETCH_HEAD
Already up to date.
Everything up-to-date
From https://gem5.googlesource.com/public/gem5
 * branch                  develop    -> FETCH_HEAD
Already up to date.
Everything up-to-date
From https://gem5.googlesource.com/public/gem5
 * branch                  develop    -> FETCH_HEAD
Already up to date.
Everything up-to-date
From https://gem5.googlesource.com/public/gem5
 * branch                  develop    -> FETCH_HEAD
Already up to date.
Everything up-to-date
From https://gem5.googlesource.com/public/gem5
 * branch                  develop    -> FETCH_HEAD
Already up to date.
Everything up-to-date
From https://gem5.googlesource.com/public/gem5
 * branch                  develop    -> FETCH_HEAD
Already up to date.
Everything up-to-date
From https://gem5.googlesource.com/public/gem5
 * branch                  develop    -> FETCH_HEAD
Already up to date.
Everything up-to-date
From https://gem5.googlesource.com/public/gem5
 * branch                  develop    -> FETCH_HEAD
Already up to date.
Everything up-to-date
From https://gem5.googlesource.com/public/gem5
 * branch                  develop    -> FETCH_HEAD
Already up to date.
Everything up-to-date
From https://gem5.googlesource.com/public/gem5
 * branch                  develop    -> FETCH_HEAD
Already up to date.
Everything up-to-date
From https://gem5.googlesource.com/public/gem5
 * branch                  develop    -> FETCH_HEAD
Already up to date.
Everything up-to-date
From https://gem5.googlesource.com/public/gem5
 * branch                  develop    -> FETCH_HEAD
Already up to date.
Everything up-to-date
From https://gem5.googlesource.com/public/gem5
 * branch                  develop    -> FETCH_HEAD
Already up to date.
Everything up-to-date
From https://gem5.googlesource.com/public/gem5
 * branch                  develop    -> FETCH_HEAD
Already up to date.
Everything up-to-date
From https://gem5.googlesource.com/public/gem5
 * branch                  develop    -> FETCH_HEAD
Already up to date.
Everything up-to-date
From https://gem5.googlesource.com/public/gem5
 * branch                  develop    -> FETCH_HEAD
Already up to date.
Everything up-to-date
From https://gem5.googlesource.com/public/gem5
 * branch                  develop    -> FETCH_HEAD
Already up to date.
Everything up-to-date
From https://gem5.googlesource.com/public/gem5
 * branch                  develop    -> FETCH_HEAD
Already up to date.
Everything up-to-date
From https://gem5.googlesource.com/public/gem5
 * branch                  develop    -> FETCH_HEAD
Already up to date.
Everything up-to-date
From https://gem5.googlesource.com/public/gem5
 * branch                  develop    -> FETCH_HEAD
Already up to date.
Everything up-to-date
From https://gem5.googlesource.com/public/gem5
 * branch                  develop    -> FETCH_HEAD
Already up to date.
Everything up-to-date
From https://gem5.googlesource.com/public/gem5
 * branch                  develop    -> FETCH_HEAD
Already up to date.
Everything up-to-date
From https://gem5.googlesource.com/public/gem5
 * branch                  develop    -> FETCH_HEAD
Already up to date.
Everything up-to-date
From https://gem5.googlesource.com/public/gem5
 * branch                  develop    -> FETCH_HEAD
Already up to date.
Everything up-to-date
From https://gem5.googlesource.com/public/gem5
 * branch                  develop    -> FETCH_HEAD
Already up to date.
Everything up-to-date
From https://gem5.googlesource.com/public/gem5
 * branch                  develop    -> FETCH_HEAD
Already up to date.
To github.com:mkjost0/gem5-actions.git
   9ca837ab86..e0c36f0cba  testing/develop -> testing/develop
From https://gem5.googlesource.com/public/gem5
 * branch                  develop    -> FETCH_HEAD
Already up to date.
To github.com:mkjost0/gem5-actions.git
   8fa76daf02..e0c36f0cba  origin/develop -> origin/develop
   e0c36f0cba..cd9cbcc037  testing/develop -> testing/develop
From https://gem5.googlesource.com/public/gem5
 * branch                  develop    -> FETCH_HEAD
Already up to date.
To github.com:mkjost0/gem5-actions.git
   e0c36f0cba..cd9cbcc037  origin/develop -> origin/develop
From https://gem5.googlesource.com/public/gem5
 * branch                  develop    -> FETCH_HEAD
Already up to date.
Everything up-to-date
From https://gem5.googlesource.com/public/gem5
 * branch                  develop    -> FETCH_HEAD
Already up to date.
Everything up-to-date
From https://gem5.googlesource.com/public/gem5
 * branch                  develop    -> FETCH_HEAD
   7398e1e401..aff1e7b64c  develop    -> upstream/develop
Removing tests/pyunit/stdlib/resources/refs/workload-checks-custom-workload.json
Removing tests/pyunit/stdlib/resources/pyunit_resource_download_checks.py
Auto-merging src/python/gem5/resources/downloader.py
From https://gem5.googlesource.com/public/gem5
 * branch                  develop    -> FETCH_HEAD
Already up to date.
To github.com:mkjost0/gem5-actions.git
   cd9cbcc037..b9a8bcd0e5  origin/develop -> origin/develop
From https://gem5.googlesource.com/public/gem5
 * branch                  develop    -> FETCH_HEAD
Already up to date.
Everything up-to-date
From https://gem5.googlesource.com/public/gem5
 * branch                  develop    -> FETCH_HEAD
Already up to date.
Everything up-to-date
From https://gem5.googlesource.com/public/gem5
 * branch                  develop    -> FETCH_HEAD
Already up to date.
Everything up-to-date
From https://gem5.googlesource.com/public/gem5
 * branch                  develop    -> FETCH_HEAD
Already up to date.
Everything up-to-date
From https://gem5.googlesource.com/public/gem5
 * branch                  develop    -> FETCH_HEAD
Already up to date.
Everything up-to-date
From https://gem5.googlesource.com/public/gem5
 * branch                  develop    -> FETCH_HEAD
Already up to date.
Everything up-to-date
From https://gem5.googlesource.com/public/gem5
 * branch                  develop    -> FETCH_HEAD
Already up to date.
Everything up-to-date
From https://gem5.googlesource.com/public/gem5
 * branch                  develop    -> FETCH_HEAD
Already up to date.
Everything up-to-date
From https://gem5.googlesource.com/public/gem5
 * branch                  develop    -> FETCH_HEAD
Already up to date.
Everything up-to-date
From https://gem5.googlesource.com/public/gem5
 * branch                  develop    -> FETCH_HEAD
Already up to date.
Everything up-to-date
From https://gem5.googlesource.com/public/gem5
 * branch                  develop    -> FETCH_HEAD
Already up to date.
Everything up-to-date
From https://gem5.googlesource.com/public/gem5
 * branch                  develop    -> FETCH_HEAD
Already up to date.
Everything up-to-date
From https://gem5.googlesource.com/public/gem5
 * branch                  develop    -> FETCH_HEAD
Already up to date.
Everything up-to-date
From https://gem5.googlesource.com/public/gem5
 * branch                  develop    -> FETCH_HEAD
Already up to date.
To github.com:mkjost0/gem5-actions.git
   cd9cbcc037..aafbb33805  testing/develop -> testing/develop
From https://gem5.googlesource.com/public/gem5
 * branch                  develop    -> FETCH_HEAD
Already up to date.
remote: Bypassed rule violations for refs/heads/develop:        
remote: 
remote: - Changes must be made through a pull request.        
remote: 
To github.com:mkjost0/gem5-actions.git
   aafbb33805..efad37b227  develop -> develop
   b9a8bcd0e5..aafbb33805  origin/develop -> origin/develop
From https://gem5.googlesource.com/public/gem5
 * branch                  develop    -> FETCH_HEAD
Already up to date.
To github.com:mkjost0/gem5-actions.git
   aafbb33805..efad37b227  origin/develop -> origin/develop
   aafbb33805..b2a32fe3f9  testing/develop -> testing/develop
From https://gem5.googlesource.com/public/gem5
 * branch                  develop    -> FETCH_HEAD
Already up to date.
To github.com:mkjost0/gem5-actions.git
   efad37b227..b2a32fe3f9  origin/develop -> origin/develop
From https://gem5.googlesource.com/public/gem5
 * branch                  develop    -> FETCH_HEAD
Already up to date.
To github.com:mkjost0/gem5-actions.git
   b2a32fe3f9..9541728b51  testing/develop -> testing/develop
From https://gem5.googlesource.com/public/gem5
 * branch                  develop    -> FETCH_HEAD
Already up to date.
To github.com:mkjost0/gem5-actions.git
   b2a32fe3f9..9541728b51  origin/develop -> origin/develop
From https://gem5.googlesource.com/public/gem5
 * branch                  develop    -> FETCH_HEAD
Already up to date.
Everything up-to-date
From https://gem5.googlesource.com/public/gem5
 * branch                  develop    -> FETCH_HEAD
Already up to date.
Everything up-to-date
From https://gem5.googlesource.com/public/gem5
 * branch                  develop    -> FETCH_HEAD
Already up to date.
Everything up-to-date
From https://gem5.googlesource.com/public/gem5
 * branch                  develop    -> FETCH_HEAD
Already up to date.
Everything up-to-date
From https://gem5.googlesource.com/public/gem5
 * branch                  develop    -> FETCH_HEAD
Already up to date.
Everything up-to-date
From https://gem5.googlesource.com/public/gem5
 * branch                  develop    -> FETCH_HEAD
Already up to date.
Everything up-to-date
From https://gem5.googlesource.com/public/gem5
 * branch                  develop    -> FETCH_HEAD
Already up to date.
Everything up-to-date
From https://gem5.googlesource.com/public/gem5
 * branch                  develop    -> FETCH_HEAD
Already up to date.
Everything up-to-date
From https://gem5.googlesource.com/public/gem5
 * branch                  develop    -> FETCH_HEAD
Already up to date.
Everything up-to-date
From https://gem5.googlesource.com/public/gem5
 * branch                  develop    -> FETCH_HEAD
Already up to date.
Everything up-to-date
From https://gem5.googlesource.com/public/gem5
 * branch                  develop    -> FETCH_HEAD
Already up to date.
Everything up-to-date
From https://gem5.googlesource.com/public/gem5
 * branch                  develop    -> FETCH_HEAD
Already up to date.
Everything up-to-date
From https://gem5.googlesource.com/public/gem5
 * branch                  develop    -> FETCH_HEAD
Already up to date.
Everything up-to-date
From https://gem5.googlesource.com/public/gem5
 * branch                  develop    -> FETCH_HEAD
Already up to date.
Everything up-to-date
From https://gem5.googlesource.com/public/gem5
 * branch                  develop    -> FETCH_HEAD
Already up to date.
Everything up-to-date
From https://gem5.googlesource.com/public/gem5
 * branch                  develop    -> FETCH_HEAD
Already up to date.
Everything up-to-date
From https://gem5.googlesource.com/public/gem5
 * branch                  develop    -> FETCH_HEAD
Already up to date.
Everything up-to-date
From https://gem5.googlesource.com/public/gem5
 * branch                  develop    -> FETCH_HEAD
Already up to date.
Everything up-to-date
From https://gem5.googlesource.com/public/gem5
 * branch                  develop    -> FETCH_HEAD
Already up to date.
Everything up-to-date
From https://gem5.googlesource.com/public/gem5
 * branch                  develop    -> FETCH_HEAD
Already up to date.
Everything up-to-date
From https://gem5.googlesource.com/public/gem5
 * branch                  develop    -> FETCH_HEAD
Already up to date.
Everything up-to-date
From https://gem5.googlesource.com/public/gem5
 * branch                  develop    -> FETCH_HEAD
Already up to date.
Everything up-to-date
From https://gem5.googlesource.com/public/gem5
 * branch                  develop    -> FETCH_HEAD
Already up to date.
Everything up-to-date
From https://gem5.googlesource.com/public/gem5
 * branch                  develop    -> FETCH_HEAD
Already up to date.
Everything up-to-date
From https://gem5.googlesource.com/public/gem5
 * branch                  develop    -> FETCH_HEAD
Already up to date.
Everything up-to-date
From https://gem5.googlesource.com/public/gem5
 * branch                  develop    -> FETCH_HEAD
Already up to date.
Everything up-to-date
From https://gem5.googlesource.com/public/gem5
 * branch                  develop    -> FETCH_HEAD
Already up to date.
Everything up-to-date
From https://gem5.googlesource.com/public/gem5
 * branch                  develop    -> FETCH_HEAD
Already up to date.
remote: error: GH006: Protected branch update failed for refs/heads/develop.        
remote: error: Cannot force-push to this branch        
To github.com:mkjost0/gem5-actions.git
 ! [remote rejected]       develop -> develop (protected branch hook declined)
error: failed to push some refs to 'git@github.com:mkjost0/gem5-actions.git'
From https://gem5.googlesource.com/public/gem5
 * branch                  develop    -> FETCH_HEAD
Already up to date.
remote: error: GH006: Protected branch update failed for refs/heads/develop.        
remote: error: Cannot force-push to this branch        
To github.com:mkjost0/gem5-actions.git
 ! [remote rejected]       develop -> develop (protected branch hook declined)
error: failed to push some refs to 'git@github.com:mkjost0/gem5-actions.git'
From https://gem5.googlesource.com/public/gem5
 * branch                  develop    -> FETCH_HEAD
Already up to date.
remote: error: GH006: Protected branch update failed for refs/heads/develop.        
remote: error: Cannot force-push to this branch        
To github.com:mkjost0/gem5-actions.git
 ! [remote rejected]       develop -> develop (protected branch hook declined)
error: failed to push some refs to 'git@github.com:mkjost0/gem5-actions.git'
From https://gem5.googlesource.com/public/gem5
 * branch                  develop    -> FETCH_HEAD
Already up to date.
remote: error: GH006: Protected branch update failed for refs/heads/develop.        
remote: error: Cannot force-push to this branch        
To github.com:mkjost0/gem5-actions.git
 ! [remote rejected]       develop -> develop (protected branch hook declined)
error: failed to push some refs to 'git@github.com:mkjost0/gem5-actions.git'
From https://gem5.googlesource.com/public/gem5
 * branch                  develop    -> FETCH_HEAD
Already up to date.
remote: error: GH006: Protected branch update failed for refs/heads/develop.        
remote: error: Cannot force-push to this branch        
To github.com:mkjost0/gem5-actions.git
 ! [remote rejected]       develop -> develop (protected branch hook declined)
error: failed to push some refs to 'git@github.com:mkjost0/gem5-actions.git'
From https://gem5.googlesource.com/public/gem5
 * branch                  develop    -> FETCH_HEAD
Already up to date.
remote: error: GH006: Protected branch update failed for refs/heads/develop.        
remote: error: Cannot force-push to this branch        
To github.com:mkjost0/gem5-actions.git
 ! [remote rejected]       develop -> develop (protected branch hook declined)
error: failed to push some refs to 'git@github.com:mkjost0/gem5-actions.git'
From https://gem5.googlesource.com/public/gem5
 * branch                  develop    -> FETCH_HEAD
Already up to date.
remote: error: GH006: Protected branch update failed for refs/heads/develop.        
remote: error: Cannot force-push to this branch        
To github.com:mkjost0/gem5-actions.git
 ! [remote rejected]       develop -> develop (protected branch hook declined)
error: failed to push some refs to 'git@github.com:mkjost0/gem5-actions.git'
From https://gem5.googlesource.com/public/gem5
 * branch                  develop    -> FETCH_HEAD
Already up to date.
remote: error: GH006: Protected branch update failed for refs/heads/develop.        
remote: error: Cannot force-push to this branch        
To github.com:mkjost0/gem5-actions.git
 ! [remote rejected]       develop -> develop (protected branch hook declined)
error: failed to push some refs to 'git@github.com:mkjost0/gem5-actions.git'
From https://gem5.googlesource.com/public/gem5
 * branch                  develop    -> FETCH_HEAD
Already up to date.
remote: error: GH006: Protected branch update failed for refs/heads/develop.        
remote: error: Cannot force-push to this branch        
To github.com:mkjost0/gem5-actions.git
 ! [remote rejected]       develop -> develop (protected branch hook declined)
error: failed to push some refs to 'git@github.com:mkjost0/gem5-actions.git'
From https://gem5.googlesource.com/public/gem5
 * branch                  develop    -> FETCH_HEAD
Already up to date.
remote: error: GH006: Protected branch update failed for refs/heads/develop.        
remote: error: Cannot force-push to this branch        
To github.com:mkjost0/gem5-actions.git
 ! [remote rejected]       develop -> develop (protected branch hook declined)
error: failed to push some refs to 'git@github.com:mkjost0/gem5-actions.git'
From https://gem5.googlesource.com/public/gem5
 * branch                  develop    -> FETCH_HEAD
Already up to date.
remote: error: GH006: Protected branch update failed for refs/heads/develop.        
remote: error: Cannot force-push to this branch        
To github.com:mkjost0/gem5-actions.git
 ! [remote rejected]       develop -> develop (protected branch hook declined)
error: failed to push some refs to 'git@github.com:mkjost0/gem5-actions.git'
From https://gem5.googlesource.com/public/gem5
 * branch                  develop    -> FETCH_HEAD
Already up to date.
remote: error: GH006: Protected branch update failed for refs/heads/develop.        
remote: error: Cannot force-push to this branch        
To github.com:mkjost0/gem5-actions.git
 ! [remote rejected]       develop -> develop (protected branch hook declined)
error: failed to push some refs to 'git@github.com:mkjost0/gem5-actions.git'
From https://gem5.googlesource.com/public/gem5
 * branch                  develop    -> FETCH_HEAD
Already up to date.
remote: error: GH006: Protected branch update failed for refs/heads/develop.        
remote: error: Cannot force-push to this branch        
To github.com:mkjost0/gem5-actions.git
 ! [remote rejected]       develop -> develop (protected branch hook declined)
error: failed to push some refs to 'git@github.com:mkjost0/gem5-actions.git'
From https://gem5.googlesource.com/public/gem5
 * branch                  develop    -> FETCH_HEAD
Already up to date.
remote: error: GH006: Protected branch update failed for refs/heads/develop.        
remote: error: Cannot force-push to this branch        
To github.com:mkjost0/gem5-actions.git
 ! [remote rejected]       develop -> develop (protected branch hook declined)
error: failed to push some refs to 'git@github.com:mkjost0/gem5-actions.git'
From https://gem5.googlesource.com/public/gem5
 * branch                  develop    -> FETCH_HEAD
Already up to date.
remote: error: GH006: Protected branch update failed for refs/heads/develop.        
remote: error: Cannot force-push to this branch        
To github.com:mkjost0/gem5-actions.git
 ! [remote rejected]       develop -> develop (protected branch hook declined)
error: failed to push some refs to 'git@github.com:mkjost0/gem5-actions.git'
From https://gem5.googlesource.com/public/gem5
 * branch                  develop    -> FETCH_HEAD
Already up to date.
remote: error: GH006: Protected branch update failed for refs/heads/develop.        
remote: error: Cannot force-push to this branch        
To github.com:mkjost0/gem5-actions.git
 ! [remote rejected]       develop -> develop (protected branch hook declined)
error: failed to push some refs to 'git@github.com:mkjost0/gem5-actions.git'
From https://gem5.googlesource.com/public/gem5
 * branch                  develop    -> FETCH_HEAD
Already up to date.
remote: error: GH006: Protected branch update failed for refs/heads/develop.        
remote: error: Cannot force-push to this branch        
To github.com:mkjost0/gem5-actions.git
 ! [remote rejected]       develop -> develop (protected branch hook declined)
error: failed to push some refs to 'git@github.com:mkjost0/gem5-actions.git'
From https://gem5.googlesource.com/public/gem5
 * branch                  develop    -> FETCH_HEAD
Already up to date.
remote: error: GH006: Protected branch update failed for refs/heads/develop.        
remote: error: Cannot force-push to this branch        
To github.com:mkjost0/gem5-actions.git
 ! [remote rejected]       develop -> develop (protected branch hook declined)
error: failed to push some refs to 'git@github.com:mkjost0/gem5-actions.git'
From https://gem5.googlesource.com/public/gem5
 * branch                  develop    -> FETCH_HEAD
Already up to date.
remote: error: GH006: Protected branch update failed for refs/heads/develop.        
remote: error: Cannot force-push to this branch        
To github.com:mkjost0/gem5-actions.git
 ! [remote rejected]       develop -> develop (protected branch hook declined)
error: failed to push some refs to 'git@github.com:mkjost0/gem5-actions.git'
From https://gem5.googlesource.com/public/gem5
 * branch                  develop    -> FETCH_HEAD
Already up to date.
remote: error: GH006: Protected branch update failed for refs/heads/develop.        
remote: error: Cannot force-push to this branch        
To github.com:mkjost0/gem5-actions.git
 ! [remote rejected]       develop -> develop (protected branch hook declined)
error: failed to push some refs to 'git@github.com:mkjost0/gem5-actions.git'
From https://gem5.googlesource.com/public/gem5
 * branch                  develop    -> FETCH_HEAD
Already up to date.
remote: error: GH006: Protected branch update failed for refs/heads/develop.        
remote: error: Cannot force-push to this branch        
To github.com:mkjost0/gem5-actions.git
 ! [remote rejected]       develop -> develop (protected branch hook declined)
error: failed to push some refs to 'git@github.com:mkjost0/gem5-actions.git'
From https://gem5.googlesource.com/public/gem5
 * branch                  develop    -> FETCH_HEAD
Already up to date.
remote: error: GH006: Protected branch update failed for refs/heads/develop.        
remote: error: Cannot force-push to this branch        
To github.com:mkjost0/gem5-actions.git
 ! [remote rejected]       develop -> develop (protected branch hook declined)
error: failed to push some refs to 'git@github.com:mkjost0/gem5-actions.git'
From https://gem5.googlesource.com/public/gem5
 * branch                  develop    -> FETCH_HEAD
Already up to date.
remote: error: GH006: Protected branch update failed for refs/heads/develop.        
remote: error: Cannot force-push to this branch        
To github.com:mkjost0/gem5-actions.git
 ! [remote rejected]       develop -> develop (protected branch hook declined)
error: failed to push some refs to 'git@github.com:mkjost0/gem5-actions.git'
From https://gem5.googlesource.com/public/gem5
 * branch                  develop    -> FETCH_HEAD
Already up to date.
remote: error: GH006: Protected branch update failed for refs/heads/develop.        
remote: error: Cannot force-push to this branch        
To github.com:mkjost0/gem5-actions.git
 ! [remote rejected]       develop -> develop (protected branch hook declined)
error: failed to push some refs to 'git@github.com:mkjost0/gem5-actions.git'
From https://gem5.googlesource.com/public/gem5
 * branch                  develop    -> FETCH_HEAD
Already up to date.
remote: error: GH006: Protected branch update failed for refs/heads/develop.        
remote: error: Cannot force-push to this branch        
To github.com:mkjost0/gem5-actions.git
 ! [remote rejected]       develop -> develop (protected branch hook declined)
error: failed to push some refs to 'git@github.com:mkjost0/gem5-actions.git'
From https://gem5.googlesource.com/public/gem5
 * branch                  develop    -> FETCH_HEAD
Already up to date.
remote: error: GH006: Protected branch update failed for refs/heads/develop.        
remote: error: Cannot force-push to this branch        
To github.com:mkjost0/gem5-actions.git
 ! [remote rejected]       develop -> develop (protected branch hook declined)
error: failed to push some refs to 'git@github.com:mkjost0/gem5-actions.git'
From https://gem5.googlesource.com/public/gem5
 * branch                  develop    -> FETCH_HEAD
Already up to date.
remote: error: GH006: Protected branch update failed for refs/heads/develop.        
remote: error: Cannot force-push to this branch        
To github.com:mkjost0/gem5-actions.git
 ! [remote rejected]       develop -> develop (protected branch hook declined)
error: failed to push some refs to 'git@github.com:mkjost0/gem5-actions.git'
From https://gem5.googlesource.com/public/gem5
 * branch                  develop    -> FETCH_HEAD
Already up to date.
remote: error: GH006: Protected branch update failed for refs/heads/develop.        
remote: error: Cannot force-push to this branch        
To github.com:mkjost0/gem5-actions.git
 ! [remote rejected]       develop -> develop (protected branch hook declined)
error: failed to push some refs to 'git@github.com:mkjost0/gem5-actions.git'
From https://gem5.googlesource.com/public/gem5
 * branch                  develop    -> FETCH_HEAD
Already up to date.
remote: error: GH006: Protected branch update failed for refs/heads/develop.        
remote: error: Cannot force-push to this branch        
To github.com:mkjost0/gem5-actions.git
 ! [remote rejected]       develop -> develop (protected branch hook declined)
error: failed to push some refs to 'git@github.com:mkjost0/gem5-actions.git'
From https://gem5.googlesource.com/public/gem5
 * branch                  develop    -> FETCH_HEAD
Already up to date.
remote: error: GH006: Protected branch update failed for refs/heads/develop.        
remote: error: Cannot force-push to this branch        
To github.com:mkjost0/gem5-actions.git
 ! [remote rejected]       develop -> develop (protected branch hook declined)
error: failed to push some refs to 'git@github.com:mkjost0/gem5-actions.git'
From https://gem5.googlesource.com/public/gem5
 * branch                  develop    -> FETCH_HEAD
Already up to date.
remote: error: GH006: Protected branch update failed for refs/heads/develop.        
remote: error: Cannot force-push to this branch        
To github.com:mkjost0/gem5-actions.git
 ! [remote rejected]       develop -> develop (protected branch hook declined)
error: failed to push some refs to 'git@github.com:mkjost0/gem5-actions.git'
From https://gem5.googlesource.com/public/gem5
 * branch                  develop    -> FETCH_HEAD
Already up to date.
remote: error: GH006: Protected branch update failed for refs/heads/develop.        
remote: error: Cannot force-push to this branch        
To github.com:mkjost0/gem5-actions.git
 ! [remote rejected]       develop -> develop (protected branch hook declined)
error: failed to push some refs to 'git@github.com:mkjost0/gem5-actions.git'
From https://gem5.googlesource.com/public/gem5
 * branch                  develop    -> FETCH_HEAD
Already up to date.
remote: error: GH006: Protected branch update failed for refs/heads/develop.        
remote: error: Cannot force-push to this branch        
To github.com:mkjost0/gem5-actions.git
 ! [remote rejected]       develop -> develop (protected branch hook declined)
error: failed to push some refs to 'git@github.com:mkjost0/gem5-actions.git'
From https://gem5.googlesource.com/public/gem5
 * branch                  develop    -> FETCH_HEAD
Already up to date.
remote: error: GH006: Protected branch update failed for refs/heads/develop.        
remote: error: Cannot force-push to this branch        
To github.com:mkjost0/gem5-actions.git
 ! [remote rejected]       develop -> develop (protected branch hook declined)
error: failed to push some refs to 'git@github.com:mkjost0/gem5-actions.git'
From https://gem5.googlesource.com/public/gem5
 * branch                  develop    -> FETCH_HEAD
Already up to date.
remote: error: GH006: Protected branch update failed for refs/heads/develop.        
remote: error: Cannot force-push to this branch        
To github.com:mkjost0/gem5-actions.git
 ! [remote rejected]       develop -> develop (protected branch hook declined)
error: failed to push some refs to 'git@github.com:mkjost0/gem5-actions.git'
From https://gem5.googlesource.com/public/gem5
 * branch                  develop    -> FETCH_HEAD
Already up to date.
remote: error: GH006: Protected branch update failed for refs/heads/develop.        
remote: error: Cannot force-push to this branch        
To github.com:mkjost0/gem5-actions.git
 ! [remote rejected]       develop -> develop (protected branch hook declined)
error: failed to push some refs to 'git@github.com:mkjost0/gem5-actions.git'
From https://gem5.googlesource.com/public/gem5
 * branch                  develop    -> FETCH_HEAD
Already up to date.
remote: error: GH006: Protected branch update failed for refs/heads/develop.        
remote: error: Cannot force-push to this branch        
To github.com:mkjost0/gem5-actions.git
 ! [remote rejected]       develop -> develop (protected branch hook declined)
error: failed to push some refs to 'git@github.com:mkjost0/gem5-actions.git'
From https://gem5.googlesource.com/public/gem5
 * branch                  develop    -> FETCH_HEAD
Already up to date.
remote: error: GH006: Protected branch update failed for refs/heads/develop.        
remote: error: Cannot force-push to this branch        
To github.com:mkjost0/gem5-actions.git
 ! [remote rejected]       develop -> develop (protected branch hook declined)
error: failed to push some refs to 'git@github.com:mkjost0/gem5-actions.git'
From https://gem5.googlesource.com/public/gem5
 * branch                  develop    -> FETCH_HEAD
Already up to date.
remote: error: GH006: Protected branch update failed for refs/heads/develop.        
remote: error: Cannot force-push to this branch        
To github.com:mkjost0/gem5-actions.git
 ! [remote rejected]       develop -> develop (protected branch hook declined)
error: failed to push some refs to 'git@github.com:mkjost0/gem5-actions.git'
From https://gem5.googlesource.com/public/gem5
 * branch                  develop    -> FETCH_HEAD
Already up to date.
remote: error: GH006: Protected branch update failed for refs/heads/develop.        
remote: error: Cannot force-push to this branch        
To github.com:mkjost0/gem5-actions.git
 ! [remote rejected]       develop -> develop (protected branch hook declined)
error: failed to push some refs to 'git@github.com:mkjost0/gem5-actions.git'
From https://gem5.googlesource.com/public/gem5
 * branch                  develop    -> FETCH_HEAD
Already up to date.
remote: error: GH006: Protected branch update failed for refs/heads/develop.        
remote: error: Cannot force-push to this branch        
To github.com:mkjost0/gem5-actions.git
 ! [remote rejected]       develop -> develop (protected branch hook declined)
error: failed to push some refs to 'git@github.com:mkjost0/gem5-actions.git'
From https://gem5.googlesource.com/public/gem5
 * branch                  develop    -> FETCH_HEAD
Already up to date.
remote: error: GH006: Protected branch update failed for refs/heads/develop.        
remote: error: Cannot force-push to this branch        
To github.com:mkjost0/gem5-actions.git
 ! [remote rejected]       develop -> develop (protected branch hook declined)
error: failed to push some refs to 'git@github.com:mkjost0/gem5-actions.git'
From https://gem5.googlesource.com/public/gem5
 * branch                  develop    -> FETCH_HEAD
Already up to date.
remote: error: GH006: Protected branch update failed for refs/heads/develop.        
remote: error: Cannot force-push to this branch        
To github.com:mkjost0/gem5-actions.git
 ! [remote rejected]       develop -> develop (protected branch hook declined)
error: failed to push some refs to 'git@github.com:mkjost0/gem5-actions.git'
From https://gem5.googlesource.com/public/gem5
 * branch                  develop    -> FETCH_HEAD
Already up to date.
remote: error: GH006: Protected branch update failed for refs/heads/develop.        
remote: error: Cannot force-push to this branch        
To github.com:mkjost0/gem5-actions.git
 ! [remote rejected]       develop -> develop (protected branch hook declined)
error: failed to push some refs to 'git@github.com:mkjost0/gem5-actions.git'
From https://gem5.googlesource.com/public/gem5
 * branch                  develop    -> FETCH_HEAD
Already up to date.
remote: error: GH006: Protected branch update failed for refs/heads/develop.        
remote: error: Cannot force-push to this branch        
To github.com:mkjost0/gem5-actions.git
 ! [remote rejected]       develop -> develop (protected branch hook declined)
error: failed to push some refs to 'git@github.com:mkjost0/gem5-actions.git'
From https://gem5.googlesource.com/public/gem5
 * branch                  develop    -> FETCH_HEAD
Already up to date.
remote: error: GH006: Protected branch update failed for refs/heads/develop.        
remote: error: Cannot force-push to this branch        
To github.com:mkjost0/gem5-actions.git
 ! [remote rejected]       develop -> develop (protected branch hook declined)
error: failed to push some refs to 'git@github.com:mkjost0/gem5-actions.git'
From https://gem5.googlesource.com/public/gem5
 * branch                  develop    -> FETCH_HEAD
Already up to date.
remote: error: GH006: Protected branch update failed for refs/heads/develop.        
remote: error: Cannot force-push to this branch        
To github.com:mkjost0/gem5-actions.git
 ! [remote rejected]       develop -> develop (protected branch hook declined)
error: failed to push some refs to 'git@github.com:mkjost0/gem5-actions.git'
From https://gem5.googlesource.com/public/gem5
 * branch                  develop    -> FETCH_HEAD
Already up to date.
remote: error: GH006: Protected branch update failed for refs/heads/develop.        
remote: error: Cannot force-push to this branch        
To github.com:mkjost0/gem5-actions.git
 ! [remote rejected]       develop -> develop (protected branch hook declined)
error: failed to push some refs to 'git@github.com:mkjost0/gem5-actions.git'
From https://gem5.googlesource.com/public/gem5
 * branch                  develop    -> FETCH_HEAD
Already up to date.
remote: error: GH006: Protected branch update failed for refs/heads/develop.        
remote: error: Cannot force-push to this branch        
To github.com:mkjost0/gem5-actions.git
 ! [remote rejected]       develop -> develop (protected branch hook declined)
error: failed to push some refs to 'git@github.com:mkjost0/gem5-actions.git'
From https://gem5.googlesource.com/public/gem5
 * branch                  develop    -> FETCH_HEAD
Already up to date.
remote: error: GH006: Protected branch update failed for refs/heads/develop.        
remote: error: Cannot force-push to this branch        
To github.com:mkjost0/gem5-actions.git
 ! [remote rejected]       develop -> develop (protected branch hook declined)
error: failed to push some refs to 'git@github.com:mkjost0/gem5-actions.git'
From https://gem5.googlesource.com/public/gem5
 * branch                  develop    -> FETCH_HEAD
Already up to date.
remote: error: GH006: Protected branch update failed for refs/heads/develop.        
remote: error: Cannot force-push to this branch        
To github.com:mkjost0/gem5-actions.git
 ! [remote rejected]       develop -> develop (protected branch hook declined)
error: failed to push some refs to 'git@github.com:mkjost0/gem5-actions.git'
From https://gem5.googlesource.com/public/gem5
 * branch                  develop    -> FETCH_HEAD
Already up to date.
remote: error: GH006: Protected branch update failed for refs/heads/develop.        
remote: error: Cannot force-push to this branch        
To github.com:mkjost0/gem5-actions.git
 ! [remote rejected]       develop -> develop (protected branch hook declined)
error: failed to push some refs to 'git@github.com:mkjost0/gem5-actions.git'
From https://gem5.googlesource.com/public/gem5
 * branch                  develop    -> FETCH_HEAD
Already up to date.
remote: error: GH006: Protected branch update failed for refs/heads/develop.        
remote: error: Cannot force-push to this branch        
To github.com:mkjost0/gem5-actions.git
 ! [remote rejected]       develop -> develop (protected branch hook declined)
error: failed to push some refs to 'git@github.com:mkjost0/gem5-actions.git'
From https://gem5.googlesource.com/public/gem5
 * branch                  develop    -> FETCH_HEAD
Already up to date.
remote: error: GH006: Protected branch update failed for refs/heads/develop.        
remote: error: Cannot force-push to this branch        
To github.com:mkjost0/gem5-actions.git
 ! [remote rejected]       develop -> develop (protected branch hook declined)
error: failed to push some refs to 'git@github.com:mkjost0/gem5-actions.git'
From https://gem5.googlesource.com/public/gem5
 * branch                  develop    -> FETCH_HEAD
Already up to date.
remote: error: GH006: Protected branch update failed for refs/heads/develop.        
remote: error: Cannot force-push to this branch        
To github.com:mkjost0/gem5-actions.git
 ! [remote rejected]       develop -> develop (protected branch hook declined)
error: failed to push some refs to 'git@github.com:mkjost0/gem5-actions.git'
From https://gem5.googlesource.com/public/gem5
 * branch                  develop    -> FETCH_HEAD
Already up to date.
remote: error: GH006: Protected branch update failed for refs/heads/develop.        
remote: error: Cannot force-push to this branch        
To github.com:mkjost0/gem5-actions.git
 ! [remote rejected]       develop -> develop (protected branch hook declined)
error: failed to push some refs to 'git@github.com:mkjost0/gem5-actions.git'
From https://gem5.googlesource.com/public/gem5
 * branch                  develop    -> FETCH_HEAD
Already up to date.
remote: error: GH006: Protected branch update failed for refs/heads/develop.        
remote: error: Cannot force-push to this branch        
To github.com:mkjost0/gem5-actions.git
 ! [remote rejected]       develop -> develop (protected branch hook declined)
error: failed to push some refs to 'git@github.com:mkjost0/gem5-actions.git'
From https://gem5.googlesource.com/public/gem5
 * branch                  develop    -> FETCH_HEAD
Already up to date.
remote: error: GH006: Protected branch update failed for refs/heads/develop.        
remote: error: Cannot force-push to this branch        
To github.com:mkjost0/gem5-actions.git
 ! [remote rejected]       develop -> develop (protected branch hook declined)
error: failed to push some refs to 'git@github.com:mkjost0/gem5-actions.git'
From https://gem5.googlesource.com/public/gem5
 * branch                  develop    -> FETCH_HEAD
Already up to date.
remote: error: GH006: Protected branch update failed for refs/heads/develop.        
remote: error: Cannot force-push to this branch        
To github.com:mkjost0/gem5-actions.git
 ! [remote rejected]       develop -> develop (protected branch hook declined)
error: failed to push some refs to 'git@github.com:mkjost0/gem5-actions.git'
From https://gem5.googlesource.com/public/gem5
 * branch                  develop    -> FETCH_HEAD
Already up to date.
remote: error: GH006: Protected branch update failed for refs/heads/develop.        
remote: error: Cannot force-push to this branch        
To github.com:mkjost0/gem5-actions.git
 ! [remote rejected]       develop -> develop (protected branch hook declined)
error: failed to push some refs to 'git@github.com:mkjost0/gem5-actions.git'
From https://gem5.googlesource.com/public/gem5
 * branch                  develop    -> FETCH_HEAD
Already up to date.
remote: error: GH006: Protected branch update failed for refs/heads/develop.        
remote: error: Cannot force-push to this branch        
To github.com:mkjost0/gem5-actions.git
 ! [remote rejected]       develop -> develop (protected branch hook declined)
error: failed to push some refs to 'git@github.com:mkjost0/gem5-actions.git'
From https://gem5.googlesource.com/public/gem5
 * branch                  develop    -> FETCH_HEAD
Already up to date.
remote: error: GH006: Protected branch update failed for refs/heads/develop.        
remote: error: Cannot force-push to this branch        
To github.com:mkjost0/gem5-actions.git
 ! [remote rejected]       develop -> develop (protected branch hook declined)
error: failed to push some refs to 'git@github.com:mkjost0/gem5-actions.git'
From https://gem5.googlesource.com/public/gem5
 * branch                  develop    -> FETCH_HEAD
Already up to date.
remote: error: GH006: Protected branch update failed for refs/heads/develop.        
remote: error: Cannot force-push to this branch        
To github.com:mkjost0/gem5-actions.git
 ! [remote rejected]       develop -> develop (protected branch hook declined)
error: failed to push some refs to 'git@github.com:mkjost0/gem5-actions.git'
From https://gem5.googlesource.com/public/gem5
 * branch                  develop    -> FETCH_HEAD
Already up to date.
remote: error: GH006: Protected branch update failed for refs/heads/develop.        
remote: error: Cannot force-push to this branch        
To github.com:mkjost0/gem5-actions.git
 ! [remote rejected]       develop -> develop (protected branch hook declined)
error: failed to push some refs to 'git@github.com:mkjost0/gem5-actions.git'
From https://gem5.googlesource.com/public/gem5
 * branch                  develop    -> FETCH_HEAD
Already up to date.
remote: error: GH006: Protected branch update failed for refs/heads/develop.        
remote: error: Cannot force-push to this branch        
To github.com:mkjost0/gem5-actions.git
 ! [remote rejected]       develop -> develop (protected branch hook declined)
error: failed to push some refs to 'git@github.com:mkjost0/gem5-actions.git'
From https://gem5.googlesource.com/public/gem5
 * branch                  develop    -> FETCH_HEAD
Already up to date.
remote: error: GH006: Protected branch update failed for refs/heads/develop.        
remote: error: Cannot force-push to this branch        
To github.com:mkjost0/gem5-actions.git
 ! [remote rejected]       develop -> develop (protected branch hook declined)
error: failed to push some refs to 'git@github.com:mkjost0/gem5-actions.git'
From https://gem5.googlesource.com/public/gem5
 * branch                  develop    -> FETCH_HEAD
Already up to date.
remote: error: GH006: Protected branch update failed for refs/heads/develop.        
remote: error: Cannot force-push to this branch        
To github.com:mkjost0/gem5-actions.git
 ! [remote rejected]       develop -> develop (protected branch hook declined)
error: failed to push some refs to 'git@github.com:mkjost0/gem5-actions.git'
From https://gem5.googlesource.com/public/gem5
 * branch                  develop    -> FETCH_HEAD
Already up to date.
remote: error: GH006: Protected branch update failed for refs/heads/develop.        
remote: error: Cannot force-push to this branch        
To github.com:mkjost0/gem5-actions.git
 ! [remote rejected]       develop -> develop (protected branch hook declined)
error: failed to push some refs to 'git@github.com:mkjost0/gem5-actions.git'
From https://gem5.googlesource.com/public/gem5
 * branch                  develop    -> FETCH_HEAD
Already up to date.
remote: error: GH006: Protected branch update failed for refs/heads/develop.        
remote: error: Cannot force-push to this branch        
To github.com:mkjost0/gem5-actions.git
 ! [remote rejected]       develop -> develop (protected branch hook declined)
error: failed to push some refs to 'git@github.com:mkjost0/gem5-actions.git'
From https://gem5.googlesource.com/public/gem5
 * branch                  develop    -> FETCH_HEAD
Already up to date.
remote: error: GH006: Protected branch update failed for refs/heads/develop.        
remote: error: Cannot force-push to this branch        
To github.com:mkjost0/gem5-actions.git
 ! [remote rejected]       develop -> develop (protected branch hook declined)
error: failed to push some refs to 'git@github.com:mkjost0/gem5-actions.git'
From https://gem5.googlesource.com/public/gem5
 * branch                  develop    -> FETCH_HEAD
Already up to date.
remote: error: GH006: Protected branch update failed for refs/heads/develop.        
remote: error: Cannot force-push to this branch        
To github.com:mkjost0/gem5-actions.git
 ! [remote rejected]       develop -> develop (protected branch hook declined)
error: failed to push some refs to 'git@github.com:mkjost0/gem5-actions.git'
From https://gem5.googlesource.com/public/gem5
 * branch                  develop    -> FETCH_HEAD
Already up to date.
remote: error: GH006: Protected branch update failed for refs/heads/develop.        
remote: error: Cannot force-push to this branch        
To github.com:mkjost0/gem5-actions.git
 ! [remote rejected]       develop -> develop (protected branch hook declined)
error: failed to push some refs to 'git@github.com:mkjost0/gem5-actions.git'
From https://gem5.googlesource.com/public/gem5
 * branch                  develop    -> FETCH_HEAD
Already up to date.
remote: error: GH006: Protected branch update failed for refs/heads/develop.        
remote: error: Cannot force-push to this branch        
To github.com:mkjost0/gem5-actions.git
 ! [remote rejected]       develop -> develop (protected branch hook declined)
error: failed to push some refs to 'git@github.com:mkjost0/gem5-actions.git'
From https://gem5.googlesource.com/public/gem5
 * branch                  develop    -> FETCH_HEAD
Already up to date.
remote: error: GH006: Protected branch update failed for refs/heads/develop.        
remote: error: Cannot force-push to this branch        
To github.com:mkjost0/gem5-actions.git
 ! [remote rejected]       develop -> develop (protected branch hook declined)
error: failed to push some refs to 'git@github.com:mkjost0/gem5-actions.git'
From https://gem5.googlesource.com/public/gem5
 * branch                  develop    -> FETCH_HEAD
Already up to date.
remote: error: GH006: Protected branch update failed for refs/heads/develop.        
remote: error: Cannot force-push to this branch        
To github.com:mkjost0/gem5-actions.git
 ! [remote rejected]       develop -> develop (protected branch hook declined)
error: failed to push some refs to 'git@github.com:mkjost0/gem5-actions.git'
From https://gem5.googlesource.com/public/gem5
 * branch                  develop    -> FETCH_HEAD
Already up to date.
remote: error: GH006: Protected branch update failed for refs/heads/develop.        
remote: error: Cannot force-push to this branch        
To github.com:mkjost0/gem5-actions.git
 ! [remote rejected]       develop -> develop (protected branch hook declined)
error: failed to push some refs to 'git@github.com:mkjost0/gem5-actions.git'
From https://gem5.googlesource.com/public/gem5
 * branch                  develop    -> FETCH_HEAD
Already up to date.
remote: error: GH006: Protected branch update failed for refs/heads/develop.        
remote: error: Cannot force-push to this branch        
To github.com:mkjost0/gem5-actions.git
 ! [remote rejected]       develop -> develop (protected branch hook declined)
error: failed to push some refs to 'git@github.com:mkjost0/gem5-actions.git'
From https://gem5.googlesource.com/public/gem5
 * branch                  develop    -> FETCH_HEAD
Already up to date.
remote: error: GH006: Protected branch update failed for refs/heads/develop.        
remote: error: Cannot force-push to this branch        
To github.com:mkjost0/gem5-actions.git
 ! [remote rejected]       develop -> develop (protected branch hook declined)
error: failed to push some refs to 'git@github.com:mkjost0/gem5-actions.git'
From https://gem5.googlesource.com/public/gem5
 * branch                  develop    -> FETCH_HEAD
Already up to date.
remote: error: GH006: Protected branch update failed for refs/heads/develop.        
remote: error: Cannot force-push to this branch        
To github.com:mkjost0/gem5-actions.git
 ! [remote rejected]       develop -> develop (protected branch hook declined)
error: failed to push some refs to 'git@github.com:mkjost0/gem5-actions.git'
From https://gem5.googlesource.com/public/gem5
 * branch                  develop    -> FETCH_HEAD
Already up to date.
remote: error: GH006: Protected branch update failed for refs/heads/develop.        
remote: error: Cannot force-push to this branch        
To github.com:mkjost0/gem5-actions.git
 ! [remote rejected]       develop -> develop (protected branch hook declined)
error: failed to push some refs to 'git@github.com:mkjost0/gem5-actions.git'
From https://gem5.googlesource.com/public/gem5
 * branch                  develop    -> FETCH_HEAD
Already up to date.
remote: error: GH006: Protected branch update failed for refs/heads/develop.        
remote: error: Cannot force-push to this branch        
To github.com:mkjost0/gem5-actions.git
 ! [remote rejected]       develop -> develop (protected branch hook declined)
error: failed to push some refs to 'git@github.com:mkjost0/gem5-actions.git'
From https://gem5.googlesource.com/public/gem5
 * branch                  develop    -> FETCH_HEAD
Already up to date.
remote: error: GH006: Protected branch update failed for refs/heads/develop.        
remote: error: Cannot force-push to this branch        
To github.com:mkjost0/gem5-actions.git
 ! [remote rejected]       develop -> develop (protected branch hook declined)
error: failed to push some refs to 'git@github.com:mkjost0/gem5-actions.git'
From https://gem5.googlesource.com/public/gem5
 * branch                  develop    -> FETCH_HEAD
Already up to date.
remote: error: GH006: Protected branch update failed for refs/heads/develop.        
remote: error: Cannot force-push to this branch        
To github.com:mkjost0/gem5-actions.git
 ! [remote rejected]       develop -> develop (protected branch hook declined)
error: failed to push some refs to 'git@github.com:mkjost0/gem5-actions.git'
From https://gem5.googlesource.com/public/gem5
 * branch                  develop    -> FETCH_HEAD
Already up to date.
remote: error: GH006: Protected branch update failed for refs/heads/develop.        
remote: error: Cannot force-push to this branch        
To github.com:mkjost0/gem5-actions.git
 ! [remote rejected]       develop -> develop (protected branch hook declined)
error: failed to push some refs to 'git@github.com:mkjost0/gem5-actions.git'
From https://gem5.googlesource.com/public/gem5
 * branch                  develop    -> FETCH_HEAD
Already up to date.
remote: error: GH006: Protected branch update failed for refs/heads/develop.        
remote: error: Cannot force-push to this branch        
To github.com:mkjost0/gem5-actions.git
 ! [remote rejected]       develop -> develop (protected branch hook declined)
error: failed to push some refs to 'git@github.com:mkjost0/gem5-actions.git'
From https://gem5.googlesource.com/public/gem5
 * branch                  develop    -> FETCH_HEAD
Already up to date.
remote: error: GH006: Protected branch update failed for refs/heads/develop.        
remote: error: Cannot force-push to this branch        
To github.com:mkjost0/gem5-actions.git
 ! [remote rejected]       develop -> develop (protected branch hook declined)
error: failed to push some refs to 'git@github.com:mkjost0/gem5-actions.git'
From https://gem5.googlesource.com/public/gem5
 * branch                  develop    -> FETCH_HEAD
Already up to date.
remote: error: GH006: Protected branch update failed for refs/heads/develop.        
remote: error: Cannot force-push to this branch        
To github.com:mkjost0/gem5-actions.git
 ! [remote rejected]       develop -> develop (protected branch hook declined)
error: failed to push some refs to 'git@github.com:mkjost0/gem5-actions.git'
From https://gem5.googlesource.com/public/gem5
 * branch                  develop    -> FETCH_HEAD
Already up to date.
remote: error: GH006: Protected branch update failed for refs/heads/develop.        
remote: error: Cannot force-push to this branch        
To github.com:mkjost0/gem5-actions.git
 ! [remote rejected]       develop -> develop (protected branch hook declined)
error: failed to push some refs to 'git@github.com:mkjost0/gem5-actions.git'
From https://gem5.googlesource.com/public/gem5
 * branch                  develop    -> FETCH_HEAD
Already up to date.
remote: error: GH006: Protected branch update failed for refs/heads/develop.        
remote: error: Cannot force-push to this branch        
To github.com:mkjost0/gem5-actions.git
 ! [remote rejected]       develop -> develop (protected branch hook declined)
error: failed to push some refs to 'git@github.com:mkjost0/gem5-actions.git'
From https://gem5.googlesource.com/public/gem5
 * branch                  develop    -> FETCH_HEAD
Already up to date.
remote: error: GH006: Protected branch update failed for refs/heads/develop.        
remote: error: Cannot force-push to this branch        
To github.com:mkjost0/gem5-actions.git
 ! [remote rejected]       develop -> develop (protected branch hook declined)
error: failed to push some refs to 'git@github.com:mkjost0/gem5-actions.git'
From https://gem5.googlesource.com/public/gem5
 * branch                  develop    -> FETCH_HEAD
Already up to date.
remote: error: GH006: Protected branch update failed for refs/heads/develop.        
remote: error: Cannot force-push to this branch        
To github.com:mkjost0/gem5-actions.git
 ! [remote rejected]       develop -> develop (protected branch hook declined)
error: failed to push some refs to 'git@github.com:mkjost0/gem5-actions.git'
From https://gem5.googlesource.com/public/gem5
 * branch                  develop    -> FETCH_HEAD
Already up to date.
remote: error: GH006: Protected branch update failed for refs/heads/develop.        
remote: error: Cannot force-push to this branch        
To github.com:mkjost0/gem5-actions.git
 ! [remote rejected]       develop -> develop (protected branch hook declined)
error: failed to push some refs to 'git@github.com:mkjost0/gem5-actions.git'
From https://gem5.googlesource.com/public/gem5
 * branch                  develop    -> FETCH_HEAD
Already up to date.
remote: error: GH006: Protected branch update failed for refs/heads/develop.        
remote: error: Cannot force-push to this branch        
To github.com:mkjost0/gem5-actions.git
 ! [remote rejected]       develop -> develop (protected branch hook declined)
error: failed to push some refs to 'git@github.com:mkjost0/gem5-actions.git'
From https://gem5.googlesource.com/public/gem5
 * branch                  develop    -> FETCH_HEAD
Already up to date.
remote: error: GH006: Protected branch update failed for refs/heads/develop.        
remote: error: Cannot force-push to this branch        
To github.com:mkjost0/gem5-actions.git
 ! [remote rejected]       develop -> develop (protected branch hook declined)
error: failed to push some refs to 'git@github.com:mkjost0/gem5-actions.git'
From https://gem5.googlesource.com/public/gem5
 * branch                  develop    -> FETCH_HEAD
Already up to date.
remote: error: GH006: Protected branch update failed for refs/heads/develop.        
remote: error: Cannot force-push to this branch        
To github.com:mkjost0/gem5-actions.git
 ! [remote rejected]       develop -> develop (protected branch hook declined)
error: failed to push some refs to 'git@github.com:mkjost0/gem5-actions.git'
From https://gem5.googlesource.com/public/gem5
 * branch                  develop    -> FETCH_HEAD
Already up to date.
remote: error: GH006: Protected branch update failed for refs/heads/develop.        
remote: error: Cannot force-push to this branch        
To github.com:mkjost0/gem5-actions.git
 ! [remote rejected]       develop -> develop (protected branch hook declined)
error: failed to push some refs to 'git@github.com:mkjost0/gem5-actions.git'
From https://gem5.googlesource.com/public/gem5
 * branch                  develop    -> FETCH_HEAD
Already up to date.
remote: error: GH006: Protected branch update failed for refs/heads/develop.        
remote: error: Cannot force-push to this branch        
To github.com:mkjost0/gem5-actions.git
 ! [remote rejected]       develop -> develop (protected branch hook declined)
error: failed to push some refs to 'git@github.com:mkjost0/gem5-actions.git'
From https://gem5.googlesource.com/public/gem5
 * branch                  develop    -> FETCH_HEAD
Already up to date.
remote: error: GH006: Protected branch update failed for refs/heads/develop.        
remote: error: Cannot force-push to this branch        
To github.com:mkjost0/gem5-actions.git
 ! [remote rejected]       develop -> develop (protected branch hook declined)
error: failed to push some refs to 'git@github.com:mkjost0/gem5-actions.git'
From https://gem5.googlesource.com/public/gem5
 * branch                  develop    -> FETCH_HEAD
Already up to date.
remote: error: GH006: Protected branch update failed for refs/heads/develop.        
remote: error: Cannot force-push to this branch        
To github.com:mkjost0/gem5-actions.git
 ! [remote rejected]       develop -> develop (protected branch hook declined)
error: failed to push some refs to 'git@github.com:mkjost0/gem5-actions.git'
From https://gem5.googlesource.com/public/gem5
 * branch                  develop    -> FETCH_HEAD
Already up to date.
remote: error: GH006: Protected branch update failed for refs/heads/develop.        
remote: error: Cannot force-push to this branch        
To github.com:mkjost0/gem5-actions.git
 ! [remote rejected]       develop -> develop (protected branch hook declined)
error: failed to push some refs to 'git@github.com:mkjost0/gem5-actions.git'
From https://gem5.googlesource.com/public/gem5
 * branch                  develop    -> FETCH_HEAD
Already up to date.
remote: error: GH006: Protected branch update failed for refs/heads/develop.        
remote: error: Cannot force-push to this branch        
To github.com:mkjost0/gem5-actions.git
 ! [remote rejected]       develop -> develop (protected branch hook declined)
error: failed to push some refs to 'git@github.com:mkjost0/gem5-actions.git'
From https://gem5.googlesource.com/public/gem5
 * branch                  develop    -> FETCH_HEAD
Already up to date.
remote: error: GH006: Protected branch update failed for refs/heads/develop.        
remote: error: Cannot force-push to this branch        
To github.com:mkjost0/gem5-actions.git
 ! [remote rejected]       develop -> develop (protected branch hook declined)
error: failed to push some refs to 'git@github.com:mkjost0/gem5-actions.git'
From https://gem5.googlesource.com/public/gem5
 * branch                  develop    -> FETCH_HEAD
Already up to date.
remote: error: GH006: Protected branch update failed for refs/heads/develop.        
remote: error: Cannot force-push to this branch        
To github.com:mkjost0/gem5-actions.git
 ! [remote rejected]       develop -> develop (protected branch hook declined)
error: failed to push some refs to 'git@github.com:mkjost0/gem5-actions.git'
From https://gem5.googlesource.com/public/gem5
 * branch                  develop    -> FETCH_HEAD
Already up to date.
remote: error: GH006: Protected branch update failed for refs/heads/develop.        
remote: error: Cannot force-push to this branch        
To github.com:mkjost0/gem5-actions.git
 ! [remote rejected]       develop -> develop (protected branch hook declined)
error: failed to push some refs to 'git@github.com:mkjost0/gem5-actions.git'
From https://gem5.googlesource.com/public/gem5
 * branch                  develop    -> FETCH_HEAD
Already up to date.
remote: error: GH006: Protected branch update failed for refs/heads/develop.        
remote: error: Cannot force-push to this branch        
To github.com:mkjost0/gem5-actions.git
 ! [remote rejected]       develop -> develop (protected branch hook declined)
error: failed to push some refs to 'git@github.com:mkjost0/gem5-actions.git'
From https://gem5.googlesource.com/public/gem5
 * branch                  develop    -> FETCH_HEAD
Already up to date.
remote: error: GH006: Protected branch update failed for refs/heads/develop.        
remote: error: Cannot force-push to this branch        
To github.com:mkjost0/gem5-actions.git
 ! [remote rejected]       develop -> develop (protected branch hook declined)
error: failed to push some refs to 'git@github.com:mkjost0/gem5-actions.git'
From https://gem5.googlesource.com/public/gem5
 * branch                  develop    -> FETCH_HEAD
Already up to date.
remote: error: GH006: Protected branch update failed for refs/heads/develop.        
remote: error: Cannot force-push to this branch        
To github.com:mkjost0/gem5-actions.git
 ! [remote rejected]       develop -> develop (protected branch hook declined)
error: failed to push some refs to 'git@github.com:mkjost0/gem5-actions.git'
From https://gem5.googlesource.com/public/gem5
 * branch                  develop    -> FETCH_HEAD
Already up to date.
remote: error: GH006: Protected branch update failed for refs/heads/develop.        
remote: error: Cannot force-push to this branch        
To github.com:mkjost0/gem5-actions.git
 ! [remote rejected]       develop -> develop (protected branch hook declined)
error: failed to push some refs to 'git@github.com:mkjost0/gem5-actions.git'
From https://gem5.googlesource.com/public/gem5
 * branch                  develop    -> FETCH_HEAD
Already up to date.
remote: error: GH006: Protected branch update failed for refs/heads/develop.        
remote: error: Cannot force-push to this branch        
To github.com:mkjost0/gem5-actions.git
 ! [remote rejected]       develop -> develop (protected branch hook declined)
error: failed to push some refs to 'git@github.com:mkjost0/gem5-actions.git'
From https://gem5.googlesource.com/public/gem5
 * branch                  develop    -> FETCH_HEAD
Already up to date.
remote: error: GH006: Protected branch update failed for refs/heads/develop.        
remote: error: Cannot force-push to this branch        
To github.com:mkjost0/gem5-actions.git
 ! [remote rejected]       develop -> develop (protected branch hook declined)
error: failed to push some refs to 'git@github.com:mkjost0/gem5-actions.git'
From https://gem5.googlesource.com/public/gem5
 * branch                  develop    -> FETCH_HEAD
Already up to date.
remote: error: GH006: Protected branch update failed for refs/heads/develop.        
remote: error: Cannot force-push to this branch        
To github.com:mkjost0/gem5-actions.git
 ! [remote rejected]       develop -> develop (protected branch hook declined)
error: failed to push some refs to 'git@github.com:mkjost0/gem5-actions.git'
From https://gem5.googlesource.com/public/gem5
 * branch                  develop    -> FETCH_HEAD
Already up to date.
remote: error: GH006: Protected branch update failed for refs/heads/develop.        
remote: error: Cannot force-push to this branch        
To github.com:mkjost0/gem5-actions.git
 ! [remote rejected]       develop -> develop (protected branch hook declined)
error: failed to push some refs to 'git@github.com:mkjost0/gem5-actions.git'
From https://gem5.googlesource.com/public/gem5
 * branch                  develop    -> FETCH_HEAD
Already up to date.
remote: error: GH006: Protected branch update failed for refs/heads/develop.        
remote: error: Cannot force-push to this branch        
To github.com:mkjost0/gem5-actions.git
 ! [remote rejected]       develop -> develop (protected branch hook declined)
error: failed to push some refs to 'git@github.com:mkjost0/gem5-actions.git'
From https://gem5.googlesource.com/public/gem5
 * branch                  develop    -> FETCH_HEAD
Already up to date.
remote: error: GH006: Protected branch update failed for refs/heads/develop.        
remote: error: Cannot force-push to this branch        
To github.com:mkjost0/gem5-actions.git
 ! [remote rejected]       develop -> develop (protected branch hook declined)
error: failed to push some refs to 'git@github.com:mkjost0/gem5-actions.git'
From https://gem5.googlesource.com/public/gem5
 * branch                  develop    -> FETCH_HEAD
Already up to date.
remote: error: GH006: Protected branch update failed for refs/heads/develop.        
remote: error: Cannot force-push to this branch        
To github.com:mkjost0/gem5-actions.git
 ! [remote rejected]       develop -> develop (protected branch hook declined)
error: failed to push some refs to 'git@github.com:mkjost0/gem5-actions.git'
From https://gem5.googlesource.com/public/gem5
 * branch                  develop    -> FETCH_HEAD
Already up to date.
remote: error: GH006: Protected branch update failed for refs/heads/develop.        
remote: error: Cannot force-push to this branch        
To github.com:mkjost0/gem5-actions.git
 ! [remote rejected]       develop -> develop (protected branch hook declined)
error: failed to push some refs to 'git@github.com:mkjost0/gem5-actions.git'
From https://gem5.googlesource.com/public/gem5
 * branch                  develop    -> FETCH_HEAD
Already up to date.
remote: error: GH006: Protected branch update failed for refs/heads/develop.        
remote: error: Cannot force-push to this branch        
To github.com:mkjost0/gem5-actions.git
 ! [remote rejected]       develop -> develop (protected branch hook declined)
error: failed to push some refs to 'git@github.com:mkjost0/gem5-actions.git'
From https://gem5.googlesource.com/public/gem5
 * branch                  develop    -> FETCH_HEAD
Already up to date.
remote: error: GH006: Protected branch update failed for refs/heads/develop.        
remote: error: Cannot force-push to this branch        
To github.com:mkjost0/gem5-actions.git
 ! [remote rejected]       develop -> develop (protected branch hook declined)
error: failed to push some refs to 'git@github.com:mkjost0/gem5-actions.git'
From https://gem5.googlesource.com/public/gem5
 * branch                  develop    -> FETCH_HEAD
Already up to date.
remote: error: GH006: Protected branch update failed for refs/heads/develop.        
remote: error: Cannot force-push to this branch        
To github.com:mkjost0/gem5-actions.git
 ! [remote rejected]       develop -> develop (protected branch hook declined)
error: failed to push some refs to 'git@github.com:mkjost0/gem5-actions.git'
From https://gem5.googlesource.com/public/gem5
 * branch                  develop    -> FETCH_HEAD
Already up to date.
remote: error: GH006: Protected branch update failed for refs/heads/develop.        
remote: error: Cannot force-push to this branch        
To github.com:mkjost0/gem5-actions.git
 ! [remote rejected]       develop -> develop (protected branch hook declined)
error: failed to push some refs to 'git@github.com:mkjost0/gem5-actions.git'
From https://gem5.googlesource.com/public/gem5
 * branch                  develop    -> FETCH_HEAD
Already up to date.
remote: error: GH006: Protected branch update failed for refs/heads/develop.        
remote: error: Cannot force-push to this branch        
To github.com:mkjost0/gem5-actions.git
 ! [remote rejected]       develop -> develop (protected branch hook declined)
error: failed to push some refs to 'git@github.com:mkjost0/gem5-actions.git'
From https://gem5.googlesource.com/public/gem5
 * branch                  develop    -> FETCH_HEAD
Already up to date.
remote: error: GH006: Protected branch update failed for refs/heads/develop.        
remote: error: Cannot force-push to this branch        
To github.com:mkjost0/gem5-actions.git
 ! [remote rejected]       develop -> develop (protected branch hook declined)
error: failed to push some refs to 'git@github.com:mkjost0/gem5-actions.git'
From https://gem5.googlesource.com/public/gem5
 * branch                  develop    -> FETCH_HEAD
Already up to date.
remote: error: GH006: Protected branch update failed for refs/heads/develop.        
remote: error: Cannot force-push to this branch        
To github.com:mkjost0/gem5-actions.git
 ! [remote rejected]       develop -> develop (protected branch hook declined)
error: failed to push some refs to 'git@github.com:mkjost0/gem5-actions.git'
From https://gem5.googlesource.com/public/gem5
 * branch                  develop    -> FETCH_HEAD
Already up to date.
remote: error: GH006: Protected branch update failed for refs/heads/develop.        
remote: error: Cannot force-push to this branch        
To github.com:mkjost0/gem5-actions.git
 ! [remote rejected]       develop -> develop (protected branch hook declined)
error: failed to push some refs to 'git@github.com:mkjost0/gem5-actions.git'
From https://gem5.googlesource.com/public/gem5
 * branch                  develop    -> FETCH_HEAD
Already up to date.
remote: error: GH006: Protected branch update failed for refs/heads/develop.        
remote: error: Cannot force-push to this branch        
To github.com:mkjost0/gem5-actions.git
 ! [remote rejected]       develop -> develop (protected branch hook declined)
error: failed to push some refs to 'git@github.com:mkjost0/gem5-actions.git'
From https://gem5.googlesource.com/public/gem5
 * branch                  develop    -> FETCH_HEAD
Already up to date.
remote: error: GH006: Protected branch update failed for refs/heads/develop.        
remote: error: Cannot force-push to this branch        
To github.com:mkjost0/gem5-actions.git
 ! [remote rejected]       develop -> develop (protected branch hook declined)
error: failed to push some refs to 'git@github.com:mkjost0/gem5-actions.git'
From https://gem5.googlesource.com/public/gem5
 * branch                  develop    -> FETCH_HEAD
Already up to date.
remote: error: GH006: Protected branch update failed for refs/heads/develop.        
remote: error: Cannot force-push to this branch        
To github.com:mkjost0/gem5-actions.git
 ! [remote rejected]       develop -> develop (protected branch hook declined)
error: failed to push some refs to 'git@github.com:mkjost0/gem5-actions.git'
From https://gem5.googlesource.com/public/gem5
 * branch                  develop    -> FETCH_HEAD
Already up to date.
remote: error: GH006: Protected branch update failed for refs/heads/develop.        
remote: error: Cannot force-push to this branch        
To github.com:mkjost0/gem5-actions.git
 ! [remote rejected]       develop -> develop (protected branch hook declined)
error: failed to push some refs to 'git@github.com:mkjost0/gem5-actions.git'
From https://gem5.googlesource.com/public/gem5
 * branch                  develop    -> FETCH_HEAD
Already up to date.
remote: error: GH006: Protected branch update failed for refs/heads/develop.        
remote: error: Cannot force-push to this branch        
To github.com:mkjost0/gem5-actions.git
 ! [remote rejected]       develop -> develop (protected branch hook declined)
error: failed to push some refs to 'git@github.com:mkjost0/gem5-actions.git'
From https://gem5.googlesource.com/public/gem5
 * branch                  develop    -> FETCH_HEAD
Already up to date.
remote: error: GH006: Protected branch update failed for refs/heads/develop.        
remote: error: Cannot force-push to this branch        
To github.com:mkjost0/gem5-actions.git
 ! [remote rejected]       develop -> develop (protected branch hook declined)
error: failed to push some refs to 'git@github.com:mkjost0/gem5-actions.git'
From https://gem5.googlesource.com/public/gem5
 * branch                  develop    -> FETCH_HEAD
Already up to date.
remote: error: GH006: Protected branch update failed for refs/heads/develop.        
remote: error: Cannot force-push to this branch        
To github.com:mkjost0/gem5-actions.git
 ! [remote rejected]       develop -> develop (protected branch hook declined)
error: failed to push some refs to 'git@github.com:mkjost0/gem5-actions.git'
From https://gem5.googlesource.com/public/gem5
 * branch                  develop    -> FETCH_HEAD
Already up to date.
remote: error: GH006: Protected branch update failed for refs/heads/develop.        
remote: error: Cannot force-push to this branch        
To github.com:mkjost0/gem5-actions.git
 ! [remote rejected]       develop -> develop (protected branch hook declined)
error: failed to push some refs to 'git@github.com:mkjost0/gem5-actions.git'
From https://gem5.googlesource.com/public/gem5
 * branch                  develop    -> FETCH_HEAD
Already up to date.
remote: error: GH006: Protected branch update failed for refs/heads/develop.        
remote: error: Cannot force-push to this branch        
To github.com:mkjost0/gem5-actions.git
 ! [remote rejected]       develop -> develop (protected branch hook declined)
error: failed to push some refs to 'git@github.com:mkjost0/gem5-actions.git'
From https://gem5.googlesource.com/public/gem5
 * branch                  develop    -> FETCH_HEAD
Already up to date.
remote: error: GH006: Protected branch update failed for refs/heads/develop.        
remote: error: Cannot force-push to this branch        
To github.com:mkjost0/gem5-actions.git
 ! [remote rejected]       develop -> develop (protected branch hook declined)
error: failed to push some refs to 'git@github.com:mkjost0/gem5-actions.git'
From https://gem5.googlesource.com/public/gem5
 * branch                  develop    -> FETCH_HEAD
Already up to date.
remote: error: GH006: Protected branch update failed for refs/heads/develop.        
remote: error: Cannot force-push to this branch        
To github.com:mkjost0/gem5-actions.git
 ! [remote rejected]       develop -> develop (protected branch hook declined)
error: failed to push some refs to 'git@github.com:mkjost0/gem5-actions.git'
From https://gem5.googlesource.com/public/gem5
 * branch                  develop    -> FETCH_HEAD
Already up to date.
remote: error: GH006: Protected branch update failed for refs/heads/develop.        
remote: error: Cannot force-push to this branch        
To github.com:mkjost0/gem5-actions.git
 ! [remote rejected]       develop -> develop (protected branch hook declined)
error: failed to push some refs to 'git@github.com:mkjost0/gem5-actions.git'
From https://gem5.googlesource.com/public/gem5
 * branch                  develop    -> FETCH_HEAD
Already up to date.
remote: error: GH006: Protected branch update failed for refs/heads/develop.        
remote: error: Cannot force-push to this branch        
To github.com:mkjost0/gem5-actions.git
 ! [remote rejected]       develop -> develop (protected branch hook declined)
error: failed to push some refs to 'git@github.com:mkjost0/gem5-actions.git'
From https://gem5.googlesource.com/public/gem5
 * branch                  develop    -> FETCH_HEAD
Already up to date.
remote: error: GH006: Protected branch update failed for refs/heads/develop.        
remote: error: Cannot force-push to this branch        
To github.com:mkjost0/gem5-actions.git
 ! [remote rejected]       develop -> develop (protected branch hook declined)
error: failed to push some refs to 'git@github.com:mkjost0/gem5-actions.git'
From https://gem5.googlesource.com/public/gem5
 * branch                  develop    -> FETCH_HEAD
Already up to date.
remote: error: GH006: Protected branch update failed for refs/heads/develop.        
remote: error: Cannot force-push to this branch        
To github.com:mkjost0/gem5-actions.git
 ! [remote rejected]       develop -> develop (protected branch hook declined)
error: failed to push some refs to 'git@github.com:mkjost0/gem5-actions.git'
From https://gem5.googlesource.com/public/gem5
 * branch                  develop    -> FETCH_HEAD
Already up to date.
remote: error: GH006: Protected branch update failed for refs/heads/develop.        
remote: error: Cannot force-push to this branch        
To github.com:mkjost0/gem5-actions.git
 ! [remote rejected]       develop -> develop (protected branch hook declined)
error: failed to push some refs to 'git@github.com:mkjost0/gem5-actions.git'
From https://gem5.googlesource.com/public/gem5
 * branch                  develop    -> FETCH_HEAD
Already up to date.
remote: error: GH006: Protected branch update failed for refs/heads/develop.        
remote: error: Cannot force-push to this branch        
To github.com:mkjost0/gem5-actions.git
 ! [remote rejected]       develop -> develop (protected branch hook declined)
error: failed to push some refs to 'git@github.com:mkjost0/gem5-actions.git'
From https://gem5.googlesource.com/public/gem5
 * branch                  develop    -> FETCH_HEAD
Already up to date.
remote: error: GH006: Protected branch update failed for refs/heads/develop.        
remote: error: Cannot force-push to this branch        
To github.com:mkjost0/gem5-actions.git
 ! [remote rejected]       develop -> develop (protected branch hook declined)
error: failed to push some refs to 'git@github.com:mkjost0/gem5-actions.git'
From https://gem5.googlesource.com/public/gem5
 * branch                  develop    -> FETCH_HEAD
Already up to date.
remote: error: GH006: Protected branch update failed for refs/heads/develop.        
remote: error: Cannot force-push to this branch        
To github.com:mkjost0/gem5-actions.git
 ! [remote rejected]       develop -> develop (protected branch hook declined)
error: failed to push some refs to 'git@github.com:mkjost0/gem5-actions.git'
From https://gem5.googlesource.com/public/gem5
 * branch                  develop    -> FETCH_HEAD
Already up to date.
remote: error: GH006: Protected branch update failed for refs/heads/develop.        
remote: error: Cannot force-push to this branch        
To github.com:mkjost0/gem5-actions.git
 ! [remote rejected]       develop -> develop (protected branch hook declined)
error: failed to push some refs to 'git@github.com:mkjost0/gem5-actions.git'
From https://gem5.googlesource.com/public/gem5
 * branch                  develop    -> FETCH_HEAD
Already up to date.
remote: error: GH006: Protected branch update failed for refs/heads/develop.        
remote: error: Cannot force-push to this branch        
To github.com:mkjost0/gem5-actions.git
 ! [remote rejected]       develop -> develop (protected branch hook declined)
error: failed to push some refs to 'git@github.com:mkjost0/gem5-actions.git'
From https://gem5.googlesource.com/public/gem5
 * branch                  develop    -> FETCH_HEAD
Already up to date.
remote: error: GH006: Protected branch update failed for refs/heads/develop.        
remote: error: Cannot force-push to this branch        
To github.com:mkjost0/gem5-actions.git
 ! [remote rejected]       develop -> develop (protected branch hook declined)
error: failed to push some refs to 'git@github.com:mkjost0/gem5-actions.git'
From https://gem5.googlesource.com/public/gem5
 * branch                  develop    -> FETCH_HEAD
Already up to date.
remote: error: GH006: Protected branch update failed for refs/heads/develop.        
remote: error: Cannot force-push to this branch        
To github.com:mkjost0/gem5-actions.git
 ! [remote rejected]       develop -> develop (protected branch hook declined)
error: failed to push some refs to 'git@github.com:mkjost0/gem5-actions.git'
From https://gem5.googlesource.com/public/gem5
 * branch                  develop    -> FETCH_HEAD
Already up to date.
remote: error: GH006: Protected branch update failed for refs/heads/develop.        
remote: error: Cannot force-push to this branch        
To github.com:mkjost0/gem5-actions.git
 ! [remote rejected]       develop -> develop (protected branch hook declined)
error: failed to push some refs to 'git@github.com:mkjost0/gem5-actions.git'
From https://gem5.googlesource.com/public/gem5
 * branch                  develop    -> FETCH_HEAD
Already up to date.
remote: error: GH006: Protected branch update failed for refs/heads/develop.        
remote: error: Cannot force-push to this branch        
To github.com:mkjost0/gem5-actions.git
 ! [remote rejected]       develop -> develop (protected branch hook declined)
error: failed to push some refs to 'git@github.com:mkjost0/gem5-actions.git'
From https://gem5.googlesource.com/public/gem5
 * branch                  develop    -> FETCH_HEAD
Already up to date.
remote: error: GH006: Protected branch update failed for refs/heads/develop.        
remote: error: Cannot force-push to this branch        
To github.com:mkjost0/gem5-actions.git
 ! [remote rejected]       develop -> develop (protected branch hook declined)
error: failed to push some refs to 'git@github.com:mkjost0/gem5-actions.git'
From https://gem5.googlesource.com/public/gem5
 * branch                  develop    -> FETCH_HEAD
Already up to date.
remote: error: GH006: Protected branch update failed for refs/heads/develop.        
remote: error: Cannot force-push to this branch        
To github.com:mkjost0/gem5-actions.git
 ! [remote rejected]       develop -> develop (protected branch hook declined)
error: failed to push some refs to 'git@github.com:mkjost0/gem5-actions.git'
From https://gem5.googlesource.com/public/gem5
 * branch                  develop    -> FETCH_HEAD
Already up to date.
remote: error: GH006: Protected branch update failed for refs/heads/develop.        
remote: error: Cannot force-push to this branch        
To github.com:mkjost0/gem5-actions.git
 ! [remote rejected]       develop -> develop (protected branch hook declined)
error: failed to push some refs to 'git@github.com:mkjost0/gem5-actions.git'
From https://gem5.googlesource.com/public/gem5
 * branch                  develop    -> FETCH_HEAD
Already up to date.
remote: error: GH006: Protected branch update failed for refs/heads/develop.        
remote: error: Cannot force-push to this branch        
To github.com:mkjost0/gem5-actions.git
 ! [remote rejected]       develop -> develop (protected branch hook declined)
error: failed to push some refs to 'git@github.com:mkjost0/gem5-actions.git'
From https://gem5.googlesource.com/public/gem5
 * branch                  develop    -> FETCH_HEAD
Already up to date.
remote: error: GH006: Protected branch update failed for refs/heads/develop.        
remote: error: Cannot force-push to this branch        
To github.com:mkjost0/gem5-actions.git
 ! [remote rejected]       develop -> develop (protected branch hook declined)
error: failed to push some refs to 'git@github.com:mkjost0/gem5-actions.git'
From https://gem5.googlesource.com/public/gem5
 * branch                  develop    -> FETCH_HEAD
Already up to date.
remote: error: GH006: Protected branch update failed for refs/heads/develop.        
remote: error: Cannot force-push to this branch        
To github.com:mkjost0/gem5-actions.git
 ! [remote rejected]       develop -> develop (protected branch hook declined)
error: failed to push some refs to 'git@github.com:mkjost0/gem5-actions.git'
From https://gem5.googlesource.com/public/gem5
 * branch                  develop    -> FETCH_HEAD
Already up to date.
remote: error: GH006: Protected branch update failed for refs/heads/develop.        
remote: error: Cannot force-push to this branch        
To github.com:mkjost0/gem5-actions.git
 ! [remote rejected]       develop -> develop (protected branch hook declined)
error: failed to push some refs to 'git@github.com:mkjost0/gem5-actions.git'
From https://gem5.googlesource.com/public/gem5
 * branch                  develop    -> FETCH_HEAD
Already up to date.
remote: error: GH006: Protected branch update failed for refs/heads/develop.        
remote: error: Cannot force-push to this branch        
To github.com:mkjost0/gem5-actions.git
 ! [remote rejected]       develop -> develop (protected branch hook declined)
error: failed to push some refs to 'git@github.com:mkjost0/gem5-actions.git'
From https://gem5.googlesource.com/public/gem5
 * branch                  develop    -> FETCH_HEAD
Already up to date.
remote: error: GH006: Protected branch update failed for refs/heads/develop.        
remote: error: Cannot force-push to this branch        
To github.com:mkjost0/gem5-actions.git
 ! [remote rejected]       develop -> develop (protected branch hook declined)
error: failed to push some refs to 'git@github.com:mkjost0/gem5-actions.git'
From https://gem5.googlesource.com/public/gem5
 * branch                  develop    -> FETCH_HEAD
Already up to date.
remote: error: GH006: Protected branch update failed for refs/heads/develop.        
remote: error: Cannot force-push to this branch        
To github.com:mkjost0/gem5-actions.git
 ! [remote rejected]       develop -> develop (protected branch hook declined)
error: failed to push some refs to 'git@github.com:mkjost0/gem5-actions.git'
From https://gem5.googlesource.com/public/gem5
 * branch                  develop    -> FETCH_HEAD
Already up to date.
remote: error: GH006: Protected branch update failed for refs/heads/develop.        
remote: error: Cannot force-push to this branch        
To github.com:mkjost0/gem5-actions.git
 ! [remote rejected]       develop -> develop (protected branch hook declined)
error: failed to push some refs to 'git@github.com:mkjost0/gem5-actions.git'
From https://gem5.googlesource.com/public/gem5
 * branch                  develop    -> FETCH_HEAD
Already up to date.
remote: error: GH006: Protected branch update failed for refs/heads/develop.        
remote: error: Cannot force-push to this branch        
To github.com:mkjost0/gem5-actions.git
 ! [remote rejected]       develop -> develop (protected branch hook declined)
error: failed to push some refs to 'git@github.com:mkjost0/gem5-actions.git'
From https://gem5.googlesource.com/public/gem5
 * branch                  develop    -> FETCH_HEAD
Already up to date.
remote: error: GH006: Protected branch update failed for refs/heads/develop.        
remote: error: Cannot force-push to this branch        
To github.com:mkjost0/gem5-actions.git
 ! [remote rejected]       develop -> develop (protected branch hook declined)
error: failed to push some refs to 'git@github.com:mkjost0/gem5-actions.git'
From https://gem5.googlesource.com/public/gem5
 * branch                  develop    -> FETCH_HEAD
Already up to date.
remote: error: GH006: Protected branch update failed for refs/heads/develop.        
remote: error: Cannot force-push to this branch        
To github.com:mkjost0/gem5-actions.git
 ! [remote rejected]       develop -> develop (protected branch hook declined)
error: failed to push some refs to 'git@github.com:mkjost0/gem5-actions.git'
From https://gem5.googlesource.com/public/gem5
 * branch                  develop    -> FETCH_HEAD
Already up to date.
remote: error: GH006: Protected branch update failed for refs/heads/develop.        
remote: error: Cannot force-push to this branch        
To github.com:mkjost0/gem5-actions.git
 ! [remote rejected]       develop -> develop (protected branch hook declined)
error: failed to push some refs to 'git@github.com:mkjost0/gem5-actions.git'
From https://gem5.googlesource.com/public/gem5
 * branch                  develop    -> FETCH_HEAD
Already up to date.
remote: error: GH006: Protected branch update failed for refs/heads/develop.        
remote: error: Cannot force-push to this branch        
To github.com:mkjost0/gem5-actions.git
 ! [remote rejected]       develop -> develop (protected branch hook declined)
error: failed to push some refs to 'git@github.com:mkjost0/gem5-actions.git'
From https://gem5.googlesource.com/public/gem5
 * branch                  develop    -> FETCH_HEAD
Already up to date.
remote: error: GH006: Protected branch update failed for refs/heads/develop.        
remote: error: Cannot force-push to this branch        
To github.com:mkjost0/gem5-actions.git
 ! [remote rejected]       develop -> develop (protected branch hook declined)
error: failed to push some refs to 'git@github.com:mkjost0/gem5-actions.git'
From https://gem5.googlesource.com/public/gem5
 * branch                  develop    -> FETCH_HEAD
Already up to date.
remote: error: GH006: Protected branch update failed for refs/heads/develop.        
remote: error: Cannot force-push to this branch        
To github.com:mkjost0/gem5-actions.git
 ! [remote rejected]       develop -> develop (protected branch hook declined)
error: failed to push some refs to 'git@github.com:mkjost0/gem5-actions.git'
From https://gem5.googlesource.com/public/gem5
 * branch                  develop    -> FETCH_HEAD
Already up to date.
remote: error: GH006: Protected branch update failed for refs/heads/develop.        
remote: error: Cannot force-push to this branch        
To github.com:mkjost0/gem5-actions.git
 ! [remote rejected]       develop -> develop (protected branch hook declined)
error: failed to push some refs to 'git@github.com:mkjost0/gem5-actions.git'
From https://gem5.googlesource.com/public/gem5
 * branch                  develop    -> FETCH_HEAD
Already up to date.
remote: error: GH006: Protected branch update failed for refs/heads/develop.        
remote: error: Cannot force-push to this branch        
To github.com:mkjost0/gem5-actions.git
 ! [remote rejected]       develop -> develop (protected branch hook declined)
error: failed to push some refs to 'git@github.com:mkjost0/gem5-actions.git'
From https://gem5.googlesource.com/public/gem5
 * branch                  develop    -> FETCH_HEAD
Already up to date.
remote: error: GH006: Protected branch update failed for refs/heads/develop.        
remote: error: Cannot force-push to this branch        
To github.com:mkjost0/gem5-actions.git
 ! [remote rejected]       develop -> develop (protected branch hook declined)
error: failed to push some refs to 'git@github.com:mkjost0/gem5-actions.git'
From https://gem5.googlesource.com/public/gem5
 * branch                  develop    -> FETCH_HEAD
Already up to date.
remote: error: GH006: Protected branch update failed for refs/heads/develop.        
remote: error: Cannot force-push to this branch        
To github.com:mkjost0/gem5-actions.git
 ! [remote rejected]       develop -> develop (protected branch hook declined)
error: failed to push some refs to 'git@github.com:mkjost0/gem5-actions.git'
From https://gem5.googlesource.com/public/gem5
 * branch                  develop    -> FETCH_HEAD
Already up to date.
remote: error: GH006: Protected branch update failed for refs/heads/develop.        
remote: error: Cannot force-push to this branch        
To github.com:mkjost0/gem5-actions.git
 ! [remote rejected]       develop -> develop (protected branch hook declined)
error: failed to push some refs to 'git@github.com:mkjost0/gem5-actions.git'
From https://gem5.googlesource.com/public/gem5
 * branch                  develop    -> FETCH_HEAD
Already up to date.
remote: error: GH006: Protected branch update failed for refs/heads/develop.        
remote: error: Cannot force-push to this branch        
To github.com:mkjost0/gem5-actions.git
 ! [remote rejected]       develop -> develop (protected branch hook declined)
error: failed to push some refs to 'git@github.com:mkjost0/gem5-actions.git'
From https://gem5.googlesource.com/public/gem5
 * branch                  develop    -> FETCH_HEAD
Already up to date.
remote: error: GH006: Protected branch update failed for refs/heads/develop.        
remote: error: Cannot force-push to this branch        
To github.com:mkjost0/gem5-actions.git
 ! [remote rejected]       develop -> develop (protected branch hook declined)
error: failed to push some refs to 'git@github.com:mkjost0/gem5-actions.git'
From https://gem5.googlesource.com/public/gem5
 * branch                  develop    -> FETCH_HEAD
Already up to date.
remote: error: GH006: Protected branch update failed for refs/heads/develop.        
remote: error: Cannot force-push to this branch        
To github.com:mkjost0/gem5-actions.git
 ! [remote rejected]       develop -> develop (protected branch hook declined)
error: failed to push some refs to 'git@github.com:mkjost0/gem5-actions.git'
From https://gem5.googlesource.com/public/gem5
 * branch                  develop    -> FETCH_HEAD
Already up to date.
remote: error: GH006: Protected branch update failed for refs/heads/develop.        
remote: error: Cannot force-push to this branch        
To github.com:mkjost0/gem5-actions.git
 ! [remote rejected]       develop -> develop (protected branch hook declined)
error: failed to push some refs to 'git@github.com:mkjost0/gem5-actions.git'
From https://gem5.googlesource.com/public/gem5
 * branch                  develop    -> FETCH_HEAD
Already up to date.
remote: error: GH006: Protected branch update failed for refs/heads/develop.        
remote: error: Cannot force-push to this branch        
To github.com:mkjost0/gem5-actions.git
 ! [remote rejected]       develop -> develop (protected branch hook declined)
error: failed to push some refs to 'git@github.com:mkjost0/gem5-actions.git'
From https://gem5.googlesource.com/public/gem5
 * branch                  develop    -> FETCH_HEAD
Already up to date.
remote: error: GH006: Protected branch update failed for refs/heads/develop.        
remote: error: Cannot force-push to this branch        
To github.com:mkjost0/gem5-actions.git
 ! [remote rejected]       develop -> develop (protected branch hook declined)
error: failed to push some refs to 'git@github.com:mkjost0/gem5-actions.git'
From https://gem5.googlesource.com/public/gem5
 * branch                  develop    -> FETCH_HEAD
Already up to date.
remote: error: GH006: Protected branch update failed for refs/heads/develop.        
remote: error: Cannot force-push to this branch        
To github.com:mkjost0/gem5-actions.git
 ! [remote rejected]       develop -> develop (protected branch hook declined)
error: failed to push some refs to 'git@github.com:mkjost0/gem5-actions.git'
From https://gem5.googlesource.com/public/gem5
 * branch                  develop    -> FETCH_HEAD
Already up to date.
remote: error: GH006: Protected branch update failed for refs/heads/develop.        
remote: error: Cannot force-push to this branch        
To github.com:mkjost0/gem5-actions.git
 ! [remote rejected]       develop -> develop (protected branch hook declined)
error: failed to push some refs to 'git@github.com:mkjost0/gem5-actions.git'
From https://gem5.googlesource.com/public/gem5
 * branch                  develop    -> FETCH_HEAD
Already up to date.
remote: error: GH006: Protected branch update failed for refs/heads/develop.        
remote: error: Cannot force-push to this branch        
To github.com:mkjost0/gem5-actions.git
 ! [remote rejected]       develop -> develop (protected branch hook declined)
error: failed to push some refs to 'git@github.com:mkjost0/gem5-actions.git'
From https://gem5.googlesource.com/public/gem5
 * branch                  develop    -> FETCH_HEAD
Already up to date.
remote: error: GH006: Protected branch update failed for refs/heads/develop.        
remote: error: Cannot force-push to this branch        
To github.com:mkjost0/gem5-actions.git
 ! [remote rejected]       develop -> develop (protected branch hook declined)
error: failed to push some refs to 'git@github.com:mkjost0/gem5-actions.git'
From https://gem5.googlesource.com/public/gem5
 * branch                  develop    -> FETCH_HEAD
Already up to date.
remote: error: GH006: Protected branch update failed for refs/heads/develop.        
remote: error: Cannot force-push to this branch        
To github.com:mkjost0/gem5-actions.git
 ! [remote rejected]       develop -> develop (protected branch hook declined)
error: failed to push some refs to 'git@github.com:mkjost0/gem5-actions.git'
From https://gem5.googlesource.com/public/gem5
 * branch                  develop    -> FETCH_HEAD
Already up to date.
remote: error: GH006: Protected branch update failed for refs/heads/develop.        
remote: error: Cannot force-push to this branch        
To github.com:mkjost0/gem5-actions.git
 ! [remote rejected]       develop -> develop (protected branch hook declined)
error: failed to push some refs to 'git@github.com:mkjost0/gem5-actions.git'
From https://gem5.googlesource.com/public/gem5
 * branch                  develop    -> FETCH_HEAD
Already up to date.
remote: error: GH006: Protected branch update failed for refs/heads/develop.        
remote: error: Cannot force-push to this branch        
To github.com:mkjost0/gem5-actions.git
 ! [remote rejected]       develop -> develop (protected branch hook declined)
error: failed to push some refs to 'git@github.com:mkjost0/gem5-actions.git'
From https://gem5.googlesource.com/public/gem5
 * branch                  develop    -> FETCH_HEAD
Already up to date.
remote: error: GH006: Protected branch update failed for refs/heads/develop.        
remote: error: Cannot force-push to this branch        
To github.com:mkjost0/gem5-actions.git
 ! [remote rejected]       develop -> develop (protected branch hook declined)
error: failed to push some refs to 'git@github.com:mkjost0/gem5-actions.git'
From https://gem5.googlesource.com/public/gem5
 * branch                  develop    -> FETCH_HEAD
Already up to date.
remote: error: GH006: Protected branch update failed for refs/heads/develop.        
remote: error: Cannot force-push to this branch        
To github.com:mkjost0/gem5-actions.git
 ! [remote rejected]       develop -> develop (protected branch hook declined)
error: failed to push some refs to 'git@github.com:mkjost0/gem5-actions.git'
From https://gem5.googlesource.com/public/gem5
 * branch                  develop    -> FETCH_HEAD
Already up to date.
remote: error: GH006: Protected branch update failed for refs/heads/develop.        
remote: error: Cannot force-push to this branch        
To github.com:mkjost0/gem5-actions.git
 ! [remote rejected]       develop -> develop (protected branch hook declined)
error: failed to push some refs to 'git@github.com:mkjost0/gem5-actions.git'
From https://gem5.googlesource.com/public/gem5
 * branch                  develop    -> FETCH_HEAD
Already up to date.
remote: error: GH006: Protected branch update failed for refs/heads/develop.        
remote: error: Cannot force-push to this branch        
To github.com:mkjost0/gem5-actions.git
 ! [remote rejected]       develop -> develop (protected branch hook declined)
error: failed to push some refs to 'git@github.com:mkjost0/gem5-actions.git'
From https://gem5.googlesource.com/public/gem5
 * branch                  develop    -> FETCH_HEAD
Already up to date.
remote: error: GH006: Protected branch update failed for refs/heads/develop.        
remote: error: Cannot force-push to this branch        
To github.com:mkjost0/gem5-actions.git
 ! [remote rejected]       develop -> develop (protected branch hook declined)
error: failed to push some refs to 'git@github.com:mkjost0/gem5-actions.git'
From https://gem5.googlesource.com/public/gem5
 * branch                  develop    -> FETCH_HEAD
Already up to date.
remote: error: GH006: Protected branch update failed for refs/heads/develop.        
remote: error: Cannot force-push to this branch        
To github.com:mkjost0/gem5-actions.git
 ! [remote rejected]       develop -> develop (protected branch hook declined)
error: failed to push some refs to 'git@github.com:mkjost0/gem5-actions.git'
From https://gem5.googlesource.com/public/gem5
 * branch                  develop    -> FETCH_HEAD
Already up to date.
remote: error: GH006: Protected branch update failed for refs/heads/develop.        
remote: error: Cannot force-push to this branch        
To github.com:mkjost0/gem5-actions.git
 ! [remote rejected]       develop -> develop (protected branch hook declined)
error: failed to push some refs to 'git@github.com:mkjost0/gem5-actions.git'
From https://gem5.googlesource.com/public/gem5
 * branch                  develop    -> FETCH_HEAD
Already up to date.
remote: error: GH006: Protected branch update failed for refs/heads/develop.        
remote: error: Cannot force-push to this branch        
To github.com:mkjost0/gem5-actions.git
 ! [remote rejected]       develop -> develop (protected branch hook declined)
error: failed to push some refs to 'git@github.com:mkjost0/gem5-actions.git'
From https://gem5.googlesource.com/public/gem5
 * branch                  develop    -> FETCH_HEAD
Already up to date.
remote: error: GH006: Protected branch update failed for refs/heads/develop.        
remote: error: Cannot force-push to this branch        
To github.com:mkjost0/gem5-actions.git
 ! [remote rejected]       develop -> develop (protected branch hook declined)
error: failed to push some refs to 'git@github.com:mkjost0/gem5-actions.git'
From https://gem5.googlesource.com/public/gem5
 * branch                  develop    -> FETCH_HEAD
Already up to date.
remote: error: GH006: Protected branch update failed for refs/heads/develop.        
remote: error: Cannot force-push to this branch        
To github.com:mkjost0/gem5-actions.git
 ! [remote rejected]       develop -> develop (protected branch hook declined)
error: failed to push some refs to 'git@github.com:mkjost0/gem5-actions.git'
From https://gem5.googlesource.com/public/gem5
 * branch                  develop    -> FETCH_HEAD
Already up to date.
remote: error: GH006: Protected branch update failed for refs/heads/develop.        
remote: error: Cannot force-push to this branch        
To github.com:mkjost0/gem5-actions.git
 ! [remote rejected]       develop -> develop (protected branch hook declined)
error: failed to push some refs to 'git@github.com:mkjost0/gem5-actions.git'
From https://gem5.googlesource.com/public/gem5
 * branch                  develop    -> FETCH_HEAD
Already up to date.
remote: error: GH006: Protected branch update failed for refs/heads/develop.        
remote: error: Cannot force-push to this branch        
To github.com:mkjost0/gem5-actions.git
 ! [remote rejected]       develop -> develop (protected branch hook declined)
error: failed to push some refs to 'git@github.com:mkjost0/gem5-actions.git'
From https://gem5.googlesource.com/public/gem5
 * branch                  develop    -> FETCH_HEAD
Already up to date.
remote: error: GH006: Protected branch update failed for refs/heads/develop.        
remote: error: Cannot force-push to this branch        
To github.com:mkjost0/gem5-actions.git
 ! [remote rejected]       develop -> develop (protected branch hook declined)
error: failed to push some refs to 'git@github.com:mkjost0/gem5-actions.git'
From https://gem5.googlesource.com/public/gem5
 * branch                  develop    -> FETCH_HEAD
Already up to date.
remote: error: GH006: Protected branch update failed for refs/heads/develop.        
remote: error: Cannot force-push to this branch        
To github.com:mkjost0/gem5-actions.git
 ! [remote rejected]       develop -> develop (protected branch hook declined)
error: failed to push some refs to 'git@github.com:mkjost0/gem5-actions.git'
From https://gem5.googlesource.com/public/gem5
 * branch                  develop    -> FETCH_HEAD
Already up to date.
remote: error: GH006: Protected branch update failed for refs/heads/develop.        
remote: error: Cannot force-push to this branch        
To github.com:mkjost0/gem5-actions.git
 ! [remote rejected]       develop -> develop (protected branch hook declined)
error: failed to push some refs to 'git@github.com:mkjost0/gem5-actions.git'
From https://gem5.googlesource.com/public/gem5
 * branch                  develop    -> FETCH_HEAD
Already up to date.
remote: error: GH006: Protected branch update failed for refs/heads/develop.        
remote: error: Cannot force-push to this branch        
To github.com:mkjost0/gem5-actions.git
 ! [remote rejected]       develop -> develop (protected branch hook declined)
error: failed to push some refs to 'git@github.com:mkjost0/gem5-actions.git'
From https://gem5.googlesource.com/public/gem5
 * branch                  develop    -> FETCH_HEAD
Already up to date.
remote: error: GH006: Protected branch update failed for refs/heads/develop.        
remote: error: Cannot force-push to this branch        
To github.com:mkjost0/gem5-actions.git
 ! [remote rejected]       develop -> develop (protected branch hook declined)
error: failed to push some refs to 'git@github.com:mkjost0/gem5-actions.git'
From https://gem5.googlesource.com/public/gem5
 * branch                  develop    -> FETCH_HEAD
Already up to date.
remote: error: GH006: Protected branch update failed for refs/heads/develop.        
remote: error: Cannot force-push to this branch        
To github.com:mkjost0/gem5-actions.git
 ! [remote rejected]       develop -> develop (protected branch hook declined)
error: failed to push some refs to 'git@github.com:mkjost0/gem5-actions.git'
From https://gem5.googlesource.com/public/gem5
 * branch                  develop    -> FETCH_HEAD
Already up to date.
remote: error: GH006: Protected branch update failed for refs/heads/develop.        
remote: error: Cannot force-push to this branch        
To github.com:mkjost0/gem5-actions.git
 ! [remote rejected]       develop -> develop (protected branch hook declined)
error: failed to push some refs to 'git@github.com:mkjost0/gem5-actions.git'
From https://gem5.googlesource.com/public/gem5
 * branch                  develop    -> FETCH_HEAD
Already up to date.
remote: error: GH006: Protected branch update failed for refs/heads/develop.        
remote: error: Cannot force-push to this branch        
To github.com:mkjost0/gem5-actions.git
 ! [remote rejected]       develop -> develop (protected branch hook declined)
error: failed to push some refs to 'git@github.com:mkjost0/gem5-actions.git'
From https://gem5.googlesource.com/public/gem5
 * branch                  develop    -> FETCH_HEAD
Already up to date.
remote: error: GH006: Protected branch update failed for refs/heads/develop.        
remote: error: Cannot force-push to this branch        
To github.com:mkjost0/gem5-actions.git
 ! [remote rejected]       develop -> develop (protected branch hook declined)
error: failed to push some refs to 'git@github.com:mkjost0/gem5-actions.git'
From https://gem5.googlesource.com/public/gem5
 * branch                  develop    -> FETCH_HEAD
Already up to date.
remote: error: GH006: Protected branch update failed for refs/heads/develop.        
remote: error: Cannot force-push to this branch        
To github.com:mkjost0/gem5-actions.git
 ! [remote rejected]       develop -> develop (protected branch hook declined)
error: failed to push some refs to 'git@github.com:mkjost0/gem5-actions.git'
From https://gem5.googlesource.com/public/gem5
 * branch                  develop    -> FETCH_HEAD
Already up to date.
remote: error: GH006: Protected branch update failed for refs/heads/develop.        
remote: error: Cannot force-push to this branch        
To github.com:mkjost0/gem5-actions.git
 ! [remote rejected]       develop -> develop (protected branch hook declined)
error: failed to push some refs to 'git@github.com:mkjost0/gem5-actions.git'
From https://gem5.googlesource.com/public/gem5
 * branch                  develop    -> FETCH_HEAD
Already up to date.
remote: error: GH006: Protected branch update failed for refs/heads/develop.        
remote: error: Cannot force-push to this branch        
To github.com:mkjost0/gem5-actions.git
 ! [remote rejected]       develop -> develop (protected branch hook declined)
error: failed to push some refs to 'git@github.com:mkjost0/gem5-actions.git'
From https://gem5.googlesource.com/public/gem5
 * branch                  develop    -> FETCH_HEAD
Already up to date.
remote: error: GH006: Protected branch update failed for refs/heads/develop.        
remote: error: Cannot force-push to this branch        
To github.com:mkjost0/gem5-actions.git
 ! [remote rejected]       develop -> develop (protected branch hook declined)
error: failed to push some refs to 'git@github.com:mkjost0/gem5-actions.git'
From https://gem5.googlesource.com/public/gem5
 * branch                  develop    -> FETCH_HEAD
Already up to date.
remote: error: GH006: Protected branch update failed for refs/heads/develop.        
remote: error: Cannot force-push to this branch        
To github.com:mkjost0/gem5-actions.git
 ! [remote rejected]       develop -> develop (protected branch hook declined)
error: failed to push some refs to 'git@github.com:mkjost0/gem5-actions.git'
From https://gem5.googlesource.com/public/gem5
 * branch                  develop    -> FETCH_HEAD
Already up to date.
remote: error: GH006: Protected branch update failed for refs/heads/develop.        
remote: error: Cannot force-push to this branch        
To github.com:mkjost0/gem5-actions.git
 ! [remote rejected]       develop -> develop (protected branch hook declined)
error: failed to push some refs to 'git@github.com:mkjost0/gem5-actions.git'
From https://gem5.googlesource.com/public/gem5
 * branch                  develop    -> FETCH_HEAD
Already up to date.
remote: error: GH006: Protected branch update failed for refs/heads/develop.        
remote: error: Cannot force-push to this branch        
To github.com:mkjost0/gem5-actions.git
 ! [remote rejected]       develop -> develop (protected branch hook declined)
error: failed to push some refs to 'git@github.com:mkjost0/gem5-actions.git'
From https://gem5.googlesource.com/public/gem5
 * branch                  develop    -> FETCH_HEAD
Already up to date.
remote: error: GH006: Protected branch update failed for refs/heads/develop.        
remote: error: Cannot force-push to this branch        
To github.com:mkjost0/gem5-actions.git
 ! [remote rejected]       develop -> develop (protected branch hook declined)
error: failed to push some refs to 'git@github.com:mkjost0/gem5-actions.git'
From https://gem5.googlesource.com/public/gem5
 * branch                  develop    -> FETCH_HEAD
Already up to date.
remote: error: GH006: Protected branch update failed for refs/heads/develop.        
remote: error: Cannot force-push to this branch        
To github.com:mkjost0/gem5-actions.git
 ! [remote rejected]       develop -> develop (protected branch hook declined)
error: failed to push some refs to 'git@github.com:mkjost0/gem5-actions.git'
From https://gem5.googlesource.com/public/gem5
 * branch                  develop    -> FETCH_HEAD
Already up to date.
remote: error: GH006: Protected branch update failed for refs/heads/develop.        
remote: error: Cannot force-push to this branch        
To github.com:mkjost0/gem5-actions.git
 ! [remote rejected]       develop -> develop (protected branch hook declined)
error: failed to push some refs to 'git@github.com:mkjost0/gem5-actions.git'
From https://gem5.googlesource.com/public/gem5
 * branch                  develop    -> FETCH_HEAD
Already up to date.
remote: error: GH006: Protected branch update failed for refs/heads/develop.        
remote: error: Cannot force-push to this branch        
To github.com:mkjost0/gem5-actions.git
 ! [remote rejected]       develop -> develop (protected branch hook declined)
error: failed to push some refs to 'git@github.com:mkjost0/gem5-actions.git'
From https://gem5.googlesource.com/public/gem5
 * branch                  develop    -> FETCH_HEAD
Already up to date.
remote: error: GH006: Protected branch update failed for refs/heads/develop.        
remote: error: Cannot force-push to this branch        
To github.com:mkjost0/gem5-actions.git
 ! [remote rejected]       develop -> develop (protected branch hook declined)
error: failed to push some refs to 'git@github.com:mkjost0/gem5-actions.git'
From https://gem5.googlesource.com/public/gem5
 * branch                  develop    -> FETCH_HEAD
Already up to date.
remote: error: GH006: Protected branch update failed for refs/heads/develop.        
remote: error: Cannot force-push to this branch        
To github.com:mkjost0/gem5-actions.git
 ! [remote rejected]       develop -> develop (protected branch hook declined)
error: failed to push some refs to 'git@github.com:mkjost0/gem5-actions.git'
From https://gem5.googlesource.com/public/gem5
 * branch                  develop    -> FETCH_HEAD
Already up to date.
remote: error: GH006: Protected branch update failed for refs/heads/develop.        
remote: error: Cannot force-push to this branch        
To github.com:mkjost0/gem5-actions.git
 ! [remote rejected]       develop -> develop (protected branch hook declined)
error: failed to push some refs to 'git@github.com:mkjost0/gem5-actions.git'
From https://gem5.googlesource.com/public/gem5
 * branch                  develop    -> FETCH_HEAD
Already up to date.
remote: error: GH006: Protected branch update failed for refs/heads/develop.        
remote: error: Cannot force-push to this branch        
To github.com:mkjost0/gem5-actions.git
 ! [remote rejected]       develop -> develop (protected branch hook declined)
error: failed to push some refs to 'git@github.com:mkjost0/gem5-actions.git'
From https://gem5.googlesource.com/public/gem5
 * branch                  develop    -> FETCH_HEAD
Already up to date.
remote: error: GH006: Protected branch update failed for refs/heads/develop.        
remote: error: Cannot force-push to this branch        
To github.com:mkjost0/gem5-actions.git
 ! [remote rejected]       develop -> develop (protected branch hook declined)
error: failed to push some refs to 'git@github.com:mkjost0/gem5-actions.git'
From https://gem5.googlesource.com/public/gem5
 * branch                  develop    -> FETCH_HEAD
Already up to date.
remote: error: GH006: Protected branch update failed for refs/heads/develop.        
remote: error: Cannot force-push to this branch        
To github.com:mkjost0/gem5-actions.git
 ! [remote rejected]       develop -> develop (protected branch hook declined)
error: failed to push some refs to 'git@github.com:mkjost0/gem5-actions.git'
From https://gem5.googlesource.com/public/gem5
 * branch                  develop    -> FETCH_HEAD
Already up to date.
remote: error: GH006: Protected branch update failed for refs/heads/develop.        
remote: error: Cannot force-push to this branch        
To github.com:mkjost0/gem5-actions.git
 ! [remote rejected]       develop -> develop (protected branch hook declined)
error: failed to push some refs to 'git@github.com:mkjost0/gem5-actions.git'
From https://gem5.googlesource.com/public/gem5
 * branch                  develop    -> FETCH_HEAD
Already up to date.
remote: error: GH006: Protected branch update failed for refs/heads/develop.        
remote: error: Cannot force-push to this branch        
To github.com:mkjost0/gem5-actions.git
 ! [remote rejected]       develop -> develop (protected branch hook declined)
error: failed to push some refs to 'git@github.com:mkjost0/gem5-actions.git'
From https://gem5.googlesource.com/public/gem5
 * branch                  develop    -> FETCH_HEAD
Already up to date.
remote: error: GH006: Protected branch update failed for refs/heads/develop.        
remote: error: Cannot force-push to this branch        
To github.com:mkjost0/gem5-actions.git
 ! [remote rejected]       develop -> develop (protected branch hook declined)
error: failed to push some refs to 'git@github.com:mkjost0/gem5-actions.git'
From https://gem5.googlesource.com/public/gem5
 * branch                  develop    -> FETCH_HEAD
Already up to date.
remote: error: GH006: Protected branch update failed for refs/heads/develop.        
remote: error: Cannot force-push to this branch        
To github.com:mkjost0/gem5-actions.git
 ! [remote rejected]       develop -> develop (protected branch hook declined)
error: failed to push some refs to 'git@github.com:mkjost0/gem5-actions.git'
From https://gem5.googlesource.com/public/gem5
 * branch                  develop    -> FETCH_HEAD
Already up to date.
remote: error: GH006: Protected branch update failed for refs/heads/develop.        
remote: error: Cannot force-push to this branch        
To github.com:mkjost0/gem5-actions.git
 ! [remote rejected]       develop -> develop (protected branch hook declined)
error: failed to push some refs to 'git@github.com:mkjost0/gem5-actions.git'
From https://gem5.googlesource.com/public/gem5
 * branch                  develop    -> FETCH_HEAD
Already up to date.
remote: error: GH006: Protected branch update failed for refs/heads/develop.        
remote: error: Cannot force-push to this branch        
To github.com:mkjost0/gem5-actions.git
 ! [remote rejected]       develop -> develop (protected branch hook declined)
error: failed to push some refs to 'git@github.com:mkjost0/gem5-actions.git'
From https://gem5.googlesource.com/public/gem5
 * branch                  develop    -> FETCH_HEAD
Already up to date.
remote: error: GH006: Protected branch update failed for refs/heads/develop.        
remote: error: Cannot force-push to this branch        
To github.com:mkjost0/gem5-actions.git
 ! [remote rejected]       develop -> develop (protected branch hook declined)
error: failed to push some refs to 'git@github.com:mkjost0/gem5-actions.git'
From https://gem5.googlesource.com/public/gem5
 * branch                  develop    -> FETCH_HEAD
Already up to date.
remote: error: GH006: Protected branch update failed for refs/heads/develop.        
remote: error: Cannot force-push to this branch        
To github.com:mkjost0/gem5-actions.git
 ! [remote rejected]       develop -> develop (protected branch hook declined)
error: failed to push some refs to 'git@github.com:mkjost0/gem5-actions.git'
From https://gem5.googlesource.com/public/gem5
 * branch                  develop    -> FETCH_HEAD
Already up to date.
remote: error: GH006: Protected branch update failed for refs/heads/develop.        
remote: error: Cannot force-push to this branch        
To github.com:mkjost0/gem5-actions.git
 ! [remote rejected]       develop -> develop (protected branch hook declined)
error: failed to push some refs to 'git@github.com:mkjost0/gem5-actions.git'
From https://gem5.googlesource.com/public/gem5
 * branch                  develop    -> FETCH_HEAD
Already up to date.
remote: error: GH006: Protected branch update failed for refs/heads/develop.        
remote: error: Cannot force-push to this branch        
To github.com:mkjost0/gem5-actions.git
 ! [remote rejected]       develop -> develop (protected branch hook declined)
error: failed to push some refs to 'git@github.com:mkjost0/gem5-actions.git'
From https://gem5.googlesource.com/public/gem5
 * branch                  develop    -> FETCH_HEAD
Already up to date.
remote: error: GH006: Protected branch update failed for refs/heads/develop.        
remote: error: Cannot force-push to this branch        
To github.com:mkjost0/gem5-actions.git
 ! [remote rejected]       develop -> develop (protected branch hook declined)
error: failed to push some refs to 'git@github.com:mkjost0/gem5-actions.git'
From https://gem5.googlesource.com/public/gem5
 * branch                  develop    -> FETCH_HEAD
Already up to date.
remote: error: GH006: Protected branch update failed for refs/heads/develop.        
remote: error: Cannot force-push to this branch        
To github.com:mkjost0/gem5-actions.git
 ! [remote rejected]       develop -> develop (protected branch hook declined)
error: failed to push some refs to 'git@github.com:mkjost0/gem5-actions.git'
From https://gem5.googlesource.com/public/gem5
 * branch                  develop    -> FETCH_HEAD
Already up to date.
remote: error: GH006: Protected branch update failed for refs/heads/develop.        
remote: error: Cannot force-push to this branch        
To github.com:mkjost0/gem5-actions.git
 ! [remote rejected]       develop -> develop (protected branch hook declined)
error: failed to push some refs to 'git@github.com:mkjost0/gem5-actions.git'
From https://gem5.googlesource.com/public/gem5
 * branch                  develop    -> FETCH_HEAD
Already up to date.
remote: error: GH006: Protected branch update failed for refs/heads/develop.        
remote: error: Cannot force-push to this branch        
To github.com:mkjost0/gem5-actions.git
 ! [remote rejected]       develop -> develop (protected branch hook declined)
error: failed to push some refs to 'git@github.com:mkjost0/gem5-actions.git'
From https://gem5.googlesource.com/public/gem5
 * branch                  develop    -> FETCH_HEAD
Already up to date.
remote: error: GH006: Protected branch update failed for refs/heads/develop.        
remote: error: Cannot force-push to this branch        
To github.com:mkjost0/gem5-actions.git
 ! [remote rejected]       develop -> develop (protected branch hook declined)
error: failed to push some refs to 'git@github.com:mkjost0/gem5-actions.git'
From https://gem5.googlesource.com/public/gem5
 * branch                  develop    -> FETCH_HEAD
Already up to date.
remote: error: GH006: Protected branch update failed for refs/heads/develop.        
remote: error: Cannot force-push to this branch        
To github.com:mkjost0/gem5-actions.git
 ! [remote rejected]       develop -> develop (protected branch hook declined)
error: failed to push some refs to 'git@github.com:mkjost0/gem5-actions.git'
From https://gem5.googlesource.com/public/gem5
 * branch                  develop    -> FETCH_HEAD
Already up to date.
remote: error: GH006: Protected branch update failed for refs/heads/develop.        
remote: error: Cannot force-push to this branch        
To github.com:mkjost0/gem5-actions.git
 ! [remote rejected]       develop -> develop (protected branch hook declined)
error: failed to push some refs to 'git@github.com:mkjost0/gem5-actions.git'
From https://gem5.googlesource.com/public/gem5
 * branch                  develop    -> FETCH_HEAD
Already up to date.
remote: error: GH006: Protected branch update failed for refs/heads/develop.        
remote: error: Cannot force-push to this branch        
To github.com:mkjost0/gem5-actions.git
 ! [remote rejected]       develop -> develop (protected branch hook declined)
error: failed to push some refs to 'git@github.com:mkjost0/gem5-actions.git'
From https://gem5.googlesource.com/public/gem5
 * branch                  develop    -> FETCH_HEAD
Already up to date.
remote: error: GH006: Protected branch update failed for refs/heads/develop.        
remote: error: Cannot force-push to this branch        
To github.com:mkjost0/gem5-actions.git
 ! [remote rejected]       develop -> develop (protected branch hook declined)
error: failed to push some refs to 'git@github.com:mkjost0/gem5-actions.git'
From https://gem5.googlesource.com/public/gem5
 * branch                  develop    -> FETCH_HEAD
Already up to date.
remote: error: GH006: Protected branch update failed for refs/heads/develop.        
remote: error: Cannot force-push to this branch        
To github.com:mkjost0/gem5-actions.git
 ! [remote rejected]       develop -> develop (protected branch hook declined)
error: failed to push some refs to 'git@github.com:mkjost0/gem5-actions.git'
From https://gem5.googlesource.com/public/gem5
 * branch                  develop    -> FETCH_HEAD
Already up to date.
remote: error: GH006: Protected branch update failed for refs/heads/develop.        
remote: error: Cannot force-push to this branch        
To github.com:mkjost0/gem5-actions.git
 ! [remote rejected]       develop -> develop (protected branch hook declined)
error: failed to push some refs to 'git@github.com:mkjost0/gem5-actions.git'
From https://gem5.googlesource.com/public/gem5
 * branch                  develop    -> FETCH_HEAD
Already up to date.
remote: error: GH006: Protected branch update failed for refs/heads/develop.        
remote: error: Cannot force-push to this branch        
To github.com:mkjost0/gem5-actions.git
 ! [remote rejected]       develop -> develop (protected branch hook declined)
error: failed to push some refs to 'git@github.com:mkjost0/gem5-actions.git'
From https://gem5.googlesource.com/public/gem5
 * branch                  develop    -> FETCH_HEAD
Already up to date.
remote: error: GH006: Protected branch update failed for refs/heads/develop.        
remote: error: Cannot force-push to this branch        
To github.com:mkjost0/gem5-actions.git
 ! [remote rejected]       develop -> develop (protected branch hook declined)
error: failed to push some refs to 'git@github.com:mkjost0/gem5-actions.git'
From https://gem5.googlesource.com/public/gem5
 * branch                  develop    -> FETCH_HEAD
Already up to date.
remote: error: GH006: Protected branch update failed for refs/heads/develop.        
remote: error: Cannot force-push to this branch        
To github.com:mkjost0/gem5-actions.git
 ! [remote rejected]       develop -> develop (protected branch hook declined)
error: failed to push some refs to 'git@github.com:mkjost0/gem5-actions.git'
From https://gem5.googlesource.com/public/gem5
 * branch                  develop    -> FETCH_HEAD
Already up to date.
remote: error: GH006: Protected branch update failed for refs/heads/develop.        
remote: error: Cannot force-push to this branch        
To github.com:mkjost0/gem5-actions.git
 ! [remote rejected]       develop -> develop (protected branch hook declined)
error: failed to push some refs to 'git@github.com:mkjost0/gem5-actions.git'
From https://gem5.googlesource.com/public/gem5
 * branch                  develop    -> FETCH_HEAD
Already up to date.
remote: error: GH006: Protected branch update failed for refs/heads/develop.        
remote: error: Cannot force-push to this branch        
To github.com:mkjost0/gem5-actions.git
 ! [remote rejected]       develop -> develop (protected branch hook declined)
error: failed to push some refs to 'git@github.com:mkjost0/gem5-actions.git'
From https://gem5.googlesource.com/public/gem5
 * branch                  develop    -> FETCH_HEAD
Already up to date.
remote: error: GH006: Protected branch update failed for refs/heads/develop.        
remote: error: Cannot force-push to this branch        
To github.com:mkjost0/gem5-actions.git
 ! [remote rejected]       develop -> develop (protected branch hook declined)
error: failed to push some refs to 'git@github.com:mkjost0/gem5-actions.git'
From https://gem5.googlesource.com/public/gem5
 * branch                  develop    -> FETCH_HEAD
Already up to date.
remote: error: GH006: Protected branch update failed for refs/heads/develop.        
remote: error: Cannot force-push to this branch        
To github.com:mkjost0/gem5-actions.git
 ! [remote rejected]       develop -> develop (protected branch hook declined)
error: failed to push some refs to 'git@github.com:mkjost0/gem5-actions.git'
From https://gem5.googlesource.com/public/gem5
 * branch                  develop    -> FETCH_HEAD
Already up to date.
remote: error: GH006: Protected branch update failed for refs/heads/develop.        
remote: error: Cannot force-push to this branch        
To github.com:mkjost0/gem5-actions.git
 ! [remote rejected]       develop -> develop (protected branch hook declined)
error: failed to push some refs to 'git@github.com:mkjost0/gem5-actions.git'
From https://gem5.googlesource.com/public/gem5
 * branch                  develop    -> FETCH_HEAD
Already up to date.
remote: error: GH006: Protected branch update failed for refs/heads/develop.        
remote: error: Cannot force-push to this branch        
To github.com:mkjost0/gem5-actions.git
 ! [remote rejected]       develop -> develop (protected branch hook declined)
error: failed to push some refs to 'git@github.com:mkjost0/gem5-actions.git'
From https://gem5.googlesource.com/public/gem5
 * branch                  develop    -> FETCH_HEAD
Already up to date.
remote: error: GH006: Protected branch update failed for refs/heads/develop.        
remote: error: Cannot force-push to this branch        
To github.com:mkjost0/gem5-actions.git
 ! [remote rejected]       develop -> develop (protected branch hook declined)
error: failed to push some refs to 'git@github.com:mkjost0/gem5-actions.git'
From https://gem5.googlesource.com/public/gem5
 * branch                  develop    -> FETCH_HEAD
Already up to date.
remote: error: GH006: Protected branch update failed for refs/heads/develop.        
remote: error: Cannot force-push to this branch        
To github.com:mkjost0/gem5-actions.git
 ! [remote rejected]       develop -> develop (protected branch hook declined)
error: failed to push some refs to 'git@github.com:mkjost0/gem5-actions.git'
From https://gem5.googlesource.com/public/gem5
 * branch                  develop    -> FETCH_HEAD
Already up to date.
remote: error: GH006: Protected branch update failed for refs/heads/develop.        
remote: error: Cannot force-push to this branch        
To github.com:mkjost0/gem5-actions.git
 ! [remote rejected]       develop -> develop (protected branch hook declined)
error: failed to push some refs to 'git@github.com:mkjost0/gem5-actions.git'
From https://gem5.googlesource.com/public/gem5
 * branch                  develop    -> FETCH_HEAD
Already up to date.
remote: error: GH006: Protected branch update failed for refs/heads/develop.        
remote: error: Cannot force-push to this branch        
To github.com:mkjost0/gem5-actions.git
 - [deleted]               pre-commit-ci-update-config
 ! [remote rejected]       develop -> develop (protected branch hook declined)
error: failed to push some refs to 'git@github.com:mkjost0/gem5-actions.git'
From https://gem5.googlesource.com/public/gem5
 * branch                  develop    -> FETCH_HEAD
Already up to date.
remote: error: GH006: Protected branch update failed for refs/heads/develop.        
remote: error: Cannot force-push to this branch        
To github.com:mkjost0/gem5-actions.git
 ! [remote rejected]       develop -> develop (protected branch hook declined)
error: failed to push some refs to 'git@github.com:mkjost0/gem5-actions.git'
From https://gem5.googlesource.com/public/gem5
 * branch                  develop    -> FETCH_HEAD
Already up to date.
remote: error: GH006: Protected branch update failed for refs/heads/develop.        
remote: error: Cannot force-push to this branch        
To github.com:mkjost0/gem5-actions.git
 ! [remote rejected]       develop -> develop (protected branch hook declined)
error: failed to push some refs to 'git@github.com:mkjost0/gem5-actions.git'
From https://gem5.googlesource.com/public/gem5
 * branch                  develop    -> FETCH_HEAD
Already up to date.
remote: error: GH006: Protected branch update failed for refs/heads/develop.        
remote: error: Cannot force-push to this branch        
To github.com:mkjost0/gem5-actions.git
 ! [remote rejected]       develop -> develop (protected branch hook declined)
error: failed to push some refs to 'git@github.com:mkjost0/gem5-actions.git'
From https://gem5.googlesource.com/public/gem5
 * branch                  develop    -> FETCH_HEAD
Already up to date.
remote: error: GH006: Protected branch update failed for refs/heads/develop.        
remote: error: Cannot force-push to this branch        
To github.com:mkjost0/gem5-actions.git
 ! [remote rejected]       develop -> develop (protected branch hook declined)
error: failed to push some refs to 'git@github.com:mkjost0/gem5-actions.git'
From https://gem5.googlesource.com/public/gem5
 * branch                  develop    -> FETCH_HEAD
Already up to date.
remote: error: GH006: Protected branch update failed for refs/heads/develop.        
remote: error: Cannot force-push to this branch        
To github.com:mkjost0/gem5-actions.git
 ! [remote rejected]       develop -> develop (protected branch hook declined)
error: failed to push some refs to 'git@github.com:mkjost0/gem5-actions.git'
From https://gem5.googlesource.com/public/gem5
 * branch                  develop    -> FETCH_HEAD
Already up to date.
remote: error: GH006: Protected branch update failed for refs/heads/develop.        
remote: error: Cannot force-push to this branch        
To github.com:mkjost0/gem5-actions.git
 ! [remote rejected]       develop -> develop (protected branch hook declined)
error: failed to push some refs to 'git@github.com:mkjost0/gem5-actions.git'
From https://gem5.googlesource.com/public/gem5
 * branch                  develop    -> FETCH_HEAD
Already up to date.
remote: error: GH006: Protected branch update failed for refs/heads/develop.        
remote: error: Cannot force-push to this branch        
To github.com:mkjost0/gem5-actions.git
 ! [remote rejected]       develop -> develop (protected branch hook declined)
error: failed to push some refs to 'git@github.com:mkjost0/gem5-actions.git'
From https://gem5.googlesource.com/public/gem5
 * branch                  develop    -> FETCH_HEAD
Already up to date.
remote: error: GH006: Protected branch update failed for refs/heads/develop.        
remote: error: Cannot force-push to this branch        
To github.com:mkjost0/gem5-actions.git
 ! [remote rejected]       develop -> develop (protected branch hook declined)
error: failed to push some refs to 'git@github.com:mkjost0/gem5-actions.git'
From https://gem5.googlesource.com/public/gem5
 * branch                  develop    -> FETCH_HEAD
Already up to date.
remote: error: GH006: Protected branch update failed for refs/heads/develop.        
remote: error: Cannot force-push to this branch        
To github.com:mkjost0/gem5-actions.git
 ! [remote rejected]       develop -> develop (protected branch hook declined)
error: failed to push some refs to 'git@github.com:mkjost0/gem5-actions.git'
From https://gem5.googlesource.com/public/gem5
 * branch                  develop    -> FETCH_HEAD
Already up to date.
remote: error: GH006: Protected branch update failed for refs/heads/develop.        
remote: error: Cannot force-push to this branch        
To github.com:mkjost0/gem5-actions.git
 ! [remote rejected]       develop -> develop (protected branch hook declined)
error: failed to push some refs to 'git@github.com:mkjost0/gem5-actions.git'
From https://gem5.googlesource.com/public/gem5
 * branch                  develop    -> FETCH_HEAD
Already up to date.
remote: error: GH006: Protected branch update failed for refs/heads/develop.        
remote: error: Cannot force-push to this branch        
To github.com:mkjost0/gem5-actions.git
 ! [remote rejected]       develop -> develop (protected branch hook declined)
error: failed to push some refs to 'git@github.com:mkjost0/gem5-actions.git'
From https://gem5.googlesource.com/public/gem5
 * branch                  develop    -> FETCH_HEAD
Already up to date.
remote: error: GH006: Protected branch update failed for refs/heads/develop.        
remote: error: Cannot force-push to this branch        
To github.com:mkjost0/gem5-actions.git
 ! [remote rejected]       develop -> develop (protected branch hook declined)
error: failed to push some refs to 'git@github.com:mkjost0/gem5-actions.git'
From https://gem5.googlesource.com/public/gem5
 * branch                  develop    -> FETCH_HEAD
Already up to date.
remote: error: GH006: Protected branch update failed for refs/heads/develop.        
remote: error: Cannot force-push to this branch        
To github.com:mkjost0/gem5-actions.git
 ! [remote rejected]       develop -> develop (protected branch hook declined)
error: failed to push some refs to 'git@github.com:mkjost0/gem5-actions.git'
From https://gem5.googlesource.com/public/gem5
 * branch                  develop    -> FETCH_HEAD
Already up to date.
remote: error: GH006: Protected branch update failed for refs/heads/develop.        
remote: error: Cannot force-push to this branch        
To github.com:mkjost0/gem5-actions.git
 ! [remote rejected]       develop -> develop (protected branch hook declined)
error: failed to push some refs to 'git@github.com:mkjost0/gem5-actions.git'
From https://gem5.googlesource.com/public/gem5
 * branch                  develop    -> FETCH_HEAD
Already up to date.
remote: error: GH006: Protected branch update failed for refs/heads/develop.        
remote: error: Cannot force-push to this branch        
To github.com:mkjost0/gem5-actions.git
 ! [remote rejected]       develop -> develop (protected branch hook declined)
error: failed to push some refs to 'git@github.com:mkjost0/gem5-actions.git'
From https://gem5.googlesource.com/public/gem5
 * branch                  develop    -> FETCH_HEAD
Already up to date.
remote: error: GH006: Protected branch update failed for refs/heads/develop.        
remote: error: Cannot force-push to this branch        
To github.com:mkjost0/gem5-actions.git
 ! [remote rejected]       develop -> develop (protected branch hook declined)
error: failed to push some refs to 'git@github.com:mkjost0/gem5-actions.git'
From https://gem5.googlesource.com/public/gem5
 * branch                  develop    -> FETCH_HEAD
Already up to date.
remote: error: GH006: Protected branch update failed for refs/heads/develop.        
remote: error: Cannot force-push to this branch        
To github.com:mkjost0/gem5-actions.git
 ! [remote rejected]       develop -> develop (protected branch hook declined)
error: failed to push some refs to 'git@github.com:mkjost0/gem5-actions.git'
From https://gem5.googlesource.com/public/gem5
 * branch                  develop    -> FETCH_HEAD
Already up to date.
remote: error: GH006: Protected branch update failed for refs/heads/develop.        
remote: error: Cannot force-push to this branch        
To github.com:mkjost0/gem5-actions.git
 ! [remote rejected]       develop -> develop (protected branch hook declined)
error: failed to push some refs to 'git@github.com:mkjost0/gem5-actions.git'
From https://gem5.googlesource.com/public/gem5
 * branch                  develop    -> FETCH_HEAD
Already up to date.
remote: error: GH006: Protected branch update failed for refs/heads/develop.        
remote: error: Cannot force-push to this branch        
To github.com:mkjost0/gem5-actions.git
 ! [remote rejected]       develop -> develop (protected branch hook declined)
error: failed to push some refs to 'git@github.com:mkjost0/gem5-actions.git'
From https://gem5.googlesource.com/public/gem5
 * branch                  develop    -> FETCH_HEAD
Already up to date.
remote: error: GH006: Protected branch update failed for refs/heads/develop.        
remote: error: Cannot force-push to this branch        
To github.com:mkjost0/gem5-actions.git
 ! [remote rejected]       develop -> develop (protected branch hook declined)
error: failed to push some refs to 'git@github.com:mkjost0/gem5-actions.git'
From https://gem5.googlesource.com/public/gem5
 * branch                  develop    -> FETCH_HEAD
Already up to date.
remote: error: GH006: Protected branch update failed for refs/heads/develop.        
remote: error: Cannot force-push to this branch        
To github.com:mkjost0/gem5-actions.git
 ! [remote rejected]       develop -> develop (protected branch hook declined)
error: failed to push some refs to 'git@github.com:mkjost0/gem5-actions.git'
From https://gem5.googlesource.com/public/gem5
 * branch                  develop    -> FETCH_HEAD
Already up to date.
remote: error: GH006: Protected branch update failed for refs/heads/develop.        
remote: error: Cannot force-push to this branch        
To github.com:mkjost0/gem5-actions.git
 ! [remote rejected]       develop -> develop (protected branch hook declined)
error: failed to push some refs to 'git@github.com:mkjost0/gem5-actions.git'
From https://gem5.googlesource.com/public/gem5
 * branch                  develop    -> FETCH_HEAD
Already up to date.
remote: error: GH006: Protected branch update failed for refs/heads/develop.        
remote: error: Cannot force-push to this branch        
To github.com:mkjost0/gem5-actions.git
 ! [remote rejected]       develop -> develop (protected branch hook declined)
error: failed to push some refs to 'git@github.com:mkjost0/gem5-actions.git'
From https://gem5.googlesource.com/public/gem5
 * branch                  develop    -> FETCH_HEAD
Already up to date.
remote: error: GH006: Protected branch update failed for refs/heads/develop.        
remote: error: Cannot force-push to this branch        
To github.com:mkjost0/gem5-actions.git
 ! [remote rejected]       develop -> develop (protected branch hook declined)
error: failed to push some refs to 'git@github.com:mkjost0/gem5-actions.git'
From https://gem5.googlesource.com/public/gem5
 * branch                  develop    -> FETCH_HEAD
Already up to date.
remote: error: GH006: Protected branch update failed for refs/heads/develop.        
remote: error: Cannot force-push to this branch        
To github.com:mkjost0/gem5-actions.git
 ! [remote rejected]       develop -> develop (protected branch hook declined)
error: failed to push some refs to 'git@github.com:mkjost0/gem5-actions.git'
From https://gem5.googlesource.com/public/gem5
 * branch                  develop    -> FETCH_HEAD
Already up to date.
remote: error: GH006: Protected branch update failed for refs/heads/develop.        
remote: error: Cannot force-push to this branch        
To github.com:mkjost0/gem5-actions.git
 ! [remote rejected]       develop -> develop (protected branch hook declined)
error: failed to push some refs to 'git@github.com:mkjost0/gem5-actions.git'
From https://gem5.googlesource.com/public/gem5
 * branch                  develop    -> FETCH_HEAD
Already up to date.
remote: error: GH006: Protected branch update failed for refs/heads/develop.        
remote: error: Cannot force-push to this branch        
To github.com:mkjost0/gem5-actions.git
 ! [remote rejected]       develop -> develop (protected branch hook declined)
error: failed to push some refs to 'git@github.com:mkjost0/gem5-actions.git'
From https://gem5.googlesource.com/public/gem5
 * branch                  develop    -> FETCH_HEAD
Already up to date.
remote: error: GH006: Protected branch update failed for refs/heads/develop.        
remote: error: Cannot force-push to this branch        
To github.com:mkjost0/gem5-actions.git
 ! [remote rejected]       develop -> develop (protected branch hook declined)
error: failed to push some refs to 'git@github.com:mkjost0/gem5-actions.git'
From https://gem5.googlesource.com/public/gem5
 * branch                  develop    -> FETCH_HEAD
Already up to date.
remote: error: GH006: Protected branch update failed for refs/heads/develop.        
remote: error: Cannot force-push to this branch        
To github.com:mkjost0/gem5-actions.git
 ! [remote rejected]       develop -> develop (protected branch hook declined)
error: failed to push some refs to 'git@github.com:mkjost0/gem5-actions.git'
From https://gem5.googlesource.com/public/gem5
 * branch                  develop    -> FETCH_HEAD
Already up to date.
remote: error: GH006: Protected branch update failed for refs/heads/develop.        
remote: error: Cannot force-push to this branch        
To github.com:mkjost0/gem5-actions.git
 ! [remote rejected]       develop -> develop (protected branch hook declined)
error: failed to push some refs to 'git@github.com:mkjost0/gem5-actions.git'
From https://gem5.googlesource.com/public/gem5
 * branch                  develop    -> FETCH_HEAD
Already up to date.
remote: error: GH006: Protected branch update failed for refs/heads/develop.        
remote: error: Cannot force-push to this branch        
To github.com:mkjost0/gem5-actions.git
 ! [remote rejected]       develop -> develop (protected branch hook declined)
error: failed to push some refs to 'git@github.com:mkjost0/gem5-actions.git'
From https://gem5.googlesource.com/public/gem5
 * branch                  develop    -> FETCH_HEAD
Already up to date.
remote: error: GH006: Protected branch update failed for refs/heads/develop.        
remote: error: Cannot force-push to this branch        
To github.com:mkjost0/gem5-actions.git
 ! [remote rejected]       develop -> develop (protected branch hook declined)
error: failed to push some refs to 'git@github.com:mkjost0/gem5-actions.git'
From https://gem5.googlesource.com/public/gem5
 * branch                  develop    -> FETCH_HEAD
Already up to date.
remote: error: GH006: Protected branch update failed for refs/heads/develop.        
remote: error: Cannot force-push to this branch        
To github.com:mkjost0/gem5-actions.git
 ! [remote rejected]       develop -> develop (protected branch hook declined)
error: failed to push some refs to 'git@github.com:mkjost0/gem5-actions.git'
From https://gem5.googlesource.com/public/gem5
 * branch                  develop    -> FETCH_HEAD
Already up to date.
remote: error: GH006: Protected branch update failed for refs/heads/develop.        
remote: error: Cannot force-push to this branch        
To github.com:mkjost0/gem5-actions.git
 ! [remote rejected]       develop -> develop (protected branch hook declined)
error: failed to push some refs to 'git@github.com:mkjost0/gem5-actions.git'
From https://gem5.googlesource.com/public/gem5
 * branch                  develop    -> FETCH_HEAD
Already up to date.
remote: error: GH006: Protected branch update failed for refs/heads/develop.        
remote: error: Cannot force-push to this branch        
To github.com:mkjost0/gem5-actions.git
 ! [remote rejected]       develop -> develop (protected branch hook declined)
error: failed to push some refs to 'git@github.com:mkjost0/gem5-actions.git'
From https://gem5.googlesource.com/public/gem5
 * branch                  develop    -> FETCH_HEAD
Already up to date.
remote: error: GH006: Protected branch update failed for refs/heads/develop.        
remote: error: Cannot force-push to this branch        
To github.com:mkjost0/gem5-actions.git
 ! [remote rejected]       develop -> develop (protected branch hook declined)
error: failed to push some refs to 'git@github.com:mkjost0/gem5-actions.git'
From https://gem5.googlesource.com/public/gem5
 * branch                  develop    -> FETCH_HEAD
Already up to date.
remote: error: GH006: Protected branch update failed for refs/heads/develop.        
remote: error: Cannot force-push to this branch        
To github.com:mkjost0/gem5-actions.git
 ! [remote rejected]       develop -> develop (protected branch hook declined)
error: failed to push some refs to 'git@github.com:mkjost0/gem5-actions.git'
From https://gem5.googlesource.com/public/gem5
 * branch                  develop    -> FETCH_HEAD
Already up to date.
remote: error: GH006: Protected branch update failed for refs/heads/develop.        
remote: error: Cannot force-push to this branch        
To github.com:mkjost0/gem5-actions.git
 ! [remote rejected]       develop -> develop (protected branch hook declined)
error: failed to push some refs to 'git@github.com:mkjost0/gem5-actions.git'
From https://gem5.googlesource.com/public/gem5
 * branch                  develop    -> FETCH_HEAD
Already up to date.
remote: error: GH006: Protected branch update failed for refs/heads/develop.        
remote: error: Cannot force-push to this branch        
To github.com:mkjost0/gem5-actions.git
 ! [remote rejected]       develop -> develop (protected branch hook declined)
error: failed to push some refs to 'git@github.com:mkjost0/gem5-actions.git'
From https://gem5.googlesource.com/public/gem5
 * branch                  develop    -> FETCH_HEAD
Already up to date.
remote: error: GH006: Protected branch update failed for refs/heads/develop.        
remote: error: Cannot force-push to this branch        
To github.com:mkjost0/gem5-actions.git
 ! [remote rejected]       develop -> develop (protected branch hook declined)
error: failed to push some refs to 'git@github.com:mkjost0/gem5-actions.git'
From https://gem5.googlesource.com/public/gem5
 * branch                  develop    -> FETCH_HEAD
Already up to date.
remote: error: GH006: Protected branch update failed for refs/heads/develop.        
remote: error: Cannot force-push to this branch        
To github.com:mkjost0/gem5-actions.git
 ! [remote rejected]       develop -> develop (protected branch hook declined)
error: failed to push some refs to 'git@github.com:mkjost0/gem5-actions.git'
From https://gem5.googlesource.com/public/gem5
 * branch                  develop    -> FETCH_HEAD
Already up to date.
remote: error: GH006: Protected branch update failed for refs/heads/develop.        
remote: error: Cannot force-push to this branch        
To github.com:mkjost0/gem5-actions.git
 ! [remote rejected]       develop -> develop (protected branch hook declined)
error: failed to push some refs to 'git@github.com:mkjost0/gem5-actions.git'
From https://gem5.googlesource.com/public/gem5
 * branch                  develop    -> FETCH_HEAD
Already up to date.
remote: error: GH006: Protected branch update failed for refs/heads/develop.        
remote: error: Cannot force-push to this branch        
To github.com:mkjost0/gem5-actions.git
 ! [remote rejected]       develop -> develop (protected branch hook declined)
error: failed to push some refs to 'git@github.com:mkjost0/gem5-actions.git'
From https://gem5.googlesource.com/public/gem5
 * branch                  develop    -> FETCH_HEAD
Already up to date.
remote: error: GH006: Protected branch update failed for refs/heads/develop.        
remote: error: Cannot force-push to this branch        
To github.com:mkjost0/gem5-actions.git
 ! [remote rejected]       develop -> develop (protected branch hook declined)
error: failed to push some refs to 'git@github.com:mkjost0/gem5-actions.git'
From https://gem5.googlesource.com/public/gem5
 * branch                  develop    -> FETCH_HEAD
Already up to date.
remote: error: GH006: Protected branch update failed for refs/heads/develop.        
remote: error: Cannot force-push to this branch        
To github.com:mkjost0/gem5-actions.git
 ! [remote rejected]       develop -> develop (protected branch hook declined)
error: failed to push some refs to 'git@github.com:mkjost0/gem5-actions.git'
From https://gem5.googlesource.com/public/gem5
 * branch                  develop    -> FETCH_HEAD
Already up to date.
remote: error: GH006: Protected branch update failed for refs/heads/develop.        
remote: error: Cannot force-push to this branch        
To github.com:mkjost0/gem5-actions.git
 ! [remote rejected]       develop -> develop (protected branch hook declined)
error: failed to push some refs to 'git@github.com:mkjost0/gem5-actions.git'
From https://gem5.googlesource.com/public/gem5
 * branch                  develop    -> FETCH_HEAD
Already up to date.
remote: error: GH006: Protected branch update failed for refs/heads/develop.        
remote: error: Cannot force-push to this branch        
To github.com:mkjost0/gem5-actions.git
 ! [remote rejected]       develop -> develop (protected branch hook declined)
error: failed to push some refs to 'git@github.com:mkjost0/gem5-actions.git'
From https://gem5.googlesource.com/public/gem5
 * branch                  develop    -> FETCH_HEAD
Already up to date.
remote: error: GH006: Protected branch update failed for refs/heads/develop.        
remote: error: Cannot force-push to this branch        
To github.com:mkjost0/gem5-actions.git
 ! [remote rejected]       develop -> develop (protected branch hook declined)
error: failed to push some refs to 'git@github.com:mkjost0/gem5-actions.git'
From https://gem5.googlesource.com/public/gem5
 * branch                  develop    -> FETCH_HEAD
Already up to date.
remote: error: GH006: Protected branch update failed for refs/heads/develop.        
remote: error: Cannot force-push to this branch        
To github.com:mkjost0/gem5-actions.git
 ! [remote rejected]       develop -> develop (protected branch hook declined)
error: failed to push some refs to 'git@github.com:mkjost0/gem5-actions.git'
From https://gem5.googlesource.com/public/gem5
 * branch                  develop    -> FETCH_HEAD
Already up to date.
remote: error: GH006: Protected branch update failed for refs/heads/develop.        
remote: error: Cannot force-push to this branch        
To github.com:mkjost0/gem5-actions.git
 ! [remote rejected]       develop -> develop (protected branch hook declined)
error: failed to push some refs to 'git@github.com:mkjost0/gem5-actions.git'
From https://gem5.googlesource.com/public/gem5
 * branch                  develop    -> FETCH_HEAD
Already up to date.
remote: error: GH006: Protected branch update failed for refs/heads/develop.        
remote: error: Cannot force-push to this branch        
To github.com:mkjost0/gem5-actions.git
 ! [remote rejected]       develop -> develop (protected branch hook declined)
error: failed to push some refs to 'git@github.com:mkjost0/gem5-actions.git'
From https://gem5.googlesource.com/public/gem5
 * branch                  develop    -> FETCH_HEAD
Already up to date.
remote: error: GH006: Protected branch update failed for refs/heads/develop.        
remote: error: Cannot force-push to this branch        
To github.com:mkjost0/gem5-actions.git
 ! [remote rejected]       develop -> develop (protected branch hook declined)
error: failed to push some refs to 'git@github.com:mkjost0/gem5-actions.git'
From https://gem5.googlesource.com/public/gem5
 * branch                  develop    -> FETCH_HEAD
Already up to date.
remote: error: GH006: Protected branch update failed for refs/heads/develop.        
remote: error: Cannot force-push to this branch        
To github.com:mkjost0/gem5-actions.git
 ! [remote rejected]       develop -> develop (protected branch hook declined)
error: failed to push some refs to 'git@github.com:mkjost0/gem5-actions.git'
From https://gem5.googlesource.com/public/gem5
 * branch                  develop    -> FETCH_HEAD
Already up to date.
remote: error: GH006: Protected branch update failed for refs/heads/develop.        
remote: error: Cannot force-push to this branch        
To github.com:mkjost0/gem5-actions.git
 ! [remote rejected]       develop -> develop (protected branch hook declined)
error: failed to push some refs to 'git@github.com:mkjost0/gem5-actions.git'
From https://gem5.googlesource.com/public/gem5
 * branch                  develop    -> FETCH_HEAD
Already up to date.
remote: error: GH006: Protected branch update failed for refs/heads/develop.        
remote: error: Cannot force-push to this branch        
To github.com:mkjost0/gem5-actions.git
 ! [remote rejected]       develop -> develop (protected branch hook declined)
error: failed to push some refs to 'git@github.com:mkjost0/gem5-actions.git'
From https://gem5.googlesource.com/public/gem5
 * branch                  develop    -> FETCH_HEAD
Already up to date.
remote: error: GH006: Protected branch update failed for refs/heads/develop.        
remote: error: Cannot force-push to this branch        
To github.com:mkjost0/gem5-actions.git
 ! [remote rejected]       develop -> develop (protected branch hook declined)
error: failed to push some refs to 'git@github.com:mkjost0/gem5-actions.git'
From https://gem5.googlesource.com/public/gem5
 * branch                  develop    -> FETCH_HEAD
Already up to date.
remote: error: GH006: Protected branch update failed for refs/heads/develop.        
remote: error: Cannot force-push to this branch        
To github.com:mkjost0/gem5-actions.git
 ! [remote rejected]       develop -> develop (protected branch hook declined)
error: failed to push some refs to 'git@github.com:mkjost0/gem5-actions.git'
From https://gem5.googlesource.com/public/gem5
 * branch                  develop    -> FETCH_HEAD
Already up to date.
remote: error: GH006: Protected branch update failed for refs/heads/develop.        
remote: error: Cannot force-push to this branch        
To github.com:mkjost0/gem5-actions.git
 ! [remote rejected]       develop -> develop (protected branch hook declined)
error: failed to push some refs to 'git@github.com:mkjost0/gem5-actions.git'
From https://gem5.googlesource.com/public/gem5
 * branch                  develop    -> FETCH_HEAD
Already up to date.
remote: error: GH006: Protected branch update failed for refs/heads/develop.        
remote: error: Cannot force-push to this branch        
To github.com:mkjost0/gem5-actions.git
 ! [remote rejected]       develop -> develop (protected branch hook declined)
error: failed to push some refs to 'git@github.com:mkjost0/gem5-actions.git'
From https://gem5.googlesource.com/public/gem5
 * branch                  develop    -> FETCH_HEAD
Already up to date.
remote: error: GH006: Protected branch update failed for refs/heads/develop.        
remote: error: Cannot force-push to this branch        
To github.com:mkjost0/gem5-actions.git
 ! [remote rejected]       develop -> develop (protected branch hook declined)
error: failed to push some refs to 'git@github.com:mkjost0/gem5-actions.git'
From https://gem5.googlesource.com/public/gem5
 * branch                  develop    -> FETCH_HEAD
Already up to date.
remote: error: GH006: Protected branch update failed for refs/heads/develop.        
remote: error: Cannot force-push to this branch        
To github.com:mkjost0/gem5-actions.git
 ! [remote rejected]       develop -> develop (protected branch hook declined)
error: failed to push some refs to 'git@github.com:mkjost0/gem5-actions.git'
From https://gem5.googlesource.com/public/gem5
 * branch                  develop    -> FETCH_HEAD
Already up to date.
remote: error: GH006: Protected branch update failed for refs/heads/develop.        
remote: error: Cannot force-push to this branch        
To github.com:mkjost0/gem5-actions.git
 ! [remote rejected]       develop -> develop (protected branch hook declined)
error: failed to push some refs to 'git@github.com:mkjost0/gem5-actions.git'
From https://gem5.googlesource.com/public/gem5
 * branch                  develop    -> FETCH_HEAD
Already up to date.
remote: error: GH006: Protected branch update failed for refs/heads/develop.        
remote: error: Cannot force-push to this branch        
To github.com:mkjost0/gem5-actions.git
 ! [remote rejected]       develop -> develop (protected branch hook declined)
error: failed to push some refs to 'git@github.com:mkjost0/gem5-actions.git'
From https://gem5.googlesource.com/public/gem5
 * branch                  develop    -> FETCH_HEAD
Already up to date.
remote: error: GH006: Protected branch update failed for refs/heads/develop.        
remote: error: Cannot force-push to this branch        
To github.com:mkjost0/gem5-actions.git
 ! [remote rejected]       develop -> develop (protected branch hook declined)
error: failed to push some refs to 'git@github.com:mkjost0/gem5-actions.git'
From https://gem5.googlesource.com/public/gem5
 * branch                  develop    -> FETCH_HEAD
Already up to date.
remote: error: GH006: Protected branch update failed for refs/heads/develop.        
remote: error: Cannot force-push to this branch        
To github.com:mkjost0/gem5-actions.git
 ! [remote rejected]       develop -> develop (protected branch hook declined)
error: failed to push some refs to 'git@github.com:mkjost0/gem5-actions.git'
From https://gem5.googlesource.com/public/gem5
 * branch                  develop    -> FETCH_HEAD
Already up to date.
remote: error: GH006: Protected branch update failed for refs/heads/develop.        
remote: error: Cannot force-push to this branch        
To github.com:mkjost0/gem5-actions.git
 ! [remote rejected]       develop -> develop (protected branch hook declined)
error: failed to push some refs to 'git@github.com:mkjost0/gem5-actions.git'
From https://gem5.googlesource.com/public/gem5
 * branch                  develop    -> FETCH_HEAD
Already up to date.
remote: error: GH006: Protected branch update failed for refs/heads/develop.        
remote: error: Cannot force-push to this branch        
To github.com:mkjost0/gem5-actions.git
 ! [remote rejected]       develop -> develop (protected branch hook declined)
error: failed to push some refs to 'git@github.com:mkjost0/gem5-actions.git'
From https://gem5.googlesource.com/public/gem5
 * branch                  develop    -> FETCH_HEAD
Already up to date.
remote: error: GH006: Protected branch update failed for refs/heads/develop.        
remote: error: Cannot force-push to this branch        
To github.com:mkjost0/gem5-actions.git
 ! [remote rejected]       develop -> develop (protected branch hook declined)
error: failed to push some refs to 'git@github.com:mkjost0/gem5-actions.git'
From https://gem5.googlesource.com/public/gem5
 * branch                  develop    -> FETCH_HEAD
Already up to date.
remote: error: GH006: Protected branch update failed for refs/heads/develop.        
remote: error: Cannot force-push to this branch        
To github.com:mkjost0/gem5-actions.git
 ! [remote rejected]       develop -> develop (protected branch hook declined)
error: failed to push some refs to 'git@github.com:mkjost0/gem5-actions.git'
From https://gem5.googlesource.com/public/gem5
 * branch                  develop    -> FETCH_HEAD
Already up to date.
remote: error: GH006: Protected branch update failed for refs/heads/develop.        
remote: error: Cannot force-push to this branch        
To github.com:mkjost0/gem5-actions.git
 ! [remote rejected]       develop -> develop (protected branch hook declined)
error: failed to push some refs to 'git@github.com:mkjost0/gem5-actions.git'
From https://gem5.googlesource.com/public/gem5
 * branch                  develop    -> FETCH_HEAD
Already up to date.
remote: error: GH006: Protected branch update failed for refs/heads/develop.        
remote: error: Cannot force-push to this branch        
To github.com:mkjost0/gem5-actions.git
 ! [remote rejected]       develop -> develop (protected branch hook declined)
error: failed to push some refs to 'git@github.com:mkjost0/gem5-actions.git'
From https://gem5.googlesource.com/public/gem5
 * branch                  develop    -> FETCH_HEAD
Already up to date.
remote: error: GH006: Protected branch update failed for refs/heads/develop.        
remote: error: Cannot force-push to this branch        
To github.com:mkjost0/gem5-actions.git
 ! [remote rejected]       develop -> develop (protected branch hook declined)
error: failed to push some refs to 'git@github.com:mkjost0/gem5-actions.git'
From https://gem5.googlesource.com/public/gem5
 * branch                  develop    -> FETCH_HEAD
Already up to date.
remote: error: GH006: Protected branch update failed for refs/heads/develop.        
remote: error: Cannot force-push to this branch        
To github.com:mkjost0/gem5-actions.git
 ! [remote rejected]       develop -> develop (protected branch hook declined)
error: failed to push some refs to 'git@github.com:mkjost0/gem5-actions.git'
From https://gem5.googlesource.com/public/gem5
 * branch                  develop    -> FETCH_HEAD
Already up to date.
remote: error: GH006: Protected branch update failed for refs/heads/develop.        
remote: error: Cannot force-push to this branch        
To github.com:mkjost0/gem5-actions.git
 ! [remote rejected]       develop -> develop (protected branch hook declined)
error: failed to push some refs to 'git@github.com:mkjost0/gem5-actions.git'
From https://gem5.googlesource.com/public/gem5
 * branch                  develop    -> FETCH_HEAD
Already up to date.
remote: error: GH006: Protected branch update failed for refs/heads/develop.        
remote: error: Cannot force-push to this branch        
To github.com:mkjost0/gem5-actions.git
 ! [remote rejected]       develop -> develop (protected branch hook declined)
error: failed to push some refs to 'git@github.com:mkjost0/gem5-actions.git'
From https://gem5.googlesource.com/public/gem5
 * branch                  develop    -> FETCH_HEAD
Already up to date.
remote: error: GH006: Protected branch update failed for refs/heads/develop.        
remote: error: Cannot force-push to this branch        
To github.com:mkjost0/gem5-actions.git
 ! [remote rejected]       develop -> develop (protected branch hook declined)
error: failed to push some refs to 'git@github.com:mkjost0/gem5-actions.git'
From https://gem5.googlesource.com/public/gem5
 * branch                  develop    -> FETCH_HEAD
Already up to date.
remote: error: GH006: Protected branch update failed for refs/heads/develop.        
remote: error: Cannot force-push to this branch        
To github.com:mkjost0/gem5-actions.git
 ! [remote rejected]       develop -> develop (protected branch hook declined)
error: failed to push some refs to 'git@github.com:mkjost0/gem5-actions.git'
From https://gem5.googlesource.com/public/gem5
 * branch                  develop    -> FETCH_HEAD
Already up to date.
remote: error: GH006: Protected branch update failed for refs/heads/develop.        
remote: error: Cannot force-push to this branch        
To github.com:mkjost0/gem5-actions.git
 ! [remote rejected]       develop -> develop (protected branch hook declined)
error: failed to push some refs to 'git@github.com:mkjost0/gem5-actions.git'
From https://gem5.googlesource.com/public/gem5
 * branch                  develop    -> FETCH_HEAD
Already up to date.
remote: error: GH006: Protected branch update failed for refs/heads/develop.        
remote: error: Cannot force-push to this branch        
To github.com:mkjost0/gem5-actions.git
 ! [remote rejected]       develop -> develop (protected branch hook declined)
error: failed to push some refs to 'git@github.com:mkjost0/gem5-actions.git'
From https://gem5.googlesource.com/public/gem5
 * branch                  develop    -> FETCH_HEAD
Already up to date.
remote: error: GH006: Protected branch update failed for refs/heads/develop.        
remote: error: Cannot force-push to this branch        
To github.com:mkjost0/gem5-actions.git
 ! [remote rejected]       develop -> develop (protected branch hook declined)
error: failed to push some refs to 'git@github.com:mkjost0/gem5-actions.git'
From https://gem5.googlesource.com/public/gem5
 * branch                  develop    -> FETCH_HEAD
Already up to date.
remote: error: GH006: Protected branch update failed for refs/heads/develop.        
remote: error: Cannot force-push to this branch        
To github.com:mkjost0/gem5-actions.git
 ! [remote rejected]       develop -> develop (protected branch hook declined)
error: failed to push some refs to 'git@github.com:mkjost0/gem5-actions.git'
From https://gem5.googlesource.com/public/gem5
 * branch                  develop    -> FETCH_HEAD
Already up to date.
remote: error: GH006: Protected branch update failed for refs/heads/develop.        
remote: error: Cannot force-push to this branch        
To github.com:mkjost0/gem5-actions.git
 ! [remote rejected]       develop -> develop (protected branch hook declined)
error: failed to push some refs to 'git@github.com:mkjost0/gem5-actions.git'
From https://gem5.googlesource.com/public/gem5
 * branch                  develop    -> FETCH_HEAD
Already up to date.
remote: error: GH006: Protected branch update failed for refs/heads/develop.        
remote: error: Cannot force-push to this branch        
To github.com:mkjost0/gem5-actions.git
 ! [remote rejected]       develop -> develop (protected branch hook declined)
error: failed to push some refs to 'git@github.com:mkjost0/gem5-actions.git'
From https://gem5.googlesource.com/public/gem5
 * branch                  develop    -> FETCH_HEAD
Already up to date.
remote: error: GH006: Protected branch update failed for refs/heads/develop.        
remote: error: Cannot force-push to this branch        
To github.com:mkjost0/gem5-actions.git
 ! [remote rejected]       develop -> develop (protected branch hook declined)
error: failed to push some refs to 'git@github.com:mkjost0/gem5-actions.git'
From https://gem5.googlesource.com/public/gem5
 * branch                  develop    -> FETCH_HEAD
Already up to date.
remote: error: GH006: Protected branch update failed for refs/heads/develop.        
remote: error: Cannot force-push to this branch        
To github.com:mkjost0/gem5-actions.git
 ! [remote rejected]       develop -> develop (protected branch hook declined)
error: failed to push some refs to 'git@github.com:mkjost0/gem5-actions.git'
From https://gem5.googlesource.com/public/gem5
 * branch                  develop    -> FETCH_HEAD
Already up to date.
remote: error: GH006: Protected branch update failed for refs/heads/develop.        
remote: error: Cannot force-push to this branch        
To github.com:mkjost0/gem5-actions.git
 ! [remote rejected]       develop -> develop (protected branch hook declined)
error: failed to push some refs to 'git@github.com:mkjost0/gem5-actions.git'
From https://gem5.googlesource.com/public/gem5
 * branch                  develop    -> FETCH_HEAD
Already up to date.
remote: error: GH006: Protected branch update failed for refs/heads/develop.        
remote: error: Cannot force-push to this branch        
To github.com:mkjost0/gem5-actions.git
 ! [remote rejected]       develop -> develop (protected branch hook declined)
error: failed to push some refs to 'git@github.com:mkjost0/gem5-actions.git'
From https://gem5.googlesource.com/public/gem5
 * branch                  develop    -> FETCH_HEAD
Already up to date.
remote: error: GH006: Protected branch update failed for refs/heads/develop.        
remote: error: Cannot force-push to this branch        
To github.com:mkjost0/gem5-actions.git
 ! [remote rejected]       develop -> develop (protected branch hook declined)
error: failed to push some refs to 'git@github.com:mkjost0/gem5-actions.git'
From https://gem5.googlesource.com/public/gem5
 * branch                  develop    -> FETCH_HEAD
Already up to date.
remote: error: GH006: Protected branch update failed for refs/heads/develop.        
remote: error: Cannot force-push to this branch        
To github.com:mkjost0/gem5-actions.git
 ! [remote rejected]       develop -> develop (protected branch hook declined)
error: failed to push some refs to 'git@github.com:mkjost0/gem5-actions.git'
From https://gem5.googlesource.com/public/gem5
 * branch                  develop    -> FETCH_HEAD
Already up to date.
remote: error: GH006: Protected branch update failed for refs/heads/develop.        
remote: error: Cannot force-push to this branch        
To github.com:mkjost0/gem5-actions.git
 ! [remote rejected]       develop -> develop (protected branch hook declined)
error: failed to push some refs to 'git@github.com:mkjost0/gem5-actions.git'
From https://gem5.googlesource.com/public/gem5
 * branch                  develop    -> FETCH_HEAD
Already up to date.
remote: error: GH006: Protected branch update failed for refs/heads/develop.        
remote: error: Cannot force-push to this branch        
To github.com:mkjost0/gem5-actions.git
 ! [remote rejected]       develop -> develop (protected branch hook declined)
error: failed to push some refs to 'git@github.com:mkjost0/gem5-actions.git'
From https://gem5.googlesource.com/public/gem5
 * branch                  develop    -> FETCH_HEAD
Already up to date.
remote: error: GH006: Protected branch update failed for refs/heads/develop.        
remote: error: Cannot force-push to this branch        
To github.com:mkjost0/gem5-actions.git
 ! [remote rejected]       develop -> develop (protected branch hook declined)
error: failed to push some refs to 'git@github.com:mkjost0/gem5-actions.git'
From https://gem5.googlesource.com/public/gem5
 * branch                  develop    -> FETCH_HEAD
Already up to date.
remote: error: GH006: Protected branch update failed for refs/heads/develop.        
remote: error: Cannot force-push to this branch        
To github.com:mkjost0/gem5-actions.git
 ! [remote rejected]       develop -> develop (protected branch hook declined)
error: failed to push some refs to 'git@github.com:mkjost0/gem5-actions.git'
From https://gem5.googlesource.com/public/gem5
 * branch                  develop    -> FETCH_HEAD
Already up to date.
remote: error: GH006: Protected branch update failed for refs/heads/develop.        
remote: error: Cannot force-push to this branch        
To github.com:mkjost0/gem5-actions.git
 ! [remote rejected]       develop -> develop (protected branch hook declined)
error: failed to push some refs to 'git@github.com:mkjost0/gem5-actions.git'
From https://gem5.googlesource.com/public/gem5
 * branch                  develop    -> FETCH_HEAD
Already up to date.
remote: error: GH006: Protected branch update failed for refs/heads/develop.        
remote: error: Cannot force-push to this branch        
To github.com:mkjost0/gem5-actions.git
 ! [remote rejected]       develop -> develop (protected branch hook declined)
error: failed to push some refs to 'git@github.com:mkjost0/gem5-actions.git'
From https://gem5.googlesource.com/public/gem5
 * branch                  develop    -> FETCH_HEAD
Already up to date.
remote: error: GH006: Protected branch update failed for refs/heads/develop.        
remote: error: Cannot force-push to this branch        
To github.com:mkjost0/gem5-actions.git
 ! [remote rejected]       develop -> develop (protected branch hook declined)
error: failed to push some refs to 'git@github.com:mkjost0/gem5-actions.git'
From https://gem5.googlesource.com/public/gem5
 * branch                  develop    -> FETCH_HEAD
Already up to date.
remote: error: GH006: Protected branch update failed for refs/heads/develop.        
remote: error: Cannot force-push to this branch        
To github.com:mkjost0/gem5-actions.git
 ! [remote rejected]       develop -> develop (protected branch hook declined)
error: failed to push some refs to 'git@github.com:mkjost0/gem5-actions.git'
From https://gem5.googlesource.com/public/gem5
 * branch                  develop    -> FETCH_HEAD
Already up to date.
remote: error: GH006: Protected branch update failed for refs/heads/develop.        
remote: error: Cannot force-push to this branch        
To github.com:mkjost0/gem5-actions.git
 ! [remote rejected]       develop -> develop (protected branch hook declined)
error: failed to push some refs to 'git@github.com:mkjost0/gem5-actions.git'
From https://gem5.googlesource.com/public/gem5
 * branch                  develop    -> FETCH_HEAD
Already up to date.
remote: error: GH006: Protected branch update failed for refs/heads/develop.        
remote: error: Cannot force-push to this branch        
To github.com:mkjost0/gem5-actions.git
 ! [remote rejected]       develop -> develop (protected branch hook declined)
error: failed to push some refs to 'git@github.com:mkjost0/gem5-actions.git'
From https://gem5.googlesource.com/public/gem5
 * branch                  develop    -> FETCH_HEAD
Already up to date.
remote: error: GH006: Protected branch update failed for refs/heads/develop.        
remote: error: Cannot force-push to this branch        
To github.com:mkjost0/gem5-actions.git
 ! [remote rejected]       develop -> develop (protected branch hook declined)
error: failed to push some refs to 'git@github.com:mkjost0/gem5-actions.git'
From https://gem5.googlesource.com/public/gem5
 * branch                  develop    -> FETCH_HEAD
Already up to date.
remote: error: GH006: Protected branch update failed for refs/heads/develop.        
remote: error: Cannot force-push to this branch        
To github.com:mkjost0/gem5-actions.git
 ! [remote rejected]       develop -> develop (protected branch hook declined)
error: failed to push some refs to 'git@github.com:mkjost0/gem5-actions.git'
From https://gem5.googlesource.com/public/gem5
 * branch                  develop    -> FETCH_HEAD
Already up to date.
remote: error: GH006: Protected branch update failed for refs/heads/develop.        
remote: error: Cannot force-push to this branch        
To github.com:mkjost0/gem5-actions.git
 ! [remote rejected]       develop -> develop (protected branch hook declined)
error: failed to push some refs to 'git@github.com:mkjost0/gem5-actions.git'
From https://gem5.googlesource.com/public/gem5
 * branch                  develop    -> FETCH_HEAD
Already up to date.
remote: error: GH006: Protected branch update failed for refs/heads/develop.        
remote: error: Cannot force-push to this branch        
To github.com:mkjost0/gem5-actions.git
 ! [remote rejected]       develop -> develop (protected branch hook declined)
error: failed to push some refs to 'git@github.com:mkjost0/gem5-actions.git'
From https://gem5.googlesource.com/public/gem5
 * branch                  develop    -> FETCH_HEAD
Already up to date.
remote: error: GH006: Protected branch update failed for refs/heads/develop.        
remote: error: Cannot force-push to this branch        
To github.com:mkjost0/gem5-actions.git
 ! [remote rejected]       develop -> develop (protected branch hook declined)
error: failed to push some refs to 'git@github.com:mkjost0/gem5-actions.git'
From https://gem5.googlesource.com/public/gem5
 * branch                  develop    -> FETCH_HEAD
Already up to date.
remote: error: GH006: Protected branch update failed for refs/heads/develop.        
remote: error: Cannot force-push to this branch        
To github.com:mkjost0/gem5-actions.git
 ! [remote rejected]       develop -> develop (protected branch hook declined)
error: failed to push some refs to 'git@github.com:mkjost0/gem5-actions.git'
From https://gem5.googlesource.com/public/gem5
 * branch                  develop    -> FETCH_HEAD
Already up to date.
remote: error: GH006: Protected branch update failed for refs/heads/develop.        
remote: error: Cannot force-push to this branch        
To github.com:mkjost0/gem5-actions.git
 ! [remote rejected]       develop -> develop (protected branch hook declined)
error: failed to push some refs to 'git@github.com:mkjost0/gem5-actions.git'
From https://gem5.googlesource.com/public/gem5
 * branch                  develop    -> FETCH_HEAD
Already up to date.
remote: error: GH006: Protected branch update failed for refs/heads/develop.        
remote: error: Cannot force-push to this branch        
To github.com:mkjost0/gem5-actions.git
 ! [remote rejected]       develop -> develop (protected branch hook declined)
error: failed to push some refs to 'git@github.com:mkjost0/gem5-actions.git'
From https://gem5.googlesource.com/public/gem5
 * branch                  develop    -> FETCH_HEAD
Already up to date.
remote: error: GH006: Protected branch update failed for refs/heads/develop.        
remote: error: Cannot force-push to this branch        
To github.com:mkjost0/gem5-actions.git
 ! [remote rejected]       develop -> develop (protected branch hook declined)
error: failed to push some refs to 'git@github.com:mkjost0/gem5-actions.git'
From https://gem5.googlesource.com/public/gem5
 * branch                  develop    -> FETCH_HEAD
Already up to date.
remote: error: GH006: Protected branch update failed for refs/heads/develop.        
remote: error: Cannot force-push to this branch        
To github.com:mkjost0/gem5-actions.git
 ! [remote rejected]       develop -> develop (protected branch hook declined)
error: failed to push some refs to 'git@github.com:mkjost0/gem5-actions.git'
From https://gem5.googlesource.com/public/gem5
 * branch                  develop    -> FETCH_HEAD
Already up to date.
remote: error: GH006: Protected branch update failed for refs/heads/develop.        
remote: error: Cannot force-push to this branch        
To github.com:mkjost0/gem5-actions.git
 ! [remote rejected]       develop -> develop (protected branch hook declined)
error: failed to push some refs to 'git@github.com:mkjost0/gem5-actions.git'
From https://gem5.googlesource.com/public/gem5
 * branch                  develop    -> FETCH_HEAD
Already up to date.
remote: error: GH006: Protected branch update failed for refs/heads/develop.        
remote: error: Cannot force-push to this branch        
To github.com:mkjost0/gem5-actions.git
 ! [remote rejected]       develop -> develop (protected branch hook declined)
error: failed to push some refs to 'git@github.com:mkjost0/gem5-actions.git'
From https://gem5.googlesource.com/public/gem5
 * branch                  develop    -> FETCH_HEAD
Already up to date.
remote: error: GH006: Protected branch update failed for refs/heads/develop.        
remote: error: Cannot force-push to this branch        
To github.com:mkjost0/gem5-actions.git
 ! [remote rejected]       develop -> develop (protected branch hook declined)
error: failed to push some refs to 'git@github.com:mkjost0/gem5-actions.git'
From https://gem5.googlesource.com/public/gem5
 * branch                  develop    -> FETCH_HEAD
Already up to date.
remote: error: GH006: Protected branch update failed for refs/heads/develop.        
remote: error: Cannot force-push to this branch        
To github.com:mkjost0/gem5-actions.git
 ! [remote rejected]       develop -> develop (protected branch hook declined)
error: failed to push some refs to 'git@github.com:mkjost0/gem5-actions.git'
From https://gem5.googlesource.com/public/gem5
 * branch                  develop    -> FETCH_HEAD
Already up to date.
remote: error: GH006: Protected branch update failed for refs/heads/develop.        
remote: error: Cannot force-push to this branch        
To github.com:mkjost0/gem5-actions.git
 ! [remote rejected]       develop -> develop (protected branch hook declined)
error: failed to push some refs to 'git@github.com:mkjost0/gem5-actions.git'
From https://gem5.googlesource.com/public/gem5
 * branch                  develop    -> FETCH_HEAD
Already up to date.
remote: error: GH006: Protected branch update failed for refs/heads/develop.        
remote: error: Cannot force-push to this branch        
To github.com:mkjost0/gem5-actions.git
 ! [remote rejected]       develop -> develop (protected branch hook declined)
error: failed to push some refs to 'git@github.com:mkjost0/gem5-actions.git'
From https://gem5.googlesource.com/public/gem5
 * branch                  develop    -> FETCH_HEAD
Already up to date.
remote: error: GH006: Protected branch update failed for refs/heads/develop.        
remote: error: Cannot force-push to this branch        
To github.com:mkjost0/gem5-actions.git
 ! [remote rejected]       develop -> develop (protected branch hook declined)
error: failed to push some refs to 'git@github.com:mkjost0/gem5-actions.git'
From https://gem5.googlesource.com/public/gem5
 * branch                  develop    -> FETCH_HEAD
Already up to date.
remote: error: GH006: Protected branch update failed for refs/heads/develop.        
remote: error: Cannot force-push to this branch        
To github.com:mkjost0/gem5-actions.git
 ! [remote rejected]       develop -> develop (protected branch hook declined)
error: failed to push some refs to 'git@github.com:mkjost0/gem5-actions.git'
From https://gem5.googlesource.com/public/gem5
 * branch                  develop    -> FETCH_HEAD
Already up to date.
remote: error: GH006: Protected branch update failed for refs/heads/develop.        
remote: error: Cannot force-push to this branch        
To github.com:mkjost0/gem5-actions.git
 ! [remote rejected]       develop -> develop (protected branch hook declined)
error: failed to push some refs to 'git@github.com:mkjost0/gem5-actions.git'
From https://gem5.googlesource.com/public/gem5
 * branch                  develop    -> FETCH_HEAD
Already up to date.
remote: error: GH006: Protected branch update failed for refs/heads/develop.        
remote: error: Cannot force-push to this branch        
To github.com:mkjost0/gem5-actions.git
 ! [remote rejected]       develop -> develop (protected branch hook declined)
error: failed to push some refs to 'git@github.com:mkjost0/gem5-actions.git'
From https://gem5.googlesource.com/public/gem5
 * branch                  develop    -> FETCH_HEAD
   aff1e7b64c..d5bdf6cf79  develop    -> upstream/develop
From https://gem5.googlesource.com/public/gem5
 * branch                  develop    -> FETCH_HEAD
Already up to date.
remote: error: GH006: Protected branch update failed for refs/heads/develop.        
remote: error: Cannot force-push to this branch        
To github.com:mkjost0/gem5-actions.git
 ! [remote rejected]       develop -> develop (protected branch hook declined)
error: failed to push some refs to 'git@github.com:mkjost0/gem5-actions.git'
From https://gem5.googlesource.com/public/gem5
 * branch                  develop    -> FETCH_HEAD
Already up to date.
remote: error: GH006: Protected branch update failed for refs/heads/develop.        
remote: error: Cannot force-push to this branch        
To github.com:mkjost0/gem5-actions.git
 ! [remote rejected]       develop -> develop (protected branch hook declined)
error: failed to push some refs to 'git@github.com:mkjost0/gem5-actions.git'
From https://gem5.googlesource.com/public/gem5
 * branch                  develop    -> FETCH_HEAD
Already up to date.
remote: error: GH006: Protected branch update failed for refs/heads/develop.        
remote: error: Cannot force-push to this branch        
To github.com:mkjost0/gem5-actions.git
 ! [remote rejected]       develop -> develop (protected branch hook declined)
error: failed to push some refs to 'git@github.com:mkjost0/gem5-actions.git'
From https://gem5.googlesource.com/public/gem5
 * branch                  develop    -> FETCH_HEAD
Already up to date.
remote: error: GH006: Protected branch update failed for refs/heads/develop.        
remote: error: Cannot force-push to this branch        
To github.com:mkjost0/gem5-actions.git
 ! [remote rejected]       develop -> develop (protected branch hook declined)
error: failed to push some refs to 'git@github.com:mkjost0/gem5-actions.git'
From https://gem5.googlesource.com/public/gem5
 * branch                  develop    -> FETCH_HEAD
Already up to date.
remote: error: GH006: Protected branch update failed for refs/heads/develop.        
remote: error: Cannot force-push to this branch        
To github.com:mkjost0/gem5-actions.git
 ! [remote rejected]       develop -> develop (protected branch hook declined)
error: failed to push some refs to 'git@github.com:mkjost0/gem5-actions.git'
From https://gem5.googlesource.com/public/gem5
 * branch                  develop    -> FETCH_HEAD
Already up to date.
remote: error: GH006: Protected branch update failed for refs/heads/develop.        
remote: error: Cannot force-push to this branch        
To github.com:mkjost0/gem5-actions.git
 ! [remote rejected]       develop -> develop (protected branch hook declined)
error: failed to push some refs to 'git@github.com:mkjost0/gem5-actions.git'
From https://gem5.googlesource.com/public/gem5
 * branch                  develop    -> FETCH_HEAD
Already up to date.
remote: error: GH006: Protected branch update failed for refs/heads/develop.        
remote: error: Cannot force-push to this branch        
To github.com:mkjost0/gem5-actions.git
 ! [remote rejected]       develop -> develop (protected branch hook declined)
error: failed to push some refs to 'git@github.com:mkjost0/gem5-actions.git'
From https://gem5.googlesource.com/public/gem5
 * branch                  develop    -> FETCH_HEAD
Already up to date.
remote: error: GH006: Protected branch update failed for refs/heads/develop.        
remote: error: Cannot force-push to this branch        
To github.com:mkjost0/gem5-actions.git
 ! [remote rejected]       develop -> develop (protected branch hook declined)
error: failed to push some refs to 'git@github.com:mkjost0/gem5-actions.git'
From https://gem5.googlesource.com/public/gem5
 * branch                  develop    -> FETCH_HEAD
Already up to date.
remote: error: GH006: Protected branch update failed for refs/heads/develop.        
remote: error: Cannot force-push to this branch        
To github.com:mkjost0/gem5-actions.git
 ! [remote rejected]       develop -> develop (protected branch hook declined)
error: failed to push some refs to 'git@github.com:mkjost0/gem5-actions.git'
From https://gem5.googlesource.com/public/gem5
 * branch                  develop    -> FETCH_HEAD
Already up to date.
remote: error: GH006: Protected branch update failed for refs/heads/develop.        
remote: error: Cannot force-push to this branch        
To github.com:mkjost0/gem5-actions.git
 ! [remote rejected]       develop -> develop (protected branch hook declined)
error: failed to push some refs to 'git@github.com:mkjost0/gem5-actions.git'
From https://gem5.googlesource.com/public/gem5
 * branch                  develop    -> FETCH_HEAD
Already up to date.
remote: error: GH006: Protected branch update failed for refs/heads/develop.        
remote: error: Cannot force-push to this branch        
To github.com:mkjost0/gem5-actions.git
 ! [remote rejected]       develop -> develop (protected branch hook declined)
error: failed to push some refs to 'git@github.com:mkjost0/gem5-actions.git'
From https://gem5.googlesource.com/public/gem5
 * branch                  develop    -> FETCH_HEAD
Already up to date.
remote: error: GH006: Protected branch update failed for refs/heads/develop.        
remote: error: Cannot force-push to this branch        
To github.com:mkjost0/gem5-actions.git
 ! [remote rejected]       develop -> develop (protected branch hook declined)
error: failed to push some refs to 'git@github.com:mkjost0/gem5-actions.git'
From https://gem5.googlesource.com/public/gem5
 * branch                  develop    -> FETCH_HEAD
Already up to date.
remote: error: GH006: Protected branch update failed for refs/heads/develop.        
remote: error: Cannot force-push to this branch        
To github.com:mkjost0/gem5-actions.git
 ! [remote rejected]       develop -> develop (protected branch hook declined)
error: failed to push some refs to 'git@github.com:mkjost0/gem5-actions.git'
From https://gem5.googlesource.com/public/gem5
 * branch                  develop    -> FETCH_HEAD
Already up to date.
remote: error: GH006: Protected branch update failed for refs/heads/develop.        
remote: error: Cannot force-push to this branch        
To github.com:mkjost0/gem5-actions.git
 ! [remote rejected]       develop -> develop (protected branch hook declined)
error: failed to push some refs to 'git@github.com:mkjost0/gem5-actions.git'
From https://gem5.googlesource.com/public/gem5
 * branch                  develop    -> FETCH_HEAD
Already up to date.
remote: error: GH006: Protected branch update failed for refs/heads/develop.        
remote: error: Cannot force-push to this branch        
To github.com:mkjost0/gem5-actions.git
 ! [remote rejected]       develop -> develop (protected branch hook declined)
error: failed to push some refs to 'git@github.com:mkjost0/gem5-actions.git'
From https://gem5.googlesource.com/public/gem5
 * branch                  develop    -> FETCH_HEAD
Already up to date.
remote: error: GH006: Protected branch update failed for refs/heads/develop.        
remote: error: Cannot force-push to this branch        
To github.com:mkjost0/gem5-actions.git
 ! [remote rejected]       develop -> develop (protected branch hook declined)
error: failed to push some refs to 'git@github.com:mkjost0/gem5-actions.git'
From https://gem5.googlesource.com/public/gem5
 * branch                  develop    -> FETCH_HEAD
Already up to date.
remote: error: GH006: Protected branch update failed for refs/heads/develop.        
remote: error: Cannot force-push to this branch        
To github.com:mkjost0/gem5-actions.git
 ! [remote rejected]       develop -> develop (protected branch hook declined)
error: failed to push some refs to 'git@github.com:mkjost0/gem5-actions.git'
From https://gem5.googlesource.com/public/gem5
 * branch                  develop    -> FETCH_HEAD
Already up to date.
remote: error: GH006: Protected branch update failed for refs/heads/develop.        
remote: error: Cannot force-push to this branch        
To github.com:mkjost0/gem5-actions.git
 ! [remote rejected]       develop -> develop (protected branch hook declined)
error: failed to push some refs to 'git@github.com:mkjost0/gem5-actions.git'
From https://gem5.googlesource.com/public/gem5
 * branch                  develop    -> FETCH_HEAD
Already up to date.
remote: error: GH006: Protected branch update failed for refs/heads/develop.        
remote: error: Cannot force-push to this branch        
To github.com:mkjost0/gem5-actions.git
 ! [remote rejected]       develop -> develop (protected branch hook declined)
error: failed to push some refs to 'git@github.com:mkjost0/gem5-actions.git'
From https://gem5.googlesource.com/public/gem5
 * branch                  develop    -> FETCH_HEAD
Already up to date.
remote: error: GH006: Protected branch update failed for refs/heads/develop.        
remote: error: Cannot force-push to this branch        
To github.com:mkjost0/gem5-actions.git
 ! [remote rejected]       develop -> develop (protected branch hook declined)
error: failed to push some refs to 'git@github.com:mkjost0/gem5-actions.git'
From https://gem5.googlesource.com/public/gem5
 * branch                  develop    -> FETCH_HEAD
Already up to date.
remote: error: GH006: Protected branch update failed for refs/heads/develop.        
remote: error: Cannot force-push to this branch        
To github.com:mkjost0/gem5-actions.git
 ! [remote rejected]       develop -> develop (protected branch hook declined)
error: failed to push some refs to 'git@github.com:mkjost0/gem5-actions.git'
From https://gem5.googlesource.com/public/gem5
 * branch                  develop    -> FETCH_HEAD
Already up to date.
remote: error: GH006: Protected branch update failed for refs/heads/develop.        
remote: error: Cannot force-push to this branch        
To github.com:mkjost0/gem5-actions.git
 ! [remote rejected]       develop -> develop (protected branch hook declined)
error: failed to push some refs to 'git@github.com:mkjost0/gem5-actions.git'
From https://gem5.googlesource.com/public/gem5
 * branch                  develop    -> FETCH_HEAD
Already up to date.
remote: error: GH006: Protected branch update failed for refs/heads/develop.        
remote: error: Cannot force-push to this branch        
To github.com:mkjost0/gem5-actions.git
 ! [remote rejected]       develop -> develop (protected branch hook declined)
error: failed to push some refs to 'git@github.com:mkjost0/gem5-actions.git'
From https://gem5.googlesource.com/public/gem5
 * branch                  develop    -> FETCH_HEAD
Already up to date.
remote: error: GH006: Protected branch update failed for refs/heads/develop.        
remote: error: Cannot force-push to this branch        
To github.com:mkjost0/gem5-actions.git
 ! [remote rejected]       develop -> develop (protected branch hook declined)
error: failed to push some refs to 'git@github.com:mkjost0/gem5-actions.git'
From https://gem5.googlesource.com/public/gem5
 * branch                  develop    -> FETCH_HEAD
Already up to date.
remote: error: GH006: Protected branch update failed for refs/heads/develop.        
remote: error: Cannot force-push to this branch        
To github.com:mkjost0/gem5-actions.git
 ! [remote rejected]       develop -> develop (protected branch hook declined)
error: failed to push some refs to 'git@github.com:mkjost0/gem5-actions.git'
From https://gem5.googlesource.com/public/gem5
 * branch                  develop    -> FETCH_HEAD
Already up to date.
remote: error: GH006: Protected branch update failed for refs/heads/develop.        
remote: error: Cannot force-push to this branch        
To github.com:mkjost0/gem5-actions.git
 ! [remote rejected]       develop -> develop (protected branch hook declined)
error: failed to push some refs to 'git@github.com:mkjost0/gem5-actions.git'
From https://gem5.googlesource.com/public/gem5
 * branch                  develop    -> FETCH_HEAD
Already up to date.
remote: error: GH006: Protected branch update failed for refs/heads/develop.        
remote: error: Cannot force-push to this branch        
To github.com:mkjost0/gem5-actions.git
 ! [remote rejected]       develop -> develop (protected branch hook declined)
error: failed to push some refs to 'git@github.com:mkjost0/gem5-actions.git'
From https://gem5.googlesource.com/public/gem5
 * branch                  develop    -> FETCH_HEAD
Already up to date.
remote: error: GH006: Protected branch update failed for refs/heads/develop.        
remote: error: Cannot force-push to this branch        
To github.com:mkjost0/gem5-actions.git
 ! [remote rejected]       develop -> develop (protected branch hook declined)
error: failed to push some refs to 'git@github.com:mkjost0/gem5-actions.git'
From https://gem5.googlesource.com/public/gem5
 * branch                  develop    -> FETCH_HEAD
Already up to date.
remote: error: GH006: Protected branch update failed for refs/heads/develop.        
remote: error: Cannot force-push to this branch        
To github.com:mkjost0/gem5-actions.git
 ! [remote rejected]       develop -> develop (protected branch hook declined)
error: failed to push some refs to 'git@github.com:mkjost0/gem5-actions.git'
From https://gem5.googlesource.com/public/gem5
 * branch                  develop    -> FETCH_HEAD
Already up to date.
remote: error: GH006: Protected branch update failed for refs/heads/develop.        
remote: error: Cannot force-push to this branch        
To github.com:mkjost0/gem5-actions.git
 ! [remote rejected]       develop -> develop (protected branch hook declined)
error: failed to push some refs to 'git@github.com:mkjost0/gem5-actions.git'
From https://gem5.googlesource.com/public/gem5
 * branch                  develop    -> FETCH_HEAD
Already up to date.
remote: error: GH006: Protected branch update failed for refs/heads/develop.        
remote: error: Cannot force-push to this branch        
To github.com:mkjost0/gem5-actions.git
 ! [remote rejected]       develop -> develop (protected branch hook declined)
error: failed to push some refs to 'git@github.com:mkjost0/gem5-actions.git'
From https://gem5.googlesource.com/public/gem5
 * branch                  develop    -> FETCH_HEAD
Already up to date.
remote: error: GH006: Protected branch update failed for refs/heads/develop.        
remote: error: Cannot force-push to this branch        
To github.com:mkjost0/gem5-actions.git
 ! [remote rejected]       develop -> develop (protected branch hook declined)
error: failed to push some refs to 'git@github.com:mkjost0/gem5-actions.git'
From https://gem5.googlesource.com/public/gem5
 * branch                  develop    -> FETCH_HEAD
Already up to date.
remote: error: GH006: Protected branch update failed for refs/heads/develop.        
remote: error: Cannot force-push to this branch        
To github.com:mkjost0/gem5-actions.git
 ! [remote rejected]       develop -> develop (protected branch hook declined)
error: failed to push some refs to 'git@github.com:mkjost0/gem5-actions.git'
From https://gem5.googlesource.com/public/gem5
 * branch                  develop    -> FETCH_HEAD
Already up to date.
remote: error: GH006: Protected branch update failed for refs/heads/develop.        
remote: error: Cannot force-push to this branch        
To github.com:mkjost0/gem5-actions.git
 ! [remote rejected]       develop -> develop (protected branch hook declined)
error: failed to push some refs to 'git@github.com:mkjost0/gem5-actions.git'
From https://gem5.googlesource.com/public/gem5
 * branch                  develop    -> FETCH_HEAD
Already up to date.
remote: error: GH006: Protected branch update failed for refs/heads/develop.        
remote: error: Cannot force-push to this branch        
To github.com:mkjost0/gem5-actions.git
 ! [remote rejected]       develop -> develop (protected branch hook declined)
error: failed to push some refs to 'git@github.com:mkjost0/gem5-actions.git'
From https://gem5.googlesource.com/public/gem5
 * branch                  develop    -> FETCH_HEAD
Already up to date.
remote: error: GH006: Protected branch update failed for refs/heads/develop.        
remote: error: Cannot force-push to this branch        
To github.com:mkjost0/gem5-actions.git
 ! [remote rejected]       develop -> develop (protected branch hook declined)
error: failed to push some refs to 'git@github.com:mkjost0/gem5-actions.git'
From https://gem5.googlesource.com/public/gem5
 * branch                  develop    -> FETCH_HEAD
Already up to date.
remote: error: GH006: Protected branch update failed for refs/heads/develop.        
remote: error: Cannot force-push to this branch        
To github.com:mkjost0/gem5-actions.git
 ! [remote rejected]       develop -> develop (protected branch hook declined)
error: failed to push some refs to 'git@github.com:mkjost0/gem5-actions.git'
From https://gem5.googlesource.com/public/gem5
 * branch                  develop    -> FETCH_HEAD
Already up to date.
remote: error: GH006: Protected branch update failed for refs/heads/develop.        
remote: error: Cannot force-push to this branch        
To github.com:mkjost0/gem5-actions.git
 ! [remote rejected]       develop -> develop (protected branch hook declined)
error: failed to push some refs to 'git@github.com:mkjost0/gem5-actions.git'
From https://gem5.googlesource.com/public/gem5
 * branch                  develop    -> FETCH_HEAD
Already up to date.
remote: error: GH006: Protected branch update failed for refs/heads/develop.        
remote: error: Cannot force-push to this branch        
To github.com:mkjost0/gem5-actions.git
 ! [remote rejected]       develop -> develop (protected branch hook declined)
error: failed to push some refs to 'git@github.com:mkjost0/gem5-actions.git'
From https://gem5.googlesource.com/public/gem5
 * branch                  develop    -> FETCH_HEAD
Already up to date.
remote: error: GH006: Protected branch update failed for refs/heads/develop.        
remote: error: Cannot force-push to this branch        
To github.com:mkjost0/gem5-actions.git
 ! [remote rejected]       develop -> develop (protected branch hook declined)
error: failed to push some refs to 'git@github.com:mkjost0/gem5-actions.git'
From https://gem5.googlesource.com/public/gem5
 * branch                  develop    -> FETCH_HEAD
Already up to date.
remote: error: GH006: Protected branch update failed for refs/heads/develop.        
remote: error: Cannot force-push to this branch        
To github.com:mkjost0/gem5-actions.git
 ! [remote rejected]       develop -> develop (protected branch hook declined)
error: failed to push some refs to 'git@github.com:mkjost0/gem5-actions.git'
From https://gem5.googlesource.com/public/gem5
 * branch                  develop    -> FETCH_HEAD
Already up to date.
remote: error: GH006: Protected branch update failed for refs/heads/develop.        
remote: error: Cannot force-push to this branch        
To github.com:mkjost0/gem5-actions.git
 ! [remote rejected]       develop -> develop (protected branch hook declined)
error: failed to push some refs to 'git@github.com:mkjost0/gem5-actions.git'
From https://gem5.googlesource.com/public/gem5
 * branch                  develop    -> FETCH_HEAD
Already up to date.
remote: error: GH006: Protected branch update failed for refs/heads/develop.        
remote: error: Cannot force-push to this branch        
To github.com:mkjost0/gem5-actions.git
 ! [remote rejected]       develop -> develop (protected branch hook declined)
error: failed to push some refs to 'git@github.com:mkjost0/gem5-actions.git'
From https://gem5.googlesource.com/public/gem5
 * branch                  develop    -> FETCH_HEAD
Already up to date.
remote: error: GH006: Protected branch update failed for refs/heads/develop.        
remote: error: Cannot force-push to this branch        
To github.com:mkjost0/gem5-actions.git
 ! [remote rejected]       develop -> develop (protected branch hook declined)
error: failed to push some refs to 'git@github.com:mkjost0/gem5-actions.git'
From https://gem5.googlesource.com/public/gem5
 * branch                  develop    -> FETCH_HEAD
Already up to date.
remote: error: GH006: Protected branch update failed for refs/heads/develop.        
remote: error: Cannot force-push to this branch        
To github.com:mkjost0/gem5-actions.git
 ! [remote rejected]       develop -> develop (protected branch hook declined)
error: failed to push some refs to 'git@github.com:mkjost0/gem5-actions.git'
From https://gem5.googlesource.com/public/gem5
 * branch                  develop    -> FETCH_HEAD
Already up to date.
remote: error: GH006: Protected branch update failed for refs/heads/develop.        
remote: error: Cannot force-push to this branch        
To github.com:mkjost0/gem5-actions.git
 ! [remote rejected]       develop -> develop (protected branch hook declined)
error: failed to push some refs to 'git@github.com:mkjost0/gem5-actions.git'
From https://gem5.googlesource.com/public/gem5
 * branch                  develop    -> FETCH_HEAD
Already up to date.
remote: error: GH006: Protected branch update failed for refs/heads/develop.        
remote: error: Cannot force-push to this branch        
To github.com:mkjost0/gem5-actions.git
 ! [remote rejected]       develop -> develop (protected branch hook declined)
error: failed to push some refs to 'git@github.com:mkjost0/gem5-actions.git'
From https://gem5.googlesource.com/public/gem5
 * branch                  develop    -> FETCH_HEAD
Already up to date.
remote: error: GH006: Protected branch update failed for refs/heads/develop.        
remote: error: Cannot force-push to this branch        
To github.com:mkjost0/gem5-actions.git
 ! [remote rejected]       develop -> develop (protected branch hook declined)
error: failed to push some refs to 'git@github.com:mkjost0/gem5-actions.git'
From https://gem5.googlesource.com/public/gem5
 * branch                  develop    -> FETCH_HEAD
Already up to date.
remote: error: GH006: Protected branch update failed for refs/heads/develop.        
remote: error: Cannot force-push to this branch        
To github.com:mkjost0/gem5-actions.git
 ! [remote rejected]       develop -> develop (protected branch hook declined)
error: failed to push some refs to 'git@github.com:mkjost0/gem5-actions.git'
From https://gem5.googlesource.com/public/gem5
 * branch                  develop    -> FETCH_HEAD
Already up to date.
remote: error: GH006: Protected branch update failed for refs/heads/develop.        
remote: error: Cannot force-push to this branch        
To github.com:mkjost0/gem5-actions.git
 ! [remote rejected]       develop -> develop (protected branch hook declined)
error: failed to push some refs to 'git@github.com:mkjost0/gem5-actions.git'
From https://gem5.googlesource.com/public/gem5
 * branch                  develop    -> FETCH_HEAD
Already up to date.
remote: error: GH006: Protected branch update failed for refs/heads/develop.        
remote: error: Cannot force-push to this branch        
To github.com:mkjost0/gem5-actions.git
 ! [remote rejected]       develop -> develop (protected branch hook declined)
error: failed to push some refs to 'git@github.com:mkjost0/gem5-actions.git'
From https://gem5.googlesource.com/public/gem5
 * branch                  develop    -> FETCH_HEAD
Already up to date.
remote: error: GH006: Protected branch update failed for refs/heads/develop.        
remote: error: Cannot force-push to this branch        
To github.com:mkjost0/gem5-actions.git
 ! [remote rejected]       develop -> develop (protected branch hook declined)
error: failed to push some refs to 'git@github.com:mkjost0/gem5-actions.git'
From https://gem5.googlesource.com/public/gem5
 * branch                  develop    -> FETCH_HEAD
Already up to date.
remote: error: GH006: Protected branch update failed for refs/heads/develop.        
remote: error: Cannot force-push to this branch        
To github.com:mkjost0/gem5-actions.git
 ! [remote rejected]       develop -> develop (protected branch hook declined)
error: failed to push some refs to 'git@github.com:mkjost0/gem5-actions.git'
From https://gem5.googlesource.com/public/gem5
 * branch                  develop    -> FETCH_HEAD
Already up to date.
remote: error: GH006: Protected branch update failed for refs/heads/develop.        
remote: error: Cannot force-push to this branch        
To github.com:mkjost0/gem5-actions.git
 ! [remote rejected]       develop -> develop (protected branch hook declined)
error: failed to push some refs to 'git@github.com:mkjost0/gem5-actions.git'
From https://gem5.googlesource.com/public/gem5
 * branch                  develop    -> FETCH_HEAD
Already up to date.
remote: error: GH006: Protected branch update failed for refs/heads/develop.        
remote: error: Cannot force-push to this branch        
To github.com:mkjost0/gem5-actions.git
 ! [remote rejected]       develop -> develop (protected branch hook declined)
error: failed to push some refs to 'git@github.com:mkjost0/gem5-actions.git'
From https://gem5.googlesource.com/public/gem5
 * branch                  develop    -> FETCH_HEAD
Already up to date.
remote: error: GH006: Protected branch update failed for refs/heads/develop.        
remote: error: Cannot force-push to this branch        
To github.com:mkjost0/gem5-actions.git
 ! [remote rejected]       develop -> develop (protected branch hook declined)
error: failed to push some refs to 'git@github.com:mkjost0/gem5-actions.git'
From https://gem5.googlesource.com/public/gem5
 * branch                  develop    -> FETCH_HEAD
Already up to date.
remote: error: GH006: Protected branch update failed for refs/heads/develop.        
remote: error: Cannot force-push to this branch        
To github.com:mkjost0/gem5-actions.git
 ! [remote rejected]       develop -> develop (protected branch hook declined)
error: failed to push some refs to 'git@github.com:mkjost0/gem5-actions.git'
From https://gem5.googlesource.com/public/gem5
 * branch                  develop    -> FETCH_HEAD
Already up to date.
remote: error: GH006: Protected branch update failed for refs/heads/develop.        
remote: error: Cannot force-push to this branch        
To github.com:mkjost0/gem5-actions.git
 ! [remote rejected]       develop -> develop (protected branch hook declined)
error: failed to push some refs to 'git@github.com:mkjost0/gem5-actions.git'
From https://gem5.googlesource.com/public/gem5
 * branch                  develop    -> FETCH_HEAD
Already up to date.
remote: error: GH006: Protected branch update failed for refs/heads/develop.        
remote: error: Cannot force-push to this branch        
To github.com:mkjost0/gem5-actions.git
 ! [remote rejected]       develop -> develop (protected branch hook declined)
error: failed to push some refs to 'git@github.com:mkjost0/gem5-actions.git'
From https://gem5.googlesource.com/public/gem5
 * branch                  develop    -> FETCH_HEAD
Already up to date.
remote: error: GH006: Protected branch update failed for refs/heads/develop.        
remote: error: Cannot force-push to this branch        
To github.com:mkjost0/gem5-actions.git
 ! [remote rejected]       develop -> develop (protected branch hook declined)
error: failed to push some refs to 'git@github.com:mkjost0/gem5-actions.git'
From https://gem5.googlesource.com/public/gem5
 * branch                  develop    -> FETCH_HEAD
Already up to date.
remote: error: GH006: Protected branch update failed for refs/heads/develop.        
remote: error: Cannot force-push to this branch        
To github.com:mkjost0/gem5-actions.git
 ! [remote rejected]       develop -> develop (protected branch hook declined)
error: failed to push some refs to 'git@github.com:mkjost0/gem5-actions.git'
From https://gem5.googlesource.com/public/gem5
 * branch                  develop    -> FETCH_HEAD
Already up to date.
remote: error: GH006: Protected branch update failed for refs/heads/develop.        
remote: error: Cannot force-push to this branch        
To github.com:mkjost0/gem5-actions.git
 ! [remote rejected]       develop -> develop (protected branch hook declined)
error: failed to push some refs to 'git@github.com:mkjost0/gem5-actions.git'
From https://gem5.googlesource.com/public/gem5
 * branch                  develop    -> FETCH_HEAD
Already up to date.
remote: error: GH006: Protected branch update failed for refs/heads/develop.        
remote: error: Cannot force-push to this branch        
To github.com:mkjost0/gem5-actions.git
 ! [remote rejected]       develop -> develop (protected branch hook declined)
error: failed to push some refs to 'git@github.com:mkjost0/gem5-actions.git'
From https://gem5.googlesource.com/public/gem5
 * branch                  develop    -> FETCH_HEAD
Already up to date.
remote: error: GH006: Protected branch update failed for refs/heads/develop.        
remote: error: Cannot force-push to this branch        
To github.com:mkjost0/gem5-actions.git
 ! [remote rejected]       develop -> develop (protected branch hook declined)
error: failed to push some refs to 'git@github.com:mkjost0/gem5-actions.git'
From https://gem5.googlesource.com/public/gem5
 * branch                  develop    -> FETCH_HEAD
Already up to date.
remote: error: GH006: Protected branch update failed for refs/heads/develop.        
remote: error: Cannot force-push to this branch        
To github.com:mkjost0/gem5-actions.git
 ! [remote rejected]       develop -> develop (protected branch hook declined)
error: failed to push some refs to 'git@github.com:mkjost0/gem5-actions.git'
From https://gem5.googlesource.com/public/gem5
 * branch                  develop    -> FETCH_HEAD
Already up to date.
remote: error: GH006: Protected branch update failed for refs/heads/develop.        
remote: error: Cannot force-push to this branch        
To github.com:mkjost0/gem5-actions.git
 ! [remote rejected]       develop -> develop (protected branch hook declined)
error: failed to push some refs to 'git@github.com:mkjost0/gem5-actions.git'
From https://gem5.googlesource.com/public/gem5
 * branch                  develop    -> FETCH_HEAD
Already up to date.
remote: error: GH006: Protected branch update failed for refs/heads/develop.        
remote: error: Cannot force-push to this branch        
To github.com:mkjost0/gem5-actions.git
 ! [remote rejected]       develop -> develop (protected branch hook declined)
error: failed to push some refs to 'git@github.com:mkjost0/gem5-actions.git'
From https://gem5.googlesource.com/public/gem5
 * branch                  develop    -> FETCH_HEAD
Already up to date.
remote: error: GH006: Protected branch update failed for refs/heads/develop.        
remote: error: Cannot force-push to this branch        
To github.com:mkjost0/gem5-actions.git
 ! [remote rejected]       develop -> develop (protected branch hook declined)
error: failed to push some refs to 'git@github.com:mkjost0/gem5-actions.git'
From https://gem5.googlesource.com/public/gem5
 * branch                  develop    -> FETCH_HEAD
Already up to date.
remote: error: GH006: Protected branch update failed for refs/heads/develop.        
remote: error: Cannot force-push to this branch        
To github.com:mkjost0/gem5-actions.git
 ! [remote rejected]       develop -> develop (protected branch hook declined)
error: failed to push some refs to 'git@github.com:mkjost0/gem5-actions.git'
From https://gem5.googlesource.com/public/gem5
 * branch                  develop    -> FETCH_HEAD
Already up to date.
remote: error: GH006: Protected branch update failed for refs/heads/develop.        
remote: error: Cannot force-push to this branch        
To github.com:mkjost0/gem5-actions.git
 ! [remote rejected]       develop -> develop (protected branch hook declined)
error: failed to push some refs to 'git@github.com:mkjost0/gem5-actions.git'
From https://gem5.googlesource.com/public/gem5
 * branch                  develop    -> FETCH_HEAD
Already up to date.
remote: error: GH006: Protected branch update failed for refs/heads/develop.        
remote: error: Cannot force-push to this branch        
To github.com:mkjost0/gem5-actions.git
 ! [remote rejected]       develop -> develop (protected branch hook declined)
error: failed to push some refs to 'git@github.com:mkjost0/gem5-actions.git'
From https://gem5.googlesource.com/public/gem5
 * branch                  develop    -> FETCH_HEAD
Already up to date.
remote: error: GH006: Protected branch update failed for refs/heads/develop.        
remote: error: Cannot force-push to this branch        
To github.com:mkjost0/gem5-actions.git
 ! [remote rejected]       develop -> develop (protected branch hook declined)
error: failed to push some refs to 'git@github.com:mkjost0/gem5-actions.git'
From https://gem5.googlesource.com/public/gem5
 * branch                  develop    -> FETCH_HEAD
Already up to date.
remote: error: GH006: Protected branch update failed for refs/heads/develop.        
remote: error: Cannot force-push to this branch        
To github.com:mkjost0/gem5-actions.git
 ! [remote rejected]       develop -> develop (protected branch hook declined)
error: failed to push some refs to 'git@github.com:mkjost0/gem5-actions.git'
From https://gem5.googlesource.com/public/gem5
 * branch                  develop    -> FETCH_HEAD
Already up to date.
remote: error: GH006: Protected branch update failed for refs/heads/develop.        
remote: error: Cannot force-push to this branch        
To github.com:mkjost0/gem5-actions.git
 ! [remote rejected]       develop -> develop (protected branch hook declined)
error: failed to push some refs to 'git@github.com:mkjost0/gem5-actions.git'
From https://gem5.googlesource.com/public/gem5
 * branch                  develop    -> FETCH_HEAD
Already up to date.
remote: error: GH006: Protected branch update failed for refs/heads/develop.        
remote: error: Cannot force-push to this branch        
To github.com:mkjost0/gem5-actions.git
 ! [remote rejected]       develop -> develop (protected branch hook declined)
error: failed to push some refs to 'git@github.com:mkjost0/gem5-actions.git'
From https://gem5.googlesource.com/public/gem5
 * branch                  develop    -> FETCH_HEAD
Already up to date.
remote: error: GH006: Protected branch update failed for refs/heads/develop.        
remote: error: Cannot force-push to this branch        
To github.com:mkjost0/gem5-actions.git
 ! [remote rejected]       develop -> develop (protected branch hook declined)
error: failed to push some refs to 'git@github.com:mkjost0/gem5-actions.git'
From https://gem5.googlesource.com/public/gem5
 * branch                  develop    -> FETCH_HEAD
Already up to date.
remote: error: GH006: Protected branch update failed for refs/heads/develop.        
remote: error: Cannot force-push to this branch        
To github.com:mkjost0/gem5-actions.git
 ! [remote rejected]       develop -> develop (protected branch hook declined)
error: failed to push some refs to 'git@github.com:mkjost0/gem5-actions.git'
From https://gem5.googlesource.com/public/gem5
 * branch                  develop    -> FETCH_HEAD
Already up to date.
remote: error: GH006: Protected branch update failed for refs/heads/develop.        
remote: error: Cannot force-push to this branch        
To github.com:mkjost0/gem5-actions.git
 ! [remote rejected]       develop -> develop (protected branch hook declined)
error: failed to push some refs to 'git@github.com:mkjost0/gem5-actions.git'
From https://gem5.googlesource.com/public/gem5
 * branch                  develop    -> FETCH_HEAD
Already up to date.
remote: error: GH006: Protected branch update failed for refs/heads/develop.        
remote: error: Cannot force-push to this branch        
To github.com:mkjost0/gem5-actions.git
 ! [remote rejected]       develop -> develop (protected branch hook declined)
error: failed to push some refs to 'git@github.com:mkjost0/gem5-actions.git'
From https://gem5.googlesource.com/public/gem5
 * branch                  develop    -> FETCH_HEAD
Already up to date.
remote: error: GH006: Protected branch update failed for refs/heads/develop.        
remote: error: Cannot force-push to this branch        
To github.com:mkjost0/gem5-actions.git
 ! [remote rejected]       develop -> develop (protected branch hook declined)
error: failed to push some refs to 'git@github.com:mkjost0/gem5-actions.git'
From https://gem5.googlesource.com/public/gem5
 * branch                  develop    -> FETCH_HEAD
Already up to date.
remote: error: GH006: Protected branch update failed for refs/heads/develop.        
remote: error: Cannot force-push to this branch        
To github.com:mkjost0/gem5-actions.git
 ! [remote rejected]       develop -> develop (protected branch hook declined)
error: failed to push some refs to 'git@github.com:mkjost0/gem5-actions.git'
From https://gem5.googlesource.com/public/gem5
 * branch                  develop    -> FETCH_HEAD
Already up to date.
remote: error: GH006: Protected branch update failed for refs/heads/develop.        
remote: error: Cannot force-push to this branch        
To github.com:mkjost0/gem5-actions.git
 ! [remote rejected]       develop -> develop (protected branch hook declined)
error: failed to push some refs to 'git@github.com:mkjost0/gem5-actions.git'
From https://gem5.googlesource.com/public/gem5
 * branch                  develop    -> FETCH_HEAD
Already up to date.
remote: error: GH006: Protected branch update failed for refs/heads/develop.        
remote: error: Cannot force-push to this branch        
To github.com:mkjost0/gem5-actions.git
 ! [remote rejected]       develop -> develop (protected branch hook declined)
error: failed to push some refs to 'git@github.com:mkjost0/gem5-actions.git'
From https://gem5.googlesource.com/public/gem5
 * branch                  develop    -> FETCH_HEAD
Already up to date.
remote: error: GH006: Protected branch update failed for refs/heads/develop.        
remote: error: Cannot force-push to this branch        
To github.com:mkjost0/gem5-actions.git
 ! [remote rejected]       develop -> develop (protected branch hook declined)
error: failed to push some refs to 'git@github.com:mkjost0/gem5-actions.git'
From https://gem5.googlesource.com/public/gem5
 * branch                  develop    -> FETCH_HEAD
Already up to date.
remote: error: GH006: Protected branch update failed for refs/heads/develop.        
remote: error: Cannot force-push to this branch        
To github.com:mkjost0/gem5-actions.git
 ! [remote rejected]       develop -> develop (protected branch hook declined)
error: failed to push some refs to 'git@github.com:mkjost0/gem5-actions.git'
From https://gem5.googlesource.com/public/gem5
 * branch                  develop    -> FETCH_HEAD
Already up to date.
remote: error: GH006: Protected branch update failed for refs/heads/develop.        
remote: error: Cannot force-push to this branch        
To github.com:mkjost0/gem5-actions.git
 ! [remote rejected]       develop -> develop (protected branch hook declined)
error: failed to push some refs to 'git@github.com:mkjost0/gem5-actions.git'
From https://gem5.googlesource.com/public/gem5
 * branch                  develop    -> FETCH_HEAD
Already up to date.
remote: error: GH006: Protected branch update failed for refs/heads/develop.        
remote: error: Cannot force-push to this branch        
To github.com:mkjost0/gem5-actions.git
 ! [remote rejected]       develop -> develop (protected branch hook declined)
error: failed to push some refs to 'git@github.com:mkjost0/gem5-actions.git'
From https://gem5.googlesource.com/public/gem5
 * branch                  develop    -> FETCH_HEAD
Already up to date.
remote: error: GH006: Protected branch update failed for refs/heads/develop.        
remote: error: Cannot force-push to this branch        
To github.com:mkjost0/gem5-actions.git
 ! [remote rejected]       develop -> develop (protected branch hook declined)
error: failed to push some refs to 'git@github.com:mkjost0/gem5-actions.git'
From https://gem5.googlesource.com/public/gem5
 * branch                  develop    -> FETCH_HEAD
Already up to date.
remote: error: GH006: Protected branch update failed for refs/heads/develop.        
remote: error: Cannot force-push to this branch        
To github.com:mkjost0/gem5-actions.git
 ! [remote rejected]       develop -> develop (protected branch hook declined)
error: failed to push some refs to 'git@github.com:mkjost0/gem5-actions.git'
From https://gem5.googlesource.com/public/gem5
 * branch                  develop    -> FETCH_HEAD
Already up to date.
remote: error: GH006: Protected branch update failed for refs/heads/develop.        
remote: error: Cannot force-push to this branch        
To github.com:mkjost0/gem5-actions.git
 ! [remote rejected]       develop -> develop (protected branch hook declined)
error: failed to push some refs to 'git@github.com:mkjost0/gem5-actions.git'
From https://gem5.googlesource.com/public/gem5
 * branch                  develop    -> FETCH_HEAD
Already up to date.
remote: error: GH006: Protected branch update failed for refs/heads/develop.        
remote: error: Cannot force-push to this branch        
To github.com:mkjost0/gem5-actions.git
 ! [remote rejected]       develop -> develop (protected branch hook declined)
error: failed to push some refs to 'git@github.com:mkjost0/gem5-actions.git'
From https://gem5.googlesource.com/public/gem5
 * branch                  develop    -> FETCH_HEAD
Already up to date.
remote: error: GH006: Protected branch update failed for refs/heads/develop.        
remote: error: Cannot force-push to this branch        
To github.com:mkjost0/gem5-actions.git
 ! [remote rejected]       develop -> develop (protected branch hook declined)
error: failed to push some refs to 'git@github.com:mkjost0/gem5-actions.git'
From https://gem5.googlesource.com/public/gem5
 * branch                  develop    -> FETCH_HEAD
Already up to date.
remote: error: GH006: Protected branch update failed for refs/heads/develop.        
remote: error: Cannot force-push to this branch        
To github.com:mkjost0/gem5-actions.git
 ! [remote rejected]       develop -> develop (protected branch hook declined)
error: failed to push some refs to 'git@github.com:mkjost0/gem5-actions.git'
From https://gem5.googlesource.com/public/gem5
 * branch                  develop    -> FETCH_HEAD
Already up to date.
remote: error: GH006: Protected branch update failed for refs/heads/develop.        
remote: error: Cannot force-push to this branch        
To github.com:mkjost0/gem5-actions.git
 ! [remote rejected]       develop -> develop (protected branch hook declined)
error: failed to push some refs to 'git@github.com:mkjost0/gem5-actions.git'
From https://gem5.googlesource.com/public/gem5
 * branch                  develop    -> FETCH_HEAD
Already up to date.
remote: error: GH006: Protected branch update failed for refs/heads/develop.        
remote: error: Cannot force-push to this branch        
To github.com:mkjost0/gem5-actions.git
 ! [remote rejected]       develop -> develop (protected branch hook declined)
error: failed to push some refs to 'git@github.com:mkjost0/gem5-actions.git'
From https://gem5.googlesource.com/public/gem5
 * branch                  develop    -> FETCH_HEAD
Already up to date.
remote: error: GH006: Protected branch update failed for refs/heads/develop.        
remote: error: Cannot force-push to this branch        
To github.com:mkjost0/gem5-actions.git
 ! [remote rejected]       develop -> develop (protected branch hook declined)
error: failed to push some refs to 'git@github.com:mkjost0/gem5-actions.git'
From https://gem5.googlesource.com/public/gem5
 * branch                  develop    -> FETCH_HEAD
Already up to date.
remote: error: GH006: Protected branch update failed for refs/heads/develop.        
remote: error: Cannot force-push to this branch        
To github.com:mkjost0/gem5-actions.git
 ! [remote rejected]       develop -> develop (protected branch hook declined)
error: failed to push some refs to 'git@github.com:mkjost0/gem5-actions.git'
From https://gem5.googlesource.com/public/gem5
 * branch                  develop    -> FETCH_HEAD
Already up to date.
remote: error: GH006: Protected branch update failed for refs/heads/develop.        
remote: error: Cannot force-push to this branch        
To github.com:mkjost0/gem5-actions.git
 ! [remote rejected]       develop -> develop (protected branch hook declined)
error: failed to push some refs to 'git@github.com:mkjost0/gem5-actions.git'
From https://gem5.googlesource.com/public/gem5
 * branch                  develop    -> FETCH_HEAD
Already up to date.
remote: error: GH006: Protected branch update failed for refs/heads/develop.        
remote: error: Cannot force-push to this branch        
To github.com:mkjost0/gem5-actions.git
 ! [remote rejected]       develop -> develop (protected branch hook declined)
error: failed to push some refs to 'git@github.com:mkjost0/gem5-actions.git'
From https://gem5.googlesource.com/public/gem5
 * branch                  develop    -> FETCH_HEAD
Already up to date.
remote: error: GH006: Protected branch update failed for refs/heads/develop.        
remote: error: Cannot force-push to this branch        
To github.com:mkjost0/gem5-actions.git
 ! [remote rejected]       develop -> develop (protected branch hook declined)
error: failed to push some refs to 'git@github.com:mkjost0/gem5-actions.git'
From https://gem5.googlesource.com/public/gem5
 * branch                  develop    -> FETCH_HEAD
Already up to date.
remote: error: GH006: Protected branch update failed for refs/heads/develop.        
remote: error: Cannot force-push to this branch        
To github.com:mkjost0/gem5-actions.git
 ! [remote rejected]       develop -> develop (protected branch hook declined)
error: failed to push some refs to 'git@github.com:mkjost0/gem5-actions.git'
From https://gem5.googlesource.com/public/gem5
 * branch                  develop    -> FETCH_HEAD
Already up to date.
remote: error: GH006: Protected branch update failed for refs/heads/develop.        
remote: error: Cannot force-push to this branch        
To github.com:mkjost0/gem5-actions.git
 ! [remote rejected]       develop -> develop (protected branch hook declined)
error: failed to push some refs to 'git@github.com:mkjost0/gem5-actions.git'
From https://gem5.googlesource.com/public/gem5
 * branch                  develop    -> FETCH_HEAD
Already up to date.
remote: error: GH006: Protected branch update failed for refs/heads/develop.        
remote: error: Cannot force-push to this branch        
To github.com:mkjost0/gem5-actions.git
 ! [remote rejected]       develop -> develop (protected branch hook declined)
error: failed to push some refs to 'git@github.com:mkjost0/gem5-actions.git'
From https://gem5.googlesource.com/public/gem5
 * branch                  develop    -> FETCH_HEAD
Already up to date.
remote: error: GH006: Protected branch update failed for refs/heads/develop.        
remote: error: Cannot force-push to this branch        
To github.com:mkjost0/gem5-actions.git
 ! [remote rejected]       develop -> develop (protected branch hook declined)
error: failed to push some refs to 'git@github.com:mkjost0/gem5-actions.git'
From https://gem5.googlesource.com/public/gem5
 * branch                  develop    -> FETCH_HEAD
Already up to date.
remote: error: GH006: Protected branch update failed for refs/heads/develop.        
remote: error: Cannot force-push to this branch        
To github.com:mkjost0/gem5-actions.git
 ! [remote rejected]       develop -> develop (protected branch hook declined)
error: failed to push some refs to 'git@github.com:mkjost0/gem5-actions.git'
From https://gem5.googlesource.com/public/gem5
 * branch                  develop    -> FETCH_HEAD
Already up to date.
remote: error: GH006: Protected branch update failed for refs/heads/develop.        
remote: error: Cannot force-push to this branch        
To github.com:mkjost0/gem5-actions.git
 ! [remote rejected]       develop -> develop (protected branch hook declined)
error: failed to push some refs to 'git@github.com:mkjost0/gem5-actions.git'
From https://gem5.googlesource.com/public/gem5
 * branch                  develop    -> FETCH_HEAD
Already up to date.
remote: error: GH006: Protected branch update failed for refs/heads/develop.        
remote: error: Cannot force-push to this branch        
To github.com:mkjost0/gem5-actions.git
 ! [remote rejected]       develop -> develop (protected branch hook declined)
error: failed to push some refs to 'git@github.com:mkjost0/gem5-actions.git'
From https://gem5.googlesource.com/public/gem5
 * branch                  develop    -> FETCH_HEAD
Already up to date.
remote: error: GH006: Protected branch update failed for refs/heads/develop.        
remote: error: Cannot force-push to this branch        
To github.com:mkjost0/gem5-actions.git
 ! [remote rejected]       develop -> develop (protected branch hook declined)
error: failed to push some refs to 'git@github.com:mkjost0/gem5-actions.git'
From https://gem5.googlesource.com/public/gem5
 * branch                  develop    -> FETCH_HEAD
Already up to date.
remote: error: GH006: Protected branch update failed for refs/heads/develop.        
remote: error: Cannot force-push to this branch        
To github.com:mkjost0/gem5-actions.git
 ! [remote rejected]       develop -> develop (protected branch hook declined)
error: failed to push some refs to 'git@github.com:mkjost0/gem5-actions.git'
From https://gem5.googlesource.com/public/gem5
 * branch                  develop    -> FETCH_HEAD
Already up to date.
remote: error: GH006: Protected branch update failed for refs/heads/develop.        
remote: error: Cannot force-push to this branch        
To github.com:mkjost0/gem5-actions.git
 ! [remote rejected]       develop -> develop (protected branch hook declined)
error: failed to push some refs to 'git@github.com:mkjost0/gem5-actions.git'
From https://gem5.googlesource.com/public/gem5
 * branch                  develop    -> FETCH_HEAD
Already up to date.
remote: error: GH006: Protected branch update failed for refs/heads/develop.        
remote: error: Cannot force-push to this branch        
To github.com:mkjost0/gem5-actions.git
 ! [remote rejected]       develop -> develop (protected branch hook declined)
error: failed to push some refs to 'git@github.com:mkjost0/gem5-actions.git'
From https://gem5.googlesource.com/public/gem5
 * branch                  develop    -> FETCH_HEAD
Already up to date.
remote: error: GH006: Protected branch update failed for refs/heads/develop.        
remote: error: Cannot force-push to this branch        
To github.com:mkjost0/gem5-actions.git
 ! [remote rejected]       develop -> develop (protected branch hook declined)
error: failed to push some refs to 'git@github.com:mkjost0/gem5-actions.git'
From https://gem5.googlesource.com/public/gem5
 * branch                  develop    -> FETCH_HEAD
Already up to date.
remote: error: GH006: Protected branch update failed for refs/heads/develop.        
remote: error: Cannot force-push to this branch        
To github.com:mkjost0/gem5-actions.git
 ! [remote rejected]       develop -> develop (protected branch hook declined)
error: failed to push some refs to 'git@github.com:mkjost0/gem5-actions.git'
From https://gem5.googlesource.com/public/gem5
 * branch                  develop    -> FETCH_HEAD
Already up to date.
remote: error: GH006: Protected branch update failed for refs/heads/develop.        
remote: error: Cannot force-push to this branch        
To github.com:mkjost0/gem5-actions.git
 ! [remote rejected]       develop -> develop (protected branch hook declined)
error: failed to push some refs to 'git@github.com:mkjost0/gem5-actions.git'
From https://gem5.googlesource.com/public/gem5
 * branch                  develop    -> FETCH_HEAD
Already up to date.
remote: error: GH006: Protected branch update failed for refs/heads/develop.        
remote: error: Cannot force-push to this branch        
To github.com:mkjost0/gem5-actions.git
 ! [remote rejected]       develop -> develop (protected branch hook declined)
error: failed to push some refs to 'git@github.com:mkjost0/gem5-actions.git'
From https://gem5.googlesource.com/public/gem5
 * branch                  develop    -> FETCH_HEAD
Already up to date.
remote: error: GH006: Protected branch update failed for refs/heads/develop.        
remote: error: Cannot force-push to this branch        
To github.com:mkjost0/gem5-actions.git
 ! [remote rejected]       develop -> develop (protected branch hook declined)
error: failed to push some refs to 'git@github.com:mkjost0/gem5-actions.git'
From https://gem5.googlesource.com/public/gem5
 * branch                  develop    -> FETCH_HEAD
Already up to date.
remote: error: GH006: Protected branch update failed for refs/heads/develop.        
remote: error: Cannot force-push to this branch        
To github.com:mkjost0/gem5-actions.git
 ! [remote rejected]       develop -> develop (protected branch hook declined)
error: failed to push some refs to 'git@github.com:mkjost0/gem5-actions.git'
From https://gem5.googlesource.com/public/gem5
 * branch                  develop    -> FETCH_HEAD
Already up to date.
remote: error: GH006: Protected branch update failed for refs/heads/develop.        
remote: error: Cannot force-push to this branch        
To github.com:mkjost0/gem5-actions.git
 ! [remote rejected]       develop -> develop (protected branch hook declined)
error: failed to push some refs to 'git@github.com:mkjost0/gem5-actions.git'
From https://gem5.googlesource.com/public/gem5
 * branch                  develop    -> FETCH_HEAD
Already up to date.
remote: error: GH006: Protected branch update failed for refs/heads/develop.        
remote: error: Cannot force-push to this branch        
To github.com:mkjost0/gem5-actions.git
 ! [remote rejected]       develop -> develop (protected branch hook declined)
error: failed to push some refs to 'git@github.com:mkjost0/gem5-actions.git'
From https://gem5.googlesource.com/public/gem5
 * branch                  develop    -> FETCH_HEAD
Already up to date.
remote: error: GH006: Protected branch update failed for refs/heads/develop.        
remote: error: Cannot force-push to this branch        
To github.com:mkjost0/gem5-actions.git
 ! [remote rejected]       develop -> develop (protected branch hook declined)
error: failed to push some refs to 'git@github.com:mkjost0/gem5-actions.git'
From https://gem5.googlesource.com/public/gem5
 * branch                  develop    -> FETCH_HEAD
Already up to date.
remote: error: GH006: Protected branch update failed for refs/heads/develop.        
remote: error: Cannot force-push to this branch        
To github.com:mkjost0/gem5-actions.git
 ! [remote rejected]       develop -> develop (protected branch hook declined)
error: failed to push some refs to 'git@github.com:mkjost0/gem5-actions.git'
From https://gem5.googlesource.com/public/gem5
 * branch                  develop    -> FETCH_HEAD
Already up to date.
remote: error: GH006: Protected branch update failed for refs/heads/develop.        
remote: error: Cannot force-push to this branch        
To github.com:mkjost0/gem5-actions.git
 ! [remote rejected]       develop -> develop (protected branch hook declined)
error: failed to push some refs to 'git@github.com:mkjost0/gem5-actions.git'
From https://gem5.googlesource.com/public/gem5
 * branch                  develop    -> FETCH_HEAD
Already up to date.
remote: error: GH006: Protected branch update failed for refs/heads/develop.        
remote: error: Cannot force-push to this branch        
To github.com:mkjost0/gem5-actions.git
 ! [remote rejected]       develop -> develop (protected branch hook declined)
error: failed to push some refs to 'git@github.com:mkjost0/gem5-actions.git'
From https://gem5.googlesource.com/public/gem5
 * branch                  develop    -> FETCH_HEAD
Already up to date.
remote: error: GH006: Protected branch update failed for refs/heads/develop.        
remote: error: Cannot force-push to this branch        
To github.com:mkjost0/gem5-actions.git
 ! [remote rejected]       develop -> develop (protected branch hook declined)
error: failed to push some refs to 'git@github.com:mkjost0/gem5-actions.git'
From https://gem5.googlesource.com/public/gem5
 * branch                  develop    -> FETCH_HEAD
Already up to date.
remote: error: GH006: Protected branch update failed for refs/heads/develop.        
remote: error: Cannot force-push to this branch        
To github.com:mkjost0/gem5-actions.git
 ! [remote rejected]       develop -> develop (protected branch hook declined)
error: failed to push some refs to 'git@github.com:mkjost0/gem5-actions.git'
From https://gem5.googlesource.com/public/gem5
 * branch                  develop    -> FETCH_HEAD
Already up to date.
remote: error: GH006: Protected branch update failed for refs/heads/develop.        
remote: error: Cannot force-push to this branch        
To github.com:mkjost0/gem5-actions.git
 ! [remote rejected]       develop -> develop (protected branch hook declined)
error: failed to push some refs to 'git@github.com:mkjost0/gem5-actions.git'
From https://gem5.googlesource.com/public/gem5
 * branch                  develop    -> FETCH_HEAD
Already up to date.
remote: error: GH006: Protected branch update failed for refs/heads/develop.        
remote: error: Cannot force-push to this branch        
To github.com:mkjost0/gem5-actions.git
 ! [remote rejected]       develop -> develop (protected branch hook declined)
error: failed to push some refs to 'git@github.com:mkjost0/gem5-actions.git'
From https://gem5.googlesource.com/public/gem5
 * branch                  develop    -> FETCH_HEAD
Already up to date.
remote: error: GH006: Protected branch update failed for refs/heads/develop.        
remote: error: Cannot force-push to this branch        
To github.com:mkjost0/gem5-actions.git
 ! [remote rejected]       develop -> develop (protected branch hook declined)
error: failed to push some refs to 'git@github.com:mkjost0/gem5-actions.git'
From https://gem5.googlesource.com/public/gem5
 * branch                  develop    -> FETCH_HEAD
Already up to date.
remote: error: GH006: Protected branch update failed for refs/heads/develop.        
remote: error: Cannot force-push to this branch        
To github.com:mkjost0/gem5-actions.git
 ! [remote rejected]       develop -> develop (protected branch hook declined)
error: failed to push some refs to 'git@github.com:mkjost0/gem5-actions.git'
From https://gem5.googlesource.com/public/gem5
 * branch                  develop    -> FETCH_HEAD
Already up to date.
remote: error: GH006: Protected branch update failed for refs/heads/develop.        
remote: error: Cannot force-push to this branch        
To github.com:mkjost0/gem5-actions.git
 ! [remote rejected]       develop -> develop (protected branch hook declined)
error: failed to push some refs to 'git@github.com:mkjost0/gem5-actions.git'
From https://gem5.googlesource.com/public/gem5
 * branch                  develop    -> FETCH_HEAD
Already up to date.
remote: error: GH006: Protected branch update failed for refs/heads/develop.        
remote: error: Cannot force-push to this branch        
To github.com:mkjost0/gem5-actions.git
 ! [remote rejected]       develop -> develop (protected branch hook declined)
error: failed to push some refs to 'git@github.com:mkjost0/gem5-actions.git'
From https://gem5.googlesource.com/public/gem5
 * branch                  develop    -> FETCH_HEAD
Already up to date.
remote: error: GH006: Protected branch update failed for refs/heads/develop.        
remote: error: Cannot force-push to this branch        
To github.com:mkjost0/gem5-actions.git
 ! [remote rejected]       develop -> develop (protected branch hook declined)
error: failed to push some refs to 'git@github.com:mkjost0/gem5-actions.git'
From https://gem5.googlesource.com/public/gem5
 * branch                  develop    -> FETCH_HEAD
Already up to date.
remote: error: GH006: Protected branch update failed for refs/heads/develop.        
remote: error: Cannot force-push to this branch        
To github.com:mkjost0/gem5-actions.git
 ! [remote rejected]       develop -> develop (protected branch hook declined)
error: failed to push some refs to 'git@github.com:mkjost0/gem5-actions.git'
From https://gem5.googlesource.com/public/gem5
 * branch                  develop    -> FETCH_HEAD
Already up to date.
remote: error: GH006: Protected branch update failed for refs/heads/develop.        
remote: error: Cannot force-push to this branch        
To github.com:mkjost0/gem5-actions.git
 ! [remote rejected]       develop -> develop (protected branch hook declined)
error: failed to push some refs to 'git@github.com:mkjost0/gem5-actions.git'
From https://gem5.googlesource.com/public/gem5
 * branch                  develop    -> FETCH_HEAD
Already up to date.
remote: error: GH006: Protected branch update failed for refs/heads/develop.        
remote: error: Cannot force-push to this branch        
To github.com:mkjost0/gem5-actions.git
 ! [remote rejected]       develop -> develop (protected branch hook declined)
error: failed to push some refs to 'git@github.com:mkjost0/gem5-actions.git'
From https://gem5.googlesource.com/public/gem5
 * branch                  develop    -> FETCH_HEAD
Already up to date.
remote: error: GH006: Protected branch update failed for refs/heads/develop.        
remote: error: Cannot force-push to this branch        
To github.com:mkjost0/gem5-actions.git
 ! [remote rejected]       develop -> develop (protected branch hook declined)
error: failed to push some refs to 'git@github.com:mkjost0/gem5-actions.git'
From https://gem5.googlesource.com/public/gem5
 * branch                  develop    -> FETCH_HEAD
Already up to date.
remote: error: GH006: Protected branch update failed for refs/heads/develop.        
remote: error: Cannot force-push to this branch        
To github.com:mkjost0/gem5-actions.git
 ! [remote rejected]       develop -> develop (protected branch hook declined)
error: failed to push some refs to 'git@github.com:mkjost0/gem5-actions.git'
From https://gem5.googlesource.com/public/gem5
 * branch                  develop    -> FETCH_HEAD
Already up to date.
remote: error: GH006: Protected branch update failed for refs/heads/develop.        
remote: error: Cannot force-push to this branch        
To github.com:mkjost0/gem5-actions.git
 ! [remote rejected]       develop -> develop (protected branch hook declined)
error: failed to push some refs to 'git@github.com:mkjost0/gem5-actions.git'
From https://gem5.googlesource.com/public/gem5
 * branch                  develop    -> FETCH_HEAD
Already up to date.
remote: error: GH006: Protected branch update failed for refs/heads/develop.        
remote: error: Cannot force-push to this branch        
To github.com:mkjost0/gem5-actions.git
 ! [remote rejected]       develop -> develop (protected branch hook declined)
error: failed to push some refs to 'git@github.com:mkjost0/gem5-actions.git'
From https://gem5.googlesource.com/public/gem5
 * branch                  develop    -> FETCH_HEAD
Already up to date.
remote: error: GH006: Protected branch update failed for refs/heads/develop.        
remote: error: Cannot force-push to this branch        
To github.com:mkjost0/gem5-actions.git
 ! [remote rejected]       develop -> develop (protected branch hook declined)
error: failed to push some refs to 'git@github.com:mkjost0/gem5-actions.git'
From https://gem5.googlesource.com/public/gem5
 * branch                  develop    -> FETCH_HEAD
Already up to date.
remote: error: GH006: Protected branch update failed for refs/heads/develop.        
remote: error: Cannot force-push to this branch        
To github.com:mkjost0/gem5-actions.git
 ! [remote rejected]       develop -> develop (protected branch hook declined)
error: failed to push some refs to 'git@github.com:mkjost0/gem5-actions.git'
From https://gem5.googlesource.com/public/gem5
 * branch                  develop    -> FETCH_HEAD
Already up to date.
remote: error: GH006: Protected branch update failed for refs/heads/develop.        
remote: error: Cannot force-push to this branch        
To github.com:mkjost0/gem5-actions.git
 ! [remote rejected]       develop -> develop (protected branch hook declined)
error: failed to push some refs to 'git@github.com:mkjost0/gem5-actions.git'
From https://gem5.googlesource.com/public/gem5
 * branch                  develop    -> FETCH_HEAD
Already up to date.
remote: error: GH006: Protected branch update failed for refs/heads/develop.        
remote: error: Cannot force-push to this branch        
To github.com:mkjost0/gem5-actions.git
 ! [remote rejected]       develop -> develop (protected branch hook declined)
error: failed to push some refs to 'git@github.com:mkjost0/gem5-actions.git'
From https://gem5.googlesource.com/public/gem5
 * branch                  develop    -> FETCH_HEAD
Already up to date.
remote: error: GH006: Protected branch update failed for refs/heads/develop.        
remote: error: Cannot force-push to this branch        
To github.com:mkjost0/gem5-actions.git
 ! [remote rejected]       develop -> develop (protected branch hook declined)
error: failed to push some refs to 'git@github.com:mkjost0/gem5-actions.git'
From https://gem5.googlesource.com/public/gem5
 * branch                  develop    -> FETCH_HEAD
Already up to date.
remote: error: GH006: Protected branch update failed for refs/heads/develop.        
remote: error: Cannot force-push to this branch        
To github.com:mkjost0/gem5-actions.git
 ! [remote rejected]       develop -> develop (protected branch hook declined)
error: failed to push some refs to 'git@github.com:mkjost0/gem5-actions.git'
From https://gem5.googlesource.com/public/gem5
 * branch                  develop    -> FETCH_HEAD
Already up to date.
remote: error: GH006: Protected branch update failed for refs/heads/develop.        
remote: error: Cannot force-push to this branch        
To github.com:mkjost0/gem5-actions.git
 ! [remote rejected]       develop -> develop (protected branch hook declined)
error: failed to push some refs to 'git@github.com:mkjost0/gem5-actions.git'
From https://gem5.googlesource.com/public/gem5
 * branch                  develop    -> FETCH_HEAD
Already up to date.
remote: error: GH006: Protected branch update failed for refs/heads/develop.        
remote: error: Cannot force-push to this branch        
To github.com:mkjost0/gem5-actions.git
 ! [remote rejected]       develop -> develop (protected branch hook declined)
error: failed to push some refs to 'git@github.com:mkjost0/gem5-actions.git'
From https://gem5.googlesource.com/public/gem5
 * branch                  develop    -> FETCH_HEAD
Already up to date.
remote: error: GH006: Protected branch update failed for refs/heads/develop.        
remote: error: Cannot force-push to this branch        
To github.com:mkjost0/gem5-actions.git
 ! [remote rejected]       develop -> develop (protected branch hook declined)
error: failed to push some refs to 'git@github.com:mkjost0/gem5-actions.git'
From https://gem5.googlesource.com/public/gem5
 * branch                  develop    -> FETCH_HEAD
Already up to date.
remote: error: GH006: Protected branch update failed for refs/heads/develop.        
remote: error: Cannot force-push to this branch        
To github.com:mkjost0/gem5-actions.git
 ! [remote rejected]       develop -> develop (protected branch hook declined)
error: failed to push some refs to 'git@github.com:mkjost0/gem5-actions.git'
From https://gem5.googlesource.com/public/gem5
 * branch                  develop    -> FETCH_HEAD
Already up to date.
remote: error: GH006: Protected branch update failed for refs/heads/develop.        
remote: error: Cannot force-push to this branch        
To github.com:mkjost0/gem5-actions.git
 ! [remote rejected]       develop -> develop (protected branch hook declined)
error: failed to push some refs to 'git@github.com:mkjost0/gem5-actions.git'
From https://gem5.googlesource.com/public/gem5
 * branch                  develop    -> FETCH_HEAD
Already up to date.
remote: error: GH006: Protected branch update failed for refs/heads/develop.        
remote: error: Cannot force-push to this branch        
To github.com:mkjost0/gem5-actions.git
 ! [remote rejected]       develop -> develop (protected branch hook declined)
error: failed to push some refs to 'git@github.com:mkjost0/gem5-actions.git'
From https://gem5.googlesource.com/public/gem5
 * branch                  develop    -> FETCH_HEAD
Already up to date.
remote: error: GH006: Protected branch update failed for refs/heads/develop.        
remote: error: Cannot force-push to this branch        
To github.com:mkjost0/gem5-actions.git
 ! [remote rejected]       develop -> develop (protected branch hook declined)
error: failed to push some refs to 'git@github.com:mkjost0/gem5-actions.git'
From https://gem5.googlesource.com/public/gem5
 * branch                  develop    -> FETCH_HEAD
Already up to date.
remote: error: GH006: Protected branch update failed for refs/heads/develop.        
remote: error: Cannot force-push to this branch        
To github.com:mkjost0/gem5-actions.git
 ! [remote rejected]       develop -> develop (protected branch hook declined)
error: failed to push some refs to 'git@github.com:mkjost0/gem5-actions.git'
From https://gem5.googlesource.com/public/gem5
 * branch                  develop    -> FETCH_HEAD
Already up to date.
remote: error: GH006: Protected branch update failed for refs/heads/develop.        
remote: error: Cannot force-push to this branch        
To github.com:mkjost0/gem5-actions.git
 ! [remote rejected]       develop -> develop (protected branch hook declined)
error: failed to push some refs to 'git@github.com:mkjost0/gem5-actions.git'
From https://gem5.googlesource.com/public/gem5
 * branch                  develop    -> FETCH_HEAD
Already up to date.
remote: error: GH006: Protected branch update failed for refs/heads/develop.        
remote: error: Cannot force-push to this branch        
To github.com:mkjost0/gem5-actions.git
 ! [remote rejected]       develop -> develop (protected branch hook declined)
error: failed to push some refs to 'git@github.com:mkjost0/gem5-actions.git'
From https://gem5.googlesource.com/public/gem5
 * branch                  develop    -> FETCH_HEAD
Already up to date.
remote: error: GH006: Protected branch update failed for refs/heads/develop.        
remote: error: Cannot force-push to this branch        
To github.com:mkjost0/gem5-actions.git
 ! [remote rejected]       develop -> develop (protected branch hook declined)
error: failed to push some refs to 'git@github.com:mkjost0/gem5-actions.git'
From https://gem5.googlesource.com/public/gem5
 * branch                  develop    -> FETCH_HEAD
Already up to date.
remote: error: GH006: Protected branch update failed for refs/heads/develop.        
remote: error: Cannot force-push to this branch        
To github.com:mkjost0/gem5-actions.git
 ! [remote rejected]       develop -> develop (protected branch hook declined)
error: failed to push some refs to 'git@github.com:mkjost0/gem5-actions.git'
From https://gem5.googlesource.com/public/gem5
 * branch                  develop    -> FETCH_HEAD
Already up to date.
remote: error: GH006: Protected branch update failed for refs/heads/develop.        
remote: error: Cannot force-push to this branch        
To github.com:mkjost0/gem5-actions.git
 ! [remote rejected]       develop -> develop (protected branch hook declined)
error: failed to push some refs to 'git@github.com:mkjost0/gem5-actions.git'
From https://gem5.googlesource.com/public/gem5
 * branch                  develop    -> FETCH_HEAD
Already up to date.
remote: error: GH006: Protected branch update failed for refs/heads/develop.        
remote: error: Cannot force-push to this branch        
To github.com:mkjost0/gem5-actions.git
 ! [remote rejected]       develop -> develop (protected branch hook declined)
error: failed to push some refs to 'git@github.com:mkjost0/gem5-actions.git'
From https://gem5.googlesource.com/public/gem5
 * branch                  develop    -> FETCH_HEAD
Already up to date.
remote: error: GH006: Protected branch update failed for refs/heads/develop.        
remote: error: Cannot force-push to this branch        
To github.com:mkjost0/gem5-actions.git
 ! [remote rejected]       develop -> develop (protected branch hook declined)
error: failed to push some refs to 'git@github.com:mkjost0/gem5-actions.git'
From https://gem5.googlesource.com/public/gem5
 * branch                  develop    -> FETCH_HEAD
Already up to date.
remote: error: GH006: Protected branch update failed for refs/heads/develop.        
remote: error: Cannot force-push to this branch        
To github.com:mkjost0/gem5-actions.git
 ! [remote rejected]       develop -> develop (protected branch hook declined)
error: failed to push some refs to 'git@github.com:mkjost0/gem5-actions.git'
From https://gem5.googlesource.com/public/gem5
 * branch                  develop    -> FETCH_HEAD
Already up to date.
remote: error: GH006: Protected branch update failed for refs/heads/develop.        
remote: error: Cannot force-push to this branch        
To github.com:mkjost0/gem5-actions.git
 ! [remote rejected]       develop -> develop (protected branch hook declined)
error: failed to push some refs to 'git@github.com:mkjost0/gem5-actions.git'
From https://gem5.googlesource.com/public/gem5
 * branch                  develop    -> FETCH_HEAD
Already up to date.
remote: error: GH006: Protected branch update failed for refs/heads/develop.        
remote: error: Cannot force-push to this branch        
To github.com:mkjost0/gem5-actions.git
 ! [remote rejected]       develop -> develop (protected branch hook declined)
error: failed to push some refs to 'git@github.com:mkjost0/gem5-actions.git'
From https://gem5.googlesource.com/public/gem5
 * branch                  develop    -> FETCH_HEAD
Already up to date.
remote: error: GH006: Protected branch update failed for refs/heads/develop.        
remote: error: Cannot force-push to this branch        
To github.com:mkjost0/gem5-actions.git
 ! [remote rejected]       develop -> develop (protected branch hook declined)
error: failed to push some refs to 'git@github.com:mkjost0/gem5-actions.git'
From https://gem5.googlesource.com/public/gem5
 * branch                  develop    -> FETCH_HEAD
Already up to date.
remote: error: GH006: Protected branch update failed for refs/heads/develop.        
remote: error: Cannot force-push to this branch        
To github.com:mkjost0/gem5-actions.git
 ! [remote rejected]       develop -> develop (protected branch hook declined)
error: failed to push some refs to 'git@github.com:mkjost0/gem5-actions.git'
From https://gem5.googlesource.com/public/gem5
 * branch                  develop    -> FETCH_HEAD
Already up to date.
remote: error: GH006: Protected branch update failed for refs/heads/develop.        
remote: error: Cannot force-push to this branch        
To github.com:mkjost0/gem5-actions.git
 ! [remote rejected]       develop -> develop (protected branch hook declined)
error: failed to push some refs to 'git@github.com:mkjost0/gem5-actions.git'
From https://gem5.googlesource.com/public/gem5
 * branch                  develop    -> FETCH_HEAD
Already up to date.
remote: error: GH006: Protected branch update failed for refs/heads/develop.        
remote: error: Cannot force-push to this branch        
To github.com:mkjost0/gem5-actions.git
 ! [remote rejected]       develop -> develop (protected branch hook declined)
error: failed to push some refs to 'git@github.com:mkjost0/gem5-actions.git'
From https://gem5.googlesource.com/public/gem5
 * branch                  develop    -> FETCH_HEAD
Already up to date.
remote: error: GH006: Protected branch update failed for refs/heads/develop.        
remote: error: Cannot force-push to this branch        
To github.com:mkjost0/gem5-actions.git
 ! [remote rejected]       develop -> develop (protected branch hook declined)
error: failed to push some refs to 'git@github.com:mkjost0/gem5-actions.git'
From https://gem5.googlesource.com/public/gem5
 * branch                  develop    -> FETCH_HEAD
Already up to date.
remote: error: GH006: Protected branch update failed for refs/heads/develop.        
remote: error: Cannot force-push to this branch        
To github.com:mkjost0/gem5-actions.git
 ! [remote rejected]       develop -> develop (protected branch hook declined)
error: failed to push some refs to 'git@github.com:mkjost0/gem5-actions.git'
From https://gem5.googlesource.com/public/gem5
 * branch                  develop    -> FETCH_HEAD
Already up to date.
remote: error: GH006: Protected branch update failed for refs/heads/develop.        
remote: error: Cannot force-push to this branch        
To github.com:mkjost0/gem5-actions.git
 ! [remote rejected]       develop -> develop (protected branch hook declined)
error: failed to push some refs to 'git@github.com:mkjost0/gem5-actions.git'
From https://gem5.googlesource.com/public/gem5
 * branch                  develop    -> FETCH_HEAD
Already up to date.
remote: error: GH006: Protected branch update failed for refs/heads/develop.        
remote: error: Cannot force-push to this branch        
To github.com:mkjost0/gem5-actions.git
 ! [remote rejected]       develop -> develop (protected branch hook declined)
error: failed to push some refs to 'git@github.com:mkjost0/gem5-actions.git'
From https://gem5.googlesource.com/public/gem5
 * branch                  develop    -> FETCH_HEAD
Already up to date.
remote: error: GH006: Protected branch update failed for refs/heads/develop.        
remote: error: Cannot force-push to this branch        
To github.com:mkjost0/gem5-actions.git
 ! [remote rejected]       develop -> develop (protected branch hook declined)
error: failed to push some refs to 'git@github.com:mkjost0/gem5-actions.git'
From https://gem5.googlesource.com/public/gem5
 * branch                  develop    -> FETCH_HEAD
Already up to date.
remote: error: GH006: Protected branch update failed for refs/heads/develop.        
remote: error: Cannot force-push to this branch        
To github.com:mkjost0/gem5-actions.git
 ! [remote rejected]       develop -> develop (protected branch hook declined)
error: failed to push some refs to 'git@github.com:mkjost0/gem5-actions.git'
From https://gem5.googlesource.com/public/gem5
 * branch                  develop    -> FETCH_HEAD
Already up to date.
remote: error: GH006: Protected branch update failed for refs/heads/develop.        
remote: error: Cannot force-push to this branch        
To github.com:mkjost0/gem5-actions.git
 ! [remote rejected]       develop -> develop (protected branch hook declined)
error: failed to push some refs to 'git@github.com:mkjost0/gem5-actions.git'
From https://gem5.googlesource.com/public/gem5
 * branch                  develop    -> FETCH_HEAD
Already up to date.
remote: error: GH006: Protected branch update failed for refs/heads/develop.        
remote: error: Cannot force-push to this branch        
To github.com:mkjost0/gem5-actions.git
 ! [remote rejected]       develop -> develop (protected branch hook declined)
error: failed to push some refs to 'git@github.com:mkjost0/gem5-actions.git'
From https://gem5.googlesource.com/public/gem5
 * branch                  develop    -> FETCH_HEAD
Already up to date.
remote: error: GH006: Protected branch update failed for refs/heads/develop.        
remote: error: Cannot force-push to this branch        
To github.com:mkjost0/gem5-actions.git
 ! [remote rejected]       develop -> develop (protected branch hook declined)
error: failed to push some refs to 'git@github.com:mkjost0/gem5-actions.git'
From https://gem5.googlesource.com/public/gem5
 * branch                  develop    -> FETCH_HEAD
Already up to date.
remote: error: GH006: Protected branch update failed for refs/heads/develop.        
remote: error: Cannot force-push to this branch        
To github.com:mkjost0/gem5-actions.git
 ! [remote rejected]       develop -> develop (protected branch hook declined)
error: failed to push some refs to 'git@github.com:mkjost0/gem5-actions.git'
From https://gem5.googlesource.com/public/gem5
 * branch                  develop    -> FETCH_HEAD
Already up to date.
remote: error: GH006: Protected branch update failed for refs/heads/develop.        
remote: error: Cannot force-push to this branch        
To github.com:mkjost0/gem5-actions.git
 ! [remote rejected]       develop -> develop (protected branch hook declined)
error: failed to push some refs to 'git@github.com:mkjost0/gem5-actions.git'
From https://gem5.googlesource.com/public/gem5
 * branch                  develop    -> FETCH_HEAD
Already up to date.
remote: error: GH006: Protected branch update failed for refs/heads/develop.        
remote: error: Cannot force-push to this branch        
To github.com:mkjost0/gem5-actions.git
 ! [remote rejected]       develop -> develop (protected branch hook declined)
error: failed to push some refs to 'git@github.com:mkjost0/gem5-actions.git'
From https://gem5.googlesource.com/public/gem5
 * branch                  develop    -> FETCH_HEAD
Already up to date.
remote: error: GH006: Protected branch update failed for refs/heads/develop.        
remote: error: Cannot force-push to this branch        
To github.com:mkjost0/gem5-actions.git
 ! [remote rejected]       develop -> develop (protected branch hook declined)
error: failed to push some refs to 'git@github.com:mkjost0/gem5-actions.git'
From https://gem5.googlesource.com/public/gem5
 * branch                  develop    -> FETCH_HEAD
Already up to date.
remote: error: GH006: Protected branch update failed for refs/heads/develop.        
remote: error: Cannot force-push to this branch        
To github.com:mkjost0/gem5-actions.git
 ! [remote rejected]       develop -> develop (protected branch hook declined)
error: failed to push some refs to 'git@github.com:mkjost0/gem5-actions.git'
From https://gem5.googlesource.com/public/gem5
 * branch                  develop    -> FETCH_HEAD
Already up to date.
remote: error: GH006: Protected branch update failed for refs/heads/develop.        
remote: error: Cannot force-push to this branch        
To github.com:mkjost0/gem5-actions.git
 ! [remote rejected]       develop -> develop (protected branch hook declined)
error: failed to push some refs to 'git@github.com:mkjost0/gem5-actions.git'
From https://gem5.googlesource.com/public/gem5
 * branch                  develop    -> FETCH_HEAD
Already up to date.
remote: error: GH006: Protected branch update failed for refs/heads/develop.        
remote: error: Cannot force-push to this branch        
To github.com:mkjost0/gem5-actions.git
 ! [remote rejected]       develop -> develop (protected branch hook declined)
error: failed to push some refs to 'git@github.com:mkjost0/gem5-actions.git'
From https://gem5.googlesource.com/public/gem5
 * branch                  develop    -> FETCH_HEAD
Already up to date.
remote: error: GH006: Protected branch update failed for refs/heads/develop.        
remote: error: Cannot force-push to this branch        
To github.com:mkjost0/gem5-actions.git
 ! [remote rejected]       develop -> develop (protected branch hook declined)
error: failed to push some refs to 'git@github.com:mkjost0/gem5-actions.git'
From https://gem5.googlesource.com/public/gem5
 * branch                  develop    -> FETCH_HEAD
Already up to date.
remote: error: GH006: Protected branch update failed for refs/heads/develop.        
remote: error: Cannot force-push to this branch        
To github.com:mkjost0/gem5-actions.git
 ! [remote rejected]       develop -> develop (protected branch hook declined)
error: failed to push some refs to 'git@github.com:mkjost0/gem5-actions.git'
From https://gem5.googlesource.com/public/gem5
 * branch                  develop    -> FETCH_HEAD
Already up to date.
remote: error: GH006: Protected branch update failed for refs/heads/develop.        
remote: error: Cannot force-push to this branch        
To github.com:mkjost0/gem5-actions.git
 ! [remote rejected]       develop -> develop (protected branch hook declined)
error: failed to push some refs to 'git@github.com:mkjost0/gem5-actions.git'
From https://gem5.googlesource.com/public/gem5
 * branch                  develop    -> FETCH_HEAD
Already up to date.
remote: error: GH006: Protected branch update failed for refs/heads/develop.        
remote: error: Cannot force-push to this branch        
To github.com:mkjost0/gem5-actions.git
 ! [remote rejected]       develop -> develop (protected branch hook declined)
error: failed to push some refs to 'git@github.com:mkjost0/gem5-actions.git'
From https://gem5.googlesource.com/public/gem5
 * branch                  develop    -> FETCH_HEAD
Already up to date.
remote: error: GH006: Protected branch update failed for refs/heads/develop.        
remote: error: Cannot force-push to this branch        
To github.com:mkjost0/gem5-actions.git
 ! [remote rejected]       develop -> develop (protected branch hook declined)
error: failed to push some refs to 'git@github.com:mkjost0/gem5-actions.git'
From https://gem5.googlesource.com/public/gem5
 * branch                  develop    -> FETCH_HEAD
Already up to date.
remote: error: GH006: Protected branch update failed for refs/heads/develop.        
remote: error: Cannot force-push to this branch        
To github.com:mkjost0/gem5-actions.git
 ! [remote rejected]       develop -> develop (protected branch hook declined)
error: failed to push some refs to 'git@github.com:mkjost0/gem5-actions.git'
From https://gem5.googlesource.com/public/gem5
 * branch                  develop    -> FETCH_HEAD
Already up to date.
remote: error: GH006: Protected branch update failed for refs/heads/develop.        
remote: error: Cannot force-push to this branch        
To github.com:mkjost0/gem5-actions.git
 ! [remote rejected]       develop -> develop (protected branch hook declined)
error: failed to push some refs to 'git@github.com:mkjost0/gem5-actions.git'
From https://gem5.googlesource.com/public/gem5
 * branch                  develop    -> FETCH_HEAD
Already up to date.
remote: error: GH006: Protected branch update failed for refs/heads/develop.        
remote: error: Cannot force-push to this branch        
To github.com:mkjost0/gem5-actions.git
 ! [remote rejected]       develop -> develop (protected branch hook declined)
error: failed to push some refs to 'git@github.com:mkjost0/gem5-actions.git'
From https://gem5.googlesource.com/public/gem5
 * branch                  develop    -> FETCH_HEAD
Already up to date.
remote: error: GH006: Protected branch update failed for refs/heads/develop.        
remote: error: Cannot force-push to this branch        
To github.com:mkjost0/gem5-actions.git
 ! [remote rejected]       develop -> develop (protected branch hook declined)
error: failed to push some refs to 'git@github.com:mkjost0/gem5-actions.git'
From https://gem5.googlesource.com/public/gem5
 * branch                  develop    -> FETCH_HEAD
Already up to date.
remote: error: GH006: Protected branch update failed for refs/heads/develop.        
remote: error: Cannot force-push to this branch        
To github.com:mkjost0/gem5-actions.git
 ! [remote rejected]       develop -> develop (protected branch hook declined)
error: failed to push some refs to 'git@github.com:mkjost0/gem5-actions.git'
From https://gem5.googlesource.com/public/gem5
 * branch                  develop    -> FETCH_HEAD
Already up to date.
remote: error: GH006: Protected branch update failed for refs/heads/develop.        
remote: error: Cannot force-push to this branch        
To github.com:mkjost0/gem5-actions.git
 ! [remote rejected]       develop -> develop (protected branch hook declined)
error: failed to push some refs to 'git@github.com:mkjost0/gem5-actions.git'
From https://gem5.googlesource.com/public/gem5
 * branch                  develop    -> FETCH_HEAD
Already up to date.
remote: error: GH006: Protected branch update failed for refs/heads/develop.        
remote: error: Cannot force-push to this branch        
To github.com:mkjost0/gem5-actions.git
 ! [remote rejected]       develop -> develop (protected branch hook declined)
error: failed to push some refs to 'git@github.com:mkjost0/gem5-actions.git'
From https://gem5.googlesource.com/public/gem5
 * branch                  develop    -> FETCH_HEAD
Already up to date.
remote: error: GH006: Protected branch update failed for refs/heads/develop.        
remote: error: Cannot force-push to this branch        
To github.com:mkjost0/gem5-actions.git
 ! [remote rejected]       develop -> develop (protected branch hook declined)
error: failed to push some refs to 'git@github.com:mkjost0/gem5-actions.git'
From https://gem5.googlesource.com/public/gem5
 * branch                  develop    -> FETCH_HEAD
Already up to date.
remote: error: GH006: Protected branch update failed for refs/heads/develop.        
remote: error: Cannot force-push to this branch        
To github.com:mkjost0/gem5-actions.git
 ! [remote rejected]       develop -> develop (protected branch hook declined)
error: failed to push some refs to 'git@github.com:mkjost0/gem5-actions.git'
From https://gem5.googlesource.com/public/gem5
 * branch                  develop    -> FETCH_HEAD
Already up to date.
remote: error: GH006: Protected branch update failed for refs/heads/develop.        
remote: error: Cannot force-push to this branch        
To github.com:mkjost0/gem5-actions.git
 ! [remote rejected]       develop -> develop (protected branch hook declined)
error: failed to push some refs to 'git@github.com:mkjost0/gem5-actions.git'
From https://gem5.googlesource.com/public/gem5
 * branch                  develop    -> FETCH_HEAD
Already up to date.
remote: error: GH006: Protected branch update failed for refs/heads/develop.        
remote: error: Cannot force-push to this branch        
To github.com:mkjost0/gem5-actions.git
 ! [remote rejected]       develop -> develop (protected branch hook declined)
error: failed to push some refs to 'git@github.com:mkjost0/gem5-actions.git'
From https://gem5.googlesource.com/public/gem5
 * branch                  develop    -> FETCH_HEAD
Already up to date.
remote: error: GH006: Protected branch update failed for refs/heads/develop.        
remote: error: Cannot force-push to this branch        
To github.com:mkjost0/gem5-actions.git
 ! [remote rejected]       develop -> develop (protected branch hook declined)
error: failed to push some refs to 'git@github.com:mkjost0/gem5-actions.git'
From https://gem5.googlesource.com/public/gem5
 * branch                  develop    -> FETCH_HEAD
Already up to date.
remote: error: GH006: Protected branch update failed for refs/heads/develop.        
remote: error: Cannot force-push to this branch        
To github.com:mkjost0/gem5-actions.git
 ! [remote rejected]       develop -> develop (protected branch hook declined)
error: failed to push some refs to 'git@github.com:mkjost0/gem5-actions.git'
From https://gem5.googlesource.com/public/gem5
 * branch                  develop    -> FETCH_HEAD
Already up to date.
remote: error: GH006: Protected branch update failed for refs/heads/develop.        
remote: error: Cannot force-push to this branch        
To github.com:mkjost0/gem5-actions.git
 ! [remote rejected]       develop -> develop (protected branch hook declined)
error: failed to push some refs to 'git@github.com:mkjost0/gem5-actions.git'
From https://gem5.googlesource.com/public/gem5
 * branch                  develop    -> FETCH_HEAD
Already up to date.
remote: error: GH006: Protected branch update failed for refs/heads/develop.        
remote: error: Cannot force-push to this branch        
To github.com:mkjost0/gem5-actions.git
 ! [remote rejected]       develop -> develop (protected branch hook declined)
error: failed to push some refs to 'git@github.com:mkjost0/gem5-actions.git'
From https://gem5.googlesource.com/public/gem5
 * branch                  develop    -> FETCH_HEAD
Already up to date.
remote: error: GH006: Protected branch update failed for refs/heads/develop.        
remote: error: Cannot force-push to this branch        
To github.com:mkjost0/gem5-actions.git
 ! [remote rejected]       develop -> develop (protected branch hook declined)
error: failed to push some refs to 'git@github.com:mkjost0/gem5-actions.git'
From https://gem5.googlesource.com/public/gem5
 * branch                  develop    -> FETCH_HEAD
Already up to date.
remote: error: GH006: Protected branch update failed for refs/heads/develop.        
remote: error: Cannot force-push to this branch        
To github.com:mkjost0/gem5-actions.git
 ! [remote rejected]       develop -> develop (protected branch hook declined)
error: failed to push some refs to 'git@github.com:mkjost0/gem5-actions.git'
From https://gem5.googlesource.com/public/gem5
 * branch                  develop    -> FETCH_HEAD
Already up to date.
remote: error: GH006: Protected branch update failed for refs/heads/develop.        
remote: error: Cannot force-push to this branch        
To github.com:mkjost0/gem5-actions.git
 ! [remote rejected]       develop -> develop (protected branch hook declined)
error: failed to push some refs to 'git@github.com:mkjost0/gem5-actions.git'
From https://gem5.googlesource.com/public/gem5
 * branch                  develop    -> FETCH_HEAD
Already up to date.
remote: error: GH006: Protected branch update failed for refs/heads/develop.        
remote: error: Cannot force-push to this branch        
To github.com:mkjost0/gem5-actions.git
 ! [remote rejected]       develop -> develop (protected branch hook declined)
error: failed to push some refs to 'git@github.com:mkjost0/gem5-actions.git'
From https://gem5.googlesource.com/public/gem5
 * branch                  develop    -> FETCH_HEAD
Already up to date.
remote: error: GH006: Protected branch update failed for refs/heads/develop.        
remote: error: Cannot force-push to this branch        
To github.com:mkjost0/gem5-actions.git
 ! [remote rejected]       develop -> develop (protected branch hook declined)
error: failed to push some refs to 'git@github.com:mkjost0/gem5-actions.git'
From https://gem5.googlesource.com/public/gem5
 * branch                  develop    -> FETCH_HEAD
Already up to date.
remote: error: GH006: Protected branch update failed for refs/heads/develop.        
remote: error: Cannot force-push to this branch        
To github.com:mkjost0/gem5-actions.git
 ! [remote rejected]       develop -> develop (protected branch hook declined)
error: failed to push some refs to 'git@github.com:mkjost0/gem5-actions.git'
From https://gem5.googlesource.com/public/gem5
 * branch                  develop    -> FETCH_HEAD
Already up to date.
remote: error: GH006: Protected branch update failed for refs/heads/develop.        
remote: error: Cannot force-push to this branch        
To github.com:mkjost0/gem5-actions.git
 ! [remote rejected]       develop -> develop (protected branch hook declined)
error: failed to push some refs to 'git@github.com:mkjost0/gem5-actions.git'
From https://gem5.googlesource.com/public/gem5
 * branch                  develop    -> FETCH_HEAD
Already up to date.
remote: error: GH006: Protected branch update failed for refs/heads/develop.        
remote: error: Cannot force-push to this branch        
To github.com:mkjost0/gem5-actions.git
 ! [remote rejected]       develop -> develop (protected branch hook declined)
error: failed to push some refs to 'git@github.com:mkjost0/gem5-actions.git'
From https://gem5.googlesource.com/public/gem5
 * branch                  develop    -> FETCH_HEAD
Already up to date.
remote: error: GH006: Protected branch update failed for refs/heads/develop.        
remote: error: Cannot force-push to this branch        
To github.com:mkjost0/gem5-actions.git
 ! [remote rejected]       develop -> develop (protected branch hook declined)
error: failed to push some refs to 'git@github.com:mkjost0/gem5-actions.git'
From https://gem5.googlesource.com/public/gem5
 * branch                  develop    -> FETCH_HEAD
Already up to date.
remote: error: GH006: Protected branch update failed for refs/heads/develop.        
remote: error: Cannot force-push to this branch        
To github.com:mkjost0/gem5-actions.git
 ! [remote rejected]       develop -> develop (protected branch hook declined)
error: failed to push some refs to 'git@github.com:mkjost0/gem5-actions.git'
From https://gem5.googlesource.com/public/gem5
 * branch                  develop    -> FETCH_HEAD
Already up to date.
remote: error: GH006: Protected branch update failed for refs/heads/develop.        
remote: error: Cannot force-push to this branch        
To github.com:mkjost0/gem5-actions.git
 ! [remote rejected]       develop -> develop (protected branch hook declined)
error: failed to push some refs to 'git@github.com:mkjost0/gem5-actions.git'
From https://gem5.googlesource.com/public/gem5
 * branch                  develop    -> FETCH_HEAD
Already up to date.
remote: error: GH006: Protected branch update failed for refs/heads/develop.        
remote: error: Cannot force-push to this branch        
To github.com:mkjost0/gem5-actions.git
 ! [remote rejected]       develop -> develop (protected branch hook declined)
error: failed to push some refs to 'git@github.com:mkjost0/gem5-actions.git'
From https://gem5.googlesource.com/public/gem5
 * branch                  develop    -> FETCH_HEAD
Already up to date.
remote: error: GH006: Protected branch update failed for refs/heads/develop.        
remote: error: Cannot force-push to this branch        
To github.com:mkjost0/gem5-actions.git
 ! [remote rejected]       develop -> develop (protected branch hook declined)
error: failed to push some refs to 'git@github.com:mkjost0/gem5-actions.git'
From https://gem5.googlesource.com/public/gem5
 * branch                  develop    -> FETCH_HEAD
Already up to date.
remote: error: GH006: Protected branch update failed for refs/heads/develop.        
remote: error: Cannot force-push to this branch        
To github.com:mkjost0/gem5-actions.git
 ! [remote rejected]       develop -> develop (protected branch hook declined)
error: failed to push some refs to 'git@github.com:mkjost0/gem5-actions.git'
From https://gem5.googlesource.com/public/gem5
 * branch                  develop    -> FETCH_HEAD
Already up to date.
remote: error: GH006: Protected branch update failed for refs/heads/develop.        
remote: error: Cannot force-push to this branch        
To github.com:mkjost0/gem5-actions.git
 ! [remote rejected]       develop -> develop (protected branch hook declined)
error: failed to push some refs to 'git@github.com:mkjost0/gem5-actions.git'
From https://gem5.googlesource.com/public/gem5
 * branch                  develop    -> FETCH_HEAD
Already up to date.
remote: error: GH006: Protected branch update failed for refs/heads/develop.        
remote: error: Cannot force-push to this branch        
To github.com:mkjost0/gem5-actions.git
 ! [remote rejected]       develop -> develop (protected branch hook declined)
error: failed to push some refs to 'git@github.com:mkjost0/gem5-actions.git'
From https://gem5.googlesource.com/public/gem5
 * branch                  develop    -> FETCH_HEAD
Already up to date.
remote: error: GH006: Protected branch update failed for refs/heads/develop.        
remote: error: Cannot force-push to this branch        
To github.com:mkjost0/gem5-actions.git
 ! [remote rejected]       develop -> develop (protected branch hook declined)
error: failed to push some refs to 'git@github.com:mkjost0/gem5-actions.git'
From https://gem5.googlesource.com/public/gem5
 * branch                  develop    -> FETCH_HEAD
Already up to date.
remote: error: GH006: Protected branch update failed for refs/heads/develop.        
remote: error: Cannot force-push to this branch        
To github.com:mkjost0/gem5-actions.git
 ! [remote rejected]       develop -> develop (protected branch hook declined)
error: failed to push some refs to 'git@github.com:mkjost0/gem5-actions.git'
From https://gem5.googlesource.com/public/gem5
 * branch                  develop    -> FETCH_HEAD
Already up to date.
remote: error: GH006: Protected branch update failed for refs/heads/develop.        
remote: error: Cannot force-push to this branch        
To github.com:mkjost0/gem5-actions.git
 ! [remote rejected]       develop -> develop (protected branch hook declined)
error: failed to push some refs to 'git@github.com:mkjost0/gem5-actions.git'
From https://gem5.googlesource.com/public/gem5
 * branch                  develop    -> FETCH_HEAD
Already up to date.
remote: error: GH006: Protected branch update failed for refs/heads/develop.        
remote: error: Cannot force-push to this branch        
To github.com:mkjost0/gem5-actions.git
 ! [remote rejected]       develop -> develop (protected branch hook declined)
error: failed to push some refs to 'git@github.com:mkjost0/gem5-actions.git'
From https://gem5.googlesource.com/public/gem5
 * branch                  develop    -> FETCH_HEAD
Already up to date.
remote: error: GH006: Protected branch update failed for refs/heads/develop.        
remote: error: Cannot force-push to this branch        
To github.com:mkjost0/gem5-actions.git
 ! [remote rejected]       develop -> develop (protected branch hook declined)
error: failed to push some refs to 'git@github.com:mkjost0/gem5-actions.git'
From https://gem5.googlesource.com/public/gem5
 * branch                  develop    -> FETCH_HEAD
Already up to date.
remote: error: GH006: Protected branch update failed for refs/heads/develop.        
remote: error: Cannot force-push to this branch        
To github.com:mkjost0/gem5-actions.git
 ! [remote rejected]       develop -> develop (protected branch hook declined)
error: failed to push some refs to 'git@github.com:mkjost0/gem5-actions.git'
From https://gem5.googlesource.com/public/gem5
 * branch                  develop    -> FETCH_HEAD
Already up to date.
remote: error: GH006: Protected branch update failed for refs/heads/develop.        
remote: error: Cannot force-push to this branch        
To github.com:mkjost0/gem5-actions.git
 ! [remote rejected]       develop -> develop (protected branch hook declined)
error: failed to push some refs to 'git@github.com:mkjost0/gem5-actions.git'
From https://gem5.googlesource.com/public/gem5
 * branch                  develop    -> FETCH_HEAD
Already up to date.
remote: error: GH006: Protected branch update failed for refs/heads/develop.        
remote: error: Cannot force-push to this branch        
To github.com:mkjost0/gem5-actions.git
 ! [remote rejected]       develop -> develop (protected branch hook declined)
error: failed to push some refs to 'git@github.com:mkjost0/gem5-actions.git'
From https://gem5.googlesource.com/public/gem5
 * branch                  develop    -> FETCH_HEAD
Already up to date.
remote: error: GH006: Protected branch update failed for refs/heads/develop.        
remote: error: Cannot force-push to this branch        
To github.com:mkjost0/gem5-actions.git
 ! [remote rejected]       develop -> develop (protected branch hook declined)
error: failed to push some refs to 'git@github.com:mkjost0/gem5-actions.git'
From https://gem5.googlesource.com/public/gem5
 * branch                  develop    -> FETCH_HEAD
Already up to date.
remote: error: GH006: Protected branch update failed for refs/heads/develop.        
remote: error: Cannot force-push to this branch        
To github.com:mkjost0/gem5-actions.git
 ! [remote rejected]       develop -> develop (protected branch hook declined)
error: failed to push some refs to 'git@github.com:mkjost0/gem5-actions.git'
From https://gem5.googlesource.com/public/gem5
 * branch                  develop    -> FETCH_HEAD
Already up to date.
remote: error: GH006: Protected branch update failed for refs/heads/develop.        
remote: error: Cannot force-push to this branch        
To github.com:mkjost0/gem5-actions.git
 ! [remote rejected]       develop -> develop (protected branch hook declined)
error: failed to push some refs to 'git@github.com:mkjost0/gem5-actions.git'
From https://gem5.googlesource.com/public/gem5
 * branch                  develop    -> FETCH_HEAD
Already up to date.
remote: error: GH006: Protected branch update failed for refs/heads/develop.        
remote: error: Cannot force-push to this branch        
To github.com:mkjost0/gem5-actions.git
 ! [remote rejected]       develop -> develop (protected branch hook declined)
error: failed to push some refs to 'git@github.com:mkjost0/gem5-actions.git'
From https://gem5.googlesource.com/public/gem5
 * branch                  develop    -> FETCH_HEAD
Already up to date.
remote: error: GH006: Protected branch update failed for refs/heads/develop.        
remote: error: Cannot force-push to this branch        
To github.com:mkjost0/gem5-actions.git
 ! [remote rejected]       develop -> develop (protected branch hook declined)
error: failed to push some refs to 'git@github.com:mkjost0/gem5-actions.git'
From https://gem5.googlesource.com/public/gem5
 * branch                  develop    -> FETCH_HEAD
Already up to date.
remote: error: GH006: Protected branch update failed for refs/heads/develop.        
remote: error: Cannot force-push to this branch        
To github.com:mkjost0/gem5-actions.git
 ! [remote rejected]       develop -> develop (protected branch hook declined)
error: failed to push some refs to 'git@github.com:mkjost0/gem5-actions.git'
From https://gem5.googlesource.com/public/gem5
 * branch                  develop    -> FETCH_HEAD
Already up to date.
remote: error: GH006: Protected branch update failed for refs/heads/develop.        
remote: error: Cannot force-push to this branch        
To github.com:mkjost0/gem5-actions.git
 ! [remote rejected]       develop -> develop (protected branch hook declined)
error: failed to push some refs to 'git@github.com:mkjost0/gem5-actions.git'
From https://gem5.googlesource.com/public/gem5
 * branch                  develop    -> FETCH_HEAD
Already up to date.
remote: error: GH006: Protected branch update failed for refs/heads/develop.        
remote: error: Cannot force-push to this branch        
To github.com:mkjost0/gem5-actions.git
 ! [remote rejected]       develop -> develop (protected branch hook declined)
error: failed to push some refs to 'git@github.com:mkjost0/gem5-actions.git'
From https://gem5.googlesource.com/public/gem5
 * branch                  develop    -> FETCH_HEAD
Already up to date.
remote: error: GH006: Protected branch update failed for refs/heads/develop.        
remote: error: Cannot force-push to this branch        
To github.com:mkjost0/gem5-actions.git
 ! [remote rejected]       develop -> develop (protected branch hook declined)
error: failed to push some refs to 'git@github.com:mkjost0/gem5-actions.git'
From https://gem5.googlesource.com/public/gem5
 * branch                  develop    -> FETCH_HEAD
Already up to date.
remote: error: GH006: Protected branch update failed for refs/heads/develop.        
remote: error: Cannot force-push to this branch        
To github.com:mkjost0/gem5-actions.git
 ! [remote rejected]       develop -> develop (protected branch hook declined)
error: failed to push some refs to 'git@github.com:mkjost0/gem5-actions.git'
From https://gem5.googlesource.com/public/gem5
 * branch                  develop    -> FETCH_HEAD
Already up to date.
remote: error: GH006: Protected branch update failed for refs/heads/develop.        
remote: error: Cannot force-push to this branch        
To github.com:mkjost0/gem5-actions.git
 ! [remote rejected]       develop -> develop (protected branch hook declined)
error: failed to push some refs to 'git@github.com:mkjost0/gem5-actions.git'
From https://gem5.googlesource.com/public/gem5
 * branch                  develop    -> FETCH_HEAD
Already up to date.
remote: error: GH006: Protected branch update failed for refs/heads/develop.        
remote: error: Cannot force-push to this branch        
To github.com:mkjost0/gem5-actions.git
 ! [remote rejected]       develop -> develop (protected branch hook declined)
error: failed to push some refs to 'git@github.com:mkjost0/gem5-actions.git'
From https://gem5.googlesource.com/public/gem5
 * branch                  develop    -> FETCH_HEAD
Already up to date.
remote: error: GH006: Protected branch update failed for refs/heads/develop.        
remote: error: Cannot force-push to this branch        
To github.com:mkjost0/gem5-actions.git
 ! [remote rejected]       develop -> develop (protected branch hook declined)
error: failed to push some refs to 'git@github.com:mkjost0/gem5-actions.git'
From https://gem5.googlesource.com/public/gem5
 * branch                  develop    -> FETCH_HEAD
Already up to date.
remote: error: GH006: Protected branch update failed for refs/heads/develop.        
remote: error: Cannot force-push to this branch        
To github.com:mkjost0/gem5-actions.git
 ! [remote rejected]       develop -> develop (protected branch hook declined)
error: failed to push some refs to 'git@github.com:mkjost0/gem5-actions.git'
From https://gem5.googlesource.com/public/gem5
 * branch                  develop    -> FETCH_HEAD
Already up to date.
remote: error: GH006: Protected branch update failed for refs/heads/develop.        
remote: error: Cannot force-push to this branch        
To github.com:mkjost0/gem5-actions.git
 ! [remote rejected]       develop -> develop (protected branch hook declined)
error: failed to push some refs to 'git@github.com:mkjost0/gem5-actions.git'
From https://gem5.googlesource.com/public/gem5
 * branch                  develop    -> FETCH_HEAD
Already up to date.
remote: error: GH006: Protected branch update failed for refs/heads/develop.        
remote: error: Cannot force-push to this branch        
To github.com:mkjost0/gem5-actions.git
 ! [remote rejected]       develop -> develop (protected branch hook declined)
error: failed to push some refs to 'git@github.com:mkjost0/gem5-actions.git'
From https://gem5.googlesource.com/public/gem5
 * branch                  develop    -> FETCH_HEAD
Already up to date.
remote: error: GH006: Protected branch update failed for refs/heads/develop.        
remote: error: Cannot force-push to this branch        
To github.com:mkjost0/gem5-actions.git
 ! [remote rejected]       develop -> develop (protected branch hook declined)
error: failed to push some refs to 'git@github.com:mkjost0/gem5-actions.git'
From https://gem5.googlesource.com/public/gem5
 * branch                  develop    -> FETCH_HEAD
Already up to date.
remote: error: GH006: Protected branch update failed for refs/heads/develop.        
remote: error: Cannot force-push to this branch        
To github.com:mkjost0/gem5-actions.git
 ! [remote rejected]       develop -> develop (protected branch hook declined)
error: failed to push some refs to 'git@github.com:mkjost0/gem5-actions.git'
From https://gem5.googlesource.com/public/gem5
 * branch                  develop    -> FETCH_HEAD
Already up to date.
remote: error: GH006: Protected branch update failed for refs/heads/develop.        
remote: error: Cannot force-push to this branch        
To github.com:mkjost0/gem5-actions.git
 ! [remote rejected]       develop -> develop (protected branch hook declined)
error: failed to push some refs to 'git@github.com:mkjost0/gem5-actions.git'
From https://gem5.googlesource.com/public/gem5
 * branch                  develop    -> FETCH_HEAD
Already up to date.
remote: error: GH006: Protected branch update failed for refs/heads/develop.        
remote: error: Cannot force-push to this branch        
To github.com:mkjost0/gem5-actions.git
 ! [remote rejected]       develop -> develop (protected branch hook declined)
error: failed to push some refs to 'git@github.com:mkjost0/gem5-actions.git'
From https://gem5.googlesource.com/public/gem5
 * branch                  develop    -> FETCH_HEAD
Already up to date.
remote: error: GH006: Protected branch update failed for refs/heads/develop.        
remote: error: Cannot force-push to this branch        
To github.com:mkjost0/gem5-actions.git
 ! [remote rejected]       develop -> develop (protected branch hook declined)
error: failed to push some refs to 'git@github.com:mkjost0/gem5-actions.git'
From https://gem5.googlesource.com/public/gem5
 * branch                  develop    -> FETCH_HEAD
Already up to date.
remote: error: GH006: Protected branch update failed for refs/heads/develop.        
remote: error: Cannot force-push to this branch        
To github.com:mkjost0/gem5-actions.git
 ! [remote rejected]       develop -> develop (protected branch hook declined)
error: failed to push some refs to 'git@github.com:mkjost0/gem5-actions.git'
From https://gem5.googlesource.com/public/gem5
 * branch                  develop    -> FETCH_HEAD
Already up to date.
remote: error: GH006: Protected branch update failed for refs/heads/develop.        
remote: error: Cannot force-push to this branch        
To github.com:mkjost0/gem5-actions.git
 ! [remote rejected]       develop -> develop (protected branch hook declined)
error: failed to push some refs to 'git@github.com:mkjost0/gem5-actions.git'
From https://gem5.googlesource.com/public/gem5
 * branch                  develop    -> FETCH_HEAD
Already up to date.
remote: error: GH006: Protected branch update failed for refs/heads/develop.        
remote: error: Cannot force-push to this branch        
To github.com:mkjost0/gem5-actions.git
 ! [remote rejected]       develop -> develop (protected branch hook declined)
error: failed to push some refs to 'git@github.com:mkjost0/gem5-actions.git'
From https://gem5.googlesource.com/public/gem5
 * branch                  develop    -> FETCH_HEAD
Already up to date.
remote: error: GH006: Protected branch update failed for refs/heads/develop.        
remote: error: Cannot force-push to this branch        
To github.com:mkjost0/gem5-actions.git
 ! [remote rejected]       develop -> develop (protected branch hook declined)
error: failed to push some refs to 'git@github.com:mkjost0/gem5-actions.git'
From https://gem5.googlesource.com/public/gem5
 * branch                  develop    -> FETCH_HEAD
Already up to date.
remote: error: GH006: Protected branch update failed for refs/heads/develop.        
remote: error: Cannot force-push to this branch        
To github.com:mkjost0/gem5-actions.git
 ! [remote rejected]       develop -> develop (protected branch hook declined)
error: failed to push some refs to 'git@github.com:mkjost0/gem5-actions.git'
From https://gem5.googlesource.com/public/gem5
 * branch                  develop    -> FETCH_HEAD
Already up to date.
remote: error: GH006: Protected branch update failed for refs/heads/develop.        
remote: error: Cannot force-push to this branch        
To github.com:mkjost0/gem5-actions.git
 ! [remote rejected]       develop -> develop (protected branch hook declined)
error: failed to push some refs to 'git@github.com:mkjost0/gem5-actions.git'
From https://gem5.googlesource.com/public/gem5
 * branch                  develop    -> FETCH_HEAD
Already up to date.
remote: error: GH006: Protected branch update failed for refs/heads/develop.        
remote: error: Cannot force-push to this branch        
To github.com:mkjost0/gem5-actions.git
 ! [remote rejected]       develop -> develop (protected branch hook declined)
error: failed to push some refs to 'git@github.com:mkjost0/gem5-actions.git'
From https://gem5.googlesource.com/public/gem5
 * branch                  develop    -> FETCH_HEAD
Already up to date.
remote: error: GH006: Protected branch update failed for refs/heads/develop.        
remote: error: Cannot force-push to this branch        
To github.com:mkjost0/gem5-actions.git
 ! [remote rejected]       develop -> develop (protected branch hook declined)
error: failed to push some refs to 'git@github.com:mkjost0/gem5-actions.git'
From https://gem5.googlesource.com/public/gem5
 * branch                  develop    -> FETCH_HEAD
Already up to date.
remote: error: GH006: Protected branch update failed for refs/heads/develop.        
remote: error: Cannot force-push to this branch        
To github.com:mkjost0/gem5-actions.git
 ! [remote rejected]       develop -> develop (protected branch hook declined)
error: failed to push some refs to 'git@github.com:mkjost0/gem5-actions.git'
From https://gem5.googlesource.com/public/gem5
 * branch                  develop    -> FETCH_HEAD
Already up to date.
remote: error: GH006: Protected branch update failed for refs/heads/develop.        
remote: error: Cannot force-push to this branch        
To github.com:mkjost0/gem5-actions.git
 ! [remote rejected]       develop -> develop (protected branch hook declined)
error: failed to push some refs to 'git@github.com:mkjost0/gem5-actions.git'
From https://gem5.googlesource.com/public/gem5
 * branch                  develop    -> FETCH_HEAD
Already up to date.
remote: error: GH006: Protected branch update failed for refs/heads/develop.        
remote: error: Cannot force-push to this branch        
To github.com:mkjost0/gem5-actions.git
 ! [remote rejected]       develop -> develop (protected branch hook declined)
error: failed to push some refs to 'git@github.com:mkjost0/gem5-actions.git'
From https://gem5.googlesource.com/public/gem5
 * branch                  develop    -> FETCH_HEAD
Already up to date.
remote: error: GH006: Protected branch update failed for refs/heads/develop.        
remote: error: Cannot force-push to this branch        
To github.com:mkjost0/gem5-actions.git
 ! [remote rejected]       develop -> develop (protected branch hook declined)
error: failed to push some refs to 'git@github.com:mkjost0/gem5-actions.git'
From https://gem5.googlesource.com/public/gem5
 * branch                  develop    -> FETCH_HEAD
Already up to date.
remote: error: GH006: Protected branch update failed for refs/heads/develop.        
remote: error: Cannot force-push to this branch        
To github.com:mkjost0/gem5-actions.git
 ! [remote rejected]       develop -> develop (protected branch hook declined)
error: failed to push some refs to 'git@github.com:mkjost0/gem5-actions.git'
From https://gem5.googlesource.com/public/gem5
 * branch                  develop    -> FETCH_HEAD
Already up to date.
remote: error: GH006: Protected branch update failed for refs/heads/develop.        
remote: error: Cannot force-push to this branch        
To github.com:mkjost0/gem5-actions.git
 ! [remote rejected]       develop -> develop (protected branch hook declined)
error: failed to push some refs to 'git@github.com:mkjost0/gem5-actions.git'
From https://gem5.googlesource.com/public/gem5
 * branch                  develop    -> FETCH_HEAD
Already up to date.
remote: error: GH006: Protected branch update failed for refs/heads/develop.        
remote: error: Cannot force-push to this branch        
To github.com:mkjost0/gem5-actions.git
 ! [remote rejected]       develop -> develop (protected branch hook declined)
error: failed to push some refs to 'git@github.com:mkjost0/gem5-actions.git'
From https://gem5.googlesource.com/public/gem5
 * branch                  develop    -> FETCH_HEAD
Already up to date.
remote: error: GH006: Protected branch update failed for refs/heads/develop.        
remote: error: Cannot force-push to this branch        
To github.com:mkjost0/gem5-actions.git
 ! [remote rejected]       develop -> develop (protected branch hook declined)
error: failed to push some refs to 'git@github.com:mkjost0/gem5-actions.git'
From https://gem5.googlesource.com/public/gem5
 * branch                  develop    -> FETCH_HEAD
Already up to date.
remote: error: GH006: Protected branch update failed for refs/heads/develop.        
remote: error: Cannot force-push to this branch        
To github.com:mkjost0/gem5-actions.git
 ! [remote rejected]       develop -> develop (protected branch hook declined)
error: failed to push some refs to 'git@github.com:mkjost0/gem5-actions.git'
From https://gem5.googlesource.com/public/gem5
 * branch                  develop    -> FETCH_HEAD
Already up to date.
remote: error: GH006: Protected branch update failed for refs/heads/develop.        
remote: error: Cannot force-push to this branch        
To github.com:mkjost0/gem5-actions.git
 ! [remote rejected]       develop -> develop (protected branch hook declined)
error: failed to push some refs to 'git@github.com:mkjost0/gem5-actions.git'
From https://gem5.googlesource.com/public/gem5
 * branch                  develop    -> FETCH_HEAD
Already up to date.
remote: error: GH006: Protected branch update failed for refs/heads/develop.        
remote: error: Cannot force-push to this branch        
To github.com:mkjost0/gem5-actions.git
 ! [remote rejected]       develop -> develop (protected branch hook declined)
error: failed to push some refs to 'git@github.com:mkjost0/gem5-actions.git'
From https://gem5.googlesource.com/public/gem5
 * branch                  develop    -> FETCH_HEAD
Already up to date.
remote: error: GH006: Protected branch update failed for refs/heads/develop.        
remote: error: Cannot force-push to this branch        
To github.com:mkjost0/gem5-actions.git
 ! [remote rejected]       develop -> develop (protected branch hook declined)
error: failed to push some refs to 'git@github.com:mkjost0/gem5-actions.git'
From https://gem5.googlesource.com/public/gem5
 * branch                  develop    -> FETCH_HEAD
Already up to date.
remote: error: GH006: Protected branch update failed for refs/heads/develop.        
remote: error: Cannot force-push to this branch        
To github.com:mkjost0/gem5-actions.git
 ! [remote rejected]       develop -> develop (protected branch hook declined)
error: failed to push some refs to 'git@github.com:mkjost0/gem5-actions.git'
From https://gem5.googlesource.com/public/gem5
 * branch                  develop    -> FETCH_HEAD
Already up to date.
remote: error: GH006: Protected branch update failed for refs/heads/develop.        
remote: error: Cannot force-push to this branch        
To github.com:mkjost0/gem5-actions.git
 ! [remote rejected]       develop -> develop (protected branch hook declined)
error: failed to push some refs to 'git@github.com:mkjost0/gem5-actions.git'
From https://gem5.googlesource.com/public/gem5
 * branch                  develop    -> FETCH_HEAD
Already up to date.
remote: error: GH006: Protected branch update failed for refs/heads/develop.        
remote: error: Cannot force-push to this branch        
To github.com:mkjost0/gem5-actions.git
 ! [remote rejected]       develop -> develop (protected branch hook declined)
error: failed to push some refs to 'git@github.com:mkjost0/gem5-actions.git'
From https://gem5.googlesource.com/public/gem5
 * branch                  develop    -> FETCH_HEAD
Already up to date.
remote: error: GH006: Protected branch update failed for refs/heads/develop.        
remote: error: Cannot force-push to this branch        
To github.com:mkjost0/gem5-actions.git
 ! [remote rejected]       develop -> develop (protected branch hook declined)
error: failed to push some refs to 'git@github.com:mkjost0/gem5-actions.git'
From https://gem5.googlesource.com/public/gem5
 * branch                  develop    -> FETCH_HEAD
Already up to date.
remote: error: GH006: Protected branch update failed for refs/heads/develop.        
remote: error: Cannot force-push to this branch        
To github.com:mkjost0/gem5-actions.git
 ! [remote rejected]       develop -> develop (protected branch hook declined)
error: failed to push some refs to 'git@github.com:mkjost0/gem5-actions.git'
From https://gem5.googlesource.com/public/gem5
 * branch                  develop    -> FETCH_HEAD
Already up to date.
remote: error: GH006: Protected branch update failed for refs/heads/develop.        
remote: error: Cannot force-push to this branch        
To github.com:mkjost0/gem5-actions.git
 ! [remote rejected]       develop -> develop (protected branch hook declined)
error: failed to push some refs to 'git@github.com:mkjost0/gem5-actions.git'
From https://gem5.googlesource.com/public/gem5
 * branch                  develop    -> FETCH_HEAD
Already up to date.
remote: error: GH006: Protected branch update failed for refs/heads/develop.        
remote: error: Cannot force-push to this branch        
To github.com:mkjost0/gem5-actions.git
 ! [remote rejected]       develop -> develop (protected branch hook declined)
error: failed to push some refs to 'git@github.com:mkjost0/gem5-actions.git'
From https://gem5.googlesource.com/public/gem5
 * branch                  develop    -> FETCH_HEAD
Already up to date.
remote: error: GH006: Protected branch update failed for refs/heads/develop.        
remote: error: Cannot force-push to this branch        
To github.com:mkjost0/gem5-actions.git
 ! [remote rejected]       develop -> develop (protected branch hook declined)
error: failed to push some refs to 'git@github.com:mkjost0/gem5-actions.git'
From https://gem5.googlesource.com/public/gem5
 * branch                  develop    -> FETCH_HEAD
Already up to date.
remote: error: GH006: Protected branch update failed for refs/heads/develop.        
remote: error: Cannot force-push to this branch        
To github.com:mkjost0/gem5-actions.git
 ! [remote rejected]       develop -> develop (protected branch hook declined)
error: failed to push some refs to 'git@github.com:mkjost0/gem5-actions.git'
From https://gem5.googlesource.com/public/gem5
 * branch                  develop    -> FETCH_HEAD
Already up to date.
remote: error: GH006: Protected branch update failed for refs/heads/develop.        
remote: error: Cannot force-push to this branch        
To github.com:mkjost0/gem5-actions.git
 ! [remote rejected]       develop -> develop (protected branch hook declined)
error: failed to push some refs to 'git@github.com:mkjost0/gem5-actions.git'
From https://gem5.googlesource.com/public/gem5
 * branch                  develop    -> FETCH_HEAD
Already up to date.
remote: error: GH006: Protected branch update failed for refs/heads/develop.        
remote: error: Cannot force-push to this branch        
To github.com:mkjost0/gem5-actions.git
 ! [remote rejected]       develop -> develop (protected branch hook declined)
error: failed to push some refs to 'git@github.com:mkjost0/gem5-actions.git'
From https://gem5.googlesource.com/public/gem5
 * branch                  develop    -> FETCH_HEAD
Already up to date.
remote: error: GH006: Protected branch update failed for refs/heads/develop.        
remote: error: Cannot force-push to this branch        
To github.com:mkjost0/gem5-actions.git
 ! [remote rejected]       develop -> develop (protected branch hook declined)
error: failed to push some refs to 'git@github.com:mkjost0/gem5-actions.git'
From https://gem5.googlesource.com/public/gem5
 * branch                  develop    -> FETCH_HEAD
Already up to date.
remote: error: GH006: Protected branch update failed for refs/heads/develop.        
remote: error: Cannot force-push to this branch        
To github.com:mkjost0/gem5-actions.git
 ! [remote rejected]       develop -> develop (protected branch hook declined)
error: failed to push some refs to 'git@github.com:mkjost0/gem5-actions.git'
From https://gem5.googlesource.com/public/gem5
 * branch                  develop    -> FETCH_HEAD
Already up to date.
remote: error: GH006: Protected branch update failed for refs/heads/develop.        
remote: error: Cannot force-push to this branch        
To github.com:mkjost0/gem5-actions.git
 ! [remote rejected]       develop -> develop (protected branch hook declined)
error: failed to push some refs to 'git@github.com:mkjost0/gem5-actions.git'
From https://gem5.googlesource.com/public/gem5
 * branch                  develop    -> FETCH_HEAD
Already up to date.
remote: error: GH006: Protected branch update failed for refs/heads/develop.        
remote: error: Cannot force-push to this branch        
To github.com:mkjost0/gem5-actions.git
 ! [remote rejected]       develop -> develop (protected branch hook declined)
error: failed to push some refs to 'git@github.com:mkjost0/gem5-actions.git'
From https://gem5.googlesource.com/public/gem5
 * branch                  develop    -> FETCH_HEAD
Already up to date.
remote: error: GH006: Protected branch update failed for refs/heads/develop.        
remote: error: Cannot force-push to this branch        
To github.com:mkjost0/gem5-actions.git
 ! [remote rejected]       develop -> develop (protected branch hook declined)
error: failed to push some refs to 'git@github.com:mkjost0/gem5-actions.git'
From https://gem5.googlesource.com/public/gem5
 * branch                  develop    -> FETCH_HEAD
Already up to date.
remote: error: GH006: Protected branch update failed for refs/heads/develop.        
remote: error: Cannot force-push to this branch        
To github.com:mkjost0/gem5-actions.git
 ! [remote rejected]       develop -> develop (protected branch hook declined)
error: failed to push some refs to 'git@github.com:mkjost0/gem5-actions.git'
From https://gem5.googlesource.com/public/gem5
 * branch                  develop    -> FETCH_HEAD
Already up to date.
remote: error: GH006: Protected branch update failed for refs/heads/develop.        
remote: error: Cannot force-push to this branch        
To github.com:mkjost0/gem5-actions.git
 ! [remote rejected]       develop -> develop (protected branch hook declined)
error: failed to push some refs to 'git@github.com:mkjost0/gem5-actions.git'
From https://gem5.googlesource.com/public/gem5
 * branch                  develop    -> FETCH_HEAD
Already up to date.
remote: error: GH006: Protected branch update failed for refs/heads/develop.        
remote: error: Cannot force-push to this branch        
To github.com:mkjost0/gem5-actions.git
 ! [remote rejected]       develop -> develop (protected branch hook declined)
error: failed to push some refs to 'git@github.com:mkjost0/gem5-actions.git'
From https://gem5.googlesource.com/public/gem5
 * branch                  develop    -> FETCH_HEAD
Already up to date.
remote: error: GH006: Protected branch update failed for refs/heads/develop.        
remote: error: Cannot force-push to this branch        
To github.com:mkjost0/gem5-actions.git
 ! [remote rejected]       develop -> develop (protected branch hook declined)
error: failed to push some refs to 'git@github.com:mkjost0/gem5-actions.git'
From https://gem5.googlesource.com/public/gem5
 * branch                  develop    -> FETCH_HEAD
Already up to date.
remote: error: GH006: Protected branch update failed for refs/heads/develop.        
remote: error: Cannot force-push to this branch        
To github.com:mkjost0/gem5-actions.git
 ! [remote rejected]       develop -> develop (protected branch hook declined)
error: failed to push some refs to 'git@github.com:mkjost0/gem5-actions.git'
From https://gem5.googlesource.com/public/gem5
 * branch                  develop    -> FETCH_HEAD
Already up to date.
remote: error: GH006: Protected branch update failed for refs/heads/develop.        
remote: error: Cannot force-push to this branch        
To github.com:mkjost0/gem5-actions.git
 ! [remote rejected]       develop -> develop (protected branch hook declined)
error: failed to push some refs to 'git@github.com:mkjost0/gem5-actions.git'
From https://gem5.googlesource.com/public/gem5
 * branch                  develop    -> FETCH_HEAD
Already up to date.
remote: error: GH006: Protected branch update failed for refs/heads/develop.        
remote: error: Cannot force-push to this branch        
To github.com:mkjost0/gem5-actions.git
 ! [remote rejected]       develop -> develop (protected branch hook declined)
error: failed to push some refs to 'git@github.com:mkjost0/gem5-actions.git'
From https://gem5.googlesource.com/public/gem5
 * branch                  develop    -> FETCH_HEAD
Already up to date.
remote: error: GH006: Protected branch update failed for refs/heads/develop.        
remote: error: Cannot force-push to this branch        
To github.com:mkjost0/gem5-actions.git
 ! [remote rejected]       develop -> develop (protected branch hook declined)
error: failed to push some refs to 'git@github.com:mkjost0/gem5-actions.git'
From https://gem5.googlesource.com/public/gem5
 * branch                  develop    -> FETCH_HEAD
Already up to date.
remote: error: GH006: Protected branch update failed for refs/heads/develop.        
remote: error: Cannot force-push to this branch        
To github.com:mkjost0/gem5-actions.git
 ! [remote rejected]       develop -> develop (protected branch hook declined)
error: failed to push some refs to 'git@github.com:mkjost0/gem5-actions.git'
From https://gem5.googlesource.com/public/gem5
 * branch                  develop    -> FETCH_HEAD
Already up to date.
remote: error: GH006: Protected branch update failed for refs/heads/develop.        
remote: error: Cannot force-push to this branch        
To github.com:mkjost0/gem5-actions.git
 ! [remote rejected]       develop -> develop (protected branch hook declined)
error: failed to push some refs to 'git@github.com:mkjost0/gem5-actions.git'
From https://gem5.googlesource.com/public/gem5
 * branch                  develop    -> FETCH_HEAD
Already up to date.
remote: error: GH006: Protected branch update failed for refs/heads/develop.        
remote: error: Cannot force-push to this branch        
To github.com:mkjost0/gem5-actions.git
 ! [remote rejected]       develop -> develop (protected branch hook declined)
error: failed to push some refs to 'git@github.com:mkjost0/gem5-actions.git'
From https://gem5.googlesource.com/public/gem5
 * branch                  develop    -> FETCH_HEAD
Already up to date.
remote: error: GH006: Protected branch update failed for refs/heads/develop.        
remote: error: Cannot force-push to this branch        
To github.com:mkjost0/gem5-actions.git
 ! [remote rejected]       develop -> develop (protected branch hook declined)
error: failed to push some refs to 'git@github.com:mkjost0/gem5-actions.git'
From https://gem5.googlesource.com/public/gem5
 * branch                  develop    -> FETCH_HEAD
Already up to date.
remote: error: GH006: Protected branch update failed for refs/heads/develop.        
remote: error: Cannot force-push to this branch        
To github.com:mkjost0/gem5-actions.git
 ! [remote rejected]       develop -> develop (protected branch hook declined)
error: failed to push some refs to 'git@github.com:mkjost0/gem5-actions.git'
From https://gem5.googlesource.com/public/gem5
 * branch                  develop    -> FETCH_HEAD
Already up to date.
remote: error: GH006: Protected branch update failed for refs/heads/develop.        
remote: error: Cannot force-push to this branch        
To github.com:mkjost0/gem5-actions.git
 ! [remote rejected]       develop -> develop (protected branch hook declined)
error: failed to push some refs to 'git@github.com:mkjost0/gem5-actions.git'
From https://gem5.googlesource.com/public/gem5
 * branch                  develop    -> FETCH_HEAD
Already up to date.
remote: error: GH006: Protected branch update failed for refs/heads/develop.        
remote: error: Cannot force-push to this branch        
To github.com:mkjost0/gem5-actions.git
 ! [remote rejected]       develop -> develop (protected branch hook declined)
error: failed to push some refs to 'git@github.com:mkjost0/gem5-actions.git'
From https://gem5.googlesource.com/public/gem5
 * branch                  develop    -> FETCH_HEAD
Already up to date.
remote: error: GH006: Protected branch update failed for refs/heads/develop.        
remote: error: Cannot force-push to this branch        
To github.com:mkjost0/gem5-actions.git
 ! [remote rejected]       develop -> develop (protected branch hook declined)
error: failed to push some refs to 'git@github.com:mkjost0/gem5-actions.git'
From https://gem5.googlesource.com/public/gem5
 * branch                  develop    -> FETCH_HEAD
Already up to date.
remote: error: GH006: Protected branch update failed for refs/heads/develop.        
remote: error: Cannot force-push to this branch        
To github.com:mkjost0/gem5-actions.git
 ! [remote rejected]       develop -> develop (protected branch hook declined)
error: failed to push some refs to 'git@github.com:mkjost0/gem5-actions.git'
From https://gem5.googlesource.com/public/gem5
 * branch                  develop    -> FETCH_HEAD
Already up to date.
remote: error: GH006: Protected branch update failed for refs/heads/develop.        
remote: error: Cannot force-push to this branch        
To github.com:mkjost0/gem5-actions.git
 ! [remote rejected]       develop -> develop (protected branch hook declined)
error: failed to push some refs to 'git@github.com:mkjost0/gem5-actions.git'
From https://gem5.googlesource.com/public/gem5
 * branch                  develop    -> FETCH_HEAD
Already up to date.
remote: error: GH006: Protected branch update failed for refs/heads/develop.        
remote: error: Cannot force-push to this branch        
To github.com:mkjost0/gem5-actions.git
 ! [remote rejected]       develop -> develop (protected branch hook declined)
error: failed to push some refs to 'git@github.com:mkjost0/gem5-actions.git'
From https://gem5.googlesource.com/public/gem5
 * branch                  develop    -> FETCH_HEAD
Already up to date.
remote: error: GH006: Protected branch update failed for refs/heads/develop.        
remote: error: Cannot force-push to this branch        
To github.com:mkjost0/gem5-actions.git
 ! [remote rejected]       develop -> develop (protected branch hook declined)
error: failed to push some refs to 'git@github.com:mkjost0/gem5-actions.git'
From https://gem5.googlesource.com/public/gem5
 * branch                  develop    -> FETCH_HEAD
Already up to date.
remote: error: GH006: Protected branch update failed for refs/heads/develop.        
remote: error: Cannot force-push to this branch        
To github.com:mkjost0/gem5-actions.git
 ! [remote rejected]       develop -> develop (protected branch hook declined)
error: failed to push some refs to 'git@github.com:mkjost0/gem5-actions.git'
From https://gem5.googlesource.com/public/gem5
 * branch                  develop    -> FETCH_HEAD
Already up to date.
remote: error: GH006: Protected branch update failed for refs/heads/develop.        
remote: error: Cannot force-push to this branch        
To github.com:mkjost0/gem5-actions.git
 ! [remote rejected]       develop -> develop (protected branch hook declined)
error: failed to push some refs to 'git@github.com:mkjost0/gem5-actions.git'
From https://gem5.googlesource.com/public/gem5
 * branch                  develop    -> FETCH_HEAD
Already up to date.
remote: error: GH006: Protected branch update failed for refs/heads/develop.        
remote: error: Cannot force-push to this branch        
To github.com:mkjost0/gem5-actions.git
 ! [remote rejected]       develop -> develop (protected branch hook declined)
error: failed to push some refs to 'git@github.com:mkjost0/gem5-actions.git'
From https://gem5.googlesource.com/public/gem5
 * branch                  develop    -> FETCH_HEAD
Already up to date.
remote: error: GH006: Protected branch update failed for refs/heads/develop.        
remote: error: Cannot force-push to this branch        
To github.com:mkjost0/gem5-actions.git
 ! [remote rejected]       develop -> develop (protected branch hook declined)
error: failed to push some refs to 'git@github.com:mkjost0/gem5-actions.git'
From https://gem5.googlesource.com/public/gem5
 * branch                  develop    -> FETCH_HEAD
Already up to date.
remote: error: GH006: Protected branch update failed for refs/heads/develop.        
remote: error: Cannot force-push to this branch        
To github.com:mkjost0/gem5-actions.git
 ! [remote rejected]       develop -> develop (protected branch hook declined)
error: failed to push some refs to 'git@github.com:mkjost0/gem5-actions.git'
From https://gem5.googlesource.com/public/gem5
 * branch                  develop    -> FETCH_HEAD
Already up to date.
remote: error: GH006: Protected branch update failed for refs/heads/develop.        
remote: error: Cannot force-push to this branch        
To github.com:mkjost0/gem5-actions.git
 ! [remote rejected]       develop -> develop (protected branch hook declined)
error: failed to push some refs to 'git@github.com:mkjost0/gem5-actions.git'
From https://gem5.googlesource.com/public/gem5
 * branch                  develop    -> FETCH_HEAD
Already up to date.
remote: error: GH006: Protected branch update failed for refs/heads/develop.        
remote: error: Cannot force-push to this branch        
To github.com:mkjost0/gem5-actions.git
 ! [remote rejected]       develop -> develop (protected branch hook declined)
error: failed to push some refs to 'git@github.com:mkjost0/gem5-actions.git'
From https://gem5.googlesource.com/public/gem5
 * branch                  develop    -> FETCH_HEAD
Already up to date.
remote: error: GH006: Protected branch update failed for refs/heads/develop.        
remote: error: Cannot force-push to this branch        
To github.com:mkjost0/gem5-actions.git
 ! [remote rejected]       develop -> develop (protected branch hook declined)
error: failed to push some refs to 'git@github.com:mkjost0/gem5-actions.git'
From https://gem5.googlesource.com/public/gem5
 * branch                  develop    -> FETCH_HEAD
Already up to date.
remote: error: GH006: Protected branch update failed for refs/heads/develop.        
remote: error: Cannot force-push to this branch        
To github.com:mkjost0/gem5-actions.git
 ! [remote rejected]       develop -> develop (protected branch hook declined)
error: failed to push some refs to 'git@github.com:mkjost0/gem5-actions.git'
From https://gem5.googlesource.com/public/gem5
 * branch                  develop    -> FETCH_HEAD
Already up to date.
remote: error: GH006: Protected branch update failed for refs/heads/develop.        
remote: error: Cannot force-push to this branch        
To github.com:mkjost0/gem5-actions.git
 ! [remote rejected]       develop -> develop (protected branch hook declined)
error: failed to push some refs to 'git@github.com:mkjost0/gem5-actions.git'
From https://gem5.googlesource.com/public/gem5
 * branch                  develop    -> FETCH_HEAD
Already up to date.
remote: error: GH006: Protected branch update failed for refs/heads/develop.        
remote: error: Cannot force-push to this branch        
To github.com:mkjost0/gem5-actions.git
 ! [remote rejected]       develop -> develop (protected branch hook declined)
error: failed to push some refs to 'git@github.com:mkjost0/gem5-actions.git'
From https://gem5.googlesource.com/public/gem5
 * branch                  develop    -> FETCH_HEAD
Already up to date.
remote: error: GH006: Protected branch update failed for refs/heads/develop.        
remote: error: Cannot force-push to this branch        
To github.com:mkjost0/gem5-actions.git
 ! [remote rejected]       develop -> develop (protected branch hook declined)
error: failed to push some refs to 'git@github.com:mkjost0/gem5-actions.git'
From https://gem5.googlesource.com/public/gem5
 * branch                  develop    -> FETCH_HEAD
Already up to date.
remote: error: GH006: Protected branch update failed for refs/heads/develop.        
remote: error: Cannot force-push to this branch        
To github.com:mkjost0/gem5-actions.git
 ! [remote rejected]       develop -> develop (protected branch hook declined)
error: failed to push some refs to 'git@github.com:mkjost0/gem5-actions.git'
From https://gem5.googlesource.com/public/gem5
 * branch                  develop    -> FETCH_HEAD
Already up to date.
remote: error: GH006: Protected branch update failed for refs/heads/develop.        
remote: error: Cannot force-push to this branch        
To github.com:mkjost0/gem5-actions.git
 ! [remote rejected]       develop -> develop (protected branch hook declined)
error: failed to push some refs to 'git@github.com:mkjost0/gem5-actions.git'
From https://gem5.googlesource.com/public/gem5
 * branch                  develop    -> FETCH_HEAD
Already up to date.
remote: error: GH006: Protected branch update failed for refs/heads/develop.        
remote: error: Cannot force-push to this branch        
To github.com:mkjost0/gem5-actions.git
 ! [remote rejected]       develop -> develop (protected branch hook declined)
error: failed to push some refs to 'git@github.com:mkjost0/gem5-actions.git'
From https://gem5.googlesource.com/public/gem5
 * branch                  develop    -> FETCH_HEAD
Already up to date.
remote: error: GH006: Protected branch update failed for refs/heads/develop.        
remote: error: Cannot force-push to this branch        
To github.com:mkjost0/gem5-actions.git
 ! [remote rejected]       develop -> develop (protected branch hook declined)
error: failed to push some refs to 'git@github.com:mkjost0/gem5-actions.git'
From https://gem5.googlesource.com/public/gem5
 * branch                  develop    -> FETCH_HEAD
Already up to date.
remote: error: GH006: Protected branch update failed for refs/heads/develop.        
remote: error: Cannot force-push to this branch        
To github.com:mkjost0/gem5-actions.git
 ! [remote rejected]       develop -> develop (protected branch hook declined)
error: failed to push some refs to 'git@github.com:mkjost0/gem5-actions.git'
From https://gem5.googlesource.com/public/gem5
 * branch                  develop    -> FETCH_HEAD
Already up to date.
remote: error: GH006: Protected branch update failed for refs/heads/develop.        
remote: error: Cannot force-push to this branch        
To github.com:mkjost0/gem5-actions.git
 ! [remote rejected]       develop -> develop (protected branch hook declined)
error: failed to push some refs to 'git@github.com:mkjost0/gem5-actions.git'
From https://gem5.googlesource.com/public/gem5
 * branch                  develop    -> FETCH_HEAD
Already up to date.
remote: error: GH006: Protected branch update failed for refs/heads/develop.        
remote: error: Cannot force-push to this branch        
To github.com:mkjost0/gem5-actions.git
 ! [remote rejected]       develop -> develop (protected branch hook declined)
error: failed to push some refs to 'git@github.com:mkjost0/gem5-actions.git'
From https://gem5.googlesource.com/public/gem5
 * branch                  develop    -> FETCH_HEAD
Already up to date.
remote: error: GH006: Protected branch update failed for refs/heads/develop.        
remote: error: Cannot force-push to this branch        
To github.com:mkjost0/gem5-actions.git
 ! [remote rejected]       develop -> develop (protected branch hook declined)
error: failed to push some refs to 'git@github.com:mkjost0/gem5-actions.git'
From https://gem5.googlesource.com/public/gem5
 * branch                  develop    -> FETCH_HEAD
Already up to date.
remote: error: GH006: Protected branch update failed for refs/heads/develop.        
remote: error: Cannot force-push to this branch        
To github.com:mkjost0/gem5-actions.git
 ! [remote rejected]       develop -> develop (protected branch hook declined)
error: failed to push some refs to 'git@github.com:mkjost0/gem5-actions.git'
From https://gem5.googlesource.com/public/gem5
 * branch                  develop    -> FETCH_HEAD
Already up to date.
remote: error: GH006: Protected branch update failed for refs/heads/develop.        
remote: error: Cannot force-push to this branch        
To github.com:mkjost0/gem5-actions.git
 ! [remote rejected]       develop -> develop (protected branch hook declined)
error: failed to push some refs to 'git@github.com:mkjost0/gem5-actions.git'
From https://gem5.googlesource.com/public/gem5
 * branch                  develop    -> FETCH_HEAD
Already up to date.
remote: error: GH006: Protected branch update failed for refs/heads/develop.        
remote: error: Cannot force-push to this branch        
To github.com:mkjost0/gem5-actions.git
 ! [remote rejected]       develop -> develop (protected branch hook declined)
error: failed to push some refs to 'git@github.com:mkjost0/gem5-actions.git'
From https://gem5.googlesource.com/public/gem5
 * branch                  develop    -> FETCH_HEAD
Already up to date.
remote: error: GH006: Protected branch update failed for refs/heads/develop.        
remote: error: Cannot force-push to this branch        
To github.com:mkjost0/gem5-actions.git
 ! [remote rejected]       develop -> develop (protected branch hook declined)
error: failed to push some refs to 'git@github.com:mkjost0/gem5-actions.git'
From https://gem5.googlesource.com/public/gem5
 * branch                  develop    -> FETCH_HEAD
Already up to date.
remote: error: GH006: Protected branch update failed for refs/heads/develop.        
remote: error: Cannot force-push to this branch        
To github.com:mkjost0/gem5-actions.git
 ! [remote rejected]       develop -> develop (protected branch hook declined)
error: failed to push some refs to 'git@github.com:mkjost0/gem5-actions.git'
From https://gem5.googlesource.com/public/gem5
 * branch                  develop    -> FETCH_HEAD
Already up to date.
remote: error: GH006: Protected branch update failed for refs/heads/develop.        
remote: error: Cannot force-push to this branch        
To github.com:mkjost0/gem5-actions.git
 ! [remote rejected]       develop -> develop (protected branch hook declined)
error: failed to push some refs to 'git@github.com:mkjost0/gem5-actions.git'
From https://gem5.googlesource.com/public/gem5
 * branch                  develop    -> FETCH_HEAD
Already up to date.
remote: error: GH006: Protected branch update failed for refs/heads/develop.        
remote: error: Cannot force-push to this branch        
To github.com:mkjost0/gem5-actions.git
 ! [remote rejected]       develop -> develop (protected branch hook declined)
error: failed to push some refs to 'git@github.com:mkjost0/gem5-actions.git'
From https://gem5.googlesource.com/public/gem5
 * branch                  develop    -> FETCH_HEAD
Already up to date.
remote: error: GH006: Protected branch update failed for refs/heads/develop.        
remote: error: Cannot force-push to this branch        
To github.com:mkjost0/gem5-actions.git
 ! [remote rejected]       develop -> develop (protected branch hook declined)
error: failed to push some refs to 'git@github.com:mkjost0/gem5-actions.git'
From https://gem5.googlesource.com/public/gem5
 * branch                  develop    -> FETCH_HEAD
Already up to date.
remote: error: GH006: Protected branch update failed for refs/heads/develop.        
remote: error: Cannot force-push to this branch        
To github.com:mkjost0/gem5-actions.git
 ! [remote rejected]       develop -> develop (protected branch hook declined)
error: failed to push some refs to 'git@github.com:mkjost0/gem5-actions.git'
From https://gem5.googlesource.com/public/gem5
 * branch                  develop    -> FETCH_HEAD
Already up to date.
remote: error: GH006: Protected branch update failed for refs/heads/develop.        
remote: error: Cannot force-push to this branch        
To github.com:mkjost0/gem5-actions.git
 ! [remote rejected]       develop -> develop (protected branch hook declined)
error: failed to push some refs to 'git@github.com:mkjost0/gem5-actions.git'
From https://gem5.googlesource.com/public/gem5
 * branch                  develop    -> FETCH_HEAD
Already up to date.
remote: error: GH006: Protected branch update failed for refs/heads/develop.        
remote: error: Cannot force-push to this branch        
To github.com:mkjost0/gem5-actions.git
 ! [remote rejected]       develop -> develop (protected branch hook declined)
error: failed to push some refs to 'git@github.com:mkjost0/gem5-actions.git'
From https://gem5.googlesource.com/public/gem5
 * branch                  develop    -> FETCH_HEAD
Already up to date.
remote: error: GH006: Protected branch update failed for refs/heads/develop.        
remote: error: Cannot force-push to this branch        
To github.com:mkjost0/gem5-actions.git
 ! [remote rejected]       develop -> develop (protected branch hook declined)
error: failed to push some refs to 'git@github.com:mkjost0/gem5-actions.git'
From https://gem5.googlesource.com/public/gem5
 * branch                  develop    -> FETCH_HEAD
Already up to date.
remote: error: GH006: Protected branch update failed for refs/heads/develop.        
remote: error: Cannot force-push to this branch        
To github.com:mkjost0/gem5-actions.git
 ! [remote rejected]       develop -> develop (protected branch hook declined)
error: failed to push some refs to 'git@github.com:mkjost0/gem5-actions.git'
From https://gem5.googlesource.com/public/gem5
 * branch                  develop    -> FETCH_HEAD
Already up to date.
remote: error: GH006: Protected branch update failed for refs/heads/develop.        
remote: error: Cannot force-push to this branch        
To github.com:mkjost0/gem5-actions.git
 ! [remote rejected]       develop -> develop (protected branch hook declined)
error: failed to push some refs to 'git@github.com:mkjost0/gem5-actions.git'
From https://gem5.googlesource.com/public/gem5
 * branch                  develop    -> FETCH_HEAD
Already up to date.
remote: error: GH006: Protected branch update failed for refs/heads/develop.        
remote: error: Cannot force-push to this branch        
To github.com:mkjost0/gem5-actions.git
 ! [remote rejected]       develop -> develop (protected branch hook declined)
error: failed to push some refs to 'git@github.com:mkjost0/gem5-actions.git'
From https://gem5.googlesource.com/public/gem5
 * branch                  develop    -> FETCH_HEAD
Already up to date.
remote: error: GH006: Protected branch update failed for refs/heads/develop.        
remote: error: Cannot force-push to this branch        
To github.com:mkjost0/gem5-actions.git
 ! [remote rejected]       develop -> develop (protected branch hook declined)
error: failed to push some refs to 'git@github.com:mkjost0/gem5-actions.git'
From https://gem5.googlesource.com/public/gem5
 * branch                  develop    -> FETCH_HEAD
Already up to date.
remote: error: GH006: Protected branch update failed for refs/heads/develop.        
remote: error: Cannot force-push to this branch        
To github.com:mkjost0/gem5-actions.git
 ! [remote rejected]       develop -> develop (protected branch hook declined)
error: failed to push some refs to 'git@github.com:mkjost0/gem5-actions.git'
From https://gem5.googlesource.com/public/gem5
 * branch                  develop    -> FETCH_HEAD
Already up to date.
remote: error: GH006: Protected branch update failed for refs/heads/develop.        
remote: error: Cannot force-push to this branch        
To github.com:mkjost0/gem5-actions.git
 ! [remote rejected]       develop -> develop (protected branch hook declined)
error: failed to push some refs to 'git@github.com:mkjost0/gem5-actions.git'
From https://gem5.googlesource.com/public/gem5
 * branch                  develop    -> FETCH_HEAD
Already up to date.
remote: error: GH006: Protected branch update failed for refs/heads/develop.        
remote: error: Cannot force-push to this branch        
To github.com:mkjost0/gem5-actions.git
 ! [remote rejected]       develop -> develop (protected branch hook declined)
error: failed to push some refs to 'git@github.com:mkjost0/gem5-actions.git'
From https://gem5.googlesource.com/public/gem5
 * branch                  develop    -> FETCH_HEAD
Already up to date.
remote: error: GH006: Protected branch update failed for refs/heads/develop.        
remote: error: Cannot force-push to this branch        
To github.com:mkjost0/gem5-actions.git
 ! [remote rejected]       develop -> develop (protected branch hook declined)
error: failed to push some refs to 'git@github.com:mkjost0/gem5-actions.git'
From https://gem5.googlesource.com/public/gem5
 * branch                  develop    -> FETCH_HEAD
Already up to date.
remote: error: GH006: Protected branch update failed for refs/heads/develop.        
remote: error: Cannot force-push to this branch        
To github.com:mkjost0/gem5-actions.git
 ! [remote rejected]       develop -> develop (protected branch hook declined)
error: failed to push some refs to 'git@github.com:mkjost0/gem5-actions.git'
From https://gem5.googlesource.com/public/gem5
 * branch                  develop    -> FETCH_HEAD
Already up to date.
remote: error: GH006: Protected branch update failed for refs/heads/develop.        
remote: error: Cannot force-push to this branch        
To github.com:mkjost0/gem5-actions.git
 ! [remote rejected]       develop -> develop (protected branch hook declined)
error: failed to push some refs to 'git@github.com:mkjost0/gem5-actions.git'
From https://gem5.googlesource.com/public/gem5
 * branch                  develop    -> FETCH_HEAD
Already up to date.
remote: error: GH006: Protected branch update failed for refs/heads/develop.        
remote: error: Cannot force-push to this branch        
To github.com:mkjost0/gem5-actions.git
 ! [remote rejected]       develop -> develop (protected branch hook declined)
error: failed to push some refs to 'git@github.com:mkjost0/gem5-actions.git'
From https://gem5.googlesource.com/public/gem5
 * branch                  develop    -> FETCH_HEAD
Already up to date.
remote: error: GH006: Protected branch update failed for refs/heads/develop.        
remote: error: Cannot force-push to this branch        
To github.com:mkjost0/gem5-actions.git
 ! [remote rejected]       develop -> develop (protected branch hook declined)
error: failed to push some refs to 'git@github.com:mkjost0/gem5-actions.git'
From https://gem5.googlesource.com/public/gem5
 * branch                  develop    -> FETCH_HEAD
Already up to date.
remote: error: GH006: Protected branch update failed for refs/heads/develop.        
remote: error: Cannot force-push to this branch        
To github.com:mkjost0/gem5-actions.git
 ! [remote rejected]       develop -> develop (protected branch hook declined)
error: failed to push some refs to 'git@github.com:mkjost0/gem5-actions.git'
From https://gem5.googlesource.com/public/gem5
 * branch                  develop    -> FETCH_HEAD
Already up to date.
remote: error: GH006: Protected branch update failed for refs/heads/develop.        
remote: error: Cannot force-push to this branch        
To github.com:mkjost0/gem5-actions.git
 ! [remote rejected]       develop -> develop (protected branch hook declined)
error: failed to push some refs to 'git@github.com:mkjost0/gem5-actions.git'
From https://gem5.googlesource.com/public/gem5
 * branch                  develop    -> FETCH_HEAD
Already up to date.
remote: error: GH006: Protected branch update failed for refs/heads/develop.        
remote: error: Cannot force-push to this branch        
To github.com:mkjost0/gem5-actions.git
 ! [remote rejected]       develop -> develop (protected branch hook declined)
error: failed to push some refs to 'git@github.com:mkjost0/gem5-actions.git'
From https://gem5.googlesource.com/public/gem5
 * branch                  develop    -> FETCH_HEAD
Already up to date.
remote: error: GH006: Protected branch update failed for refs/heads/develop.        
remote: error: Cannot force-push to this branch        
To github.com:mkjost0/gem5-actions.git
 ! [remote rejected]       develop -> develop (protected branch hook declined)
error: failed to push some refs to 'git@github.com:mkjost0/gem5-actions.git'
From https://gem5.googlesource.com/public/gem5
 * branch                  develop    -> FETCH_HEAD
Already up to date.
remote: error: GH006: Protected branch update failed for refs/heads/develop.        
remote: error: Cannot force-push to this branch        
To github.com:mkjost0/gem5-actions.git
 ! [remote rejected]       develop -> develop (protected branch hook declined)
error: failed to push some refs to 'git@github.com:mkjost0/gem5-actions.git'
From https://gem5.googlesource.com/public/gem5
 * branch                  develop    -> FETCH_HEAD
Already up to date.
remote: error: GH006: Protected branch update failed for refs/heads/develop.        
remote: error: Cannot force-push to this branch        
To github.com:mkjost0/gem5-actions.git
 ! [remote rejected]       develop -> develop (protected branch hook declined)
error: failed to push some refs to 'git@github.com:mkjost0/gem5-actions.git'
From https://gem5.googlesource.com/public/gem5
 * branch                  develop    -> FETCH_HEAD
Already up to date.
remote: error: GH006: Protected branch update failed for refs/heads/develop.        
remote: error: Cannot force-push to this branch        
To github.com:mkjost0/gem5-actions.git
 ! [remote rejected]       develop -> develop (protected branch hook declined)
error: failed to push some refs to 'git@github.com:mkjost0/gem5-actions.git'
From https://gem5.googlesource.com/public/gem5
 * branch                  develop    -> FETCH_HEAD
Already up to date.
remote: error: GH006: Protected branch update failed for refs/heads/develop.        
remote: error: Cannot force-push to this branch        
To github.com:mkjost0/gem5-actions.git
 ! [remote rejected]       develop -> develop (protected branch hook declined)
error: failed to push some refs to 'git@github.com:mkjost0/gem5-actions.git'
From https://gem5.googlesource.com/public/gem5
 * branch                  develop    -> FETCH_HEAD
Already up to date.
remote: error: GH006: Protected branch update failed for refs/heads/develop.        
remote: error: Cannot force-push to this branch        
To github.com:mkjost0/gem5-actions.git
 ! [remote rejected]       develop -> develop (protected branch hook declined)
error: failed to push some refs to 'git@github.com:mkjost0/gem5-actions.git'
From https://gem5.googlesource.com/public/gem5
 * branch                  develop    -> FETCH_HEAD
Already up to date.
remote: error: GH006: Protected branch update failed for refs/heads/develop.        
remote: error: Cannot force-push to this branch        
To github.com:mkjost0/gem5-actions.git
 ! [remote rejected]       develop -> develop (protected branch hook declined)
error: failed to push some refs to 'git@github.com:mkjost0/gem5-actions.git'
From https://gem5.googlesource.com/public/gem5
 * branch                  develop    -> FETCH_HEAD
Already up to date.
remote: error: GH006: Protected branch update failed for refs/heads/develop.        
remote: error: Cannot force-push to this branch        
To github.com:mkjost0/gem5-actions.git
 ! [remote rejected]       develop -> develop (protected branch hook declined)
error: failed to push some refs to 'git@github.com:mkjost0/gem5-actions.git'
From https://gem5.googlesource.com/public/gem5
 * branch                  develop    -> FETCH_HEAD
Already up to date.
remote: error: GH006: Protected branch update failed for refs/heads/develop.        
remote: error: Cannot force-push to this branch        
To github.com:mkjost0/gem5-actions.git
 ! [remote rejected]       develop -> develop (protected branch hook declined)
error: failed to push some refs to 'git@github.com:mkjost0/gem5-actions.git'
From https://gem5.googlesource.com/public/gem5
 * branch                  develop    -> FETCH_HEAD
Already up to date.
remote: error: GH006: Protected branch update failed for refs/heads/develop.        
remote: error: Cannot force-push to this branch        
To github.com:mkjost0/gem5-actions.git
 ! [remote rejected]       develop -> develop (protected branch hook declined)
error: failed to push some refs to 'git@github.com:mkjost0/gem5-actions.git'
From https://gem5.googlesource.com/public/gem5
 * branch                  develop    -> FETCH_HEAD
Already up to date.
remote: error: GH006: Protected branch update failed for refs/heads/develop.        
remote: error: Cannot force-push to this branch        
To github.com:mkjost0/gem5-actions.git
 ! [remote rejected]       develop -> develop (protected branch hook declined)
error: failed to push some refs to 'git@github.com:mkjost0/gem5-actions.git'
From https://gem5.googlesource.com/public/gem5
 * branch                  develop    -> FETCH_HEAD
Already up to date.
remote: error: GH006: Protected branch update failed for refs/heads/develop.        
remote: error: Cannot force-push to this branch        
To github.com:mkjost0/gem5-actions.git
 ! [remote rejected]       develop -> develop (protected branch hook declined)
error: failed to push some refs to 'git@github.com:mkjost0/gem5-actions.git'
From https://gem5.googlesource.com/public/gem5
 * branch                  develop    -> FETCH_HEAD
Already up to date.
remote: error: GH006: Protected branch update failed for refs/heads/develop.        
remote: error: Cannot force-push to this branch        
To github.com:mkjost0/gem5-actions.git
 ! [remote rejected]       develop -> develop (protected branch hook declined)
error: failed to push some refs to 'git@github.com:mkjost0/gem5-actions.git'
From https://gem5.googlesource.com/public/gem5
 * branch                  develop    -> FETCH_HEAD
Already up to date.
remote: error: GH006: Protected branch update failed for refs/heads/develop.        
remote: error: Cannot force-push to this branch        
To github.com:mkjost0/gem5-actions.git
 ! [remote rejected]       develop -> develop (protected branch hook declined)
error: failed to push some refs to 'git@github.com:mkjost0/gem5-actions.git'
From https://gem5.googlesource.com/public/gem5
 * branch                  develop    -> FETCH_HEAD
Already up to date.
remote: error: GH006: Protected branch update failed for refs/heads/develop.        
remote: error: Cannot force-push to this branch        
To github.com:mkjost0/gem5-actions.git
 ! [remote rejected]       develop -> develop (protected branch hook declined)
error: failed to push some refs to 'git@github.com:mkjost0/gem5-actions.git'
From https://gem5.googlesource.com/public/gem5
 * branch                  develop    -> FETCH_HEAD
Already up to date.
remote: error: GH006: Protected branch update failed for refs/heads/develop.        
remote: error: Cannot force-push to this branch        
To github.com:mkjost0/gem5-actions.git
 ! [remote rejected]       develop -> develop (protected branch hook declined)
error: failed to push some refs to 'git@github.com:mkjost0/gem5-actions.git'
From https://gem5.googlesource.com/public/gem5
 * branch                  develop    -> FETCH_HEAD
Already up to date.
remote: error: GH006: Protected branch update failed for refs/heads/develop.        
remote: error: Cannot force-push to this branch        
To github.com:mkjost0/gem5-actions.git
 ! [remote rejected]       develop -> develop (protected branch hook declined)
error: failed to push some refs to 'git@github.com:mkjost0/gem5-actions.git'
From https://gem5.googlesource.com/public/gem5
 * branch                  develop    -> FETCH_HEAD
Already up to date.
remote: error: GH006: Protected branch update failed for refs/heads/develop.        
remote: error: Cannot force-push to this branch        
To github.com:mkjost0/gem5-actions.git
 ! [remote rejected]       develop -> develop (protected branch hook declined)
error: failed to push some refs to 'git@github.com:mkjost0/gem5-actions.git'
From https://gem5.googlesource.com/public/gem5
 * branch                  develop    -> FETCH_HEAD
Already up to date.
remote: error: GH006: Protected branch update failed for refs/heads/develop.        
remote: error: Cannot force-push to this branch        
To github.com:mkjost0/gem5-actions.git
 ! [remote rejected]       develop -> develop (protected branch hook declined)
error: failed to push some refs to 'git@github.com:mkjost0/gem5-actions.git'
From https://gem5.googlesource.com/public/gem5
 * branch                  develop    -> FETCH_HEAD
Already up to date.
remote: error: GH006: Protected branch update failed for refs/heads/develop.        
remote: error: Cannot force-push to this branch        
To github.com:mkjost0/gem5-actions.git
 ! [remote rejected]       develop -> develop (protected branch hook declined)
error: failed to push some refs to 'git@github.com:mkjost0/gem5-actions.git'
From https://gem5.googlesource.com/public/gem5
 * branch                  develop    -> FETCH_HEAD
Already up to date.
remote: error: GH006: Protected branch update failed for refs/heads/develop.        
remote: error: Cannot force-push to this branch        
To github.com:mkjost0/gem5-actions.git
 ! [remote rejected]       develop -> develop (protected branch hook declined)
error: failed to push some refs to 'git@github.com:mkjost0/gem5-actions.git'
From https://gem5.googlesource.com/public/gem5
 * branch                  develop    -> FETCH_HEAD
Already up to date.
remote: error: GH006: Protected branch update failed for refs/heads/develop.        
remote: error: Cannot force-push to this branch        
To github.com:mkjost0/gem5-actions.git
 ! [remote rejected]       develop -> develop (protected branch hook declined)
error: failed to push some refs to 'git@github.com:mkjost0/gem5-actions.git'
From https://gem5.googlesource.com/public/gem5
 * branch                  develop    -> FETCH_HEAD
Already up to date.
remote: error: GH006: Protected branch update failed for refs/heads/develop.        
remote: error: Cannot force-push to this branch        
To github.com:mkjost0/gem5-actions.git
 ! [remote rejected]       develop -> develop (protected branch hook declined)
error: failed to push some refs to 'git@github.com:mkjost0/gem5-actions.git'
From https://gem5.googlesource.com/public/gem5
 * branch                  develop    -> FETCH_HEAD
Already up to date.
remote: error: GH006: Protected branch update failed for refs/heads/develop.        
remote: error: Cannot force-push to this branch        
To github.com:mkjost0/gem5-actions.git
 ! [remote rejected]       develop -> develop (protected branch hook declined)
error: failed to push some refs to 'git@github.com:mkjost0/gem5-actions.git'
From https://gem5.googlesource.com/public/gem5
 * branch                  develop    -> FETCH_HEAD
Already up to date.
remote: error: GH006: Protected branch update failed for refs/heads/develop.        
remote: error: Cannot force-push to this branch        
To github.com:mkjost0/gem5-actions.git
 ! [remote rejected]       develop -> develop (protected branch hook declined)
error: failed to push some refs to 'git@github.com:mkjost0/gem5-actions.git'
From https://gem5.googlesource.com/public/gem5
 * branch                  develop    -> FETCH_HEAD
Already up to date.
remote: error: GH006: Protected branch update failed for refs/heads/develop.        
remote: error: Cannot force-push to this branch        
To github.com:mkjost0/gem5-actions.git
 ! [remote rejected]       develop -> develop (protected branch hook declined)
error: failed to push some refs to 'git@github.com:mkjost0/gem5-actions.git'
From https://gem5.googlesource.com/public/gem5
 * branch                  develop    -> FETCH_HEAD
Already up to date.
remote: error: GH006: Protected branch update failed for refs/heads/develop.        
remote: error: Cannot force-push to this branch        
To github.com:mkjost0/gem5-actions.git
 ! [remote rejected]       develop -> develop (protected branch hook declined)
error: failed to push some refs to 'git@github.com:mkjost0/gem5-actions.git'
From https://gem5.googlesource.com/public/gem5
 * branch                  develop    -> FETCH_HEAD
Already up to date.
remote: error: GH006: Protected branch update failed for refs/heads/develop.        
remote: error: Cannot force-push to this branch        
To github.com:mkjost0/gem5-actions.git
 ! [remote rejected]       develop -> develop (protected branch hook declined)
error: failed to push some refs to 'git@github.com:mkjost0/gem5-actions.git'
From https://gem5.googlesource.com/public/gem5
 * branch                  develop    -> FETCH_HEAD
Already up to date.
remote: error: GH006: Protected branch update failed for refs/heads/develop.        
remote: error: Cannot force-push to this branch        
To github.com:mkjost0/gem5-actions.git
 ! [remote rejected]       develop -> develop (protected branch hook declined)
error: failed to push some refs to 'git@github.com:mkjost0/gem5-actions.git'
From https://gem5.googlesource.com/public/gem5
 * branch                  develop    -> FETCH_HEAD
Already up to date.
remote: error: GH006: Protected branch update failed for refs/heads/develop.        
remote: error: Cannot force-push to this branch        
To github.com:mkjost0/gem5-actions.git
 ! [remote rejected]       develop -> develop (protected branch hook declined)
error: failed to push some refs to 'git@github.com:mkjost0/gem5-actions.git'
From https://gem5.googlesource.com/public/gem5
 * branch                  develop    -> FETCH_HEAD
Already up to date.
remote: error: GH006: Protected branch update failed for refs/heads/develop.        
remote: error: Cannot force-push to this branch        
To github.com:mkjost0/gem5-actions.git
 ! [remote rejected]       develop -> develop (protected branch hook declined)
error: failed to push some refs to 'git@github.com:mkjost0/gem5-actions.git'
From https://gem5.googlesource.com/public/gem5
 * branch                  develop    -> FETCH_HEAD
Already up to date.
remote: error: GH006: Protected branch update failed for refs/heads/develop.        
remote: error: Cannot force-push to this branch        
To github.com:mkjost0/gem5-actions.git
 ! [remote rejected]       develop -> develop (protected branch hook declined)
error: failed to push some refs to 'git@github.com:mkjost0/gem5-actions.git'
From https://gem5.googlesource.com/public/gem5
 * branch                  develop    -> FETCH_HEAD
Already up to date.
remote: error: GH006: Protected branch update failed for refs/heads/develop.        
remote: error: Cannot force-push to this branch        
To github.com:mkjost0/gem5-actions.git
 ! [remote rejected]       develop -> develop (protected branch hook declined)
error: failed to push some refs to 'git@github.com:mkjost0/gem5-actions.git'
From https://gem5.googlesource.com/public/gem5
 * branch                  develop    -> FETCH_HEAD
Already up to date.
remote: error: GH006: Protected branch update failed for refs/heads/develop.        
remote: error: Cannot force-push to this branch        
To github.com:mkjost0/gem5-actions.git
 ! [remote rejected]       develop -> develop (protected branch hook declined)
error: failed to push some refs to 'git@github.com:mkjost0/gem5-actions.git'
From https://gem5.googlesource.com/public/gem5
 * branch                  develop    -> FETCH_HEAD
Already up to date.
remote: error: GH006: Protected branch update failed for refs/heads/develop.        
remote: error: Cannot force-push to this branch        
To github.com:mkjost0/gem5-actions.git
 ! [remote rejected]       develop -> develop (protected branch hook declined)
error: failed to push some refs to 'git@github.com:mkjost0/gem5-actions.git'
From https://gem5.googlesource.com/public/gem5
 * branch                  develop    -> FETCH_HEAD
Already up to date.
remote: error: GH006: Protected branch update failed for refs/heads/develop.        
remote: error: Cannot force-push to this branch        
To github.com:mkjost0/gem5-actions.git
 ! [remote rejected]       develop -> develop (protected branch hook declined)
error: failed to push some refs to 'git@github.com:mkjost0/gem5-actions.git'
From https://gem5.googlesource.com/public/gem5
 * branch                  develop    -> FETCH_HEAD
Already up to date.
remote: error: GH006: Protected branch update failed for refs/heads/develop.        
remote: error: Cannot force-push to this branch        
To github.com:mkjost0/gem5-actions.git
 ! [remote rejected]       develop -> develop (protected branch hook declined)
error: failed to push some refs to 'git@github.com:mkjost0/gem5-actions.git'
From https://gem5.googlesource.com/public/gem5
 * branch                  develop    -> FETCH_HEAD
Already up to date.
remote: error: GH006: Protected branch update failed for refs/heads/develop.        
remote: error: Cannot force-push to this branch        
To github.com:mkjost0/gem5-actions.git
 ! [remote rejected]       develop -> develop (protected branch hook declined)
error: failed to push some refs to 'git@github.com:mkjost0/gem5-actions.git'
From https://gem5.googlesource.com/public/gem5
 * branch                  develop    -> FETCH_HEAD
Already up to date.
remote: error: GH006: Protected branch update failed for refs/heads/develop.        
remote: error: Cannot force-push to this branch        
To github.com:mkjost0/gem5-actions.git
 ! [remote rejected]       develop -> develop (protected branch hook declined)
error: failed to push some refs to 'git@github.com:mkjost0/gem5-actions.git'
From https://gem5.googlesource.com/public/gem5
 * branch                  develop    -> FETCH_HEAD
Already up to date.
remote: error: GH006: Protected branch update failed for refs/heads/develop.        
remote: error: Cannot force-push to this branch        
To github.com:mkjost0/gem5-actions.git
 ! [remote rejected]       develop -> develop (protected branch hook declined)
error: failed to push some refs to 'git@github.com:mkjost0/gem5-actions.git'
From https://gem5.googlesource.com/public/gem5
 * branch                  develop    -> FETCH_HEAD
Already up to date.
remote: error: GH006: Protected branch update failed for refs/heads/develop.        
remote: error: Cannot force-push to this branch        
To github.com:mkjost0/gem5-actions.git
 ! [remote rejected]       develop -> develop (protected branch hook declined)
error: failed to push some refs to 'git@github.com:mkjost0/gem5-actions.git'
From https://gem5.googlesource.com/public/gem5
 * branch                  develop    -> FETCH_HEAD
Already up to date.
remote: error: GH006: Protected branch update failed for refs/heads/develop.        
remote: error: Cannot force-push to this branch        
To github.com:mkjost0/gem5-actions.git
 ! [remote rejected]       develop -> develop (protected branch hook declined)
error: failed to push some refs to 'git@github.com:mkjost0/gem5-actions.git'
From https://gem5.googlesource.com/public/gem5
 * branch                  develop    -> FETCH_HEAD
Already up to date.
remote: error: GH006: Protected branch update failed for refs/heads/develop.        
remote: error: Cannot force-push to this branch        
To github.com:mkjost0/gem5-actions.git
 ! [remote rejected]       develop -> develop (protected branch hook declined)
error: failed to push some refs to 'git@github.com:mkjost0/gem5-actions.git'
From https://gem5.googlesource.com/public/gem5
 * branch                  develop    -> FETCH_HEAD
Already up to date.
remote: error: GH006: Protected branch update failed for refs/heads/develop.        
remote: error: Cannot force-push to this branch        
To github.com:mkjost0/gem5-actions.git
 ! [remote rejected]       develop -> develop (protected branch hook declined)
error: failed to push some refs to 'git@github.com:mkjost0/gem5-actions.git'
From https://gem5.googlesource.com/public/gem5
 * branch                  develop    -> FETCH_HEAD
Already up to date.
remote: error: GH006: Protected branch update failed for refs/heads/develop.        
remote: error: Cannot force-push to this branch        
To github.com:mkjost0/gem5-actions.git
 ! [remote rejected]       develop -> develop (protected branch hook declined)
error: failed to push some refs to 'git@github.com:mkjost0/gem5-actions.git'
From https://gem5.googlesource.com/public/gem5
 * branch                  develop    -> FETCH_HEAD
Already up to date.
remote: error: GH006: Protected branch update failed for refs/heads/develop.        
remote: error: Cannot force-push to this branch        
To github.com:mkjost0/gem5-actions.git
 ! [remote rejected]       develop -> develop (protected branch hook declined)
error: failed to push some refs to 'git@github.com:mkjost0/gem5-actions.git'
From https://gem5.googlesource.com/public/gem5
 * branch                  develop    -> FETCH_HEAD
Already up to date.
remote: error: GH006: Protected branch update failed for refs/heads/develop.        
remote: error: Cannot force-push to this branch        
To github.com:mkjost0/gem5-actions.git
 ! [remote rejected]       develop -> develop (protected branch hook declined)
error: failed to push some refs to 'git@github.com:mkjost0/gem5-actions.git'
From https://gem5.googlesource.com/public/gem5
 * branch                  develop    -> FETCH_HEAD
Already up to date.
remote: error: GH006: Protected branch update failed for refs/heads/develop.        
remote: error: Cannot force-push to this branch        
To github.com:mkjost0/gem5-actions.git
 ! [remote rejected]       develop -> develop (protected branch hook declined)
error: failed to push some refs to 'git@github.com:mkjost0/gem5-actions.git'
From https://gem5.googlesource.com/public/gem5
 * branch                  develop    -> FETCH_HEAD
Already up to date.
remote: error: GH006: Protected branch update failed for refs/heads/develop.        
remote: error: Cannot force-push to this branch        
To github.com:mkjost0/gem5-actions.git
 ! [remote rejected]       develop -> develop (protected branch hook declined)
error: failed to push some refs to 'git@github.com:mkjost0/gem5-actions.git'
From https://gem5.googlesource.com/public/gem5
 * branch                  develop    -> FETCH_HEAD
Already up to date.
remote: error: GH006: Protected branch update failed for refs/heads/develop.        
remote: error: Cannot force-push to this branch        
To github.com:mkjost0/gem5-actions.git
 ! [remote rejected]       develop -> develop (protected branch hook declined)
error: failed to push some refs to 'git@github.com:mkjost0/gem5-actions.git'
From https://gem5.googlesource.com/public/gem5
 * branch                  develop    -> FETCH_HEAD
Already up to date.
remote: error: GH006: Protected branch update failed for refs/heads/develop.        
remote: error: Cannot force-push to this branch        
To github.com:mkjost0/gem5-actions.git
 ! [remote rejected]       develop -> develop (protected branch hook declined)
error: failed to push some refs to 'git@github.com:mkjost0/gem5-actions.git'
From https://gem5.googlesource.com/public/gem5
 * branch                  develop    -> FETCH_HEAD
Already up to date.
remote: error: GH006: Protected branch update failed for refs/heads/develop.        
remote: error: Cannot force-push to this branch        
To github.com:mkjost0/gem5-actions.git
 ! [remote rejected]       develop -> develop (protected branch hook declined)
error: failed to push some refs to 'git@github.com:mkjost0/gem5-actions.git'
From https://gem5.googlesource.com/public/gem5
 * branch                  develop    -> FETCH_HEAD
Already up to date.
remote: error: GH006: Protected branch update failed for refs/heads/develop.        
remote: error: Cannot force-push to this branch        
To github.com:mkjost0/gem5-actions.git
 ! [remote rejected]       develop -> develop (protected branch hook declined)
error: failed to push some refs to 'git@github.com:mkjost0/gem5-actions.git'
From https://gem5.googlesource.com/public/gem5
 * branch                  develop    -> FETCH_HEAD
Already up to date.
remote: error: GH006: Protected branch update failed for refs/heads/develop.        
remote: error: Cannot force-push to this branch        
To github.com:mkjost0/gem5-actions.git
 ! [remote rejected]       develop -> develop (protected branch hook declined)
error: failed to push some refs to 'git@github.com:mkjost0/gem5-actions.git'
From https://gem5.googlesource.com/public/gem5
 * branch                  develop    -> FETCH_HEAD
Already up to date.
remote: error: GH006: Protected branch update failed for refs/heads/develop.        
remote: error: Cannot force-push to this branch        
To github.com:mkjost0/gem5-actions.git
 ! [remote rejected]       develop -> develop (protected branch hook declined)
error: failed to push some refs to 'git@github.com:mkjost0/gem5-actions.git'
From https://gem5.googlesource.com/public/gem5
 * branch                  develop    -> FETCH_HEAD
Already up to date.
remote: error: GH006: Protected branch update failed for refs/heads/develop.        
remote: error: Cannot force-push to this branch        
To github.com:mkjost0/gem5-actions.git
 ! [remote rejected]       develop -> develop (protected branch hook declined)
error: failed to push some refs to 'git@github.com:mkjost0/gem5-actions.git'
From https://gem5.googlesource.com/public/gem5
 * branch                  develop    -> FETCH_HEAD
Already up to date.
remote: error: GH006: Protected branch update failed for refs/heads/develop.        
remote: error: Cannot force-push to this branch        
To github.com:mkjost0/gem5-actions.git
 ! [remote rejected]       develop -> develop (protected branch hook declined)
error: failed to push some refs to 'git@github.com:mkjost0/gem5-actions.git'
From https://gem5.googlesource.com/public/gem5
 * branch                  develop    -> FETCH_HEAD
Already up to date.
remote: error: GH006: Protected branch update failed for refs/heads/develop.        
remote: error: Cannot force-push to this branch        
To github.com:mkjost0/gem5-actions.git
 ! [remote rejected]       develop -> develop (protected branch hook declined)
error: failed to push some refs to 'git@github.com:mkjost0/gem5-actions.git'
From https://gem5.googlesource.com/public/gem5
 * branch                  develop    -> FETCH_HEAD
Already up to date.
remote: error: GH006: Protected branch update failed for refs/heads/develop.        
remote: error: Cannot force-push to this branch        
To github.com:mkjost0/gem5-actions.git
 ! [remote rejected]       develop -> develop (protected branch hook declined)
error: failed to push some refs to 'git@github.com:mkjost0/gem5-actions.git'
From https://gem5.googlesource.com/public/gem5
 * branch                  develop    -> FETCH_HEAD
Already up to date.
remote: error: GH006: Protected branch update failed for refs/heads/develop.        
remote: error: Cannot force-push to this branch        
To github.com:mkjost0/gem5-actions.git
 ! [remote rejected]       develop -> develop (protected branch hook declined)
error: failed to push some refs to 'git@github.com:mkjost0/gem5-actions.git'
From https://gem5.googlesource.com/public/gem5
 * branch                  develop    -> FETCH_HEAD
Already up to date.
remote: error: GH006: Protected branch update failed for refs/heads/develop.        
remote: error: Cannot force-push to this branch        
To github.com:mkjost0/gem5-actions.git
 ! [remote rejected]       develop -> develop (protected branch hook declined)
error: failed to push some refs to 'git@github.com:mkjost0/gem5-actions.git'
From https://gem5.googlesource.com/public/gem5
 * branch                  develop    -> FETCH_HEAD
Already up to date.
remote: error: GH006: Protected branch update failed for refs/heads/develop.        
remote: error: Cannot force-push to this branch        
To github.com:mkjost0/gem5-actions.git
 ! [remote rejected]       develop -> develop (protected branch hook declined)
error: failed to push some refs to 'git@github.com:mkjost0/gem5-actions.git'
From https://gem5.googlesource.com/public/gem5
 * branch                  develop    -> FETCH_HEAD
Already up to date.
remote: error: GH006: Protected branch update failed for refs/heads/develop.        
remote: error: Cannot force-push to this branch        
To github.com:mkjost0/gem5-actions.git
 ! [remote rejected]       develop -> develop (protected branch hook declined)
error: failed to push some refs to 'git@github.com:mkjost0/gem5-actions.git'
From https://gem5.googlesource.com/public/gem5
 * branch                  develop    -> FETCH_HEAD
Already up to date.
remote: error: GH006: Protected branch update failed for refs/heads/develop.        
remote: error: Cannot force-push to this branch        
To github.com:mkjost0/gem5-actions.git
 ! [remote rejected]       develop -> develop (protected branch hook declined)
error: failed to push some refs to 'git@github.com:mkjost0/gem5-actions.git'
From https://gem5.googlesource.com/public/gem5
 * branch                  develop    -> FETCH_HEAD
Already up to date.
remote: error: GH006: Protected branch update failed for refs/heads/develop.        
remote: error: Cannot force-push to this branch        
To github.com:mkjost0/gem5-actions.git
 ! [remote rejected]       develop -> develop (protected branch hook declined)
error: failed to push some refs to 'git@github.com:mkjost0/gem5-actions.git'
From https://gem5.googlesource.com/public/gem5
 * branch                  develop    -> FETCH_HEAD
Already up to date.
remote: error: GH006: Protected branch update failed for refs/heads/develop.        
remote: error: Cannot force-push to this branch        
To github.com:mkjost0/gem5-actions.git
 ! [remote rejected]       develop -> develop (protected branch hook declined)
error: failed to push some refs to 'git@github.com:mkjost0/gem5-actions.git'
From https://gem5.googlesource.com/public/gem5
 * branch                  develop    -> FETCH_HEAD
Already up to date.
remote: error: GH006: Protected branch update failed for refs/heads/develop.        
remote: error: Cannot force-push to this branch        
To github.com:mkjost0/gem5-actions.git
 ! [remote rejected]       develop -> develop (protected branch hook declined)
error: failed to push some refs to 'git@github.com:mkjost0/gem5-actions.git'
From https://gem5.googlesource.com/public/gem5
 * branch                  develop    -> FETCH_HEAD
Already up to date.
remote: error: GH006: Protected branch update failed for refs/heads/develop.        
remote: error: Cannot force-push to this branch        
To github.com:mkjost0/gem5-actions.git
 ! [remote rejected]       develop -> develop (protected branch hook declined)
error: failed to push some refs to 'git@github.com:mkjost0/gem5-actions.git'
From https://gem5.googlesource.com/public/gem5
 * branch                  develop    -> FETCH_HEAD
Already up to date.
remote: error: GH006: Protected branch update failed for refs/heads/develop.        
remote: error: Cannot force-push to this branch        
To github.com:mkjost0/gem5-actions.git
 ! [remote rejected]       develop -> develop (protected branch hook declined)
error: failed to push some refs to 'git@github.com:mkjost0/gem5-actions.git'
From https://gem5.googlesource.com/public/gem5
 * branch                  develop    -> FETCH_HEAD
Already up to date.
remote: error: GH006: Protected branch update failed for refs/heads/develop.        
remote: error: Cannot force-push to this branch        
To github.com:mkjost0/gem5-actions.git
 ! [remote rejected]       develop -> develop (protected branch hook declined)
error: failed to push some refs to 'git@github.com:mkjost0/gem5-actions.git'
From https://gem5.googlesource.com/public/gem5
 * branch                  develop    -> FETCH_HEAD
Already up to date.
remote: error: GH006: Protected branch update failed for refs/heads/develop.        
remote: error: Cannot force-push to this branch        
To github.com:mkjost0/gem5-actions.git
 ! [remote rejected]       develop -> develop (protected branch hook declined)
error: failed to push some refs to 'git@github.com:mkjost0/gem5-actions.git'
From https://gem5.googlesource.com/public/gem5
 * branch                  develop    -> FETCH_HEAD
Already up to date.
remote: error: GH006: Protected branch update failed for refs/heads/develop.        
remote: error: Cannot force-push to this branch        
To github.com:mkjost0/gem5-actions.git
 ! [remote rejected]       develop -> develop (protected branch hook declined)
error: failed to push some refs to 'git@github.com:mkjost0/gem5-actions.git'
From https://gem5.googlesource.com/public/gem5
 * branch                  develop    -> FETCH_HEAD
Already up to date.
remote: error: GH006: Protected branch update failed for refs/heads/develop.        
remote: error: Cannot force-push to this branch        
To github.com:mkjost0/gem5-actions.git
 ! [remote rejected]       develop -> develop (protected branch hook declined)
error: failed to push some refs to 'git@github.com:mkjost0/gem5-actions.git'
From https://gem5.googlesource.com/public/gem5
 * branch                  develop    -> FETCH_HEAD
Already up to date.
remote: error: GH006: Protected branch update failed for refs/heads/develop.        
remote: error: Cannot force-push to this branch        
To github.com:mkjost0/gem5-actions.git
 ! [remote rejected]       develop -> develop (protected branch hook declined)
error: failed to push some refs to 'git@github.com:mkjost0/gem5-actions.git'
From https://gem5.googlesource.com/public/gem5
 * branch                  develop    -> FETCH_HEAD
Already up to date.
remote: error: GH006: Protected branch update failed for refs/heads/develop.        
remote: error: Cannot force-push to this branch        
To github.com:mkjost0/gem5-actions.git
 ! [remote rejected]       develop -> develop (protected branch hook declined)
error: failed to push some refs to 'git@github.com:mkjost0/gem5-actions.git'
From https://gem5.googlesource.com/public/gem5
 * branch                  develop    -> FETCH_HEAD
Already up to date.
remote: error: GH006: Protected branch update failed for refs/heads/develop.        
remote: error: Cannot force-push to this branch        
To github.com:mkjost0/gem5-actions.git
 ! [remote rejected]       develop -> develop (protected branch hook declined)
error: failed to push some refs to 'git@github.com:mkjost0/gem5-actions.git'
From https://gem5.googlesource.com/public/gem5
 * branch                  develop    -> FETCH_HEAD
Already up to date.
remote: error: GH006: Protected branch update failed for refs/heads/develop.        
remote: error: Cannot force-push to this branch        
To github.com:mkjost0/gem5-actions.git
 ! [remote rejected]       develop -> develop (protected branch hook declined)
error: failed to push some refs to 'git@github.com:mkjost0/gem5-actions.git'
From https://gem5.googlesource.com/public/gem5
 * branch                  develop    -> FETCH_HEAD
Already up to date.
remote: error: GH006: Protected branch update failed for refs/heads/develop.        
remote: error: Cannot force-push to this branch        
To github.com:mkjost0/gem5-actions.git
 ! [remote rejected]       develop -> develop (protected branch hook declined)
error: failed to push some refs to 'git@github.com:mkjost0/gem5-actions.git'
From https://gem5.googlesource.com/public/gem5
 * branch                  develop    -> FETCH_HEAD
Already up to date.
remote: error: GH006: Protected branch update failed for refs/heads/develop.        
remote: error: Cannot force-push to this branch        
To github.com:mkjost0/gem5-actions.git
 ! [remote rejected]       develop -> develop (protected branch hook declined)
error: failed to push some refs to 'git@github.com:mkjost0/gem5-actions.git'
From https://gem5.googlesource.com/public/gem5
 * branch                  develop    -> FETCH_HEAD
Already up to date.
remote: error: GH006: Protected branch update failed for refs/heads/develop.        
remote: error: Cannot force-push to this branch        
To github.com:mkjost0/gem5-actions.git
 ! [remote rejected]       develop -> develop (protected branch hook declined)
error: failed to push some refs to 'git@github.com:mkjost0/gem5-actions.git'
From https://gem5.googlesource.com/public/gem5
 * branch                  develop    -> FETCH_HEAD
Already up to date.
remote: error: GH006: Protected branch update failed for refs/heads/develop.        
remote: error: Cannot force-push to this branch        
To github.com:mkjost0/gem5-actions.git
 ! [remote rejected]       develop -> develop (protected branch hook declined)
error: failed to push some refs to 'git@github.com:mkjost0/gem5-actions.git'
From https://gem5.googlesource.com/public/gem5
 * branch                  develop    -> FETCH_HEAD
Already up to date.
remote: error: GH006: Protected branch update failed for refs/heads/develop.        
remote: error: Cannot force-push to this branch        
To github.com:mkjost0/gem5-actions.git
 ! [remote rejected]       develop -> develop (protected branch hook declined)
error: failed to push some refs to 'git@github.com:mkjost0/gem5-actions.git'
From https://gem5.googlesource.com/public/gem5
 * branch                  develop    -> FETCH_HEAD
Already up to date.
remote: error: GH006: Protected branch update failed for refs/heads/develop.        
remote: error: Cannot force-push to this branch        
To github.com:mkjost0/gem5-actions.git
 ! [remote rejected]       develop -> develop (protected branch hook declined)
error: failed to push some refs to 'git@github.com:mkjost0/gem5-actions.git'
From https://gem5.googlesource.com/public/gem5
 * branch                  develop    -> FETCH_HEAD
Already up to date.
remote: error: GH006: Protected branch update failed for refs/heads/develop.        
remote: error: Cannot force-push to this branch        
To github.com:mkjost0/gem5-actions.git
 ! [remote rejected]       develop -> develop (protected branch hook declined)
error: failed to push some refs to 'git@github.com:mkjost0/gem5-actions.git'
From https://gem5.googlesource.com/public/gem5
 * branch                  develop    -> FETCH_HEAD
Already up to date.
remote: error: GH006: Protected branch update failed for refs/heads/develop.        
remote: error: Cannot force-push to this branch        
To github.com:mkjost0/gem5-actions.git
 ! [remote rejected]       develop -> develop (protected branch hook declined)
error: failed to push some refs to 'git@github.com:mkjost0/gem5-actions.git'
From https://gem5.googlesource.com/public/gem5
 * branch                  develop    -> FETCH_HEAD
Already up to date.
remote: error: GH006: Protected branch update failed for refs/heads/develop.        
remote: error: Cannot force-push to this branch        
To github.com:mkjost0/gem5-actions.git
 ! [remote rejected]       develop -> develop (protected branch hook declined)
error: failed to push some refs to 'git@github.com:mkjost0/gem5-actions.git'
From https://gem5.googlesource.com/public/gem5
 * branch                  develop    -> FETCH_HEAD
Already up to date.
remote: error: GH006: Protected branch update failed for refs/heads/develop.        
remote: error: Cannot force-push to this branch        
To github.com:mkjost0/gem5-actions.git
 ! [remote rejected]       develop -> develop (protected branch hook declined)
error: failed to push some refs to 'git@github.com:mkjost0/gem5-actions.git'
From https://gem5.googlesource.com/public/gem5
 * branch                  develop    -> FETCH_HEAD
Already up to date.
remote: error: GH006: Protected branch update failed for refs/heads/develop.        
remote: error: Cannot force-push to this branch        
To github.com:mkjost0/gem5-actions.git
 ! [remote rejected]       develop -> develop (protected branch hook declined)
error: failed to push some refs to 'git@github.com:mkjost0/gem5-actions.git'
From https://gem5.googlesource.com/public/gem5
 * branch                  develop    -> FETCH_HEAD
Already up to date.
remote: error: GH006: Protected branch update failed for refs/heads/develop.        
remote: error: Cannot force-push to this branch        
To github.com:mkjost0/gem5-actions.git
 ! [remote rejected]       develop -> develop (protected branch hook declined)
error: failed to push some refs to 'git@github.com:mkjost0/gem5-actions.git'
From https://gem5.googlesource.com/public/gem5
 * branch                  develop    -> FETCH_HEAD
Already up to date.
remote: error: GH006: Protected branch update failed for refs/heads/develop.        
remote: error: Cannot force-push to this branch        
To github.com:mkjost0/gem5-actions.git
 ! [remote rejected]       develop -> develop (protected branch hook declined)
error: failed to push some refs to 'git@github.com:mkjost0/gem5-actions.git'
From https://gem5.googlesource.com/public/gem5
 * branch                  develop    -> FETCH_HEAD
Already up to date.
remote: error: GH006: Protected branch update failed for refs/heads/develop.        
remote: error: Cannot force-push to this branch        
To github.com:mkjost0/gem5-actions.git
 ! [remote rejected]       develop -> develop (protected branch hook declined)
error: failed to push some refs to 'git@github.com:mkjost0/gem5-actions.git'
From https://gem5.googlesource.com/public/gem5
 * branch                  develop    -> FETCH_HEAD
Already up to date.
remote: error: GH006: Protected branch update failed for refs/heads/develop.        
remote: error: Cannot force-push to this branch        
To github.com:mkjost0/gem5-actions.git
 ! [remote rejected]       develop -> develop (protected branch hook declined)
error: failed to push some refs to 'git@github.com:mkjost0/gem5-actions.git'
From https://gem5.googlesource.com/public/gem5
 * branch                  develop    -> FETCH_HEAD
Already up to date.
remote: error: GH006: Protected branch update failed for refs/heads/develop.        
remote: error: Cannot force-push to this branch        
To github.com:mkjost0/gem5-actions.git
 ! [remote rejected]       develop -> develop (protected branch hook declined)
error: failed to push some refs to 'git@github.com:mkjost0/gem5-actions.git'
From https://gem5.googlesource.com/public/gem5
 * branch                  develop    -> FETCH_HEAD
Already up to date.
remote: error: GH006: Protected branch update failed for refs/heads/develop.        
remote: error: Cannot force-push to this branch        
To github.com:mkjost0/gem5-actions.git
 ! [remote rejected]       develop -> develop (protected branch hook declined)
error: failed to push some refs to 'git@github.com:mkjost0/gem5-actions.git'
From https://gem5.googlesource.com/public/gem5
 * branch                  develop    -> FETCH_HEAD
Already up to date.
remote: error: GH006: Protected branch update failed for refs/heads/develop.        
remote: error: Cannot force-push to this branch        
To github.com:mkjost0/gem5-actions.git
 ! [remote rejected]       develop -> develop (protected branch hook declined)
error: failed to push some refs to 'git@github.com:mkjost0/gem5-actions.git'
From https://gem5.googlesource.com/public/gem5
 * branch                  develop    -> FETCH_HEAD
Already up to date.
remote: error: GH006: Protected branch update failed for refs/heads/develop.        
remote: error: Cannot force-push to this branch        
To github.com:mkjost0/gem5-actions.git
 ! [remote rejected]       develop -> develop (protected branch hook declined)
error: failed to push some refs to 'git@github.com:mkjost0/gem5-actions.git'
From https://gem5.googlesource.com/public/gem5
 * branch                  develop    -> FETCH_HEAD
Already up to date.
remote: error: GH006: Protected branch update failed for refs/heads/develop.        
remote: error: Cannot force-push to this branch        
To github.com:mkjost0/gem5-actions.git
 ! [remote rejected]       develop -> develop (protected branch hook declined)
error: failed to push some refs to 'git@github.com:mkjost0/gem5-actions.git'
From https://gem5.googlesource.com/public/gem5
 * branch                  develop    -> FETCH_HEAD
Already up to date.
remote: error: GH006: Protected branch update failed for refs/heads/develop.        
remote: error: Cannot force-push to this branch        
To github.com:mkjost0/gem5-actions.git
 ! [remote rejected]       develop -> develop (protected branch hook declined)
error: failed to push some refs to 'git@github.com:mkjost0/gem5-actions.git'
From https://gem5.googlesource.com/public/gem5
 * branch                  develop    -> FETCH_HEAD
Already up to date.
remote: error: GH006: Protected branch update failed for refs/heads/develop.        
remote: error: Cannot force-push to this branch        
To github.com:mkjost0/gem5-actions.git
 ! [remote rejected]       develop -> develop (protected branch hook declined)
error: failed to push some refs to 'git@github.com:mkjost0/gem5-actions.git'
From https://gem5.googlesource.com/public/gem5
 * branch                  develop    -> FETCH_HEAD
Already up to date.
remote: error: GH006: Protected branch update failed for refs/heads/develop.        
remote: error: Cannot force-push to this branch        
To github.com:mkjost0/gem5-actions.git
 ! [remote rejected]       develop -> develop (protected branch hook declined)
error: failed to push some refs to 'git@github.com:mkjost0/gem5-actions.git'
From https://gem5.googlesource.com/public/gem5
 * branch                  develop    -> FETCH_HEAD
Already up to date.
remote: error: GH006: Protected branch update failed for refs/heads/develop.        
remote: error: Cannot force-push to this branch        
To github.com:mkjost0/gem5-actions.git
 ! [remote rejected]       develop -> develop (protected branch hook declined)
error: failed to push some refs to 'git@github.com:mkjost0/gem5-actions.git'
From https://gem5.googlesource.com/public/gem5
 * branch                  develop    -> FETCH_HEAD
Already up to date.
remote: error: GH006: Protected branch update failed for refs/heads/develop.        
remote: error: Cannot force-push to this branch        
To github.com:mkjost0/gem5-actions.git
 ! [remote rejected]       develop -> develop (protected branch hook declined)
error: failed to push some refs to 'git@github.com:mkjost0/gem5-actions.git'
From https://gem5.googlesource.com/public/gem5
 * branch                  develop    -> FETCH_HEAD
Already up to date.
remote: error: GH006: Protected branch update failed for refs/heads/develop.        
remote: error: Cannot force-push to this branch        
To github.com:mkjost0/gem5-actions.git
 ! [remote rejected]       develop -> develop (protected branch hook declined)
error: failed to push some refs to 'git@github.com:mkjost0/gem5-actions.git'
From https://gem5.googlesource.com/public/gem5
 * branch                  develop    -> FETCH_HEAD
Already up to date.
remote: error: GH006: Protected branch update failed for refs/heads/develop.        
remote: error: Cannot force-push to this branch        
To github.com:mkjost0/gem5-actions.git
 ! [remote rejected]       develop -> develop (protected branch hook declined)
error: failed to push some refs to 'git@github.com:mkjost0/gem5-actions.git'
From https://gem5.googlesource.com/public/gem5
 * branch                  develop    -> FETCH_HEAD
Already up to date.
remote: error: GH006: Protected branch update failed for refs/heads/develop.        
remote: error: Cannot force-push to this branch        
To github.com:mkjost0/gem5-actions.git
 ! [remote rejected]       develop -> develop (protected branch hook declined)
error: failed to push some refs to 'git@github.com:mkjost0/gem5-actions.git'
From https://gem5.googlesource.com/public/gem5
 * branch                  develop    -> FETCH_HEAD
Already up to date.
remote: error: GH006: Protected branch update failed for refs/heads/develop.        
remote: error: Cannot force-push to this branch        
To github.com:mkjost0/gem5-actions.git
 ! [remote rejected]       develop -> develop (protected branch hook declined)
error: failed to push some refs to 'git@github.com:mkjost0/gem5-actions.git'
From https://gem5.googlesource.com/public/gem5
 * branch                  develop    -> FETCH_HEAD
Already up to date.
remote: error: GH006: Protected branch update failed for refs/heads/develop.        
remote: error: Cannot force-push to this branch        
To github.com:mkjost0/gem5-actions.git
 ! [remote rejected]       develop -> develop (protected branch hook declined)
error: failed to push some refs to 'git@github.com:mkjost0/gem5-actions.git'
From https://gem5.googlesource.com/public/gem5
 * branch                  develop    -> FETCH_HEAD
Already up to date.
remote: error: GH006: Protected branch update failed for refs/heads/develop.        
remote: error: Cannot force-push to this branch        
To github.com:mkjost0/gem5-actions.git
 ! [remote rejected]       develop -> develop (protected branch hook declined)
error: failed to push some refs to 'git@github.com:mkjost0/gem5-actions.git'
From https://gem5.googlesource.com/public/gem5
 * branch                  develop    -> FETCH_HEAD
Already up to date.
remote: error: GH006: Protected branch update failed for refs/heads/develop.        
remote: error: Cannot force-push to this branch        
To github.com:mkjost0/gem5-actions.git
 ! [remote rejected]       develop -> develop (protected branch hook declined)
error: failed to push some refs to 'git@github.com:mkjost0/gem5-actions.git'
From https://gem5.googlesource.com/public/gem5
 * branch                  develop    -> FETCH_HEAD
Already up to date.
remote: error: GH006: Protected branch update failed for refs/heads/develop.        
remote: error: Cannot force-push to this branch        
To github.com:mkjost0/gem5-actions.git
 ! [remote rejected]       develop -> develop (protected branch hook declined)
error: failed to push some refs to 'git@github.com:mkjost0/gem5-actions.git'
From https://gem5.googlesource.com/public/gem5
 * branch                  develop    -> FETCH_HEAD
Already up to date.
remote: error: GH006: Protected branch update failed for refs/heads/develop.        
remote: error: Cannot force-push to this branch        
To github.com:mkjost0/gem5-actions.git
 ! [remote rejected]       develop -> develop (protected branch hook declined)
error: failed to push some refs to 'git@github.com:mkjost0/gem5-actions.git'
From https://gem5.googlesource.com/public/gem5
 * branch                  develop    -> FETCH_HEAD
Already up to date.
remote: error: GH006: Protected branch update failed for refs/heads/develop.        
remote: error: Cannot force-push to this branch        
To github.com:mkjost0/gem5-actions.git
 ! [remote rejected]       develop -> develop (protected branch hook declined)
error: failed to push some refs to 'git@github.com:mkjost0/gem5-actions.git'
From https://gem5.googlesource.com/public/gem5
 * branch                  develop    -> FETCH_HEAD
Already up to date.
remote: error: GH006: Protected branch update failed for refs/heads/develop.        
remote: error: Cannot force-push to this branch        
To github.com:mkjost0/gem5-actions.git
 ! [remote rejected]       develop -> develop (protected branch hook declined)
error: failed to push some refs to 'git@github.com:mkjost0/gem5-actions.git'
From https://gem5.googlesource.com/public/gem5
 * branch                  develop    -> FETCH_HEAD
Already up to date.
remote: error: GH006: Protected branch update failed for refs/heads/develop.        
remote: error: Cannot force-push to this branch        
To github.com:mkjost0/gem5-actions.git
 ! [remote rejected]       develop -> develop (protected branch hook declined)
error: failed to push some refs to 'git@github.com:mkjost0/gem5-actions.git'
From https://gem5.googlesource.com/public/gem5
 * branch                  develop    -> FETCH_HEAD
Already up to date.
remote: error: GH006: Protected branch update failed for refs/heads/develop.        
remote: error: Cannot force-push to this branch        
To github.com:mkjost0/gem5-actions.git
 ! [remote rejected]       develop -> develop (protected branch hook declined)
error: failed to push some refs to 'git@github.com:mkjost0/gem5-actions.git'
From https://gem5.googlesource.com/public/gem5
 * branch                  develop    -> FETCH_HEAD
Already up to date.
remote: error: GH006: Protected branch update failed for refs/heads/develop.        
remote: error: Cannot force-push to this branch        
To github.com:mkjost0/gem5-actions.git
 ! [remote rejected]       develop -> develop (protected branch hook declined)
error: failed to push some refs to 'git@github.com:mkjost0/gem5-actions.git'
From https://gem5.googlesource.com/public/gem5
 * branch                  develop    -> FETCH_HEAD
Already up to date.
remote: error: GH006: Protected branch update failed for refs/heads/develop.        
remote: error: Cannot force-push to this branch        
To github.com:mkjost0/gem5-actions.git
 ! [remote rejected]       develop -> develop (protected branch hook declined)
error: failed to push some refs to 'git@github.com:mkjost0/gem5-actions.git'
From https://gem5.googlesource.com/public/gem5
 * branch                  develop    -> FETCH_HEAD
Already up to date.
remote: error: GH006: Protected branch update failed for refs/heads/develop.        
remote: error: Cannot force-push to this branch        
To github.com:mkjost0/gem5-actions.git
 ! [remote rejected]       develop -> develop (protected branch hook declined)
error: failed to push some refs to 'git@github.com:mkjost0/gem5-actions.git'
From https://gem5.googlesource.com/public/gem5
 * branch                  develop    -> FETCH_HEAD
Already up to date.
remote: error: GH006: Protected branch update failed for refs/heads/develop.        
remote: error: Cannot force-push to this branch        
To github.com:mkjost0/gem5-actions.git
 ! [remote rejected]       develop -> develop (protected branch hook declined)
error: failed to push some refs to 'git@github.com:mkjost0/gem5-actions.git'
From https://gem5.googlesource.com/public/gem5
 * branch                  develop    -> FETCH_HEAD
Already up to date.
remote: error: GH006: Protected branch update failed for refs/heads/develop.        
remote: error: Cannot force-push to this branch        
To github.com:mkjost0/gem5-actions.git
 ! [remote rejected]       develop -> develop (protected branch hook declined)
error: failed to push some refs to 'git@github.com:mkjost0/gem5-actions.git'
From https://gem5.googlesource.com/public/gem5
 * branch                  develop    -> FETCH_HEAD
Already up to date.
remote: error: GH006: Protected branch update failed for refs/heads/develop.        
remote: error: Cannot force-push to this branch        
To github.com:mkjost0/gem5-actions.git
 ! [remote rejected]       develop -> develop (protected branch hook declined)
error: failed to push some refs to 'git@github.com:mkjost0/gem5-actions.git'
From https://gem5.googlesource.com/public/gem5
 * branch                  develop    -> FETCH_HEAD
Already up to date.
remote: error: GH006: Protected branch update failed for refs/heads/develop.        
remote: error: Cannot force-push to this branch        
To github.com:mkjost0/gem5-actions.git
 ! [remote rejected]       develop -> develop (protected branch hook declined)
error: failed to push some refs to 'git@github.com:mkjost0/gem5-actions.git'
From https://gem5.googlesource.com/public/gem5
 * branch                  develop    -> FETCH_HEAD
Already up to date.
remote: error: GH006: Protected branch update failed for refs/heads/develop.        
remote: error: Cannot force-push to this branch        
To github.com:mkjost0/gem5-actions.git
 ! [remote rejected]       develop -> develop (protected branch hook declined)
error: failed to push some refs to 'git@github.com:mkjost0/gem5-actions.git'
From https://gem5.googlesource.com/public/gem5
 * branch                  develop    -> FETCH_HEAD
Already up to date.
remote: error: GH006: Protected branch update failed for refs/heads/develop.        
remote: error: Cannot force-push to this branch        
To github.com:mkjost0/gem5-actions.git
 ! [remote rejected]       develop -> develop (protected branch hook declined)
error: failed to push some refs to 'git@github.com:mkjost0/gem5-actions.git'
From https://gem5.googlesource.com/public/gem5
 * branch                  develop    -> FETCH_HEAD
Already up to date.
remote: error: GH006: Protected branch update failed for refs/heads/develop.        
remote: error: Cannot force-push to this branch        
To github.com:mkjost0/gem5-actions.git
 ! [remote rejected]       develop -> develop (protected branch hook declined)
error: failed to push some refs to 'git@github.com:mkjost0/gem5-actions.git'
From https://gem5.googlesource.com/public/gem5
 * branch                  develop    -> FETCH_HEAD
Already up to date.
remote: error: GH006: Protected branch update failed for refs/heads/develop.        
remote: error: Cannot force-push to this branch        
To github.com:mkjost0/gem5-actions.git
 ! [remote rejected]       develop -> develop (protected branch hook declined)
error: failed to push some refs to 'git@github.com:mkjost0/gem5-actions.git'
From https://gem5.googlesource.com/public/gem5
 * branch                  develop    -> FETCH_HEAD
Already up to date.
remote: error: GH006: Protected branch update failed for refs/heads/develop.        
remote: error: Cannot force-push to this branch        
To github.com:mkjost0/gem5-actions.git
 ! [remote rejected]       develop -> develop (protected branch hook declined)
error: failed to push some refs to 'git@github.com:mkjost0/gem5-actions.git'
From https://gem5.googlesource.com/public/gem5
 * branch                  develop    -> FETCH_HEAD
Already up to date.
remote: error: GH006: Protected branch update failed for refs/heads/develop.        
remote: error: Cannot force-push to this branch        
To github.com:mkjost0/gem5-actions.git
 ! [remote rejected]       develop -> develop (protected branch hook declined)
error: failed to push some refs to 'git@github.com:mkjost0/gem5-actions.git'
From https://gem5.googlesource.com/public/gem5
 * branch                  develop    -> FETCH_HEAD
Already up to date.
remote: error: GH006: Protected branch update failed for refs/heads/develop.        
remote: error: Cannot force-push to this branch        
To github.com:mkjost0/gem5-actions.git
 ! [remote rejected]       develop -> develop (protected branch hook declined)
error: failed to push some refs to 'git@github.com:mkjost0/gem5-actions.git'
From https://gem5.googlesource.com/public/gem5
 * branch                  develop    -> FETCH_HEAD
Already up to date.
remote: error: GH006: Protected branch update failed for refs/heads/develop.        
remote: error: Cannot force-push to this branch        
To github.com:mkjost0/gem5-actions.git
 ! [remote rejected]       develop -> develop (protected branch hook declined)
error: failed to push some refs to 'git@github.com:mkjost0/gem5-actions.git'
From https://gem5.googlesource.com/public/gem5
 * branch                  develop    -> FETCH_HEAD
Already up to date.
remote: error: GH006: Protected branch update failed for refs/heads/develop.        
remote: error: Cannot force-push to this branch        
To github.com:mkjost0/gem5-actions.git
 ! [remote rejected]       develop -> develop (protected branch hook declined)
error: failed to push some refs to 'git@github.com:mkjost0/gem5-actions.git'
From https://gem5.googlesource.com/public/gem5
 * branch                  develop    -> FETCH_HEAD
Already up to date.
remote: error: GH006: Protected branch update failed for refs/heads/develop.        
remote: error: Cannot force-push to this branch        
To github.com:mkjost0/gem5-actions.git
 ! [remote rejected]       develop -> develop (protected branch hook declined)
error: failed to push some refs to 'git@github.com:mkjost0/gem5-actions.git'
From https://gem5.googlesource.com/public/gem5
 * branch                  develop    -> FETCH_HEAD
Already up to date.
remote: error: GH006: Protected branch update failed for refs/heads/develop.        
remote: error: Cannot force-push to this branch        
To github.com:mkjost0/gem5-actions.git
 ! [remote rejected]       develop -> develop (protected branch hook declined)
error: failed to push some refs to 'git@github.com:mkjost0/gem5-actions.git'
From https://gem5.googlesource.com/public/gem5
 * branch                  develop    -> FETCH_HEAD
Already up to date.
remote: error: GH006: Protected branch update failed for refs/heads/develop.        
remote: error: Cannot force-push to this branch        
To github.com:mkjost0/gem5-actions.git
 ! [remote rejected]       develop -> develop (protected branch hook declined)
error: failed to push some refs to 'git@github.com:mkjost0/gem5-actions.git'
From https://gem5.googlesource.com/public/gem5
 * branch                  develop    -> FETCH_HEAD
Already up to date.
remote: error: GH006: Protected branch update failed for refs/heads/develop.        
remote: error: Cannot force-push to this branch        
To github.com:mkjost0/gem5-actions.git
 ! [remote rejected]       develop -> develop (protected branch hook declined)
error: failed to push some refs to 'git@github.com:mkjost0/gem5-actions.git'
From https://gem5.googlesource.com/public/gem5
 * branch                  develop    -> FETCH_HEAD
Already up to date.
remote: error: GH006: Protected branch update failed for refs/heads/develop.        
remote: error: Cannot force-push to this branch        
To github.com:mkjost0/gem5-actions.git
 ! [remote rejected]       develop -> develop (protected branch hook declined)
error: failed to push some refs to 'git@github.com:mkjost0/gem5-actions.git'
From https://gem5.googlesource.com/public/gem5
 * branch                  develop    -> FETCH_HEAD
Already up to date.
remote: error: GH006: Protected branch update failed for refs/heads/develop.        
remote: error: Cannot force-push to this branch        
To github.com:mkjost0/gem5-actions.git
 ! [remote rejected]       develop -> develop (protected branch hook declined)
error: failed to push some refs to 'git@github.com:mkjost0/gem5-actions.git'
From https://gem5.googlesource.com/public/gem5
 * branch                  develop    -> FETCH_HEAD
Already up to date.
remote: error: GH006: Protected branch update failed for refs/heads/develop.        
remote: error: Cannot force-push to this branch        
To github.com:mkjost0/gem5-actions.git
 ! [remote rejected]       develop -> develop (protected branch hook declined)
error: failed to push some refs to 'git@github.com:mkjost0/gem5-actions.git'
From https://gem5.googlesource.com/public/gem5
 * branch                  develop    -> FETCH_HEAD
Already up to date.
remote: error: GH006: Protected branch update failed for refs/heads/develop.        
remote: error: Cannot force-push to this branch        
To github.com:mkjost0/gem5-actions.git
 ! [remote rejected]       develop -> develop (protected branch hook declined)
error: failed to push some refs to 'git@github.com:mkjost0/gem5-actions.git'
From https://gem5.googlesource.com/public/gem5
 * branch                  develop    -> FETCH_HEAD
Already up to date.
remote: error: GH006: Protected branch update failed for refs/heads/develop.        
remote: error: Cannot force-push to this branch        
To github.com:mkjost0/gem5-actions.git
 ! [remote rejected]       develop -> develop (protected branch hook declined)
error: failed to push some refs to 'git@github.com:mkjost0/gem5-actions.git'
From https://gem5.googlesource.com/public/gem5
 * branch                  develop    -> FETCH_HEAD
Already up to date.
remote: error: GH006: Protected branch update failed for refs/heads/develop.        
remote: error: Cannot force-push to this branch        
To github.com:mkjost0/gem5-actions.git
 ! [remote rejected]       develop -> develop (protected branch hook declined)
error: failed to push some refs to 'git@github.com:mkjost0/gem5-actions.git'
From https://gem5.googlesource.com/public/gem5
 * branch                  develop    -> FETCH_HEAD
Already up to date.
remote: error: GH006: Protected branch update failed for refs/heads/develop.        
remote: error: Cannot force-push to this branch        
To github.com:mkjost0/gem5-actions.git
 ! [remote rejected]       develop -> develop (protected branch hook declined)
error: failed to push some refs to 'git@github.com:mkjost0/gem5-actions.git'
From https://gem5.googlesource.com/public/gem5
 * branch                  develop    -> FETCH_HEAD
Already up to date.
remote: error: GH006: Protected branch update failed for refs/heads/develop.        
remote: error: Cannot force-push to this branch        
To github.com:mkjost0/gem5-actions.git
 ! [remote rejected]       develop -> develop (protected branch hook declined)
error: failed to push some refs to 'git@github.com:mkjost0/gem5-actions.git'
From https://gem5.googlesource.com/public/gem5
 * branch                  develop    -> FETCH_HEAD
Already up to date.
remote: error: GH006: Protected branch update failed for refs/heads/develop.        
remote: error: Cannot force-push to this branch        
To github.com:mkjost0/gem5-actions.git
 ! [remote rejected]       develop -> develop (protected branch hook declined)
error: failed to push some refs to 'git@github.com:mkjost0/gem5-actions.git'
From https://gem5.googlesource.com/public/gem5
 * branch                  develop    -> FETCH_HEAD
Already up to date.
remote: error: GH006: Protected branch update failed for refs/heads/develop.        
remote: error: Cannot force-push to this branch        
To github.com:mkjost0/gem5-actions.git
 ! [remote rejected]       develop -> develop (protected branch hook declined)
error: failed to push some refs to 'git@github.com:mkjost0/gem5-actions.git'
From https://gem5.googlesource.com/public/gem5
 * branch                  develop    -> FETCH_HEAD
Already up to date.
remote: error: GH006: Protected branch update failed for refs/heads/develop.        
remote: error: Cannot force-push to this branch        
To github.com:mkjost0/gem5-actions.git
 ! [remote rejected]       develop -> develop (protected branch hook declined)
error: failed to push some refs to 'git@github.com:mkjost0/gem5-actions.git'
From https://gem5.googlesource.com/public/gem5
 * branch                  develop    -> FETCH_HEAD
Already up to date.
remote: error: GH006: Protected branch update failed for refs/heads/develop.        
remote: error: Cannot force-push to this branch        
To github.com:mkjost0/gem5-actions.git
 ! [remote rejected]       develop -> develop (protected branch hook declined)
error: failed to push some refs to 'git@github.com:mkjost0/gem5-actions.git'
From https://gem5.googlesource.com/public/gem5
 * branch                  develop    -> FETCH_HEAD
Already up to date.
remote: error: GH006: Protected branch update failed for refs/heads/develop.        
remote: error: Cannot force-push to this branch        
To github.com:mkjost0/gem5-actions.git
 ! [remote rejected]       develop -> develop (protected branch hook declined)
error: failed to push some refs to 'git@github.com:mkjost0/gem5-actions.git'
From https://gem5.googlesource.com/public/gem5
 * branch                  develop    -> FETCH_HEAD
Already up to date.
remote: error: GH006: Protected branch update failed for refs/heads/develop.        
remote: error: Cannot force-push to this branch        
To github.com:mkjost0/gem5-actions.git
 ! [remote rejected]       develop -> develop (protected branch hook declined)
error: failed to push some refs to 'git@github.com:mkjost0/gem5-actions.git'
From https://gem5.googlesource.com/public/gem5
 * branch                  develop    -> FETCH_HEAD
Already up to date.
remote: error: GH006: Protected branch update failed for refs/heads/develop.        
remote: error: Cannot force-push to this branch        
To github.com:mkjost0/gem5-actions.git
 ! [remote rejected]       develop -> develop (protected branch hook declined)
error: failed to push some refs to 'git@github.com:mkjost0/gem5-actions.git'
From https://gem5.googlesource.com/public/gem5
 * branch                  develop    -> FETCH_HEAD
Already up to date.
remote: error: GH006: Protected branch update failed for refs/heads/develop.        
remote: error: Cannot force-push to this branch        
To github.com:mkjost0/gem5-actions.git
 ! [remote rejected]       develop -> develop (protected branch hook declined)
error: failed to push some refs to 'git@github.com:mkjost0/gem5-actions.git'
From https://gem5.googlesource.com/public/gem5
 * branch                  develop    -> FETCH_HEAD
Already up to date.
remote: error: GH006: Protected branch update failed for refs/heads/develop.        
remote: error: Cannot force-push to this branch        
To github.com:mkjost0/gem5-actions.git
 ! [remote rejected]       develop -> develop (protected branch hook declined)
error: failed to push some refs to 'git@github.com:mkjost0/gem5-actions.git'
From https://gem5.googlesource.com/public/gem5
 * branch                  develop    -> FETCH_HEAD
Already up to date.
remote: error: GH006: Protected branch update failed for refs/heads/develop.        
remote: error: Cannot force-push to this branch        
To github.com:mkjost0/gem5-actions.git
 ! [remote rejected]       develop -> develop (protected branch hook declined)
error: failed to push some refs to 'git@github.com:mkjost0/gem5-actions.git'
From https://gem5.googlesource.com/public/gem5
 * branch                  develop    -> FETCH_HEAD
Already up to date.
remote: error: GH006: Protected branch update failed for refs/heads/develop.        
remote: error: Cannot force-push to this branch        
To github.com:mkjost0/gem5-actions.git
 ! [remote rejected]       develop -> develop (protected branch hook declined)
error: failed to push some refs to 'git@github.com:mkjost0/gem5-actions.git'
From https://gem5.googlesource.com/public/gem5
 * branch                  develop    -> FETCH_HEAD
Already up to date.
remote: error: GH006: Protected branch update failed for refs/heads/develop.        
remote: error: Cannot force-push to this branch        
To github.com:mkjost0/gem5-actions.git
 ! [remote rejected]       develop -> develop (protected branch hook declined)
error: failed to push some refs to 'git@github.com:mkjost0/gem5-actions.git'
From https://gem5.googlesource.com/public/gem5
 * branch                  develop    -> FETCH_HEAD
Already up to date.
remote: error: GH006: Protected branch update failed for refs/heads/develop.        
remote: error: Cannot force-push to this branch        
To github.com:mkjost0/gem5-actions.git
 ! [remote rejected]       develop -> develop (protected branch hook declined)
error: failed to push some refs to 'git@github.com:mkjost0/gem5-actions.git'
From https://gem5.googlesource.com/public/gem5
 * branch                  develop    -> FETCH_HEAD
Already up to date.
remote: error: GH006: Protected branch update failed for refs/heads/develop.        
remote: error: Cannot force-push to this branch        
To github.com:mkjost0/gem5-actions.git
 ! [remote rejected]       develop -> develop (protected branch hook declined)
error: failed to push some refs to 'git@github.com:mkjost0/gem5-actions.git'
From https://gem5.googlesource.com/public/gem5
 * branch                  develop    -> FETCH_HEAD
Already up to date.
remote: error: GH006: Protected branch update failed for refs/heads/develop.        
remote: error: Cannot force-push to this branch        
To github.com:mkjost0/gem5-actions.git
 ! [remote rejected]       develop -> develop (protected branch hook declined)
error: failed to push some refs to 'git@github.com:mkjost0/gem5-actions.git'
From https://gem5.googlesource.com/public/gem5
 * branch                  develop    -> FETCH_HEAD
Already up to date.
remote: error: GH006: Protected branch update failed for refs/heads/develop.        
remote: error: Cannot force-push to this branch        
To github.com:mkjost0/gem5-actions.git
 ! [remote rejected]       develop -> develop (protected branch hook declined)
error: failed to push some refs to 'git@github.com:mkjost0/gem5-actions.git'
From https://gem5.googlesource.com/public/gem5
 * branch                  develop    -> FETCH_HEAD
Already up to date.
remote: error: GH006: Protected branch update failed for refs/heads/develop.        
remote: error: Cannot force-push to this branch        
To github.com:mkjost0/gem5-actions.git
 ! [remote rejected]       develop -> develop (protected branch hook declined)
error: failed to push some refs to 'git@github.com:mkjost0/gem5-actions.git'
From https://gem5.googlesource.com/public/gem5
 * branch                  develop    -> FETCH_HEAD
Already up to date.
remote: error: GH006: Protected branch update failed for refs/heads/develop.        
remote: error: Cannot force-push to this branch        
To github.com:mkjost0/gem5-actions.git
 ! [remote rejected]       develop -> develop (protected branch hook declined)
error: failed to push some refs to 'git@github.com:mkjost0/gem5-actions.git'
From https://gem5.googlesource.com/public/gem5
 * branch                  develop    -> FETCH_HEAD
Already up to date.
remote: error: GH006: Protected branch update failed for refs/heads/develop.        
remote: error: Cannot force-push to this branch        
To github.com:mkjost0/gem5-actions.git
 ! [remote rejected]       develop -> develop (protected branch hook declined)
error: failed to push some refs to 'git@github.com:mkjost0/gem5-actions.git'
From https://gem5.googlesource.com/public/gem5
 * branch                  develop    -> FETCH_HEAD
Already up to date.
remote: error: GH006: Protected branch update failed for refs/heads/develop.        
remote: error: Cannot force-push to this branch        
To github.com:mkjost0/gem5-actions.git
 ! [remote rejected]       develop -> develop (protected branch hook declined)
error: failed to push some refs to 'git@github.com:mkjost0/gem5-actions.git'
From https://gem5.googlesource.com/public/gem5
 * branch                  develop    -> FETCH_HEAD
Already up to date.
remote: error: GH006: Protected branch update failed for refs/heads/develop.        
remote: error: Cannot force-push to this branch        
To github.com:mkjost0/gem5-actions.git
 ! [remote rejected]       develop -> develop (protected branch hook declined)
error: failed to push some refs to 'git@github.com:mkjost0/gem5-actions.git'
From https://gem5.googlesource.com/public/gem5
 * branch                  develop    -> FETCH_HEAD
Already up to date.
remote: error: GH006: Protected branch update failed for refs/heads/develop.        
remote: error: Cannot force-push to this branch        
To github.com:mkjost0/gem5-actions.git
 ! [remote rejected]       develop -> develop (protected branch hook declined)
error: failed to push some refs to 'git@github.com:mkjost0/gem5-actions.git'
From https://gem5.googlesource.com/public/gem5
 * branch                  develop    -> FETCH_HEAD
Already up to date.
remote: error: GH006: Protected branch update failed for refs/heads/develop.        
remote: error: Cannot force-push to this branch        
To github.com:mkjost0/gem5-actions.git
 ! [remote rejected]       develop -> develop (protected branch hook declined)
error: failed to push some refs to 'git@github.com:mkjost0/gem5-actions.git'
From https://gem5.googlesource.com/public/gem5
 * branch                  develop    -> FETCH_HEAD
Already up to date.
remote: error: GH006: Protected branch update failed for refs/heads/develop.        
remote: error: Cannot force-push to this branch        
To github.com:mkjost0/gem5-actions.git
 ! [remote rejected]       develop -> develop (protected branch hook declined)
error: failed to push some refs to 'git@github.com:mkjost0/gem5-actions.git'
From https://gem5.googlesource.com/public/gem5
 * branch                  develop    -> FETCH_HEAD
Already up to date.
remote: error: GH006: Protected branch update failed for refs/heads/develop.        
remote: error: Cannot force-push to this branch        
To github.com:mkjost0/gem5-actions.git
 ! [remote rejected]       develop -> develop (protected branch hook declined)
error: failed to push some refs to 'git@github.com:mkjost0/gem5-actions.git'
From https://gem5.googlesource.com/public/gem5
 * branch                  develop    -> FETCH_HEAD
Already up to date.
remote: error: GH006: Protected branch update failed for refs/heads/develop.        
remote: error: Cannot force-push to this branch        
To github.com:mkjost0/gem5-actions.git
 ! [remote rejected]       develop -> develop (protected branch hook declined)
error: failed to push some refs to 'git@github.com:mkjost0/gem5-actions.git'
From https://gem5.googlesource.com/public/gem5
 * branch                  develop    -> FETCH_HEAD
Already up to date.
remote: error: GH006: Protected branch update failed for refs/heads/develop.        
remote: error: Cannot force-push to this branch        
To github.com:mkjost0/gem5-actions.git
 ! [remote rejected]       develop -> develop (protected branch hook declined)
error: failed to push some refs to 'git@github.com:mkjost0/gem5-actions.git'
From https://gem5.googlesource.com/public/gem5
 * branch                  develop    -> FETCH_HEAD
Already up to date.
remote: error: GH006: Protected branch update failed for refs/heads/develop.        
remote: error: Cannot force-push to this branch        
To github.com:mkjost0/gem5-actions.git
 ! [remote rejected]       develop -> develop (protected branch hook declined)
error: failed to push some refs to 'git@github.com:mkjost0/gem5-actions.git'
From https://gem5.googlesource.com/public/gem5
 * branch                  develop    -> FETCH_HEAD
Already up to date.
remote: error: GH006: Protected branch update failed for refs/heads/develop.        
remote: error: Cannot force-push to this branch        
To github.com:mkjost0/gem5-actions.git
 ! [remote rejected]       develop -> develop (protected branch hook declined)
error: failed to push some refs to 'git@github.com:mkjost0/gem5-actions.git'
From https://gem5.googlesource.com/public/gem5
 * branch                  develop    -> FETCH_HEAD
Already up to date.
remote: error: GH006: Protected branch update failed for refs/heads/develop.        
remote: error: Cannot force-push to this branch        
To github.com:mkjost0/gem5-actions.git
 ! [remote rejected]       develop -> develop (protected branch hook declined)
error: failed to push some refs to 'git@github.com:mkjost0/gem5-actions.git'
From https://gem5.googlesource.com/public/gem5
 * branch                  develop    -> FETCH_HEAD
Already up to date.
remote: error: GH006: Protected branch update failed for refs/heads/develop.        
remote: error: Cannot force-push to this branch        
To github.com:mkjost0/gem5-actions.git
 ! [remote rejected]       develop -> develop (protected branch hook declined)
error: failed to push some refs to 'git@github.com:mkjost0/gem5-actions.git'
From https://gem5.googlesource.com/public/gem5
 * branch                  develop    -> FETCH_HEAD
Already up to date.
remote: error: GH006: Protected branch update failed for refs/heads/develop.        
remote: error: Cannot force-push to this branch        
To github.com:mkjost0/gem5-actions.git
 ! [remote rejected]       develop -> develop (protected branch hook declined)
error: failed to push some refs to 'git@github.com:mkjost0/gem5-actions.git'
From https://gem5.googlesource.com/public/gem5
 * branch                  develop    -> FETCH_HEAD
Already up to date.
remote: error: GH006: Protected branch update failed for refs/heads/develop.        
remote: error: Cannot force-push to this branch        
To github.com:mkjost0/gem5-actions.git
 ! [remote rejected]       develop -> develop (protected branch hook declined)
error: failed to push some refs to 'git@github.com:mkjost0/gem5-actions.git'
From https://gem5.googlesource.com/public/gem5
 * branch                  develop    -> FETCH_HEAD
Already up to date.
remote: error: GH006: Protected branch update failed for refs/heads/develop.        
remote: error: Cannot force-push to this branch        
To github.com:mkjost0/gem5-actions.git
 ! [remote rejected]       develop -> develop (protected branch hook declined)
error: failed to push some refs to 'git@github.com:mkjost0/gem5-actions.git'
From https://gem5.googlesource.com/public/gem5
 * branch                  develop    -> FETCH_HEAD
Already up to date.
remote: error: GH006: Protected branch update failed for refs/heads/develop.        
remote: error: Cannot force-push to this branch        
To github.com:mkjost0/gem5-actions.git
 ! [remote rejected]       develop -> develop (protected branch hook declined)
error: failed to push some refs to 'git@github.com:mkjost0/gem5-actions.git'
From https://gem5.googlesource.com/public/gem5
 * branch                  develop    -> FETCH_HEAD
Already up to date.
remote: error: GH006: Protected branch update failed for refs/heads/develop.        
remote: error: Cannot force-push to this branch        
To github.com:mkjost0/gem5-actions.git
 ! [remote rejected]       develop -> develop (protected branch hook declined)
error: failed to push some refs to 'git@github.com:mkjost0/gem5-actions.git'
From https://gem5.googlesource.com/public/gem5
 * branch                  develop    -> FETCH_HEAD
Already up to date.
remote: error: GH006: Protected branch update failed for refs/heads/develop.        
remote: error: Cannot force-push to this branch        
To github.com:mkjost0/gem5-actions.git
 ! [remote rejected]       develop -> develop (protected branch hook declined)
error: failed to push some refs to 'git@github.com:mkjost0/gem5-actions.git'
From https://gem5.googlesource.com/public/gem5
 * branch                  develop    -> FETCH_HEAD
Already up to date.
remote: error: GH006: Protected branch update failed for refs/heads/develop.        
remote: error: Cannot force-push to this branch        
To github.com:mkjost0/gem5-actions.git
 ! [remote rejected]       develop -> develop (protected branch hook declined)
error: failed to push some refs to 'git@github.com:mkjost0/gem5-actions.git'
From https://gem5.googlesource.com/public/gem5
 * branch                  develop    -> FETCH_HEAD
Already up to date.
remote: error: GH006: Protected branch update failed for refs/heads/develop.        
remote: error: Cannot force-push to this branch        
To github.com:mkjost0/gem5-actions.git
 ! [remote rejected]       develop -> develop (protected branch hook declined)
error: failed to push some refs to 'git@github.com:mkjost0/gem5-actions.git'
From https://gem5.googlesource.com/public/gem5
 * branch                  develop    -> FETCH_HEAD
Already up to date.
remote: error: GH006: Protected branch update failed for refs/heads/develop.        
remote: error: Cannot force-push to this branch        
To github.com:mkjost0/gem5-actions.git
 ! [remote rejected]       develop -> develop (protected branch hook declined)
error: failed to push some refs to 'git@github.com:mkjost0/gem5-actions.git'
From https://gem5.googlesource.com/public/gem5
 * branch                  develop    -> FETCH_HEAD
Already up to date.
remote: error: GH006: Protected branch update failed for refs/heads/develop.        
remote: error: Cannot force-push to this branch        
To github.com:mkjost0/gem5-actions.git
 ! [remote rejected]       develop -> develop (protected branch hook declined)
error: failed to push some refs to 'git@github.com:mkjost0/gem5-actions.git'
From https://gem5.googlesource.com/public/gem5
 * branch                  develop    -> FETCH_HEAD
Already up to date.
remote: error: GH006: Protected branch update failed for refs/heads/develop.        
remote: error: Cannot force-push to this branch        
To github.com:mkjost0/gem5-actions.git
 ! [remote rejected]       develop -> develop (protected branch hook declined)
error: failed to push some refs to 'git@github.com:mkjost0/gem5-actions.git'
From https://gem5.googlesource.com/public/gem5
 * branch                  develop    -> FETCH_HEAD
Already up to date.
remote: error: GH006: Protected branch update failed for refs/heads/develop.        
remote: error: Cannot force-push to this branch        
To github.com:mkjost0/gem5-actions.git
 ! [remote rejected]       develop -> develop (protected branch hook declined)
error: failed to push some refs to 'git@github.com:mkjost0/gem5-actions.git'
From https://gem5.googlesource.com/public/gem5
 * branch                  develop    -> FETCH_HEAD
Already up to date.
remote: error: GH006: Protected branch update failed for refs/heads/develop.        
remote: error: Cannot force-push to this branch        
To github.com:mkjost0/gem5-actions.git
 ! [remote rejected]       develop -> develop (protected branch hook declined)
error: failed to push some refs to 'git@github.com:mkjost0/gem5-actions.git'
From https://gem5.googlesource.com/public/gem5
 * branch                  develop    -> FETCH_HEAD
Already up to date.
remote: error: GH006: Protected branch update failed for refs/heads/develop.        
remote: error: Cannot force-push to this branch        
To github.com:mkjost0/gem5-actions.git
 ! [remote rejected]       develop -> develop (protected branch hook declined)
error: failed to push some refs to 'git@github.com:mkjost0/gem5-actions.git'
From https://gem5.googlesource.com/public/gem5
 * branch                  develop    -> FETCH_HEAD
Already up to date.
remote: error: GH006: Protected branch update failed for refs/heads/develop.        
remote: error: Cannot force-push to this branch        
To github.com:mkjost0/gem5-actions.git
 ! [remote rejected]       develop -> develop (protected branch hook declined)
error: failed to push some refs to 'git@github.com:mkjost0/gem5-actions.git'
From https://gem5.googlesource.com/public/gem5
 * branch                  develop    -> FETCH_HEAD
Already up to date.
remote: error: GH006: Protected branch update failed for refs/heads/develop.        
remote: error: Cannot force-push to this branch        
To github.com:mkjost0/gem5-actions.git
 ! [remote rejected]       develop -> develop (protected branch hook declined)
error: failed to push some refs to 'git@github.com:mkjost0/gem5-actions.git'
From https://gem5.googlesource.com/public/gem5
 * branch                  develop    -> FETCH_HEAD
Already up to date.
remote: error: GH006: Protected branch update failed for refs/heads/develop.        
remote: error: Cannot force-push to this branch        
To github.com:mkjost0/gem5-actions.git
 ! [remote rejected]       develop -> develop (protected branch hook declined)
error: failed to push some refs to 'git@github.com:mkjost0/gem5-actions.git'
From https://gem5.googlesource.com/public/gem5
 * branch                  develop    -> FETCH_HEAD
Already up to date.
remote: error: GH006: Protected branch update failed for refs/heads/develop.        
remote: error: Cannot force-push to this branch        
To github.com:mkjost0/gem5-actions.git
 ! [remote rejected]       develop -> develop (protected branch hook declined)
error: failed to push some refs to 'git@github.com:mkjost0/gem5-actions.git'
From https://gem5.googlesource.com/public/gem5
 * branch                  develop    -> FETCH_HEAD
Already up to date.
remote: error: GH006: Protected branch update failed for refs/heads/develop.        
remote: error: Cannot force-push to this branch        
To github.com:mkjost0/gem5-actions.git
 ! [remote rejected]       develop -> develop (protected branch hook declined)
error: failed to push some refs to 'git@github.com:mkjost0/gem5-actions.git'
From https://gem5.googlesource.com/public/gem5
 * branch                  develop    -> FETCH_HEAD
Already up to date.
remote: error: GH006: Protected branch update failed for refs/heads/develop.        
remote: error: Cannot force-push to this branch        
To github.com:mkjost0/gem5-actions.git
 ! [remote rejected]       develop -> develop (protected branch hook declined)
error: failed to push some refs to 'git@github.com:mkjost0/gem5-actions.git'
From https://gem5.googlesource.com/public/gem5
 * branch                  develop    -> FETCH_HEAD
Already up to date.
remote: error: GH006: Protected branch update failed for refs/heads/develop.        
remote: error: Cannot force-push to this branch        
To github.com:mkjost0/gem5-actions.git
 ! [remote rejected]       develop -> develop (protected branch hook declined)
error: failed to push some refs to 'git@github.com:mkjost0/gem5-actions.git'
From https://gem5.googlesource.com/public/gem5
 * branch                  develop    -> FETCH_HEAD
Already up to date.
remote: error: GH006: Protected branch update failed for refs/heads/develop.        
remote: error: Cannot force-push to this branch        
To github.com:mkjost0/gem5-actions.git
 ! [remote rejected]       develop -> develop (protected branch hook declined)
error: failed to push some refs to 'git@github.com:mkjost0/gem5-actions.git'
From https://gem5.googlesource.com/public/gem5
 * branch                  develop    -> FETCH_HEAD
Already up to date.
remote: error: GH006: Protected branch update failed for refs/heads/develop.        
remote: error: Cannot force-push to this branch        
To github.com:mkjost0/gem5-actions.git
 ! [remote rejected]       develop -> develop (protected branch hook declined)
error: failed to push some refs to 'git@github.com:mkjost0/gem5-actions.git'
From https://gem5.googlesource.com/public/gem5
 * branch                  develop    -> FETCH_HEAD
Already up to date.
remote: error: GH006: Protected branch update failed for refs/heads/develop.        
remote: error: Cannot force-push to this branch        
To github.com:mkjost0/gem5-actions.git
 ! [remote rejected]       develop -> develop (protected branch hook declined)
error: failed to push some refs to 'git@github.com:mkjost0/gem5-actions.git'
From https://gem5.googlesource.com/public/gem5
 * branch                  develop    -> FETCH_HEAD
Already up to date.
remote: error: GH006: Protected branch update failed for refs/heads/develop.        
remote: error: Cannot force-push to this branch        
To github.com:mkjost0/gem5-actions.git
 ! [remote rejected]       develop -> develop (protected branch hook declined)
error: failed to push some refs to 'git@github.com:mkjost0/gem5-actions.git'
From https://gem5.googlesource.com/public/gem5
 * branch                  develop    -> FETCH_HEAD
Already up to date.
remote: error: GH006: Protected branch update failed for refs/heads/develop.        
remote: error: Cannot force-push to this branch        
To github.com:mkjost0/gem5-actions.git
 - [deleted]               pre-commit-ci-update-config
 ! [remote rejected]       develop -> develop (protected branch hook declined)
error: failed to push some refs to 'git@github.com:mkjost0/gem5-actions.git'
From https://gem5.googlesource.com/public/gem5
 * branch                  develop    -> FETCH_HEAD
Already up to date.
remote: error: GH006: Protected branch update failed for refs/heads/develop.        
remote: error: Cannot force-push to this branch        
To github.com:mkjost0/gem5-actions.git
 ! [remote rejected]       develop -> develop (protected branch hook declined)
error: failed to push some refs to 'git@github.com:mkjost0/gem5-actions.git'
From https://gem5.googlesource.com/public/gem5
 * branch                  develop    -> FETCH_HEAD
Already up to date.
remote: error: GH006: Protected branch update failed for refs/heads/develop.        
remote: error: Cannot force-push to this branch        
To github.com:mkjost0/gem5-actions.git
 ! [remote rejected]       develop -> develop (protected branch hook declined)
error: failed to push some refs to 'git@github.com:mkjost0/gem5-actions.git'
From https://gem5.googlesource.com/public/gem5
 * branch                  develop    -> FETCH_HEAD
Already up to date.
remote: error: GH006: Protected branch update failed for refs/heads/develop.        
remote: error: Cannot force-push to this branch        
To github.com:mkjost0/gem5-actions.git
 ! [remote rejected]       develop -> develop (protected branch hook declined)
error: failed to push some refs to 'git@github.com:mkjost0/gem5-actions.git'
From https://gem5.googlesource.com/public/gem5
 * branch                  develop    -> FETCH_HEAD
Already up to date.
remote: error: GH006: Protected branch update failed for refs/heads/develop.        
remote: error: Cannot force-push to this branch        
To github.com:mkjost0/gem5-actions.git
 ! [remote rejected]       develop -> develop (protected branch hook declined)
error: failed to push some refs to 'git@github.com:mkjost0/gem5-actions.git'
From https://gem5.googlesource.com/public/gem5
 * branch                  develop    -> FETCH_HEAD
Already up to date.
remote: error: GH006: Protected branch update failed for refs/heads/develop.        
remote: error: Cannot force-push to this branch        
To github.com:mkjost0/gem5-actions.git
 ! [remote rejected]       develop -> develop (protected branch hook declined)
error: failed to push some refs to 'git@github.com:mkjost0/gem5-actions.git'
From https://gem5.googlesource.com/public/gem5
 * branch                  develop    -> FETCH_HEAD
Already up to date.
remote: error: GH006: Protected branch update failed for refs/heads/develop.        
remote: error: Cannot force-push to this branch        
To github.com:mkjost0/gem5-actions.git
 ! [remote rejected]       develop -> develop (protected branch hook declined)
error: failed to push some refs to 'git@github.com:mkjost0/gem5-actions.git'
From https://gem5.googlesource.com/public/gem5
 * branch                  develop    -> FETCH_HEAD
Already up to date.
remote: error: GH006: Protected branch update failed for refs/heads/develop.        
remote: error: Cannot force-push to this branch        
To github.com:mkjost0/gem5-actions.git
 ! [remote rejected]       develop -> develop (protected branch hook declined)
error: failed to push some refs to 'git@github.com:mkjost0/gem5-actions.git'
From https://gem5.googlesource.com/public/gem5
 * branch                  develop    -> FETCH_HEAD
Already up to date.
remote: error: GH006: Protected branch update failed for refs/heads/develop.        
remote: error: Cannot force-push to this branch        
To github.com:mkjost0/gem5-actions.git
 ! [remote rejected]       develop -> develop (protected branch hook declined)
error: failed to push some refs to 'git@github.com:mkjost0/gem5-actions.git'
From https://gem5.googlesource.com/public/gem5
 * branch                  develop    -> FETCH_HEAD
Already up to date.
remote: error: GH006: Protected branch update failed for refs/heads/develop.        
remote: error: Cannot force-push to this branch        
To github.com:mkjost0/gem5-actions.git
 ! [remote rejected]       develop -> develop (protected branch hook declined)
error: failed to push some refs to 'git@github.com:mkjost0/gem5-actions.git'
From https://gem5.googlesource.com/public/gem5
 * branch                  develop    -> FETCH_HEAD
Already up to date.
remote: error: GH006: Protected branch update failed for refs/heads/develop.        
remote: error: Cannot force-push to this branch        
To github.com:mkjost0/gem5-actions.git
 ! [remote rejected]       develop -> develop (protected branch hook declined)
error: failed to push some refs to 'git@github.com:mkjost0/gem5-actions.git'
From https://gem5.googlesource.com/public/gem5
 * branch                  develop    -> FETCH_HEAD
Already up to date.
remote: error: GH006: Protected branch update failed for refs/heads/develop.        
remote: error: Cannot force-push to this branch        
To github.com:mkjost0/gem5-actions.git
 ! [remote rejected]       develop -> develop (protected branch hook declined)
error: failed to push some refs to 'git@github.com:mkjost0/gem5-actions.git'
From https://gem5.googlesource.com/public/gem5
 * branch                  develop    -> FETCH_HEAD
Already up to date.
remote: error: GH006: Protected branch update failed for refs/heads/develop.        
remote: error: Cannot force-push to this branch        
To github.com:mkjost0/gem5-actions.git
 ! [remote rejected]       develop -> develop (protected branch hook declined)
error: failed to push some refs to 'git@github.com:mkjost0/gem5-actions.git'
From https://gem5.googlesource.com/public/gem5
 * branch                  develop    -> FETCH_HEAD
Already up to date.
remote: error: GH006: Protected branch update failed for refs/heads/develop.        
remote: error: Cannot force-push to this branch        
To github.com:mkjost0/gem5-actions.git
 ! [remote rejected]       develop -> develop (protected branch hook declined)
error: failed to push some refs to 'git@github.com:mkjost0/gem5-actions.git'
From https://gem5.googlesource.com/public/gem5
 * branch                  develop    -> FETCH_HEAD
Already up to date.
remote: error: GH006: Protected branch update failed for refs/heads/develop.        
remote: error: Cannot force-push to this branch        
To github.com:mkjost0/gem5-actions.git
 ! [remote rejected]       develop -> develop (protected branch hook declined)
error: failed to push some refs to 'git@github.com:mkjost0/gem5-actions.git'
From https://gem5.googlesource.com/public/gem5
 * branch                  develop    -> FETCH_HEAD
Already up to date.
remote: error: GH006: Protected branch update failed for refs/heads/develop.        
remote: error: Cannot force-push to this branch        
To github.com:mkjost0/gem5-actions.git
 ! [remote rejected]       develop -> develop (protected branch hook declined)
error: failed to push some refs to 'git@github.com:mkjost0/gem5-actions.git'
From https://gem5.googlesource.com/public/gem5
 * branch                  develop    -> FETCH_HEAD
Already up to date.
remote: error: GH006: Protected branch update failed for refs/heads/develop.        
remote: error: Cannot force-push to this branch        
To github.com:mkjost0/gem5-actions.git
 ! [remote rejected]       develop -> develop (protected branch hook declined)
error: failed to push some refs to 'git@github.com:mkjost0/gem5-actions.git'
From https://gem5.googlesource.com/public/gem5
 * branch                  develop    -> FETCH_HEAD
Already up to date.
remote: error: GH006: Protected branch update failed for refs/heads/develop.        
remote: error: Cannot force-push to this branch        
To github.com:mkjost0/gem5-actions.git
 ! [remote rejected]       develop -> develop (protected branch hook declined)
error: failed to push some refs to 'git@github.com:mkjost0/gem5-actions.git'
From https://gem5.googlesource.com/public/gem5
 * branch                  develop    -> FETCH_HEAD
Already up to date.
remote: error: GH006: Protected branch update failed for refs/heads/develop.        
remote: error: Cannot force-push to this branch        
To github.com:mkjost0/gem5-actions.git
 ! [remote rejected]       develop -> develop (protected branch hook declined)
error: failed to push some refs to 'git@github.com:mkjost0/gem5-actions.git'
From https://gem5.googlesource.com/public/gem5
 * branch                  develop    -> FETCH_HEAD
Already up to date.
remote: error: GH006: Protected branch update failed for refs/heads/develop.        
remote: error: Cannot force-push to this branch        
To github.com:mkjost0/gem5-actions.git
 ! [remote rejected]       develop -> develop (protected branch hook declined)
error: failed to push some refs to 'git@github.com:mkjost0/gem5-actions.git'
From https://gem5.googlesource.com/public/gem5
 * branch                  develop    -> FETCH_HEAD
Already up to date.
remote: error: GH006: Protected branch update failed for refs/heads/develop.        
remote: error: Cannot force-push to this branch        
To github.com:mkjost0/gem5-actions.git
 ! [remote rejected]       develop -> develop (protected branch hook declined)
error: failed to push some refs to 'git@github.com:mkjost0/gem5-actions.git'
From https://gem5.googlesource.com/public/gem5
 * branch                  develop    -> FETCH_HEAD
Already up to date.
remote: error: GH006: Protected branch update failed for refs/heads/develop.        
remote: error: Cannot force-push to this branch        
To github.com:mkjost0/gem5-actions.git
 ! [remote rejected]       develop -> develop (protected branch hook declined)
error: failed to push some refs to 'git@github.com:mkjost0/gem5-actions.git'
From https://gem5.googlesource.com/public/gem5
 * branch                  develop    -> FETCH_HEAD
Already up to date.
remote: error: GH006: Protected branch update failed for refs/heads/develop.        
remote: error: Cannot force-push to this branch        
To github.com:mkjost0/gem5-actions.git
 ! [remote rejected]       develop -> develop (protected branch hook declined)
error: failed to push some refs to 'git@github.com:mkjost0/gem5-actions.git'
From https://gem5.googlesource.com/public/gem5
 * branch                  develop    -> FETCH_HEAD
Already up to date.
remote: error: GH006: Protected branch update failed for refs/heads/develop.        
remote: error: Cannot force-push to this branch        
To github.com:mkjost0/gem5-actions.git
 ! [remote rejected]       develop -> develop (protected branch hook declined)
error: failed to push some refs to 'git@github.com:mkjost0/gem5-actions.git'
From https://gem5.googlesource.com/public/gem5
 * branch                  develop    -> FETCH_HEAD
Already up to date.
remote: error: GH006: Protected branch update failed for refs/heads/develop.        
remote: error: Cannot force-push to this branch        
To github.com:mkjost0/gem5-actions.git
 ! [remote rejected]       develop -> develop (protected branch hook declined)
error: failed to push some refs to 'git@github.com:mkjost0/gem5-actions.git'
From https://gem5.googlesource.com/public/gem5
 * branch                  develop    -> FETCH_HEAD
Already up to date.
remote: error: GH006: Protected branch update failed for refs/heads/develop.        
remote: error: Cannot force-push to this branch        
To github.com:mkjost0/gem5-actions.git
 ! [remote rejected]       develop -> develop (protected branch hook declined)
error: failed to push some refs to 'git@github.com:mkjost0/gem5-actions.git'
From https://gem5.googlesource.com/public/gem5
 * branch                  develop    -> FETCH_HEAD
Already up to date.
remote: error: GH006: Protected branch update failed for refs/heads/develop.        
remote: error: Cannot force-push to this branch        
To github.com:mkjost0/gem5-actions.git
 ! [remote rejected]       develop -> develop (protected branch hook declined)
error: failed to push some refs to 'git@github.com:mkjost0/gem5-actions.git'
From https://gem5.googlesource.com/public/gem5
 * branch                  develop    -> FETCH_HEAD
Already up to date.
remote: error: GH006: Protected branch update failed for refs/heads/develop.        
remote: error: Cannot force-push to this branch        
To github.com:mkjost0/gem5-actions.git
 ! [remote rejected]       develop -> develop (protected branch hook declined)
error: failed to push some refs to 'git@github.com:mkjost0/gem5-actions.git'
From https://gem5.googlesource.com/public/gem5
 * branch                  develop    -> FETCH_HEAD
Already up to date.
remote: error: GH006: Protected branch update failed for refs/heads/develop.        
remote: error: Cannot force-push to this branch        
To github.com:mkjost0/gem5-actions.git
 ! [remote rejected]       develop -> develop (protected branch hook declined)
error: failed to push some refs to 'git@github.com:mkjost0/gem5-actions.git'
From https://gem5.googlesource.com/public/gem5
 * branch                  develop    -> FETCH_HEAD
Already up to date.
remote: error: GH006: Protected branch update failed for refs/heads/develop.        
remote: error: Cannot force-push to this branch        
To github.com:mkjost0/gem5-actions.git
 ! [remote rejected]       develop -> develop (protected branch hook declined)
error: failed to push some refs to 'git@github.com:mkjost0/gem5-actions.git'
From https://gem5.googlesource.com/public/gem5
 * branch                  develop    -> FETCH_HEAD
Already up to date.
remote: error: GH006: Protected branch update failed for refs/heads/develop.        
remote: error: Cannot force-push to this branch        
To github.com:mkjost0/gem5-actions.git
 ! [remote rejected]       develop -> develop (protected branch hook declined)
error: failed to push some refs to 'git@github.com:mkjost0/gem5-actions.git'
From https://gem5.googlesource.com/public/gem5
 * branch                  develop    -> FETCH_HEAD
Already up to date.
remote: error: GH006: Protected branch update failed for refs/heads/develop.        
remote: error: Cannot force-push to this branch        
To github.com:mkjost0/gem5-actions.git
 ! [remote rejected]       develop -> develop (protected branch hook declined)
error: failed to push some refs to 'git@github.com:mkjost0/gem5-actions.git'
From https://gem5.googlesource.com/public/gem5
 * branch                  develop    -> FETCH_HEAD
Already up to date.
remote: error: GH006: Protected branch update failed for refs/heads/develop.        
remote: error: Cannot force-push to this branch        
To github.com:mkjost0/gem5-actions.git
 ! [remote rejected]       develop -> develop (protected branch hook declined)
error: failed to push some refs to 'git@github.com:mkjost0/gem5-actions.git'
From https://gem5.googlesource.com/public/gem5
 * branch                  develop    -> FETCH_HEAD
Already up to date.
remote: error: GH006: Protected branch update failed for refs/heads/develop.        
remote: error: Cannot force-push to this branch        
To github.com:mkjost0/gem5-actions.git
 ! [remote rejected]       develop -> develop (protected branch hook declined)
error: failed to push some refs to 'git@github.com:mkjost0/gem5-actions.git'
From https://gem5.googlesource.com/public/gem5
 * branch                  develop    -> FETCH_HEAD
Already up to date.
remote: error: GH006: Protected branch update failed for refs/heads/develop.        
remote: error: Cannot force-push to this branch        
To github.com:mkjost0/gem5-actions.git
 ! [remote rejected]       develop -> develop (protected branch hook declined)
error: failed to push some refs to 'git@github.com:mkjost0/gem5-actions.git'
From https://gem5.googlesource.com/public/gem5
 * branch                  develop    -> FETCH_HEAD
Already up to date.
remote: error: GH006: Protected branch update failed for refs/heads/develop.        
remote: error: Cannot force-push to this branch        
To github.com:mkjost0/gem5-actions.git
 ! [remote rejected]       develop -> develop (protected branch hook declined)
error: failed to push some refs to 'git@github.com:mkjost0/gem5-actions.git'
From https://gem5.googlesource.com/public/gem5
 * branch                  develop    -> FETCH_HEAD
Already up to date.
remote: error: GH006: Protected branch update failed for refs/heads/develop.        
remote: error: Cannot force-push to this branch        
To github.com:mkjost0/gem5-actions.git
 ! [remote rejected]       develop -> develop (protected branch hook declined)
error: failed to push some refs to 'git@github.com:mkjost0/gem5-actions.git'
From https://gem5.googlesource.com/public/gem5
 * branch                  develop    -> FETCH_HEAD
Already up to date.
remote: error: GH006: Protected branch update failed for refs/heads/develop.        
remote: error: Cannot force-push to this branch        
To github.com:mkjost0/gem5-actions.git
 ! [remote rejected]       develop -> develop (protected branch hook declined)
error: failed to push some refs to 'git@github.com:mkjost0/gem5-actions.git'
From https://gem5.googlesource.com/public/gem5
 * branch                  develop    -> FETCH_HEAD
Already up to date.
remote: error: GH006: Protected branch update failed for refs/heads/develop.        
remote: error: Cannot force-push to this branch        
To github.com:mkjost0/gem5-actions.git
 ! [remote rejected]       develop -> develop (protected branch hook declined)
error: failed to push some refs to 'git@github.com:mkjost0/gem5-actions.git'
From https://gem5.googlesource.com/public/gem5
 * branch                  develop    -> FETCH_HEAD
Already up to date.
remote: error: GH006: Protected branch update failed for refs/heads/develop.        
remote: error: Cannot force-push to this branch        
To github.com:mkjost0/gem5-actions.git
 ! [remote rejected]       develop -> develop (protected branch hook declined)
error: failed to push some refs to 'git@github.com:mkjost0/gem5-actions.git'
From https://gem5.googlesource.com/public/gem5
 * branch                  develop    -> FETCH_HEAD
Already up to date.
remote: error: GH006: Protected branch update failed for refs/heads/develop.        
remote: error: Cannot force-push to this branch        
To github.com:mkjost0/gem5-actions.git
 ! [remote rejected]       develop -> develop (protected branch hook declined)
error: failed to push some refs to 'git@github.com:mkjost0/gem5-actions.git'
From https://gem5.googlesource.com/public/gem5
 * branch                  develop    -> FETCH_HEAD
Already up to date.
remote: error: GH006: Protected branch update failed for refs/heads/develop.        
remote: error: Cannot force-push to this branch        
To github.com:mkjost0/gem5-actions.git
 ! [remote rejected]       develop -> develop (protected branch hook declined)
error: failed to push some refs to 'git@github.com:mkjost0/gem5-actions.git'
From https://gem5.googlesource.com/public/gem5
 * branch                  develop    -> FETCH_HEAD
Already up to date.
remote: error: GH006: Protected branch update failed for refs/heads/develop.        
remote: error: Cannot force-push to this branch        
To github.com:mkjost0/gem5-actions.git
 ! [remote rejected]       develop -> develop (protected branch hook declined)
error: failed to push some refs to 'git@github.com:mkjost0/gem5-actions.git'
From https://gem5.googlesource.com/public/gem5
 * branch                  develop    -> FETCH_HEAD
Already up to date.
remote: error: GH006: Protected branch update failed for refs/heads/develop.        
remote: error: Cannot force-push to this branch        
To github.com:mkjost0/gem5-actions.git
 ! [remote rejected]       develop -> develop (protected branch hook declined)
error: failed to push some refs to 'git@github.com:mkjost0/gem5-actions.git'
From https://gem5.googlesource.com/public/gem5
 * branch                  develop    -> FETCH_HEAD
Already up to date.
remote: error: GH006: Protected branch update failed for refs/heads/develop.        
remote: error: Cannot force-push to this branch        
To github.com:mkjost0/gem5-actions.git
 ! [remote rejected]       develop -> develop (protected branch hook declined)
error: failed to push some refs to 'git@github.com:mkjost0/gem5-actions.git'
From https://gem5.googlesource.com/public/gem5
 * branch                  develop    -> FETCH_HEAD
Already up to date.
remote: error: GH006: Protected branch update failed for refs/heads/develop.        
remote: error: Cannot force-push to this branch        
To github.com:mkjost0/gem5-actions.git
 ! [remote rejected]       develop -> develop (protected branch hook declined)
error: failed to push some refs to 'git@github.com:mkjost0/gem5-actions.git'
From https://gem5.googlesource.com/public/gem5
 * branch                  develop    -> FETCH_HEAD
Already up to date.
remote: error: GH006: Protected branch update failed for refs/heads/develop.        
remote: error: Cannot force-push to this branch        
To github.com:mkjost0/gem5-actions.git
 ! [remote rejected]       develop -> develop (protected branch hook declined)
error: failed to push some refs to 'git@github.com:mkjost0/gem5-actions.git'
From https://gem5.googlesource.com/public/gem5
 * branch                  develop    -> FETCH_HEAD
Already up to date.
remote: error: GH006: Protected branch update failed for refs/heads/develop.        
remote: error: Cannot force-push to this branch        
To github.com:mkjost0/gem5-actions.git
 ! [remote rejected]       develop -> develop (protected branch hook declined)
error: failed to push some refs to 'git@github.com:mkjost0/gem5-actions.git'
From https://gem5.googlesource.com/public/gem5
 * branch                  develop    -> FETCH_HEAD
Already up to date.
remote: error: GH006: Protected branch update failed for refs/heads/develop.        
remote: error: Cannot force-push to this branch        
To github.com:mkjost0/gem5-actions.git
 ! [remote rejected]       develop -> develop (protected branch hook declined)
error: failed to push some refs to 'git@github.com:mkjost0/gem5-actions.git'
From https://gem5.googlesource.com/public/gem5
 * branch                  develop    -> FETCH_HEAD
Already up to date.
remote: error: GH006: Protected branch update failed for refs/heads/develop.        
remote: error: Cannot force-push to this branch        
To github.com:mkjost0/gem5-actions.git
 ! [remote rejected]       develop -> develop (protected branch hook declined)
error: failed to push some refs to 'git@github.com:mkjost0/gem5-actions.git'
From https://gem5.googlesource.com/public/gem5
 * branch                  develop    -> FETCH_HEAD
Already up to date.
remote: error: GH006: Protected branch update failed for refs/heads/develop.        
remote: error: Cannot force-push to this branch        
To github.com:mkjost0/gem5-actions.git
 ! [remote rejected]       develop -> develop (protected branch hook declined)
error: failed to push some refs to 'git@github.com:mkjost0/gem5-actions.git'
From https://gem5.googlesource.com/public/gem5
 * branch                  develop    -> FETCH_HEAD
Already up to date.
remote: error: GH006: Protected branch update failed for refs/heads/develop.        
remote: error: Cannot force-push to this branch        
To github.com:mkjost0/gem5-actions.git
 ! [remote rejected]       develop -> develop (protected branch hook declined)
error: failed to push some refs to 'git@github.com:mkjost0/gem5-actions.git'
From https://gem5.googlesource.com/public/gem5
 * branch                  develop    -> FETCH_HEAD
Already up to date.
remote: error: GH006: Protected branch update failed for refs/heads/develop.        
remote: error: Cannot force-push to this branch        
To github.com:mkjost0/gem5-actions.git
 ! [remote rejected]       develop -> develop (protected branch hook declined)
error: failed to push some refs to 'git@github.com:mkjost0/gem5-actions.git'
From https://gem5.googlesource.com/public/gem5
 * branch                  develop    -> FETCH_HEAD
Already up to date.
remote: error: GH006: Protected branch update failed for refs/heads/develop.        
remote: error: Cannot force-push to this branch        
To github.com:mkjost0/gem5-actions.git
 ! [remote rejected]       develop -> develop (protected branch hook declined)
error: failed to push some refs to 'git@github.com:mkjost0/gem5-actions.git'
From https://gem5.googlesource.com/public/gem5
 * branch                  develop    -> FETCH_HEAD
Already up to date.
remote: error: GH006: Protected branch update failed for refs/heads/develop.        
remote: error: Cannot force-push to this branch        
To github.com:mkjost0/gem5-actions.git
 ! [remote rejected]       develop -> develop (protected branch hook declined)
error: failed to push some refs to 'git@github.com:mkjost0/gem5-actions.git'
From https://gem5.googlesource.com/public/gem5
 * branch                  develop    -> FETCH_HEAD
Already up to date.
remote: error: GH006: Protected branch update failed for refs/heads/develop.        
remote: error: Cannot force-push to this branch        
To github.com:mkjost0/gem5-actions.git
 ! [remote rejected]       develop -> develop (protected branch hook declined)
error: failed to push some refs to 'git@github.com:mkjost0/gem5-actions.git'
From https://gem5.googlesource.com/public/gem5
 * branch                  develop    -> FETCH_HEAD
Already up to date.
remote: error: GH006: Protected branch update failed for refs/heads/develop.        
remote: error: Cannot force-push to this branch        
To github.com:mkjost0/gem5-actions.git
 ! [remote rejected]       develop -> develop (protected branch hook declined)
error: failed to push some refs to 'git@github.com:mkjost0/gem5-actions.git'
From https://gem5.googlesource.com/public/gem5
 * branch                  develop    -> FETCH_HEAD
Already up to date.
remote: error: GH006: Protected branch update failed for refs/heads/develop.        
remote: error: Cannot force-push to this branch        
To github.com:mkjost0/gem5-actions.git
 ! [remote rejected]       develop -> develop (protected branch hook declined)
error: failed to push some refs to 'git@github.com:mkjost0/gem5-actions.git'
From https://gem5.googlesource.com/public/gem5
 * branch                  develop    -> FETCH_HEAD
Already up to date.
remote: error: GH006: Protected branch update failed for refs/heads/develop.        
remote: error: Cannot force-push to this branch        
To github.com:mkjost0/gem5-actions.git
 ! [remote rejected]       develop -> develop (protected branch hook declined)
error: failed to push some refs to 'git@github.com:mkjost0/gem5-actions.git'
From https://gem5.googlesource.com/public/gem5
 * branch                  develop    -> FETCH_HEAD
Already up to date.
remote: error: GH006: Protected branch update failed for refs/heads/develop.        
remote: error: Cannot force-push to this branch        
To github.com:mkjost0/gem5-actions.git
 ! [remote rejected]       develop -> develop (protected branch hook declined)
error: failed to push some refs to 'git@github.com:mkjost0/gem5-actions.git'
From https://gem5.googlesource.com/public/gem5
 * branch                  develop    -> FETCH_HEAD
Already up to date.
remote: error: GH006: Protected branch update failed for refs/heads/develop.        
remote: error: Cannot force-push to this branch        
To github.com:mkjost0/gem5-actions.git
 ! [remote rejected]       develop -> develop (protected branch hook declined)
error: failed to push some refs to 'git@github.com:mkjost0/gem5-actions.git'
From https://gem5.googlesource.com/public/gem5
 * branch                  develop    -> FETCH_HEAD
Already up to date.
remote: error: GH006: Protected branch update failed for refs/heads/develop.        
remote: error: Cannot force-push to this branch        
To github.com:mkjost0/gem5-actions.git
 ! [remote rejected]       develop -> develop (protected branch hook declined)
error: failed to push some refs to 'git@github.com:mkjost0/gem5-actions.git'
From https://gem5.googlesource.com/public/gem5
 * branch                  develop    -> FETCH_HEAD
Already up to date.
remote: error: GH006: Protected branch update failed for refs/heads/develop.        
remote: error: Cannot force-push to this branch        
To github.com:mkjost0/gem5-actions.git
 ! [remote rejected]       develop -> develop (protected branch hook declined)
error: failed to push some refs to 'git@github.com:mkjost0/gem5-actions.git'
From https://gem5.googlesource.com/public/gem5
 * branch                  develop    -> FETCH_HEAD
Already up to date.
remote: error: GH006: Protected branch update failed for refs/heads/develop.        
remote: error: Cannot force-push to this branch        
To github.com:mkjost0/gem5-actions.git
 ! [remote rejected]       develop -> develop (protected branch hook declined)
error: failed to push some refs to 'git@github.com:mkjost0/gem5-actions.git'
From https://gem5.googlesource.com/public/gem5
 * branch                  develop    -> FETCH_HEAD
Already up to date.
remote: error: GH006: Protected branch update failed for refs/heads/develop.        
remote: error: Cannot force-push to this branch        
To github.com:mkjost0/gem5-actions.git
 ! [remote rejected]       develop -> develop (protected branch hook declined)
error: failed to push some refs to 'git@github.com:mkjost0/gem5-actions.git'
From https://gem5.googlesource.com/public/gem5
 * branch                  develop    -> FETCH_HEAD
Already up to date.
remote: error: GH006: Protected branch update failed for refs/heads/develop.        
remote: error: Cannot force-push to this branch        
To github.com:mkjost0/gem5-actions.git
 ! [remote rejected]       develop -> develop (protected branch hook declined)
error: failed to push some refs to 'git@github.com:mkjost0/gem5-actions.git'
From https://gem5.googlesource.com/public/gem5
 * branch                  develop    -> FETCH_HEAD
Already up to date.
remote: error: GH006: Protected branch update failed for refs/heads/develop.        
remote: error: Cannot force-push to this branch        
To github.com:mkjost0/gem5-actions.git
 ! [remote rejected]       develop -> develop (protected branch hook declined)
error: failed to push some refs to 'git@github.com:mkjost0/gem5-actions.git'
From https://gem5.googlesource.com/public/gem5
 * branch                  develop    -> FETCH_HEAD
Already up to date.
remote: error: GH006: Protected branch update failed for refs/heads/develop.        
remote: error: Cannot force-push to this branch        
To github.com:mkjost0/gem5-actions.git
 ! [remote rejected]       develop -> develop (protected branch hook declined)
error: failed to push some refs to 'git@github.com:mkjost0/gem5-actions.git'
From https://gem5.googlesource.com/public/gem5
 * branch                  develop    -> FETCH_HEAD
Already up to date.
remote: error: GH006: Protected branch update failed for refs/heads/develop.        
remote: error: Cannot force-push to this branch        
To github.com:mkjost0/gem5-actions.git
 ! [remote rejected]       develop -> develop (protected branch hook declined)
error: failed to push some refs to 'git@github.com:mkjost0/gem5-actions.git'
From https://gem5.googlesource.com/public/gem5
 * branch                  develop    -> FETCH_HEAD
Already up to date.
remote: error: GH006: Protected branch update failed for refs/heads/develop.        
remote: error: Cannot force-push to this branch        
To github.com:mkjost0/gem5-actions.git
 ! [remote rejected]       develop -> develop (protected branch hook declined)
error: failed to push some refs to 'git@github.com:mkjost0/gem5-actions.git'
From https://gem5.googlesource.com/public/gem5
 * branch                  develop    -> FETCH_HEAD
Already up to date.
remote: error: GH006: Protected branch update failed for refs/heads/develop.        
remote: error: Cannot force-push to this branch        
To github.com:mkjost0/gem5-actions.git
 ! [remote rejected]       develop -> develop (protected branch hook declined)
error: failed to push some refs to 'git@github.com:mkjost0/gem5-actions.git'
From https://gem5.googlesource.com/public/gem5
 * branch                  develop    -> FETCH_HEAD
Already up to date.
remote: error: GH006: Protected branch update failed for refs/heads/develop.        
remote: error: Cannot force-push to this branch        
To github.com:mkjost0/gem5-actions.git
 ! [remote rejected]       develop -> develop (protected branch hook declined)
error: failed to push some refs to 'git@github.com:mkjost0/gem5-actions.git'
From https://gem5.googlesource.com/public/gem5
 * branch                  develop    -> FETCH_HEAD
Already up to date.
remote: error: GH006: Protected branch update failed for refs/heads/develop.        
remote: error: Cannot force-push to this branch        
To github.com:mkjost0/gem5-actions.git
 ! [remote rejected]       develop -> develop (protected branch hook declined)
error: failed to push some refs to 'git@github.com:mkjost0/gem5-actions.git'
From https://gem5.googlesource.com/public/gem5
 * branch                  develop    -> FETCH_HEAD
Already up to date.
remote: error: GH006: Protected branch update failed for refs/heads/develop.        
remote: error: Cannot force-push to this branch        
To github.com:mkjost0/gem5-actions.git
 ! [remote rejected]       develop -> develop (protected branch hook declined)
error: failed to push some refs to 'git@github.com:mkjost0/gem5-actions.git'
From https://gem5.googlesource.com/public/gem5
 * branch                  develop    -> FETCH_HEAD
Already up to date.
remote: error: GH006: Protected branch update failed for refs/heads/develop.        
remote: error: Cannot force-push to this branch        
To github.com:mkjost0/gem5-actions.git
 ! [remote rejected]       develop -> develop (protected branch hook declined)
error: failed to push some refs to 'git@github.com:mkjost0/gem5-actions.git'
From https://gem5.googlesource.com/public/gem5
 * branch                  develop    -> FETCH_HEAD
Already up to date.
remote: error: GH006: Protected branch update failed for refs/heads/develop.        
remote: error: Cannot force-push to this branch        
To github.com:mkjost0/gem5-actions.git
 ! [remote rejected]       develop -> develop (protected branch hook declined)
error: failed to push some refs to 'git@github.com:mkjost0/gem5-actions.git'
From https://gem5.googlesource.com/public/gem5
 * branch                  develop    -> FETCH_HEAD
Already up to date.
remote: error: GH006: Protected branch update failed for refs/heads/develop.        
remote: error: Cannot force-push to this branch        
To github.com:mkjost0/gem5-actions.git
 ! [remote rejected]       develop -> develop (protected branch hook declined)
error: failed to push some refs to 'git@github.com:mkjost0/gem5-actions.git'
From https://gem5.googlesource.com/public/gem5
 * branch                  develop    -> FETCH_HEAD
Already up to date.
remote: error: GH006: Protected branch update failed for refs/heads/develop.        
remote: error: Cannot force-push to this branch        
To github.com:mkjost0/gem5-actions.git
 ! [remote rejected]       develop -> develop (protected branch hook declined)
error: failed to push some refs to 'git@github.com:mkjost0/gem5-actions.git'
From https://gem5.googlesource.com/public/gem5
 * branch                  develop    -> FETCH_HEAD
Already up to date.
remote: error: GH006: Protected branch update failed for refs/heads/develop.        
remote: error: Cannot force-push to this branch        
To github.com:mkjost0/gem5-actions.git
 ! [remote rejected]       develop -> develop (protected branch hook declined)
error: failed to push some refs to 'git@github.com:mkjost0/gem5-actions.git'
From https://gem5.googlesource.com/public/gem5
 * branch                  develop    -> FETCH_HEAD
Already up to date.
remote: error: GH006: Protected branch update failed for refs/heads/develop.        
remote: error: Cannot force-push to this branch        
To github.com:mkjost0/gem5-actions.git
 ! [remote rejected]       develop -> develop (protected branch hook declined)
error: failed to push some refs to 'git@github.com:mkjost0/gem5-actions.git'
From https://gem5.googlesource.com/public/gem5
 * branch                  develop    -> FETCH_HEAD
Already up to date.
remote: error: GH006: Protected branch update failed for refs/heads/develop.        
remote: error: Cannot force-push to this branch        
To github.com:mkjost0/gem5-actions.git
 ! [remote rejected]       develop -> develop (protected branch hook declined)
error: failed to push some refs to 'git@github.com:mkjost0/gem5-actions.git'
From https://gem5.googlesource.com/public/gem5
 * branch                  develop    -> FETCH_HEAD
Already up to date.
remote: error: GH006: Protected branch update failed for refs/heads/develop.        
remote: error: Cannot force-push to this branch        
To github.com:mkjost0/gem5-actions.git
 ! [remote rejected]       develop -> develop (protected branch hook declined)
error: failed to push some refs to 'git@github.com:mkjost0/gem5-actions.git'
From https://gem5.googlesource.com/public/gem5
 * branch                  develop    -> FETCH_HEAD
Already up to date.
remote: error: GH006: Protected branch update failed for refs/heads/develop.        
remote: error: Cannot force-push to this branch        
To github.com:mkjost0/gem5-actions.git
 ! [remote rejected]       develop -> develop (protected branch hook declined)
error: failed to push some refs to 'git@github.com:mkjost0/gem5-actions.git'
From https://gem5.googlesource.com/public/gem5
 * branch                  develop    -> FETCH_HEAD
Already up to date.
remote: error: GH006: Protected branch update failed for refs/heads/develop.        
remote: error: Cannot force-push to this branch        
To github.com:mkjost0/gem5-actions.git
 ! [remote rejected]       develop -> develop (protected branch hook declined)
error: failed to push some refs to 'git@github.com:mkjost0/gem5-actions.git'
From https://gem5.googlesource.com/public/gem5
 * branch                  develop    -> FETCH_HEAD
Already up to date.
remote: error: GH006: Protected branch update failed for refs/heads/develop.        
remote: error: Cannot force-push to this branch        
To github.com:mkjost0/gem5-actions.git
 ! [remote rejected]       develop -> develop (protected branch hook declined)
error: failed to push some refs to 'git@github.com:mkjost0/gem5-actions.git'
From https://gem5.googlesource.com/public/gem5
 * branch                  develop    -> FETCH_HEAD
Already up to date.
remote: error: GH006: Protected branch update failed for refs/heads/develop.        
remote: error: Cannot force-push to this branch        
To github.com:mkjost0/gem5-actions.git
 ! [remote rejected]       develop -> develop (protected branch hook declined)
error: failed to push some refs to 'git@github.com:mkjost0/gem5-actions.git'
From https://gem5.googlesource.com/public/gem5
 * branch                  develop    -> FETCH_HEAD
Already up to date.
remote: error: GH006: Protected branch update failed for refs/heads/develop.        
remote: error: Cannot force-push to this branch        
To github.com:mkjost0/gem5-actions.git
 ! [remote rejected]       develop -> develop (protected branch hook declined)
error: failed to push some refs to 'git@github.com:mkjost0/gem5-actions.git'
From https://gem5.googlesource.com/public/gem5
 * branch                  develop    -> FETCH_HEAD
Already up to date.
remote: error: GH006: Protected branch update failed for refs/heads/develop.        
remote: error: Cannot force-push to this branch        
To github.com:mkjost0/gem5-actions.git
 ! [remote rejected]       develop -> develop (protected branch hook declined)
error: failed to push some refs to 'git@github.com:mkjost0/gem5-actions.git'
From https://gem5.googlesource.com/public/gem5
 * branch                  develop    -> FETCH_HEAD
Already up to date.
remote: error: GH006: Protected branch update failed for refs/heads/develop.        
remote: error: Cannot force-push to this branch        
To github.com:mkjost0/gem5-actions.git
 ! [remote rejected]       develop -> develop (protected branch hook declined)
error: failed to push some refs to 'git@github.com:mkjost0/gem5-actions.git'
From https://gem5.googlesource.com/public/gem5
 * branch                  develop    -> FETCH_HEAD
Already up to date.
remote: error: GH006: Protected branch update failed for refs/heads/develop.        
remote: error: Cannot force-push to this branch        
To github.com:mkjost0/gem5-actions.git
 ! [remote rejected]       develop -> develop (protected branch hook declined)
error: failed to push some refs to 'git@github.com:mkjost0/gem5-actions.git'
From https://gem5.googlesource.com/public/gem5
 * branch                  develop    -> FETCH_HEAD
Already up to date.
remote: error: GH006: Protected branch update failed for refs/heads/develop.        
remote: error: Cannot force-push to this branch        
To github.com:mkjost0/gem5-actions.git
 ! [remote rejected]       develop -> develop (protected branch hook declined)
error: failed to push some refs to 'git@github.com:mkjost0/gem5-actions.git'
From https://gem5.googlesource.com/public/gem5
 * branch                  develop    -> FETCH_HEAD
Already up to date.
remote: error: GH006: Protected branch update failed for refs/heads/develop.        
remote: error: Cannot force-push to this branch        
To github.com:mkjost0/gem5-actions.git
 ! [remote rejected]       develop -> develop (protected branch hook declined)
error: failed to push some refs to 'git@github.com:mkjost0/gem5-actions.git'
From https://gem5.googlesource.com/public/gem5
 * branch                  develop    -> FETCH_HEAD
Already up to date.
remote: error: GH006: Protected branch update failed for refs/heads/develop.        
remote: error: Cannot force-push to this branch        
To github.com:mkjost0/gem5-actions.git
 ! [remote rejected]       develop -> develop (protected branch hook declined)
error: failed to push some refs to 'git@github.com:mkjost0/gem5-actions.git'
From https://gem5.googlesource.com/public/gem5
 * branch                  develop    -> FETCH_HEAD
Already up to date.
remote: error: GH006: Protected branch update failed for refs/heads/develop.        
remote: error: Cannot force-push to this branch        
To github.com:mkjost0/gem5-actions.git
 ! [remote rejected]       develop -> develop (protected branch hook declined)
error: failed to push some refs to 'git@github.com:mkjost0/gem5-actions.git'
From https://gem5.googlesource.com/public/gem5
 * branch                  develop    -> FETCH_HEAD
Already up to date.
remote: error: GH006: Protected branch update failed for refs/heads/develop.        
remote: error: Cannot force-push to this branch        
To github.com:mkjost0/gem5-actions.git
 ! [remote rejected]       develop -> develop (protected branch hook declined)
error: failed to push some refs to 'git@github.com:mkjost0/gem5-actions.git'
From https://gem5.googlesource.com/public/gem5
 * branch                  develop    -> FETCH_HEAD
Already up to date.
remote: error: GH006: Protected branch update failed for refs/heads/develop.        
remote: error: Cannot force-push to this branch        
To github.com:mkjost0/gem5-actions.git
 ! [remote rejected]       develop -> develop (protected branch hook declined)
error: failed to push some refs to 'git@github.com:mkjost0/gem5-actions.git'
From https://gem5.googlesource.com/public/gem5
 * branch                  develop    -> FETCH_HEAD
Already up to date.
remote: error: GH006: Protected branch update failed for refs/heads/develop.        
remote: error: Cannot force-push to this branch        
To github.com:mkjost0/gem5-actions.git
 ! [remote rejected]       develop -> develop (protected branch hook declined)
error: failed to push some refs to 'git@github.com:mkjost0/gem5-actions.git'
From https://gem5.googlesource.com/public/gem5
 * branch                  develop    -> FETCH_HEAD
Already up to date.
remote: error: GH006: Protected branch update failed for refs/heads/develop.        
remote: error: Cannot force-push to this branch        
To github.com:mkjost0/gem5-actions.git
 ! [remote rejected]       develop -> develop (protected branch hook declined)
error: failed to push some refs to 'git@github.com:mkjost0/gem5-actions.git'
From https://gem5.googlesource.com/public/gem5
 * branch                  develop    -> FETCH_HEAD
Already up to date.
remote: error: GH006: Protected branch update failed for refs/heads/develop.        
remote: error: Cannot force-push to this branch        
To github.com:mkjost0/gem5-actions.git
 ! [remote rejected]       develop -> develop (protected branch hook declined)
error: failed to push some refs to 'git@github.com:mkjost0/gem5-actions.git'
From https://gem5.googlesource.com/public/gem5
 * branch                  develop    -> FETCH_HEAD
Already up to date.
remote: error: GH006: Protected branch update failed for refs/heads/develop.        
remote: error: Cannot force-push to this branch        
To github.com:mkjost0/gem5-actions.git
 ! [remote rejected]       develop -> develop (protected branch hook declined)
error: failed to push some refs to 'git@github.com:mkjost0/gem5-actions.git'
From https://gem5.googlesource.com/public/gem5
 * branch                  develop    -> FETCH_HEAD
Already up to date.
remote: error: GH006: Protected branch update failed for refs/heads/develop.        
remote: error: Cannot force-push to this branch        
To github.com:mkjost0/gem5-actions.git
 ! [remote rejected]       develop -> develop (protected branch hook declined)
error: failed to push some refs to 'git@github.com:mkjost0/gem5-actions.git'
From https://gem5.googlesource.com/public/gem5
 * branch                  develop    -> FETCH_HEAD
Already up to date.
remote: error: GH006: Protected branch update failed for refs/heads/develop.        
remote: error: Cannot force-push to this branch        
To github.com:mkjost0/gem5-actions.git
 ! [remote rejected]       develop -> develop (protected branch hook declined)
error: failed to push some refs to 'git@github.com:mkjost0/gem5-actions.git'
From https://gem5.googlesource.com/public/gem5
 * branch                  develop    -> FETCH_HEAD
Already up to date.
remote: error: GH006: Protected branch update failed for refs/heads/develop.        
remote: error: Cannot force-push to this branch        
To github.com:mkjost0/gem5-actions.git
 ! [remote rejected]       develop -> develop (protected branch hook declined)
error: failed to push some refs to 'git@github.com:mkjost0/gem5-actions.git'
From https://gem5.googlesource.com/public/gem5
 * branch                  develop    -> FETCH_HEAD
Already up to date.
remote: error: GH006: Protected branch update failed for refs/heads/develop.        
remote: error: Cannot force-push to this branch        
To github.com:mkjost0/gem5-actions.git
 ! [remote rejected]       develop -> develop (protected branch hook declined)
error: failed to push some refs to 'git@github.com:mkjost0/gem5-actions.git'
From https://gem5.googlesource.com/public/gem5
 * branch                  develop    -> FETCH_HEAD
Already up to date.
remote: error: GH006: Protected branch update failed for refs/heads/develop.        
remote: error: Cannot force-push to this branch        
To github.com:mkjost0/gem5-actions.git
 ! [remote rejected]       develop -> develop (protected branch hook declined)
error: failed to push some refs to 'git@github.com:mkjost0/gem5-actions.git'
From https://gem5.googlesource.com/public/gem5
 * branch                  develop    -> FETCH_HEAD
Already up to date.
remote: error: GH006: Protected branch update failed for refs/heads/develop.        
remote: error: Cannot force-push to this branch        
To github.com:mkjost0/gem5-actions.git
 ! [remote rejected]       develop -> develop (protected branch hook declined)
error: failed to push some refs to 'git@github.com:mkjost0/gem5-actions.git'
From https://gem5.googlesource.com/public/gem5
 * branch                  develop    -> FETCH_HEAD
Already up to date.
remote: error: GH006: Protected branch update failed for refs/heads/develop.        
remote: error: Cannot force-push to this branch        
To github.com:mkjost0/gem5-actions.git
 ! [remote rejected]       develop -> develop (protected branch hook declined)
error: failed to push some refs to 'git@github.com:mkjost0/gem5-actions.git'
From https://gem5.googlesource.com/public/gem5
 * branch                  develop    -> FETCH_HEAD
Already up to date.
remote: error: GH006: Protected branch update failed for refs/heads/develop.        
remote: error: Cannot force-push to this branch        
To github.com:mkjost0/gem5-actions.git
 ! [remote rejected]       develop -> develop (protected branch hook declined)
error: failed to push some refs to 'git@github.com:mkjost0/gem5-actions.git'
From https://gem5.googlesource.com/public/gem5
 * branch                  develop    -> FETCH_HEAD
Already up to date.
remote: error: GH006: Protected branch update failed for refs/heads/develop.        
remote: error: Cannot force-push to this branch        
To github.com:mkjost0/gem5-actions.git
 ! [remote rejected]       develop -> develop (protected branch hook declined)
error: failed to push some refs to 'git@github.com:mkjost0/gem5-actions.git'
From https://gem5.googlesource.com/public/gem5
 * branch                  develop    -> FETCH_HEAD
Already up to date.
remote: error: GH006: Protected branch update failed for refs/heads/develop.        
remote: error: Cannot force-push to this branch        
To github.com:mkjost0/gem5-actions.git
 ! [remote rejected]       develop -> develop (protected branch hook declined)
error: failed to push some refs to 'git@github.com:mkjost0/gem5-actions.git'
From https://gem5.googlesource.com/public/gem5
 * branch                  develop    -> FETCH_HEAD
Already up to date.
remote: error: GH006: Protected branch update failed for refs/heads/develop.        
remote: error: Cannot force-push to this branch        
To github.com:mkjost0/gem5-actions.git
 ! [remote rejected]       develop -> develop (protected branch hook declined)
error: failed to push some refs to 'git@github.com:mkjost0/gem5-actions.git'
From https://gem5.googlesource.com/public/gem5
 * branch                  develop    -> FETCH_HEAD
Already up to date.
remote: error: GH006: Protected branch update failed for refs/heads/develop.        
remote: error: Cannot force-push to this branch        
To github.com:mkjost0/gem5-actions.git
 ! [remote rejected]       develop -> develop (protected branch hook declined)
error: failed to push some refs to 'git@github.com:mkjost0/gem5-actions.git'
From https://gem5.googlesource.com/public/gem5
 * branch                  develop    -> FETCH_HEAD
Already up to date.
remote: error: GH006: Protected branch update failed for refs/heads/develop.        
remote: error: Cannot force-push to this branch        
To github.com:mkjost0/gem5-actions.git
 ! [remote rejected]       develop -> develop (protected branch hook declined)
error: failed to push some refs to 'git@github.com:mkjost0/gem5-actions.git'
From https://gem5.googlesource.com/public/gem5
 * branch                  develop    -> FETCH_HEAD
Already up to date.
remote: error: GH006: Protected branch update failed for refs/heads/develop.        
remote: error: Cannot force-push to this branch        
To github.com:mkjost0/gem5-actions.git
 ! [remote rejected]       develop -> develop (protected branch hook declined)
error: failed to push some refs to 'git@github.com:mkjost0/gem5-actions.git'
From https://gem5.googlesource.com/public/gem5
 * branch                  develop    -> FETCH_HEAD
Already up to date.
remote: error: GH006: Protected branch update failed for refs/heads/develop.        
remote: error: Cannot force-push to this branch        
To github.com:mkjost0/gem5-actions.git
 ! [remote rejected]       develop -> develop (protected branch hook declined)
error: failed to push some refs to 'git@github.com:mkjost0/gem5-actions.git'
From https://gem5.googlesource.com/public/gem5
 * branch                  develop    -> FETCH_HEAD
Already up to date.
remote: error: GH006: Protected branch update failed for refs/heads/develop.        
remote: error: Cannot force-push to this branch        
To github.com:mkjost0/gem5-actions.git
 ! [remote rejected]       develop -> develop (protected branch hook declined)
error: failed to push some refs to 'git@github.com:mkjost0/gem5-actions.git'
From https://gem5.googlesource.com/public/gem5
 * branch                  develop    -> FETCH_HEAD
Already up to date.
remote: error: GH006: Protected branch update failed for refs/heads/develop.        
remote: error: Cannot force-push to this branch        
To github.com:mkjost0/gem5-actions.git
 ! [remote rejected]       develop -> develop (protected branch hook declined)
error: failed to push some refs to 'git@github.com:mkjost0/gem5-actions.git'
From https://gem5.googlesource.com/public/gem5
 * branch                  develop    -> FETCH_HEAD
Already up to date.
remote: error: GH006: Protected branch update failed for refs/heads/develop.        
remote: error: Cannot force-push to this branch        
To github.com:mkjost0/gem5-actions.git
 ! [remote rejected]       develop -> develop (protected branch hook declined)
error: failed to push some refs to 'git@github.com:mkjost0/gem5-actions.git'
From https://gem5.googlesource.com/public/gem5
 * branch                  develop    -> FETCH_HEAD
Already up to date.
remote: error: GH006: Protected branch update failed for refs/heads/develop.        
remote: error: Cannot force-push to this branch        
To github.com:mkjost0/gem5-actions.git
 ! [remote rejected]       develop -> develop (protected branch hook declined)
error: failed to push some refs to 'git@github.com:mkjost0/gem5-actions.git'
From https://gem5.googlesource.com/public/gem5
 * branch                  develop    -> FETCH_HEAD
Already up to date.
remote: error: GH006: Protected branch update failed for refs/heads/develop.        
remote: error: Cannot force-push to this branch        
To github.com:mkjost0/gem5-actions.git
 ! [remote rejected]       develop -> develop (protected branch hook declined)
error: failed to push some refs to 'git@github.com:mkjost0/gem5-actions.git'
From https://gem5.googlesource.com/public/gem5
 * branch                  develop    -> FETCH_HEAD
Already up to date.
remote: error: GH006: Protected branch update failed for refs/heads/develop.        
remote: error: Cannot force-push to this branch        
To github.com:mkjost0/gem5-actions.git
 ! [remote rejected]       develop -> develop (protected branch hook declined)
error: failed to push some refs to 'git@github.com:mkjost0/gem5-actions.git'
From https://gem5.googlesource.com/public/gem5
 * branch                  develop    -> FETCH_HEAD
Already up to date.
remote: error: GH006: Protected branch update failed for refs/heads/develop.        
remote: error: Cannot force-push to this branch        
To github.com:mkjost0/gem5-actions.git
 ! [remote rejected]       develop -> develop (protected branch hook declined)
error: failed to push some refs to 'git@github.com:mkjost0/gem5-actions.git'
From https://gem5.googlesource.com/public/gem5
 * branch                  develop    -> FETCH_HEAD
Already up to date.
remote: error: GH006: Protected branch update failed for refs/heads/develop.        
remote: error: Cannot force-push to this branch        
To github.com:mkjost0/gem5-actions.git
 ! [remote rejected]       develop -> develop (protected branch hook declined)
error: failed to push some refs to 'git@github.com:mkjost0/gem5-actions.git'
From https://gem5.googlesource.com/public/gem5
 * branch                  develop    -> FETCH_HEAD
Already up to date.
remote: error: GH006: Protected branch update failed for refs/heads/develop.        
remote: error: Cannot force-push to this branch        
To github.com:mkjost0/gem5-actions.git
 ! [remote rejected]       develop -> develop (protected branch hook declined)
error: failed to push some refs to 'git@github.com:mkjost0/gem5-actions.git'
From https://gem5.googlesource.com/public/gem5
 * branch                  develop    -> FETCH_HEAD
Already up to date.
remote: error: GH006: Protected branch update failed for refs/heads/develop.        
remote: error: Cannot force-push to this branch        
To github.com:mkjost0/gem5-actions.git
 ! [remote rejected]       develop -> develop (protected branch hook declined)
error: failed to push some refs to 'git@github.com:mkjost0/gem5-actions.git'
From https://gem5.googlesource.com/public/gem5
 * branch                  develop    -> FETCH_HEAD
Already up to date.
remote: error: GH006: Protected branch update failed for refs/heads/develop.        
remote: error: Cannot force-push to this branch        
To github.com:mkjost0/gem5-actions.git
 ! [remote rejected]       develop -> develop (protected branch hook declined)
error: failed to push some refs to 'git@github.com:mkjost0/gem5-actions.git'
From https://gem5.googlesource.com/public/gem5
 * branch                  develop    -> FETCH_HEAD
Already up to date.
remote: error: GH006: Protected branch update failed for refs/heads/develop.        
remote: error: Cannot force-push to this branch        
To github.com:mkjost0/gem5-actions.git
 ! [remote rejected]       develop -> develop (protected branch hook declined)
error: failed to push some refs to 'git@github.com:mkjost0/gem5-actions.git'
From https://gem5.googlesource.com/public/gem5
 * branch                  develop    -> FETCH_HEAD
Already up to date.
remote: error: GH006: Protected branch update failed for refs/heads/develop.        
remote: error: Cannot force-push to this branch        
To github.com:mkjost0/gem5-actions.git
 ! [remote rejected]       develop -> develop (protected branch hook declined)
error: failed to push some refs to 'git@github.com:mkjost0/gem5-actions.git'
From https://gem5.googlesource.com/public/gem5
 * branch                  develop    -> FETCH_HEAD
Already up to date.
remote: error: GH006: Protected branch update failed for refs/heads/develop.        
remote: error: Cannot force-push to this branch        
To github.com:mkjost0/gem5-actions.git
 ! [remote rejected]       develop -> develop (protected branch hook declined)
error: failed to push some refs to 'git@github.com:mkjost0/gem5-actions.git'
From https://gem5.googlesource.com/public/gem5
 * branch                  develop    -> FETCH_HEAD
Already up to date.
remote: error: GH006: Protected branch update failed for refs/heads/develop.        
remote: error: Cannot force-push to this branch        
To github.com:mkjost0/gem5-actions.git
 ! [remote rejected]       develop -> develop (protected branch hook declined)
error: failed to push some refs to 'git@github.com:mkjost0/gem5-actions.git'
From https://gem5.googlesource.com/public/gem5
 * branch                  develop    -> FETCH_HEAD
Already up to date.
remote: error: GH006: Protected branch update failed for refs/heads/develop.        
remote: error: Cannot force-push to this branch        
To github.com:mkjost0/gem5-actions.git
 ! [remote rejected]       develop -> develop (protected branch hook declined)
error: failed to push some refs to 'git@github.com:mkjost0/gem5-actions.git'
From https://gem5.googlesource.com/public/gem5
 * branch                  develop    -> FETCH_HEAD
Already up to date.
remote: error: GH006: Protected branch update failed for refs/heads/develop.        
remote: error: Cannot force-push to this branch        
To github.com:mkjost0/gem5-actions.git
 ! [remote rejected]       develop -> develop (protected branch hook declined)
error: failed to push some refs to 'git@github.com:mkjost0/gem5-actions.git'
From https://gem5.googlesource.com/public/gem5
 * branch                  develop    -> FETCH_HEAD
Already up to date.
remote: error: GH006: Protected branch update failed for refs/heads/develop.        
remote: error: Cannot force-push to this branch        
To github.com:mkjost0/gem5-actions.git
 ! [remote rejected]       develop -> develop (protected branch hook declined)
error: failed to push some refs to 'git@github.com:mkjost0/gem5-actions.git'
From https://gem5.googlesource.com/public/gem5
 * branch                  develop    -> FETCH_HEAD
Already up to date.
remote: error: GH006: Protected branch update failed for refs/heads/develop.        
remote: error: Cannot force-push to this branch        
To github.com:mkjost0/gem5-actions.git
 ! [remote rejected]       develop -> develop (protected branch hook declined)
error: failed to push some refs to 'git@github.com:mkjost0/gem5-actions.git'
From https://gem5.googlesource.com/public/gem5
 * branch                  develop    -> FETCH_HEAD
Already up to date.
remote: error: GH006: Protected branch update failed for refs/heads/develop.        
remote: error: Cannot force-push to this branch        
To github.com:mkjost0/gem5-actions.git
 ! [remote rejected]       develop -> develop (protected branch hook declined)
error: failed to push some refs to 'git@github.com:mkjost0/gem5-actions.git'
From https://gem5.googlesource.com/public/gem5
 * branch                  develop    -> FETCH_HEAD
Already up to date.
remote: error: GH006: Protected branch update failed for refs/heads/develop.        
remote: error: Cannot force-push to this branch        
To github.com:mkjost0/gem5-actions.git
 ! [remote rejected]       develop -> develop (protected branch hook declined)
error: failed to push some refs to 'git@github.com:mkjost0/gem5-actions.git'
From https://gem5.googlesource.com/public/gem5
 * branch                  develop    -> FETCH_HEAD
Already up to date.
remote: error: GH006: Protected branch update failed for refs/heads/develop.        
remote: error: Cannot force-push to this branch        
To github.com:mkjost0/gem5-actions.git
 ! [remote rejected]       develop -> develop (protected branch hook declined)
error: failed to push some refs to 'git@github.com:mkjost0/gem5-actions.git'
From https://gem5.googlesource.com/public/gem5
 * branch                  develop    -> FETCH_HEAD
Already up to date.
remote: error: GH006: Protected branch update failed for refs/heads/develop.        
remote: error: Cannot force-push to this branch        
To github.com:mkjost0/gem5-actions.git
 ! [remote rejected]       develop -> develop (protected branch hook declined)
error: failed to push some refs to 'git@github.com:mkjost0/gem5-actions.git'
From https://gem5.googlesource.com/public/gem5
 * branch                  develop    -> FETCH_HEAD
Already up to date.
remote: error: GH006: Protected branch update failed for refs/heads/develop.        
remote: error: Cannot force-push to this branch        
To github.com:mkjost0/gem5-actions.git
 ! [remote rejected]       develop -> develop (protected branch hook declined)
error: failed to push some refs to 'git@github.com:mkjost0/gem5-actions.git'
From https://gem5.googlesource.com/public/gem5
 * branch                  develop    -> FETCH_HEAD
Already up to date.
remote: error: GH006: Protected branch update failed for refs/heads/develop.        
remote: error: Cannot force-push to this branch        
To github.com:mkjost0/gem5-actions.git
 ! [remote rejected]       develop -> develop (protected branch hook declined)
error: failed to push some refs to 'git@github.com:mkjost0/gem5-actions.git'
From https://gem5.googlesource.com/public/gem5
 * branch                  develop    -> FETCH_HEAD
Already up to date.
remote: error: GH006: Protected branch update failed for refs/heads/develop.        
remote: error: Cannot force-push to this branch        
To github.com:mkjost0/gem5-actions.git
 ! [remote rejected]       develop -> develop (protected branch hook declined)
error: failed to push some refs to 'git@github.com:mkjost0/gem5-actions.git'
From https://gem5.googlesource.com/public/gem5
 * branch                  develop    -> FETCH_HEAD
Already up to date.
remote: error: GH006: Protected branch update failed for refs/heads/develop.        
remote: error: Cannot force-push to this branch        
To github.com:mkjost0/gem5-actions.git
 ! [remote rejected]       develop -> develop (protected branch hook declined)
error: failed to push some refs to 'git@github.com:mkjost0/gem5-actions.git'
From https://gem5.googlesource.com/public/gem5
 * branch                  develop    -> FETCH_HEAD
Already up to date.
remote: error: GH006: Protected branch update failed for refs/heads/develop.        
remote: error: Cannot force-push to this branch        
To github.com:mkjost0/gem5-actions.git
 ! [remote rejected]       develop -> develop (protected branch hook declined)
error: failed to push some refs to 'git@github.com:mkjost0/gem5-actions.git'
From https://gem5.googlesource.com/public/gem5
 * branch                  develop    -> FETCH_HEAD
Already up to date.
remote: error: GH006: Protected branch update failed for refs/heads/develop.        
remote: error: Cannot force-push to this branch        
To github.com:mkjost0/gem5-actions.git
 ! [remote rejected]       develop -> develop (protected branch hook declined)
error: failed to push some refs to 'git@github.com:mkjost0/gem5-actions.git'
From https://gem5.googlesource.com/public/gem5
 * branch                  develop    -> FETCH_HEAD
Already up to date.
remote: error: GH006: Protected branch update failed for refs/heads/develop.        
remote: error: Cannot force-push to this branch        
To github.com:mkjost0/gem5-actions.git
 ! [remote rejected]       develop -> develop (protected branch hook declined)
error: failed to push some refs to 'git@github.com:mkjost0/gem5-actions.git'
From https://gem5.googlesource.com/public/gem5
 * branch                  develop    -> FETCH_HEAD
Already up to date.
remote: error: GH006: Protected branch update failed for refs/heads/develop.        
remote: error: Cannot force-push to this branch        
To github.com:mkjost0/gem5-actions.git
 ! [remote rejected]       develop -> develop (protected branch hook declined)
error: failed to push some refs to 'git@github.com:mkjost0/gem5-actions.git'
From https://gem5.googlesource.com/public/gem5
 * branch                  develop    -> FETCH_HEAD
Already up to date.
remote: error: GH006: Protected branch update failed for refs/heads/develop.        
remote: error: Cannot force-push to this branch        
To github.com:mkjost0/gem5-actions.git
 ! [remote rejected]       develop -> develop (protected branch hook declined)
error: failed to push some refs to 'git@github.com:mkjost0/gem5-actions.git'
From https://gem5.googlesource.com/public/gem5
 * branch                  develop    -> FETCH_HEAD
Already up to date.
remote: error: GH006: Protected branch update failed for refs/heads/develop.        
remote: error: Cannot force-push to this branch        
To github.com:mkjost0/gem5-actions.git
 ! [remote rejected]       develop -> develop (protected branch hook declined)
error: failed to push some refs to 'git@github.com:mkjost0/gem5-actions.git'
From https://gem5.googlesource.com/public/gem5
 * branch                  develop    -> FETCH_HEAD
Already up to date.
remote: error: GH006: Protected branch update failed for refs/heads/develop.        
remote: error: Cannot force-push to this branch        
To github.com:mkjost0/gem5-actions.git
 ! [remote rejected]       develop -> develop (protected branch hook declined)
error: failed to push some refs to 'git@github.com:mkjost0/gem5-actions.git'
From https://gem5.googlesource.com/public/gem5
 * branch                  develop    -> FETCH_HEAD
Already up to date.
remote: error: GH006: Protected branch update failed for refs/heads/develop.        
remote: error: Cannot force-push to this branch        
To github.com:mkjost0/gem5-actions.git
 ! [remote rejected]       develop -> develop (protected branch hook declined)
error: failed to push some refs to 'git@github.com:mkjost0/gem5-actions.git'
From https://gem5.googlesource.com/public/gem5
 * branch                  develop    -> FETCH_HEAD
Already up to date.
remote: error: GH006: Protected branch update failed for refs/heads/develop.        
remote: error: Cannot force-push to this branch        
To github.com:mkjost0/gem5-actions.git
 ! [remote rejected]       develop -> develop (protected branch hook declined)
error: failed to push some refs to 'git@github.com:mkjost0/gem5-actions.git'
From https://gem5.googlesource.com/public/gem5
 * branch                  develop    -> FETCH_HEAD
Already up to date.
remote: error: GH006: Protected branch update failed for refs/heads/develop.        
remote: error: Cannot force-push to this branch        
To github.com:mkjost0/gem5-actions.git
 ! [remote rejected]       develop -> develop (protected branch hook declined)
error: failed to push some refs to 'git@github.com:mkjost0/gem5-actions.git'
From https://gem5.googlesource.com/public/gem5
 * branch                  develop    -> FETCH_HEAD
Already up to date.
remote: error: GH006: Protected branch update failed for refs/heads/develop.        
remote: error: Cannot force-push to this branch        
To github.com:mkjost0/gem5-actions.git
 ! [remote rejected]       develop -> develop (protected branch hook declined)
error: failed to push some refs to 'git@github.com:mkjost0/gem5-actions.git'
From https://gem5.googlesource.com/public/gem5
 * branch                  develop    -> FETCH_HEAD
Already up to date.
remote: error: GH006: Protected branch update failed for refs/heads/develop.        
remote: error: Cannot force-push to this branch        
To github.com:mkjost0/gem5-actions.git
 ! [remote rejected]       develop -> develop (protected branch hook declined)
error: failed to push some refs to 'git@github.com:mkjost0/gem5-actions.git'
From https://gem5.googlesource.com/public/gem5
 * branch                  develop    -> FETCH_HEAD
Already up to date.
remote: error: GH006: Protected branch update failed for refs/heads/develop.        
remote: error: Cannot force-push to this branch        
To github.com:mkjost0/gem5-actions.git
 ! [remote rejected]       develop -> develop (protected branch hook declined)
error: failed to push some refs to 'git@github.com:mkjost0/gem5-actions.git'
From https://gem5.googlesource.com/public/gem5
 * branch                  develop    -> FETCH_HEAD
Already up to date.
remote: error: GH006: Protected branch update failed for refs/heads/develop.        
remote: error: Cannot force-push to this branch        
To github.com:mkjost0/gem5-actions.git
 ! [remote rejected]       develop -> develop (protected branch hook declined)
error: failed to push some refs to 'git@github.com:mkjost0/gem5-actions.git'
From https://gem5.googlesource.com/public/gem5
 * branch                  develop    -> FETCH_HEAD
Already up to date.
remote: error: GH006: Protected branch update failed for refs/heads/develop.        
remote: error: Cannot force-push to this branch        
To github.com:mkjost0/gem5-actions.git
 ! [remote rejected]       develop -> develop (protected branch hook declined)
error: failed to push some refs to 'git@github.com:mkjost0/gem5-actions.git'
From https://gem5.googlesource.com/public/gem5
 * branch                  develop    -> FETCH_HEAD
Already up to date.
remote: error: GH006: Protected branch update failed for refs/heads/develop.        
remote: error: Cannot force-push to this branch        
To github.com:mkjost0/gem5-actions.git
 ! [remote rejected]       develop -> develop (protected branch hook declined)
error: failed to push some refs to 'git@github.com:mkjost0/gem5-actions.git'
From https://gem5.googlesource.com/public/gem5
 * branch                  develop    -> FETCH_HEAD
Already up to date.
remote: error: GH006: Protected branch update failed for refs/heads/develop.        
remote: error: Cannot force-push to this branch        
To github.com:mkjost0/gem5-actions.git
 ! [remote rejected]       develop -> develop (protected branch hook declined)
error: failed to push some refs to 'git@github.com:mkjost0/gem5-actions.git'
From https://gem5.googlesource.com/public/gem5
 * branch                  develop    -> FETCH_HEAD
Already up to date.
remote: error: GH006: Protected branch update failed for refs/heads/develop.        
remote: error: Cannot force-push to this branch        
To github.com:mkjost0/gem5-actions.git
 ! [remote rejected]       develop -> develop (protected branch hook declined)
error: failed to push some refs to 'git@github.com:mkjost0/gem5-actions.git'
From https://gem5.googlesource.com/public/gem5
 * branch                  develop    -> FETCH_HEAD
Already up to date.
remote: error: GH006: Protected branch update failed for refs/heads/develop.        
remote: error: Cannot force-push to this branch        
To github.com:mkjost0/gem5-actions.git
 ! [remote rejected]       develop -> develop (protected branch hook declined)
error: failed to push some refs to 'git@github.com:mkjost0/gem5-actions.git'
From https://gem5.googlesource.com/public/gem5
 * branch                  develop    -> FETCH_HEAD
Already up to date.
remote: error: GH006: Protected branch update failed for refs/heads/develop.        
remote: error: Cannot force-push to this branch        
To github.com:mkjost0/gem5-actions.git
 ! [remote rejected]       develop -> develop (protected branch hook declined)
error: failed to push some refs to 'git@github.com:mkjost0/gem5-actions.git'
From https://gem5.googlesource.com/public/gem5
 * branch                  develop    -> FETCH_HEAD
Already up to date.
remote: error: GH006: Protected branch update failed for refs/heads/develop.        
remote: error: Cannot force-push to this branch        
To github.com:mkjost0/gem5-actions.git
 ! [remote rejected]       develop -> develop (protected branch hook declined)
error: failed to push some refs to 'git@github.com:mkjost0/gem5-actions.git'
From https://gem5.googlesource.com/public/gem5
 * branch                  develop    -> FETCH_HEAD
Already up to date.
remote: error: GH006: Protected branch update failed for refs/heads/develop.        
remote: error: Cannot force-push to this branch        
To github.com:mkjost0/gem5-actions.git
 ! [remote rejected]       develop -> develop (protected branch hook declined)
error: failed to push some refs to 'git@github.com:mkjost0/gem5-actions.git'
From https://gem5.googlesource.com/public/gem5
 * branch                  develop    -> FETCH_HEAD
From https://gem5.googlesource.com/public/gem5
 * branch                  develop    -> FETCH_HEAD
From https://gem5.googlesource.com/public/gem5
 * branch                  develop    -> FETCH_HEAD
From https://gem5.googlesource.com/public/gem5
 * branch                  develop    -> FETCH_HEAD
From https://gem5.googlesource.com/public/gem5
 * branch                  develop    -> FETCH_HEAD
Already up to date.
Already up to date.
Already up to date.
Already up to date.
Already up to date.
From https://gem5.googlesource.com/public/gem5
 * branch                  develop    -> FETCH_HEAD
Already up to date.
From https://gem5.googlesource.com/public/gem5
 * branch                  develop    -> FETCH_HEAD
Already up to date.
remote: error: GH006: Protected branch update failed for refs/heads/develop.        
remote: error: Cannot force-push to this branch        
remote: error: GH006: Protected branch update failed for refs/heads/develop.        
remote: error: Cannot force-push to this branch        
remote: error: GH006: Protected branch update failed for refs/heads/develop.        
remote: error: Cannot force-push to this branch        
remote: error: GH006: Protected branch update failed for refs/heads/develop.        
remote: error: Cannot force-push to this branch        
remote: error: GH006: Protected branch update failed for refs/heads/develop.        
remote: error: Cannot force-push to this branch        
To github.com:mkjost0/gem5-actions.git
 ! [remote rejected]       develop -> develop (protected branch hook declined)
error: failed to push some refs to 'git@github.com:mkjost0/gem5-actions.git'
remote: error: GH006: Protected branch update failed for refs/heads/develop.        
remote: error: Cannot force-push to this branch        
From https://gem5.googlesource.com/public/gem5
 * branch                  develop    -> FETCH_HEAD
To github.com:mkjost0/gem5-actions.git
 ! [remote rejected]       develop -> develop (protected branch hook declined)
error: failed to push some refs to 'git@github.com:mkjost0/gem5-actions.git'
To github.com:mkjost0/gem5-actions.git
To github.com:mkjost0/gem5-actions.git
 ! [remote rejected]       develop -> develop (protected branch hook declined)
 ! [remote rejected]       develop -> develop (protected branch hook declined)
error: failed to push some refs to 'git@github.com:mkjost0/gem5-actions.git'
error: failed to push some refs to 'git@github.com:mkjost0/gem5-actions.git'
To github.com:mkjost0/gem5-actions.git
 ! [remote rejected]       develop -> develop (protected branch hook declined)
error: failed to push some refs to 'git@github.com:mkjost0/gem5-actions.git'
To github.com:mkjost0/gem5-actions.git
 ! [remote rejected]       develop -> develop (protected branch hook declined)
error: failed to push some refs to 'git@github.com:mkjost0/gem5-actions.git'
Already up to date.
remote: error: GH006: Protected branch update failed for refs/heads/develop.        
remote: error: Cannot force-push to this branch        
To github.com:mkjost0/gem5-actions.git
 ! [remote rejected]       develop -> develop (protected branch hook declined)
error: failed to push some refs to 'git@github.com:mkjost0/gem5-actions.git'
remote: error: GH006: Protected branch update failed for refs/heads/develop.        
remote: error: Cannot force-push to this branch        
To github.com:mkjost0/gem5-actions.git
 ! [remote rejected]       develop -> develop (protected branch hook declined)
error: failed to push some refs to 'git@github.com:mkjost0/gem5-actions.git'
From https://gem5.googlesource.com/public/gem5
 * branch                  develop    -> FETCH_HEAD
Already up to date.
remote: error: GH006: Protected branch update failed for refs/heads/develop.        
remote: error: Cannot force-push to this branch        
To github.com:mkjost0/gem5-actions.git
 ! [remote rejected]       develop -> develop (protected branch hook declined)
error: failed to push some refs to 'git@github.com:mkjost0/gem5-actions.git'
From https://gem5.googlesource.com/public/gem5
 * branch                  develop    -> FETCH_HEAD
Already up to date.
remote: error: GH006: Protected branch update failed for refs/heads/develop.        
remote: error: Cannot force-push to this branch        
To github.com:mkjost0/gem5-actions.git
 ! [remote rejected]       develop -> develop (protected branch hook declined)
error: failed to push some refs to 'git@github.com:mkjost0/gem5-actions.git'
From https://gem5.googlesource.com/public/gem5
 * branch                  develop    -> FETCH_HEAD
Already up to date.
remote: error: GH006: Protected branch update failed for refs/heads/develop.        
remote: error: Cannot force-push to this branch        
To github.com:mkjost0/gem5-actions.git
 ! [remote rejected]       develop -> develop (protected branch hook declined)
error: failed to push some refs to 'git@github.com:mkjost0/gem5-actions.git'
From https://gem5.googlesource.com/public/gem5
 * branch                  develop    -> FETCH_HEAD
Already up to date.
remote: error: GH006: Protected branch update failed for refs/heads/develop.        
remote: error: Cannot force-push to this branch        
To github.com:mkjost0/gem5-actions.git
 ! [remote rejected]       develop -> develop (protected branch hook declined)
error: failed to push some refs to 'git@github.com:mkjost0/gem5-actions.git'
From https://gem5.googlesource.com/public/gem5
 * branch                  develop    -> FETCH_HEAD
   d5bdf6cf79..051801a7bf  develop    -> upstream/develop
Auto-merging src/python/gem5/resources/downloader.py
CONFLICT (content): Merge conflict in src/python/gem5/resources/downloader.py
Automatic merge failed; fix conflicts and then commit the result.
remote: error: GH006: Protected branch update failed for refs/heads/develop.        
remote: error: Cannot force-push to this branch        
To github.com:mkjost0/gem5-actions.git
   d5bdf6cf79..051801a7bf  upstream/develop -> upstream/develop
 ! [remote rejected]       develop -> develop (protected branch hook declined)
error: failed to push some refs to 'git@github.com:mkjost0/gem5-actions.git'
error: Pulling is not possible because you have unmerged files.
hint: Fix them up in the work tree, and then use 'git add/rm <file>'
hint: as appropriate to mark resolution and make a commit.
fatal: Exiting because of an unresolved conflict.
remote: error: GH006: Protected branch update failed for refs/heads/develop.        
remote: error: Cannot force-push to this branch        
To github.com:mkjost0/gem5-actions.git
 ! [remote rejected]       develop -> develop (protected branch hook declined)
error: failed to push some refs to 'git@github.com:mkjost0/gem5-actions.git'
error: Pulling is not possible because you have unmerged files.
hint: Fix them up in the work tree, and then use 'git add/rm <file>'
hint: as appropriate to mark resolution and make a commit.
fatal: Exiting because of an unresolved conflict.
remote: error: GH006: Protected branch update failed for refs/heads/develop.        
remote: error: Cannot force-push to this branch        
To github.com:mkjost0/gem5-actions.git
 ! [remote rejected]       develop -> develop (protected branch hook declined)
error: failed to push some refs to 'git@github.com:mkjost0/gem5-actions.git'
error: Pulling is not possible because you have unmerged files.
hint: Fix them up in the work tree, and then use 'git add/rm <file>'
hint: as appropriate to mark resolution and make a commit.
fatal: Exiting because of an unresolved conflict.
remote: error: GH006: Protected branch update failed for refs/heads/develop.        
remote: error: Cannot force-push to this branch        
To github.com:mkjost0/gem5-actions.git
 ! [remote rejected]       develop -> develop (protected branch hook declined)
error: failed to push some refs to 'git@github.com:mkjost0/gem5-actions.git'
error: Pulling is not possible because you have unmerged files.
hint: Fix them up in the work tree, and then use 'git add/rm <file>'
hint: as appropriate to mark resolution and make a commit.
fatal: Exiting because of an unresolved conflict.
remote: error: GH006: Protected branch update failed for refs/heads/develop.        
remote: error: Cannot force-push to this branch        
To github.com:mkjost0/gem5-actions.git
 ! [remote rejected]       develop -> develop (protected branch hook declined)
error: failed to push some refs to 'git@github.com:mkjost0/gem5-actions.git'
error: Pulling is not possible because you have unmerged files.
hint: Fix them up in the work tree, and then use 'git add/rm <file>'
hint: as appropriate to mark resolution and make a commit.
fatal: Exiting because of an unresolved conflict.
remote: error: GH006: Protected branch update failed for refs/heads/develop.        
remote: error: Cannot force-push to this branch        
To github.com:mkjost0/gem5-actions.git
 ! [remote rejected]       develop -> develop (protected branch hook declined)
error: failed to push some refs to 'git@github.com:mkjost0/gem5-actions.git'
error: Pulling is not possible because you have unmerged files.
hint: Fix them up in the work tree, and then use 'git add/rm <file>'
hint: as appropriate to mark resolution and make a commit.
fatal: Exiting because of an unresolved conflict.
remote: error: GH006: Protected branch update failed for refs/heads/develop.        
remote: error: Cannot force-push to this branch        
To github.com:mkjost0/gem5-actions.git
 ! [remote rejected]       develop -> develop (protected branch hook declined)
error: failed to push some refs to 'git@github.com:mkjost0/gem5-actions.git'
error: Pulling is not possible because you have unmerged files.
hint: Fix them up in the work tree, and then use 'git add/rm <file>'
hint: as appropriate to mark resolution and make a commit.
fatal: Exiting because of an unresolved conflict.
remote: error: GH006: Protected branch update failed for refs/heads/develop.        
remote: error: Cannot force-push to this branch        
To github.com:mkjost0/gem5-actions.git
 ! [remote rejected]       develop -> develop (protected branch hook declined)
error: failed to push some refs to 'git@github.com:mkjost0/gem5-actions.git'
error: Pulling is not possible because you have unmerged files.
hint: Fix them up in the work tree, and then use 'git add/rm <file>'
hint: as appropriate to mark resolution and make a commit.
fatal: Exiting because of an unresolved conflict.
remote: error: GH006: Protected branch update failed for refs/heads/develop.        
remote: error: Cannot force-push to this branch        
To github.com:mkjost0/gem5-actions.git
 ! [remote rejected]       develop -> develop (protected branch hook declined)
error: failed to push some refs to 'git@github.com:mkjost0/gem5-actions.git'
error: Pulling is not possible because you have unmerged files.
hint: Fix them up in the work tree, and then use 'git add/rm <file>'
hint: as appropriate to mark resolution and make a commit.
fatal: Exiting because of an unresolved conflict.
remote: error: GH006: Protected branch update failed for refs/heads/develop.        
remote: error: Cannot force-push to this branch        
To github.com:mkjost0/gem5-actions.git
 ! [remote rejected]       develop -> develop (protected branch hook declined)
error: failed to push some refs to 'git@github.com:mkjost0/gem5-actions.git'
error: Pulling is not possible because you have unmerged files.
hint: Fix them up in the work tree, and then use 'git add/rm <file>'
hint: as appropriate to mark resolution and make a commit.
fatal: Exiting because of an unresolved conflict.
remote: error: GH006: Protected branch update failed for refs/heads/develop.        
remote: error: Cannot force-push to this branch        
To github.com:mkjost0/gem5-actions.git
 ! [remote rejected]       develop -> develop (protected branch hook declined)
error: failed to push some refs to 'git@github.com:mkjost0/gem5-actions.git'
error: Pulling is not possible because you have unmerged files.
hint: Fix them up in the work tree, and then use 'git add/rm <file>'
hint: as appropriate to mark resolution and make a commit.
fatal: Exiting because of an unresolved conflict.
remote: error: GH006: Protected branch update failed for refs/heads/develop.        
remote: error: Cannot force-push to this branch        
To github.com:mkjost0/gem5-actions.git
 ! [remote rejected]       develop -> develop (protected branch hook declined)
error: failed to push some refs to 'git@github.com:mkjost0/gem5-actions.git'
error: Pulling is not possible because you have unmerged files.
hint: Fix them up in the work tree, and then use 'git add/rm <file>'
hint: as appropriate to mark resolution and make a commit.
fatal: Exiting because of an unresolved conflict.
remote: error: GH006: Protected branch update failed for refs/heads/develop.        
remote: error: Cannot force-push to this branch        
To github.com:mkjost0/gem5-actions.git
 ! [remote rejected]       develop -> develop (protected branch hook declined)
error: failed to push some refs to 'git@github.com:mkjost0/gem5-actions.git'
error: Pulling is not possible because you have unmerged files.
hint: Fix them up in the work tree, and then use 'git add/rm <file>'
hint: as appropriate to mark resolution and make a commit.
fatal: Exiting because of an unresolved conflict.
remote: error: GH006: Protected branch update failed for refs/heads/develop.        
remote: error: Cannot force-push to this branch        
To github.com:mkjost0/gem5-actions.git
 ! [remote rejected]       develop -> develop (protected branch hook declined)
error: failed to push some refs to 'git@github.com:mkjost0/gem5-actions.git'
error: Pulling is not possible because you have unmerged files.
hint: Fix them up in the work tree, and then use 'git add/rm <file>'
hint: as appropriate to mark resolution and make a commit.
fatal: Exiting because of an unresolved conflict.
remote: error: GH006: Protected branch update failed for refs/heads/develop.        
remote: error: Cannot force-push to this branch        
To github.com:mkjost0/gem5-actions.git
 ! [remote rejected]       develop -> develop (protected branch hook declined)
error: failed to push some refs to 'git@github.com:mkjost0/gem5-actions.git'
error: Pulling is not possible because you have unmerged files.
hint: Fix them up in the work tree, and then use 'git add/rm <file>'
hint: as appropriate to mark resolution and make a commit.
fatal: Exiting because of an unresolved conflict.
remote: error: GH006: Protected branch update failed for refs/heads/develop.        
remote: error: Cannot force-push to this branch        
To github.com:mkjost0/gem5-actions.git
 ! [remote rejected]       develop -> develop (protected branch hook declined)
error: failed to push some refs to 'git@github.com:mkjost0/gem5-actions.git'
error: Pulling is not possible because you have unmerged files.
hint: Fix them up in the work tree, and then use 'git add/rm <file>'
hint: as appropriate to mark resolution and make a commit.
fatal: Exiting because of an unresolved conflict.
remote: error: GH006: Protected branch update failed for refs/heads/develop.        
remote: error: Cannot force-push to this branch        
To github.com:mkjost0/gem5-actions.git
 ! [remote rejected]       develop -> develop (protected branch hook declined)
error: failed to push some refs to 'git@github.com:mkjost0/gem5-actions.git'
error: Pulling is not possible because you have unmerged files.
hint: Fix them up in the work tree, and then use 'git add/rm <file>'
hint: as appropriate to mark resolution and make a commit.
fatal: Exiting because of an unresolved conflict.
remote: error: GH006: Protected branch update failed for refs/heads/develop.        
remote: error: Cannot force-push to this branch        
To github.com:mkjost0/gem5-actions.git
 ! [remote rejected]       develop -> develop (protected branch hook declined)
error: failed to push some refs to 'git@github.com:mkjost0/gem5-actions.git'
error: Pulling is not possible because you have unmerged files.
hint: Fix them up in the work tree, and then use 'git add/rm <file>'
hint: as appropriate to mark resolution and make a commit.
fatal: Exiting because of an unresolved conflict.
remote: error: GH006: Protected branch update failed for refs/heads/develop.        
remote: error: Cannot force-push to this branch        
To github.com:mkjost0/gem5-actions.git
 ! [remote rejected]       develop -> develop (protected branch hook declined)
error: failed to push some refs to 'git@github.com:mkjost0/gem5-actions.git'
error: Pulling is not possible because you have unmerged files.
hint: Fix them up in the work tree, and then use 'git add/rm <file>'
hint: as appropriate to mark resolution and make a commit.
fatal: Exiting because of an unresolved conflict.
remote: error: GH006: Protected branch update failed for refs/heads/develop.        
remote: error: Cannot force-push to this branch        
To github.com:mkjost0/gem5-actions.git
 ! [remote rejected]       develop -> develop (protected branch hook declined)
error: failed to push some refs to 'git@github.com:mkjost0/gem5-actions.git'
error: Pulling is not possible because you have unmerged files.
hint: Fix them up in the work tree, and then use 'git add/rm <file>'
hint: as appropriate to mark resolution and make a commit.
fatal: Exiting because of an unresolved conflict.
remote: error: GH006: Protected branch update failed for refs/heads/develop.        
remote: error: Cannot force-push to this branch        
To github.com:mkjost0/gem5-actions.git
 ! [remote rejected]       develop -> develop (protected branch hook declined)
error: failed to push some refs to 'git@github.com:mkjost0/gem5-actions.git'
error: Pulling is not possible because you have unmerged files.
hint: Fix them up in the work tree, and then use 'git add/rm <file>'
hint: as appropriate to mark resolution and make a commit.
fatal: Exiting because of an unresolved conflict.
remote: error: GH006: Protected branch update failed for refs/heads/develop.        
remote: error: Cannot force-push to this branch        
To github.com:mkjost0/gem5-actions.git
 ! [remote rejected]       develop -> develop (protected branch hook declined)
error: failed to push some refs to 'git@github.com:mkjost0/gem5-actions.git'
error: Pulling is not possible because you have unmerged files.
hint: Fix them up in the work tree, and then use 'git add/rm <file>'
hint: as appropriate to mark resolution and make a commit.
fatal: Exiting because of an unresolved conflict.
remote: error: GH006: Protected branch update failed for refs/heads/develop.        
remote: error: Cannot force-push to this branch        
To github.com:mkjost0/gem5-actions.git
 ! [remote rejected]       develop -> develop (protected branch hook declined)
error: failed to push some refs to 'git@github.com:mkjost0/gem5-actions.git'
error: Pulling is not possible because you have unmerged files.
hint: Fix them up in the work tree, and then use 'git add/rm <file>'
hint: as appropriate to mark resolution and make a commit.
fatal: Exiting because of an unresolved conflict.
remote: error: GH006: Protected branch update failed for refs/heads/develop.        
remote: error: Cannot force-push to this branch        
To github.com:mkjost0/gem5-actions.git
 ! [remote rejected]       develop -> develop (protected branch hook declined)
error: failed to push some refs to 'git@github.com:mkjost0/gem5-actions.git'
error: Pulling is not possible because you have unmerged files.
hint: Fix them up in the work tree, and then use 'git add/rm <file>'
hint: as appropriate to mark resolution and make a commit.
fatal: Exiting because of an unresolved conflict.
remote: error: GH006: Protected branch update failed for refs/heads/develop.        
remote: error: Cannot force-push to this branch        
To github.com:mkjost0/gem5-actions.git
 ! [remote rejected]       develop -> develop (protected branch hook declined)
error: failed to push some refs to 'git@github.com:mkjost0/gem5-actions.git'
error: Pulling is not possible because you have unmerged files.
hint: Fix them up in the work tree, and then use 'git add/rm <file>'
hint: as appropriate to mark resolution and make a commit.
fatal: Exiting because of an unresolved conflict.
remote: error: GH006: Protected branch update failed for refs/heads/develop.        
remote: error: Cannot force-push to this branch        
To github.com:mkjost0/gem5-actions.git
 ! [remote rejected]       develop -> develop (protected branch hook declined)
error: failed to push some refs to 'git@github.com:mkjost0/gem5-actions.git'
error: Pulling is not possible because you have unmerged files.
hint: Fix them up in the work tree, and then use 'git add/rm <file>'
hint: as appropriate to mark resolution and make a commit.
fatal: Exiting because of an unresolved conflict.
remote: error: GH006: Protected branch update failed for refs/heads/develop.        
remote: error: Cannot force-push to this branch        
To github.com:mkjost0/gem5-actions.git
 ! [remote rejected]       develop -> develop (protected branch hook declined)
error: failed to push some refs to 'git@github.com:mkjost0/gem5-actions.git'
error: Pulling is not possible because you have unmerged files.
hint: Fix them up in the work tree, and then use 'git add/rm <file>'
hint: as appropriate to mark resolution and make a commit.
fatal: Exiting because of an unresolved conflict.
remote: error: GH006: Protected branch update failed for refs/heads/develop.        
remote: error: Cannot force-push to this branch        
To github.com:mkjost0/gem5-actions.git
 ! [remote rejected]       develop -> develop (protected branch hook declined)
error: failed to push some refs to 'git@github.com:mkjost0/gem5-actions.git'
error: Pulling is not possible because you have unmerged files.
hint: Fix them up in the work tree, and then use 'git add/rm <file>'
hint: as appropriate to mark resolution and make a commit.
fatal: Exiting because of an unresolved conflict.
remote: error: GH006: Protected branch update failed for refs/heads/develop.        
remote: error: Cannot force-push to this branch        
To github.com:mkjost0/gem5-actions.git
 ! [remote rejected]       develop -> develop (protected branch hook declined)
error: failed to push some refs to 'git@github.com:mkjost0/gem5-actions.git'
error: Pulling is not possible because you have unmerged files.
hint: Fix them up in the work tree, and then use 'git add/rm <file>'
hint: as appropriate to mark resolution and make a commit.
fatal: Exiting because of an unresolved conflict.
remote: error: GH006: Protected branch update failed for refs/heads/develop.        
remote: error: Cannot force-push to this branch        
To github.com:mkjost0/gem5-actions.git
 ! [remote rejected]       develop -> develop (protected branch hook declined)
error: failed to push some refs to 'git@github.com:mkjost0/gem5-actions.git'
error: Pulling is not possible because you have unmerged files.
hint: Fix them up in the work tree, and then use 'git add/rm <file>'
hint: as appropriate to mark resolution and make a commit.
fatal: Exiting because of an unresolved conflict.
remote: error: GH006: Protected branch update failed for refs/heads/develop.        
remote: error: Cannot force-push to this branch        
To github.com:mkjost0/gem5-actions.git
 ! [remote rejected]       develop -> develop (protected branch hook declined)
error: failed to push some refs to 'git@github.com:mkjost0/gem5-actions.git'
error: Pulling is not possible because you have unmerged files.
hint: Fix them up in the work tree, and then use 'git add/rm <file>'
hint: as appropriate to mark resolution and make a commit.
fatal: Exiting because of an unresolved conflict.
remote: error: GH006: Protected branch update failed for refs/heads/develop.        
remote: error: Cannot force-push to this branch        
To github.com:mkjost0/gem5-actions.git
 ! [remote rejected]       develop -> develop (protected branch hook declined)
error: failed to push some refs to 'git@github.com:mkjost0/gem5-actions.git'
error: Pulling is not possible because you have unmerged files.
hint: Fix them up in the work tree, and then use 'git add/rm <file>'
hint: as appropriate to mark resolution and make a commit.
fatal: Exiting because of an unresolved conflict.
remote: error: GH006: Protected branch update failed for refs/heads/develop.        
remote: error: Cannot force-push to this branch        
To github.com:mkjost0/gem5-actions.git
 ! [remote rejected]       develop -> develop (protected branch hook declined)
error: failed to push some refs to 'git@github.com:mkjost0/gem5-actions.git'
error: Pulling is not possible because you have unmerged files.
hint: Fix them up in the work tree, and then use 'git add/rm <file>'
hint: as appropriate to mark resolution and make a commit.
fatal: Exiting because of an unresolved conflict.
remote: error: GH006: Protected branch update failed for refs/heads/develop.        
remote: error: Cannot force-push to this branch        
To github.com:mkjost0/gem5-actions.git
 ! [remote rejected]       develop -> develop (protected branch hook declined)
error: failed to push some refs to 'git@github.com:mkjost0/gem5-actions.git'
error: Pulling is not possible because you have unmerged files.
hint: Fix them up in the work tree, and then use 'git add/rm <file>'
hint: as appropriate to mark resolution and make a commit.
fatal: Exiting because of an unresolved conflict.
remote: error: GH006: Protected branch update failed for refs/heads/develop.        
remote: error: Cannot force-push to this branch        
To github.com:mkjost0/gem5-actions.git
 ! [remote rejected]       develop -> develop (protected branch hook declined)
error: failed to push some refs to 'git@github.com:mkjost0/gem5-actions.git'
error: Pulling is not possible because you have unmerged files.
hint: Fix them up in the work tree, and then use 'git add/rm <file>'
hint: as appropriate to mark resolution and make a commit.
fatal: Exiting because of an unresolved conflict.
remote: error: GH006: Protected branch update failed for refs/heads/develop.        
remote: error: Cannot force-push to this branch        
To github.com:mkjost0/gem5-actions.git
 ! [remote rejected]       develop -> develop (protected branch hook declined)
error: failed to push some refs to 'git@github.com:mkjost0/gem5-actions.git'
error: Pulling is not possible because you have unmerged files.
hint: Fix them up in the work tree, and then use 'git add/rm <file>'
hint: as appropriate to mark resolution and make a commit.
fatal: Exiting because of an unresolved conflict.
remote: error: GH006: Protected branch update failed for refs/heads/develop.        
remote: error: Cannot force-push to this branch        
To github.com:mkjost0/gem5-actions.git
 ! [remote rejected]       develop -> develop (protected branch hook declined)
error: failed to push some refs to 'git@github.com:mkjost0/gem5-actions.git'
error: Pulling is not possible because you have unmerged files.
hint: Fix them up in the work tree, and then use 'git add/rm <file>'
hint: as appropriate to mark resolution and make a commit.
fatal: Exiting because of an unresolved conflict.
remote: error: GH006: Protected branch update failed for refs/heads/develop.        
remote: error: Cannot force-push to this branch        
To github.com:mkjost0/gem5-actions.git
 ! [remote rejected]       develop -> develop (protected branch hook declined)
error: failed to push some refs to 'git@github.com:mkjost0/gem5-actions.git'
error: Pulling is not possible because you have unmerged files.
hint: Fix them up in the work tree, and then use 'git add/rm <file>'
hint: as appropriate to mark resolution and make a commit.
fatal: Exiting because of an unresolved conflict.
remote: error: GH006: Protected branch update failed for refs/heads/develop.        
remote: error: Cannot force-push to this branch        
To github.com:mkjost0/gem5-actions.git
 ! [remote rejected]       develop -> develop (protected branch hook declined)
error: failed to push some refs to 'git@github.com:mkjost0/gem5-actions.git'
error: Pulling is not possible because you have unmerged files.
hint: Fix them up in the work tree, and then use 'git add/rm <file>'
hint: as appropriate to mark resolution and make a commit.
fatal: Exiting because of an unresolved conflict.
remote: error: GH006: Protected branch update failed for refs/heads/develop.        
remote: error: Cannot force-push to this branch        
To github.com:mkjost0/gem5-actions.git
 ! [remote rejected]       develop -> develop (protected branch hook declined)
error: failed to push some refs to 'git@github.com:mkjost0/gem5-actions.git'
error: Pulling is not possible because you have unmerged files.
hint: Fix them up in the work tree, and then use 'git add/rm <file>'
hint: as appropriate to mark resolution and make a commit.
fatal: Exiting because of an unresolved conflict.
remote: error: GH006: Protected branch update failed for refs/heads/develop.        
remote: error: Cannot force-push to this branch        
To github.com:mkjost0/gem5-actions.git
 ! [remote rejected]       develop -> develop (protected branch hook declined)
error: failed to push some refs to 'git@github.com:mkjost0/gem5-actions.git'
error: Pulling is not possible because you have unmerged files.
hint: Fix them up in the work tree, and then use 'git add/rm <file>'
hint: as appropriate to mark resolution and make a commit.
fatal: Exiting because of an unresolved conflict.
remote: error: GH006: Protected branch update failed for refs/heads/develop.        
remote: error: Cannot force-push to this branch        
To github.com:mkjost0/gem5-actions.git
 ! [remote rejected]       develop -> develop (protected branch hook declined)
error: failed to push some refs to 'git@github.com:mkjost0/gem5-actions.git'
error: Pulling is not possible because you have unmerged files.
hint: Fix them up in the work tree, and then use 'git add/rm <file>'
hint: as appropriate to mark resolution and make a commit.
fatal: Exiting because of an unresolved conflict.
remote: error: GH006: Protected branch update failed for refs/heads/develop.        
remote: error: Cannot force-push to this branch        
To github.com:mkjost0/gem5-actions.git
 ! [remote rejected]       develop -> develop (protected branch hook declined)
error: failed to push some refs to 'git@github.com:mkjost0/gem5-actions.git'
error: Pulling is not possible because you have unmerged files.
hint: Fix them up in the work tree, and then use 'git add/rm <file>'
hint: as appropriate to mark resolution and make a commit.
fatal: Exiting because of an unresolved conflict.
remote: error: GH006: Protected branch update failed for refs/heads/develop.        
remote: error: Cannot force-push to this branch        
To github.com:mkjost0/gem5-actions.git
 ! [remote rejected]       develop -> develop (protected branch hook declined)
error: failed to push some refs to 'git@github.com:mkjost0/gem5-actions.git'
error: Pulling is not possible because you have unmerged files.
hint: Fix them up in the work tree, and then use 'git add/rm <file>'
hint: as appropriate to mark resolution and make a commit.
fatal: Exiting because of an unresolved conflict.
remote: error: GH006: Protected branch update failed for refs/heads/develop.        
remote: error: Cannot force-push to this branch        
To github.com:mkjost0/gem5-actions.git
 ! [remote rejected]       develop -> develop (protected branch hook declined)
error: failed to push some refs to 'git@github.com:mkjost0/gem5-actions.git'
error: Pulling is not possible because you have unmerged files.
hint: Fix them up in the work tree, and then use 'git add/rm <file>'
hint: as appropriate to mark resolution and make a commit.
fatal: Exiting because of an unresolved conflict.
remote: error: GH006: Protected branch update failed for refs/heads/develop.        
remote: error: Cannot force-push to this branch        
To github.com:mkjost0/gem5-actions.git
 ! [remote rejected]       develop -> develop (protected branch hook declined)
error: failed to push some refs to 'git@github.com:mkjost0/gem5-actions.git'
error: Pulling is not possible because you have unmerged files.
hint: Fix them up in the work tree, and then use 'git add/rm <file>'
hint: as appropriate to mark resolution and make a commit.
fatal: Exiting because of an unresolved conflict.
remote: error: GH006: Protected branch update failed for refs/heads/develop.        
remote: error: Cannot force-push to this branch        
To github.com:mkjost0/gem5-actions.git
 ! [remote rejected]       develop -> develop (protected branch hook declined)
error: failed to push some refs to 'git@github.com:mkjost0/gem5-actions.git'
error: Pulling is not possible because you have unmerged files.
hint: Fix them up in the work tree, and then use 'git add/rm <file>'
hint: as appropriate to mark resolution and make a commit.
fatal: Exiting because of an unresolved conflict.
remote: error: GH006: Protected branch update failed for refs/heads/develop.        
remote: error: Cannot force-push to this branch        
To github.com:mkjost0/gem5-actions.git
 ! [remote rejected]       develop -> develop (protected branch hook declined)
error: failed to push some refs to 'git@github.com:mkjost0/gem5-actions.git'
error: Pulling is not possible because you have unmerged files.
hint: Fix them up in the work tree, and then use 'git add/rm <file>'
hint: as appropriate to mark resolution and make a commit.
fatal: Exiting because of an unresolved conflict.
remote: error: GH006: Protected branch update failed for refs/heads/develop.        
remote: error: Cannot force-push to this branch        
To github.com:mkjost0/gem5-actions.git
 ! [remote rejected]       develop -> develop (protected branch hook declined)
error: failed to push some refs to 'git@github.com:mkjost0/gem5-actions.git'
error: Pulling is not possible because you have unmerged files.
hint: Fix them up in the work tree, and then use 'git add/rm <file>'
hint: as appropriate to mark resolution and make a commit.
fatal: Exiting because of an unresolved conflict.
remote: error: GH006: Protected branch update failed for refs/heads/develop.        
remote: error: Cannot force-push to this branch        
To github.com:mkjost0/gem5-actions.git
 ! [remote rejected]       develop -> develop (protected branch hook declined)
error: failed to push some refs to 'git@github.com:mkjost0/gem5-actions.git'
error: Pulling is not possible because you have unmerged files.
hint: Fix them up in the work tree, and then use 'git add/rm <file>'
hint: as appropriate to mark resolution and make a commit.
fatal: Exiting because of an unresolved conflict.
remote: error: GH006: Protected branch update failed for refs/heads/develop.        
remote: error: Cannot force-push to this branch        
To github.com:mkjost0/gem5-actions.git
 ! [remote rejected]       develop -> develop (protected branch hook declined)
error: failed to push some refs to 'git@github.com:mkjost0/gem5-actions.git'
error: Pulling is not possible because you have unmerged files.
hint: Fix them up in the work tree, and then use 'git add/rm <file>'
hint: as appropriate to mark resolution and make a commit.
fatal: Exiting because of an unresolved conflict.
remote: error: GH006: Protected branch update failed for refs/heads/develop.        
remote: error: Cannot force-push to this branch        
To github.com:mkjost0/gem5-actions.git
 ! [remote rejected]       develop -> develop (protected branch hook declined)
error: failed to push some refs to 'git@github.com:mkjost0/gem5-actions.git'
error: Pulling is not possible because you have unmerged files.
hint: Fix them up in the work tree, and then use 'git add/rm <file>'
hint: as appropriate to mark resolution and make a commit.
fatal: Exiting because of an unresolved conflict.
remote: error: GH006: Protected branch update failed for refs/heads/develop.        
remote: error: Cannot force-push to this branch        
To github.com:mkjost0/gem5-actions.git
 ! [remote rejected]       develop -> develop (protected branch hook declined)
error: failed to push some refs to 'git@github.com:mkjost0/gem5-actions.git'
error: Pulling is not possible because you have unmerged files.
hint: Fix them up in the work tree, and then use 'git add/rm <file>'
hint: as appropriate to mark resolution and make a commit.
fatal: Exiting because of an unresolved conflict.
remote: error: GH006: Protected branch update failed for refs/heads/develop.        
remote: error: Cannot force-push to this branch        
To github.com:mkjost0/gem5-actions.git
 ! [remote rejected]       develop -> develop (protected branch hook declined)
error: failed to push some refs to 'git@github.com:mkjost0/gem5-actions.git'
error: Pulling is not possible because you have unmerged files.
hint: Fix them up in the work tree, and then use 'git add/rm <file>'
hint: as appropriate to mark resolution and make a commit.
fatal: Exiting because of an unresolved conflict.
remote: error: GH006: Protected branch update failed for refs/heads/develop.        
remote: error: Cannot force-push to this branch        
To github.com:mkjost0/gem5-actions.git
 ! [remote rejected]       develop -> develop (protected branch hook declined)
error: failed to push some refs to 'git@github.com:mkjost0/gem5-actions.git'
error: Pulling is not possible because you have unmerged files.
hint: Fix them up in the work tree, and then use 'git add/rm <file>'
hint: as appropriate to mark resolution and make a commit.
fatal: Exiting because of an unresolved conflict.
remote: error: GH006: Protected branch update failed for refs/heads/develop.        
remote: error: Cannot force-push to this branch        
To github.com:mkjost0/gem5-actions.git
 ! [remote rejected]       develop -> develop (protected branch hook declined)
error: failed to push some refs to 'git@github.com:mkjost0/gem5-actions.git'
error: Pulling is not possible because you have unmerged files.
hint: Fix them up in the work tree, and then use 'git add/rm <file>'
hint: as appropriate to mark resolution and make a commit.
fatal: Exiting because of an unresolved conflict.
remote: error: GH006: Protected branch update failed for refs/heads/develop.        
remote: error: Cannot force-push to this branch        
To github.com:mkjost0/gem5-actions.git
 ! [remote rejected]       develop -> develop (protected branch hook declined)
error: failed to push some refs to 'git@github.com:mkjost0/gem5-actions.git'
error: Pulling is not possible because you have unmerged files.
hint: Fix them up in the work tree, and then use 'git add/rm <file>'
hint: as appropriate to mark resolution and make a commit.
fatal: Exiting because of an unresolved conflict.
remote: error: GH006: Protected branch update failed for refs/heads/develop.        
remote: error: Cannot force-push to this branch        
To github.com:mkjost0/gem5-actions.git
 ! [remote rejected]       develop -> develop (protected branch hook declined)
error: failed to push some refs to 'git@github.com:mkjost0/gem5-actions.git'
error: Pulling is not possible because you have unmerged files.
hint: Fix them up in the work tree, and then use 'git add/rm <file>'
hint: as appropriate to mark resolution and make a commit.
fatal: Exiting because of an unresolved conflict.
remote: error: GH006: Protected branch update failed for refs/heads/develop.        
remote: error: Cannot force-push to this branch        
To github.com:mkjost0/gem5-actions.git
 ! [remote rejected]       develop -> develop (protected branch hook declined)
error: failed to push some refs to 'git@github.com:mkjost0/gem5-actions.git'
error: Pulling is not possible because you have unmerged files.
hint: Fix them up in the work tree, and then use 'git add/rm <file>'
hint: as appropriate to mark resolution and make a commit.
fatal: Exiting because of an unresolved conflict.
remote: error: GH006: Protected branch update failed for refs/heads/develop.        
remote: error: Cannot force-push to this branch        
To github.com:mkjost0/gem5-actions.git
 ! [remote rejected]       develop -> develop (protected branch hook declined)
error: failed to push some refs to 'git@github.com:mkjost0/gem5-actions.git'
error: Pulling is not possible because you have unmerged files.
hint: Fix them up in the work tree, and then use 'git add/rm <file>'
hint: as appropriate to mark resolution and make a commit.
fatal: Exiting because of an unresolved conflict.
remote: error: GH006: Protected branch update failed for refs/heads/develop.        
remote: error: Cannot force-push to this branch        
To github.com:mkjost0/gem5-actions.git
 ! [remote rejected]       develop -> develop (protected branch hook declined)
error: failed to push some refs to 'git@github.com:mkjost0/gem5-actions.git'
error: Pulling is not possible because you have unmerged files.
hint: Fix them up in the work tree, and then use 'git add/rm <file>'
hint: as appropriate to mark resolution and make a commit.
fatal: Exiting because of an unresolved conflict.
remote: error: GH006: Protected branch update failed for refs/heads/develop.        
remote: error: Cannot force-push to this branch        
To github.com:mkjost0/gem5-actions.git
 ! [remote rejected]       develop -> develop (protected branch hook declined)
error: failed to push some refs to 'git@github.com:mkjost0/gem5-actions.git'
error: Pulling is not possible because you have unmerged files.
hint: Fix them up in the work tree, and then use 'git add/rm <file>'
hint: as appropriate to mark resolution and make a commit.
fatal: Exiting because of an unresolved conflict.
remote: error: GH006: Protected branch update failed for refs/heads/develop.        
remote: error: Cannot force-push to this branch        
To github.com:mkjost0/gem5-actions.git
 ! [remote rejected]       develop -> develop (protected branch hook declined)
error: failed to push some refs to 'git@github.com:mkjost0/gem5-actions.git'
error: Pulling is not possible because you have unmerged files.
hint: Fix them up in the work tree, and then use 'git add/rm <file>'
hint: as appropriate to mark resolution and make a commit.
fatal: Exiting because of an unresolved conflict.
remote: error: GH006: Protected branch update failed for refs/heads/develop.        
remote: error: Cannot force-push to this branch        
To github.com:mkjost0/gem5-actions.git
 ! [remote rejected]       develop -> develop (protected branch hook declined)
error: failed to push some refs to 'git@github.com:mkjost0/gem5-actions.git'
error: Pulling is not possible because you have unmerged files.
hint: Fix them up in the work tree, and then use 'git add/rm <file>'
hint: as appropriate to mark resolution and make a commit.
fatal: Exiting because of an unresolved conflict.
remote: error: GH006: Protected branch update failed for refs/heads/develop.        
remote: error: Cannot force-push to this branch        
To github.com:mkjost0/gem5-actions.git
 ! [remote rejected]       develop -> develop (protected branch hook declined)
error: failed to push some refs to 'git@github.com:mkjost0/gem5-actions.git'
error: Pulling is not possible because you have unmerged files.
hint: Fix them up in the work tree, and then use 'git add/rm <file>'
hint: as appropriate to mark resolution and make a commit.
fatal: Exiting because of an unresolved conflict.
remote: error: GH006: Protected branch update failed for refs/heads/develop.        
remote: error: Cannot force-push to this branch        
To github.com:mkjost0/gem5-actions.git
 ! [remote rejected]       develop -> develop (protected branch hook declined)
error: failed to push some refs to 'git@github.com:mkjost0/gem5-actions.git'
error: Pulling is not possible because you have unmerged files.
hint: Fix them up in the work tree, and then use 'git add/rm <file>'
hint: as appropriate to mark resolution and make a commit.
fatal: Exiting because of an unresolved conflict.
remote: error: GH006: Protected branch update failed for refs/heads/develop.        
remote: error: Cannot force-push to this branch        
To github.com:mkjost0/gem5-actions.git
 ! [remote rejected]       develop -> develop (protected branch hook declined)
error: failed to push some refs to 'git@github.com:mkjost0/gem5-actions.git'
error: Pulling is not possible because you have unmerged files.
hint: Fix them up in the work tree, and then use 'git add/rm <file>'
hint: as appropriate to mark resolution and make a commit.
fatal: Exiting because of an unresolved conflict.
remote: error: GH006: Protected branch update failed for refs/heads/develop.        
remote: error: Cannot force-push to this branch        
To github.com:mkjost0/gem5-actions.git
 ! [remote rejected]       develop -> develop (protected branch hook declined)
error: failed to push some refs to 'git@github.com:mkjost0/gem5-actions.git'
error: Pulling is not possible because you have unmerged files.
hint: Fix them up in the work tree, and then use 'git add/rm <file>'
hint: as appropriate to mark resolution and make a commit.
fatal: Exiting because of an unresolved conflict.
remote: error: GH006: Protected branch update failed for refs/heads/develop.        
remote: error: Cannot force-push to this branch        
To github.com:mkjost0/gem5-actions.git
 ! [remote rejected]       develop -> develop (protected branch hook declined)
error: failed to push some refs to 'git@github.com:mkjost0/gem5-actions.git'
error: Pulling is not possible because you have unmerged files.
hint: Fix them up in the work tree, and then use 'git add/rm <file>'
hint: as appropriate to mark resolution and make a commit.
fatal: Exiting because of an unresolved conflict.
remote: error: GH006: Protected branch update failed for refs/heads/develop.        
remote: error: Cannot force-push to this branch        
To github.com:mkjost0/gem5-actions.git
 ! [remote rejected]       develop -> develop (protected branch hook declined)
error: failed to push some refs to 'git@github.com:mkjost0/gem5-actions.git'
error: Pulling is not possible because you have unmerged files.
hint: Fix them up in the work tree, and then use 'git add/rm <file>'
hint: as appropriate to mark resolution and make a commit.
fatal: Exiting because of an unresolved conflict.
remote: error: GH006: Protected branch update failed for refs/heads/develop.        
remote: error: Cannot force-push to this branch        
To github.com:mkjost0/gem5-actions.git
 ! [remote rejected]       develop -> develop (protected branch hook declined)
error: failed to push some refs to 'git@github.com:mkjost0/gem5-actions.git'
error: Pulling is not possible because you have unmerged files.
hint: Fix them up in the work tree, and then use 'git add/rm <file>'
hint: as appropriate to mark resolution and make a commit.
fatal: Exiting because of an unresolved conflict.
remote: error: GH006: Protected branch update failed for refs/heads/develop.        
remote: error: Cannot force-push to this branch        
To github.com:mkjost0/gem5-actions.git
 ! [remote rejected]       develop -> develop (protected branch hook declined)
error: failed to push some refs to 'git@github.com:mkjost0/gem5-actions.git'
error: Pulling is not possible because you have unmerged files.
hint: Fix them up in the work tree, and then use 'git add/rm <file>'
hint: as appropriate to mark resolution and make a commit.
fatal: Exiting because of an unresolved conflict.
remote: error: GH006: Protected branch update failed for refs/heads/develop.        
remote: error: Cannot force-push to this branch        
To github.com:mkjost0/gem5-actions.git
 ! [remote rejected]       develop -> develop (protected branch hook declined)
error: failed to push some refs to 'git@github.com:mkjost0/gem5-actions.git'
error: Pulling is not possible because you have unmerged files.
hint: Fix them up in the work tree, and then use 'git add/rm <file>'
hint: as appropriate to mark resolution and make a commit.
fatal: Exiting because of an unresolved conflict.
remote: error: GH006: Protected branch update failed for refs/heads/develop.        
remote: error: Cannot force-push to this branch        
To github.com:mkjost0/gem5-actions.git
 ! [remote rejected]       develop -> develop (protected branch hook declined)
error: failed to push some refs to 'git@github.com:mkjost0/gem5-actions.git'
error: Pulling is not possible because you have unmerged files.
hint: Fix them up in the work tree, and then use 'git add/rm <file>'
hint: as appropriate to mark resolution and make a commit.
fatal: Exiting because of an unresolved conflict.
remote: error: GH006: Protected branch update failed for refs/heads/develop.        
remote: error: Cannot force-push to this branch        
To github.com:mkjost0/gem5-actions.git
 ! [remote rejected]       develop -> develop (protected branch hook declined)
error: failed to push some refs to 'git@github.com:mkjost0/gem5-actions.git'
error: Pulling is not possible because you have unmerged files.
hint: Fix them up in the work tree, and then use 'git add/rm <file>'
hint: as appropriate to mark resolution and make a commit.
fatal: Exiting because of an unresolved conflict.
remote: error: GH006: Protected branch update failed for refs/heads/develop.        
remote: error: Cannot force-push to this branch        
To github.com:mkjost0/gem5-actions.git
 ! [remote rejected]       develop -> develop (protected branch hook declined)
error: failed to push some refs to 'git@github.com:mkjost0/gem5-actions.git'
error: Pulling is not possible because you have unmerged files.
hint: Fix them up in the work tree, and then use 'git add/rm <file>'
hint: as appropriate to mark resolution and make a commit.
fatal: Exiting because of an unresolved conflict.
remote: error: GH006: Protected branch update failed for refs/heads/develop.        
remote: error: Cannot force-push to this branch        
To github.com:mkjost0/gem5-actions.git
 ! [remote rejected]       develop -> develop (protected branch hook declined)
error: failed to push some refs to 'git@github.com:mkjost0/gem5-actions.git'
error: Pulling is not possible because you have unmerged files.
hint: Fix them up in the work tree, and then use 'git add/rm <file>'
hint: as appropriate to mark resolution and make a commit.
fatal: Exiting because of an unresolved conflict.
remote: error: GH006: Protected branch update failed for refs/heads/develop.        
remote: error: Cannot force-push to this branch        
To github.com:mkjost0/gem5-actions.git
 ! [remote rejected]       develop -> develop (protected branch hook declined)
error: failed to push some refs to 'git@github.com:mkjost0/gem5-actions.git'
error: Pulling is not possible because you have unmerged files.
hint: Fix them up in the work tree, and then use 'git add/rm <file>'
hint: as appropriate to mark resolution and make a commit.
fatal: Exiting because of an unresolved conflict.
remote: error: GH006: Protected branch update failed for refs/heads/develop.        
remote: error: Cannot force-push to this branch        
To github.com:mkjost0/gem5-actions.git
 ! [remote rejected]       develop -> develop (protected branch hook declined)
error: failed to push some refs to 'git@github.com:mkjost0/gem5-actions.git'
error: Pulling is not possible because you have unmerged files.
hint: Fix them up in the work tree, and then use 'git add/rm <file>'
hint: as appropriate to mark resolution and make a commit.
fatal: Exiting because of an unresolved conflict.
remote: error: GH006: Protected branch update failed for refs/heads/develop.        
remote: error: Cannot force-push to this branch        
To github.com:mkjost0/gem5-actions.git
 ! [remote rejected]       develop -> develop (protected branch hook declined)
error: failed to push some refs to 'git@github.com:mkjost0/gem5-actions.git'
error: Pulling is not possible because you have unmerged files.
hint: Fix them up in the work tree, and then use 'git add/rm <file>'
hint: as appropriate to mark resolution and make a commit.
fatal: Exiting because of an unresolved conflict.
remote: error: GH006: Protected branch update failed for refs/heads/develop.        
remote: error: Cannot force-push to this branch        
To github.com:mkjost0/gem5-actions.git
 ! [remote rejected]       develop -> develop (protected branch hook declined)
error: failed to push some refs to 'git@github.com:mkjost0/gem5-actions.git'
error: Pulling is not possible because you have unmerged files.
hint: Fix them up in the work tree, and then use 'git add/rm <file>'
hint: as appropriate to mark resolution and make a commit.
fatal: Exiting because of an unresolved conflict.
remote: error: GH006: Protected branch update failed for refs/heads/develop.        
remote: error: Cannot force-push to this branch        
To github.com:mkjost0/gem5-actions.git
 ! [remote rejected]       develop -> develop (protected branch hook declined)
error: failed to push some refs to 'git@github.com:mkjost0/gem5-actions.git'
error: Pulling is not possible because you have unmerged files.
hint: Fix them up in the work tree, and then use 'git add/rm <file>'
hint: as appropriate to mark resolution and make a commit.
fatal: Exiting because of an unresolved conflict.
remote: error: GH006: Protected branch update failed for refs/heads/develop.        
remote: error: Cannot force-push to this branch        
To github.com:mkjost0/gem5-actions.git
 ! [remote rejected]       develop -> develop (protected branch hook declined)
error: failed to push some refs to 'git@github.com:mkjost0/gem5-actions.git'
error: Pulling is not possible because you have unmerged files.
hint: Fix them up in the work tree, and then use 'git add/rm <file>'
hint: as appropriate to mark resolution and make a commit.
fatal: Exiting because of an unresolved conflict.
remote: error: GH006: Protected branch update failed for refs/heads/develop.        
remote: error: Cannot force-push to this branch        
To github.com:mkjost0/gem5-actions.git
 ! [remote rejected]       develop -> develop (protected branch hook declined)
error: failed to push some refs to 'git@github.com:mkjost0/gem5-actions.git'
error: Pulling is not possible because you have unmerged files.
hint: Fix them up in the work tree, and then use 'git add/rm <file>'
hint: as appropriate to mark resolution and make a commit.
fatal: Exiting because of an unresolved conflict.
remote: error: GH006: Protected branch update failed for refs/heads/develop.        
remote: error: Cannot force-push to this branch        
To github.com:mkjost0/gem5-actions.git
 ! [remote rejected]       develop -> develop (protected branch hook declined)
error: failed to push some refs to 'git@github.com:mkjost0/gem5-actions.git'
error: Pulling is not possible because you have unmerged files.
hint: Fix them up in the work tree, and then use 'git add/rm <file>'
hint: as appropriate to mark resolution and make a commit.
fatal: Exiting because of an unresolved conflict.
remote: error: GH006: Protected branch update failed for refs/heads/develop.        
remote: error: Cannot force-push to this branch        
To github.com:mkjost0/gem5-actions.git
 ! [remote rejected]       develop -> develop (protected branch hook declined)
error: failed to push some refs to 'git@github.com:mkjost0/gem5-actions.git'
error: Pulling is not possible because you have unmerged files.
hint: Fix them up in the work tree, and then use 'git add/rm <file>'
hint: as appropriate to mark resolution and make a commit.
fatal: Exiting because of an unresolved conflict.
remote: error: GH006: Protected branch update failed for refs/heads/develop.        
remote: error: Cannot force-push to this branch        
To github.com:mkjost0/gem5-actions.git
 ! [remote rejected]       develop -> develop (protected branch hook declined)
error: failed to push some refs to 'git@github.com:mkjost0/gem5-actions.git'
error: Pulling is not possible because you have unmerged files.
hint: Fix them up in the work tree, and then use 'git add/rm <file>'
hint: as appropriate to mark resolution and make a commit.
fatal: Exiting because of an unresolved conflict.
remote: error: GH006: Protected branch update failed for refs/heads/develop.        
remote: error: Cannot force-push to this branch        
To github.com:mkjost0/gem5-actions.git
 ! [remote rejected]       develop -> develop (protected branch hook declined)
error: failed to push some refs to 'git@github.com:mkjost0/gem5-actions.git'
error: Pulling is not possible because you have unmerged files.
hint: Fix them up in the work tree, and then use 'git add/rm <file>'
hint: as appropriate to mark resolution and make a commit.
fatal: Exiting because of an unresolved conflict.
remote: error: GH006: Protected branch update failed for refs/heads/develop.        
remote: error: Cannot force-push to this branch        
To github.com:mkjost0/gem5-actions.git
 ! [remote rejected]       develop -> develop (protected branch hook declined)
error: failed to push some refs to 'git@github.com:mkjost0/gem5-actions.git'
error: Pulling is not possible because you have unmerged files.
hint: Fix them up in the work tree, and then use 'git add/rm <file>'
hint: as appropriate to mark resolution and make a commit.
fatal: Exiting because of an unresolved conflict.
remote: error: GH006: Protected branch update failed for refs/heads/develop.        
remote: error: Cannot force-push to this branch        
To github.com:mkjost0/gem5-actions.git
 ! [remote rejected]       develop -> develop (protected branch hook declined)
error: failed to push some refs to 'git@github.com:mkjost0/gem5-actions.git'
error: Pulling is not possible because you have unmerged files.
hint: Fix them up in the work tree, and then use 'git add/rm <file>'
hint: as appropriate to mark resolution and make a commit.
fatal: Exiting because of an unresolved conflict.
remote: error: GH006: Protected branch update failed for refs/heads/develop.        
remote: error: Cannot force-push to this branch        
To github.com:mkjost0/gem5-actions.git
 ! [remote rejected]       develop -> develop (protected branch hook declined)
error: failed to push some refs to 'git@github.com:mkjost0/gem5-actions.git'
error: Pulling is not possible because you have unmerged files.
hint: Fix them up in the work tree, and then use 'git add/rm <file>'
hint: as appropriate to mark resolution and make a commit.
fatal: Exiting because of an unresolved conflict.
remote: error: GH006: Protected branch update failed for refs/heads/develop.        
remote: error: Cannot force-push to this branch        
To github.com:mkjost0/gem5-actions.git
 ! [remote rejected]       develop -> develop (protected branch hook declined)
error: failed to push some refs to 'git@github.com:mkjost0/gem5-actions.git'
error: Pulling is not possible because you have unmerged files.
hint: Fix them up in the work tree, and then use 'git add/rm <file>'
hint: as appropriate to mark resolution and make a commit.
fatal: Exiting because of an unresolved conflict.
remote: error: GH006: Protected branch update failed for refs/heads/develop.        
remote: error: Cannot force-push to this branch        
To github.com:mkjost0/gem5-actions.git
 ! [remote rejected]       develop -> develop (protected branch hook declined)
error: failed to push some refs to 'git@github.com:mkjost0/gem5-actions.git'
error: Pulling is not possible because you have unmerged files.
hint: Fix them up in the work tree, and then use 'git add/rm <file>'
hint: as appropriate to mark resolution and make a commit.
fatal: Exiting because of an unresolved conflict.
remote: error: GH006: Protected branch update failed for refs/heads/develop.        
remote: error: Cannot force-push to this branch        
To github.com:mkjost0/gem5-actions.git
 ! [remote rejected]       develop -> develop (protected branch hook declined)
error: failed to push some refs to 'git@github.com:mkjost0/gem5-actions.git'
error: Pulling is not possible because you have unmerged files.
hint: Fix them up in the work tree, and then use 'git add/rm <file>'
hint: as appropriate to mark resolution and make a commit.
fatal: Exiting because of an unresolved conflict.
remote: error: GH006: Protected branch update failed for refs/heads/develop.        
remote: error: Cannot force-push to this branch        
To github.com:mkjost0/gem5-actions.git
 ! [remote rejected]       develop -> develop (protected branch hook declined)
error: failed to push some refs to 'git@github.com:mkjost0/gem5-actions.git'
error: Pulling is not possible because you have unmerged files.
hint: Fix them up in the work tree, and then use 'git add/rm <file>'
hint: as appropriate to mark resolution and make a commit.
fatal: Exiting because of an unresolved conflict.
remote: error: GH006: Protected branch update failed for refs/heads/develop.        
remote: error: Cannot force-push to this branch        
To github.com:mkjost0/gem5-actions.git
 ! [remote rejected]       develop -> develop (protected branch hook declined)
error: failed to push some refs to 'git@github.com:mkjost0/gem5-actions.git'
error: Pulling is not possible because you have unmerged files.
hint: Fix them up in the work tree, and then use 'git add/rm <file>'
hint: as appropriate to mark resolution and make a commit.
fatal: Exiting because of an unresolved conflict.
remote: error: GH006: Protected branch update failed for refs/heads/develop.        
remote: error: Cannot force-push to this branch        
To github.com:mkjost0/gem5-actions.git
 ! [remote rejected]       develop -> develop (protected branch hook declined)
error: failed to push some refs to 'git@github.com:mkjost0/gem5-actions.git'
error: Pulling is not possible because you have unmerged files.
hint: Fix them up in the work tree, and then use 'git add/rm <file>'
hint: as appropriate to mark resolution and make a commit.
fatal: Exiting because of an unresolved conflict.
remote: error: GH006: Protected branch update failed for refs/heads/develop.        
remote: error: Cannot force-push to this branch        
To github.com:mkjost0/gem5-actions.git
 ! [remote rejected]       develop -> develop (protected branch hook declined)
error: failed to push some refs to 'git@github.com:mkjost0/gem5-actions.git'
error: Pulling is not possible because you have unmerged files.
hint: Fix them up in the work tree, and then use 'git add/rm <file>'
hint: as appropriate to mark resolution and make a commit.
fatal: Exiting because of an unresolved conflict.
remote: error: GH006: Protected branch update failed for refs/heads/develop.        
remote: error: Cannot force-push to this branch        
To github.com:mkjost0/gem5-actions.git
 ! [remote rejected]       develop -> develop (protected branch hook declined)
error: failed to push some refs to 'git@github.com:mkjost0/gem5-actions.git'
error: Pulling is not possible because you have unmerged files.
hint: Fix them up in the work tree, and then use 'git add/rm <file>'
hint: as appropriate to mark resolution and make a commit.
fatal: Exiting because of an unresolved conflict.
remote: error: GH006: Protected branch update failed for refs/heads/develop.        
remote: error: Cannot force-push to this branch        
To github.com:mkjost0/gem5-actions.git
 ! [remote rejected]       develop -> develop (protected branch hook declined)
error: failed to push some refs to 'git@github.com:mkjost0/gem5-actions.git'
error: Pulling is not possible because you have unmerged files.
hint: Fix them up in the work tree, and then use 'git add/rm <file>'
hint: as appropriate to mark resolution and make a commit.
fatal: Exiting because of an unresolved conflict.
remote: error: GH006: Protected branch update failed for refs/heads/develop.        
remote: error: Cannot force-push to this branch        
To github.com:mkjost0/gem5-actions.git
 ! [remote rejected]       develop -> develop (protected branch hook declined)
error: failed to push some refs to 'git@github.com:mkjost0/gem5-actions.git'
error: Pulling is not possible because you have unmerged files.
hint: Fix them up in the work tree, and then use 'git add/rm <file>'
hint: as appropriate to mark resolution and make a commit.
fatal: Exiting because of an unresolved conflict.
remote: error: GH006: Protected branch update failed for refs/heads/develop.        
remote: error: Cannot force-push to this branch        
To github.com:mkjost0/gem5-actions.git
 ! [remote rejected]       develop -> develop (protected branch hook declined)
error: failed to push some refs to 'git@github.com:mkjost0/gem5-actions.git'
